06/30/26 22:15:31: Running xcd server. This server was built by gradle.
06/30/26 22:15:31: Server was asked to start on port: '59430'
06/30/26 22:15:31: Server is using token UUID: '1bbd8410-918b-448d-9c82-9683fa2438cc'
06/30/26 22:15:31: SESSION_MGR: creating session with session uuid: '6d04a3e9-ade5-4ab9-8d63-1f78fcd2ec76' and name 'default'
06/30/26 22:15:31: Attempting to start server on port '59430'
06/30/26 22:15:31: Running Dispatch Server
06/30/26 22:15:31: Version 2.2.0
06/30/26 22:15:39: Dispatch Server: Accepted socket connection from client
06/30/26 22:15:39: Starting Socket connection
06/30/26 22:15:39: EXCHANGE_TOKEN received, server token: 1bbd8410-918b-448d-9c82-9683fa2438cc, passed token: 1bbd8410-918b-448d-9c82-9683fa2438cc
06/30/26 22:15:39: SESSION_MGR: creating session with session uuid: '7bd0c4a2-baaf-4836-9fa0-4059cd56bb7e' and name 'vitis_hls'
06/30/26 22:15:39: KERNEL_SVC: creating session with uuid: '7bd0c4a2-baaf-4836-9fa0-4059cd56bb7e' and name 'vitis_hls'
06/30/26 22:15:39: GUIDANCE_SMGR: creating guidance session with uuid: '7bd0c4a2-baaf-4836-9fa0-4059cd56bb7e' and name 'vitis_hls'
06/30/26 22:18:59: STOP_SERVER received, server token: 1bbd8410-918b-448d-9c82-9683fa2438cc, passed token: 1bbd8410-918b-448d-9c82-9683fa2438cc
06/30/26 22:18:59: Socket received request to stop server.
06/30/26 22:18:59: Dispatch Server: do_await_stop
06/30/26 22:18:59: SERVER: destructor for server bound to port 59430
06/30/26 22:18:59: Server exiting with status 0.
06/30/26 22:18:59: Closing log file.
06/30/26 22:52:52: Running xcd server. This server was built by gradle.
06/30/26 22:52:52: Server was asked to start on port: '58800'
06/30/26 22:52:52: Server is using token UUID: '1197d10f-df75-43ba-b541-77ebe2241b9b'
06/30/26 22:52:52: SESSION_MGR: creating session with session uuid: '6d04a3e9-ade5-4ab9-8d63-1f78fcd2ec76' and name 'default'
06/30/26 22:52:52: Attempting to start server on port '58800'
06/30/26 22:52:52: Running Dispatch Server
06/30/26 22:52:52: Version 2.2.0
06/30/26 22:53:00: Dispatch Server: Accepted socket connection from client
06/30/26 22:53:00: Starting Socket connection
06/30/26 22:53:00: EXCHANGE_TOKEN received, server token: 1197d10f-df75-43ba-b541-77ebe2241b9b, passed token: 1197d10f-df75-43ba-b541-77ebe2241b9b
06/30/26 22:53:00: SESSION_MGR: creating session with session uuid: '7dd3ea98-66e6-43bd-919b-bba0d8fe6ad4' and name 'vitis_hls'
06/30/26 22:53:00: KERNEL_SVC: creating session with uuid: '7dd3ea98-66e6-43bd-919b-bba0d8fe6ad4' and name 'vitis_hls'
06/30/26 22:53:00: GUIDANCE_SMGR: creating guidance session with uuid: '7dd3ea98-66e6-43bd-919b-bba0d8fe6ad4' and name 'vitis_hls'
06/30/26 23:17:19: STOP_SERVER received, server token: 1197d10f-df75-43ba-b541-77ebe2241b9b, passed token: 1197d10f-df75-43ba-b541-77ebe2241b9b
06/30/26 23:17:19: Socket received request to stop server.
06/30/26 23:17:19: Dispatch Server: do_await_stop
06/30/26 23:17:19: SERVER: destructor for server bound to port 58800
06/30/26 23:17:19: Server exiting with status 0.
06/30/26 23:17:19: Closing log file.
