
*** Running vivado
    with args -log design_1_xbar_0.vds -m64 -product Vivado -mode batch -messageDb vivado.pb -notrace -source design_1_xbar_0.tcl



****** Vivado v2022.2 (64-bit)
  **** SW Build 3671981 on Fri Oct 14 05:00:03 MDT 2022
  **** IP Build 3669848 on Fri Oct 14 08:30:02 MDT 2022
    ** Copyright 1986-2022 Xilinx, Inc. All Rights Reserved.

source design_1_xbar_0.tcl -notrace
create_project: Time (s): cpu = 00:00:08 ; elapsed = 00:00:08 . Memory (MB): peak = 399.621 ; gain = 69.449
INFO: [IP_Flow 19-234] Refreshing IP repositories
INFO: [IP_Flow 19-1700] Loaded user IP repository 'c:/Nam_3_HK2_2025_2026/Do_an_1/c_inter_to_hls/denoiser/solution1/impl/ip'.
INFO: [IP_Flow 19-2313] Loaded Vivado IP repository 'C:/Xilinx/Vivado/2022.2/data/ip'.
INFO: [IP_Flow 19-6924] IPCACHE: Running cache check for IP inst: design_1_xbar_0
INFO: [IP_Flow 19-6922] IPCACHE: Exporting cached entry 8966ceeaee083874 to dir: C:/Nam_3_HK2_2025_2026/Do_an_1/autoencoder/denoiser/denoiser.runs/design_1_xbar_0_synth_1
INFO: [IP_Flow 19-6928] IPCACHE: copied cached file c:/Nam_3_HK2_2025_2026/Do_an_1/autoencoder/denoiser/denoiser.cache/ip/2022.2/8/9/8966ceeaee083874/design_1_xbar_0.dcp to C:/Nam_3_HK2_2025_2026/Do_an_1/autoencoder/denoiser/denoiser.runs/design_1_xbar_0_synth_1/design_1_xbar_0.dcp.
INFO: [IP_Flow 19-6928] IPCACHE: copied cached file c:/Nam_3_HK2_2025_2026/Do_an_1/autoencoder/denoiser/denoiser.cache/ip/2022.2/8/9/8966ceeaee083874/design_1_xbar_0_sim_netlist.v to C:/Nam_3_HK2_2025_2026/Do_an_1/autoencoder/denoiser/denoiser.runs/design_1_xbar_0_synth_1/design_1_xbar_0_sim_netlist.v.
INFO: [IP_Flow 19-6928] IPCACHE: copied cached file c:/Nam_3_HK2_2025_2026/Do_an_1/autoencoder/denoiser/denoiser.cache/ip/2022.2/8/9/8966ceeaee083874/design_1_xbar_0_sim_netlist.vhdl to C:/Nam_3_HK2_2025_2026/Do_an_1/autoencoder/denoiser/denoiser.runs/design_1_xbar_0_synth_1/design_1_xbar_0_sim_netlist.vhdl.
INFO: [IP_Flow 19-6928] IPCACHE: copied cached file c:/Nam_3_HK2_2025_2026/Do_an_1/autoencoder/denoiser/denoiser.cache/ip/2022.2/8/9/8966ceeaee083874/design_1_xbar_0_stub.v to C:/Nam_3_HK2_2025_2026/Do_an_1/autoencoder/denoiser/denoiser.runs/design_1_xbar_0_synth_1/design_1_xbar_0_stub.v.
INFO: [IP_Flow 19-6928] IPCACHE: copied cached file c:/Nam_3_HK2_2025_2026/Do_an_1/autoencoder/denoiser/denoiser.cache/ip/2022.2/8/9/8966ceeaee083874/design_1_xbar_0_stub.vhdl to C:/Nam_3_HK2_2025_2026/Do_an_1/autoencoder/denoiser/denoiser.runs/design_1_xbar_0_synth_1/design_1_xbar_0_stub.vhdl.
INFO: [IP_Flow 19-4838] Using cached IP synthesis design for IP design_1_xbar_0, cache-ID = 8966ceeaee083874.
INFO: [Common 17-206] Exiting Vivado at Thu Jun 25 00:27:20 2026...
