

================================================================
== Synthesis Summary Report of 'denoiser_top'
================================================================
+ General Information: 
    * Date:           Tue Jun 30 22:18:54 2026
    * Version:        2022.2 (Build 3670227 on Oct 13 2022)
    * Project:        denoiser
    * Solution:       solution1 (Vivado IP Flow Target)
    * Product family: zynquplus
    * Target device:  xck26-sfvc784-2LV-c
    

+ Performance & Resource Estimates: 
    
    PS: '+' for module; 'o' for loop; '*' for dataflow
    +------------------------------------------------------------------------+------+------+---------+-----------+----------+---------+------+----------+---------+---------+------------+------------+-----+
    |                                 Modules                                | Issue|      | Latency |  Latency  | Iteration|         | Trip |          |         |         |            |            |     |
    |                                 & Loops                                | Type | Slack| (cycles)|    (ns)   |  Latency | Interval| Count| Pipelined|  BRAM   |   DSP   |     FF     |     LUT    | URAM|
    +------------------------------------------------------------------------+------+------+---------+-----------+----------+---------+------+----------+---------+---------+------------+------------+-----+
    |+ denoiser_top                                                          |     -|  0.00|   540210|  5.402e+06|         -|   540211|     -|        no|  24 (8%)|  16 (1%)|   3475 (1%)|  10059 (8%)|    -|
    | + denoiser_top_Pipeline_VITIS_LOOP_18_1                                |     -|  0.00|      787|  7.870e+03|         -|      787|     -|        no|        -|        -|    51 (~0%)|    77 (~0%)|    -|
    |  o VITIS_LOOP_18_1                                                     |     -|  7.30|      785|  7.850e+03|         3|        1|   784|       yes|        -|        -|           -|           -|    -|
    | + inference                                                            |     -|  0.30|   538618|  5.386e+06|         -|   538618|     -|        no|   6 (2%)|  16 (1%)|  1599 (~0%)|   6540 (5%)|    -|
    |  + inference_Pipeline_VITIS_LOOP_45_1_VITIS_LOOP_46_2_VITIS_LOOP_47_3  |     -|  1.91|     2354|  2.354e+04|         -|     2354|     -|        no|        -|        -|    87 (~0%)|   711 (~0%)|    -|
    |   o VITIS_LOOP_45_1_VITIS_LOOP_46_2_VITIS_LOOP_47_3                    |    II|  7.30|     2352|  2.352e+04|         3|        3|   784|       yes|        -|        -|           -|           -|    -|
    |  + inference_Pipeline_VITIS_LOOP_97_1_VITIS_LOOP_98_2_VITIS_LOOP_99_3  |     -|  2.81|     7842|  7.842e+04|         -|     7842|     -|        no|        -|        -|   114 (~0%)|   644 (~0%)|    -|
    |   o VITIS_LOOP_97_1_VITIS_LOOP_98_2_VITIS_LOOP_99_3                    |    II|  7.30|     7840|  7.840e+04|         5|        5|  1568|       yes|        -|        -|           -|           -|    -|
    |  o loop_oc_1_loop_h_1_loop_w_1                                         |     -|  7.30|   137984|  1.380e+06|        44|        -|  3136|        no|        -|        -|           -|           -|    -|
    |   o loop_kh_1                                                          |     -|  7.30|       42|    420.000|        14|        -|     3|        no|        -|        -|           -|           -|    -|
    |    + inference_Pipeline_loop_kw_1                                      |     -|  4.50|       11|    110.000|         -|       11|     -|        no|        -|  2 (~0%)|   231 (~0%)|   393 (~0%)|    -|
    |     o loop_kw_1                                                        |    II|  7.30|        8|     80.000|         6|        2|     2|       yes|        -|        -|           -|           -|    -|
    |  o loop_oc_2_loop_h_2_loop_w_2                                         |     -|  7.30|    70560|  7.056e+05|        45|        -|  1568|        no|        -|        -|           -|           -|    -|
    |   + inference_Pipeline_loop_kh_2_loop_kw_2_loop_ic_2                   |     -|  0.99|       41|    410.000|         -|       41|     -|        no|  1 (~0%)|  2 (~0%)|    67 (~0%)|   763 (~0%)|    -|
    |    o loop_kh_2_loop_kw_2_loop_ic_2                                     |    II|  7.30|       39|    390.000|         6|        2|    18|       yes|        -|        -|           -|           -|    -|
    |  o loop_oc_3_loop_h_3_loop_w_3                                         |     -|  7.30|   254016|  2.540e+06|        81|        -|  3136|        no|        -|        -|           -|           -|    -|
    |   + inference_Pipeline_loop_kh_3_loop_kw_3_loop_ic_3                   |     -|  0.95|       77|    770.000|         -|       77|     -|        no|  1 (~0%)|  2 (~0%)|    70 (~0%)|   808 (~0%)|    -|
    |    o loop_kh_3_loop_kw_3_loop_ic_3                                     |    II|  7.30|       75|    750.000|         6|        2|    36|       yes|        -|        -|           -|           -|    -|
    |  o loop_h_out_loop_w_out                                               |     -|  7.30|    65856|  6.586e+05|        84|        -|   784|        no|        -|        -|           -|           -|    -|
    |   + inference_Pipeline_loop_kh_out_loop_kw_out_loop_ic_out             |     -|  1.82|       41|    410.000|         -|       41|     -|        no|        -|  2 (~0%)|    75 (~0%)|   745 (~0%)|    -|
    |    o loop_kh_out_loop_kw_out_loop_ic_out                               |    II|  7.30|       39|    390.000|         6|        2|    18|       yes|        -|        -|           -|           -|    -|
    | + denoiser_top_Pipeline_VITIS_LOOP_25_2                                |     -|  0.00|      787|  7.870e+03|         -|      787|     -|        no|        -|        -|    31 (~0%)|    77 (~0%)|    -|
    |  o VITIS_LOOP_25_2                                                     |     -|  7.30|      785|  7.850e+03|         3|        1|   784|       yes|        -|        -|           -|           -|    -|
    +------------------------------------------------------------------------+------+------+---------+-----------+----------+---------+------+----------+---------+---------+------------+------------+-----+


================================================================
== HW Interfaces
================================================================
* M_AXI
+-------------+------------+---------------+---------+--------+----------+-----------+--------------+--------------+-------------+-------------+
| Interface   | Data Width | Address Width | Latency | Offset | Register | Max Widen | Max Read     | Max Write    | Num Read    | Num Write   |
|             | (SW->HW)   |               |         |        |          | Bitwidth  | Burst Length | Burst Length | Outstanding | Outstanding |
+-------------+------------+---------------+---------+--------+----------+-----------+--------------+--------------+-------------+-------------+
| m_axi_gmem0 | 16 -> 16   | 64            | 0       | slave  | 0        | 0         | 16           | 16           | 16          | 16          |
| m_axi_gmem1 | 16 -> 16   | 64            | 0       | slave  | 0        | 0         | 16           | 16           | 16          | 16          |
+-------------+------------+---------------+---------+--------+----------+-----------+--------------+--------------+-------------+-------------+

* S_AXILITE Interfaces
+---------------+------------+---------------+--------+----------+
| Interface     | Data Width | Address Width | Offset | Register |
+---------------+------------+---------------+--------+----------+
| s_axi_control | 32         | 6             | 16     | 0        |
+---------------+------------+---------------+--------+----------+

* S_AXILITE Registers
+---------------+------------+--------+-------+--------+----------------------------------+----------------------------------------------------------------------+
| Interface     | Register   | Offset | Width | Access | Description                      | Bit Fields                                                           |
+---------------+------------+--------+-------+--------+----------------------------------+----------------------------------------------------------------------+
| s_axi_control | CTRL       | 0x00   | 32    | RW     | Control signals                  | 0=AP_START 1=AP_DONE 2=AP_IDLE 3=AP_READY 7=AUTO_RESTART 9=INTERRUPT |
| s_axi_control | GIER       | 0x04   | 32    | RW     | Global Interrupt Enable Register | 0=Enable                                                             |
| s_axi_control | IP_IER     | 0x08   | 32    | RW     | IP Interrupt Enable Register     | 0=CHAN0_INT_EN 1=CHAN1_INT_EN                                        |
| s_axi_control | IP_ISR     | 0x0c   | 32    | RW     | IP Interrupt Status Register     | 0=CHAN0_INT_ST 1=CHAN1_INT_ST                                        |
| s_axi_control | input_r_1  | 0x10   | 32    | W      | Data signal of input_r           |                                                                      |
| s_axi_control | input_r_2  | 0x14   | 32    | W      | Data signal of input_r           |                                                                      |
| s_axi_control | output_r_1 | 0x1c   | 32    | W      | Data signal of output_r          |                                                                      |
| s_axi_control | output_r_2 | 0x20   | 32    | W      | Data signal of output_r          |                                                                      |
+---------------+------------+--------+-------+--------+----------------------------------+----------------------------------------------------------------------+

* TOP LEVEL CONTROL
+-----------+------------+-----------+
| Interface | Type       | Ports     |
+-----------+------------+-----------+
| ap_clk    | clock      | ap_clk    |
| ap_rst_n  | reset      | ap_rst_n  |
| interrupt | interrupt  | interrupt |
| ap_ctrl   | ap_ctrl_hs |           |
+-----------+------------+-----------+


================================================================
== SW I/O Information
================================================================
* Top Function Arguments
+----------+-----------+--------------------------------------+
| Argument | Direction | Datatype                             |
+----------+-----------+--------------------------------------+
| input    | in        | ap_fixed<16, 6, AP_TRN, AP_WRAP, 0>* |
| output   | out       | ap_fixed<16, 6, AP_TRN, AP_WRAP, 0>* |
+----------+-----------+--------------------------------------+

* SW-to-HW Mapping
+----------+---------------+-----------+----------+
| Argument | HW Interface  | HW Type   | HW Usage |
+----------+---------------+-----------+----------+
| input    | m_axi_gmem0   | interface |          |
| input    | s_axi_control | interface | offset   |
| output   | m_axi_gmem1   | interface |          |
| output   | s_axi_control | interface | offset   |
+----------+---------------+-----------+----------+


================================================================
== M_AXI Burst Information
================================================================
 Note: All burst requests might be further partitioned into multiple requests during RTL generation based on max_read_burst_length or max_write_burst_length settings.

* Inferred Burst Summary
+--------------+-----------------+-----------+--------+-------+------------------------------------+
| HW Interface | Loop            | Direction | Length | Width | Location                           |
+--------------+-----------------+-----------+--------+-------+------------------------------------+
| m_axi_gmem0  | VITIS_LOOP_18_1 | read      | 784    | 16    | ../denoiser_c_to_hls/top.cpp:18:19 |
| m_axi_gmem1  | VITIS_LOOP_25_2 | write     | 784    | 16    | ../denoiser_c_to_hls/top.cpp:25:25 |
+--------------+-----------------+-----------+--------+-------+------------------------------------+

* Inferred Bursts and Widening Missed
+--------------+----------+-----------------+-------------------------------------------------------------------------------------------------------+------------+------------------------------------+
| HW Interface | Variable | Loop            | Problem                                                                                               | Resolution | Location                           |
+--------------+----------+-----------------+-------------------------------------------------------------------------------------------------------+------------+------------------------------------+
| m_axi_gmem1  | output   | VITIS_LOOP_25_2 | Could not widen since type i16 size is greater than or equal to the max_widen_bitwidth threshold of 0 | 214-353    | ../denoiser_c_to_hls/top.cpp:25:25 |
| m_axi_gmem0  | input    | VITIS_LOOP_18_1 | Could not widen since type i16 size is greater than or equal to the max_widen_bitwidth threshold of 0 | 214-353    | ../denoiser_c_to_hls/top.cpp:18:19 |
+--------------+----------+-----------------+-------------------------------------------------------------------------------------------------------+------------+------------------------------------+

    * Resolution URL: www.xilinx.com/cgi-bin/docs/rdoc?v=2022.2;t=hls+guidance;d=XXX-YYY.html (replace XXX-YYY with column value)

================================================================
== Bind Op Report
================================================================
+------------------------------------------------------------------------+-----+--------+--------------+-----+--------+---------+
| Name                                                                   | DSP | Pragma | Variable     | Op  | Impl   | Latency |
+------------------------------------------------------------------------+-----+--------+--------------+-----+--------+---------+
| + denoiser_top                                                         | 16  |        |              |     |        |         |
|  + denoiser_top_Pipeline_VITIS_LOOP_18_1                               | 0   |        |              |     |        |         |
|    add_ln18_fu_102_p2                                                  | -   |        | add_ln18     | add | fabric | 0       |
|  + inference                                                           | 16  |        |              |     |        |         |
|    sub_ln36_fu_630_p2                                                  | -   |        | sub_ln36     | sub | fabric | 0       |
|    add_ln17_1_fu_642_p2                                                | -   |        | add_ln17_1   | add | fabric | 0       |
|    add_ln17_fu_651_p2                                                  | -   |        | add_ln17     | add | fabric | 0       |
|    add_ln19_fu_751_p2                                                  | -   |        | add_ln19     | add | fabric | 0       |
|    sub_ln36_1_fu_795_p2                                                | -   |        | sub_ln36_1   | sub | fabric | 0       |
|    add_ln30_fu_821_p2                                                  | -   |        | add_ln30     | add | fabric | 0       |
|    add_ln25_fu_858_p2                                                  | -   |        | add_ln25     | add | fabric | 0       |
|    empty_82_fu_868_p2                                                  | -   |        | empty_82     | add | fabric | 0       |
|    empty_83_fu_877_p2                                                  | -   |        | empty_83     | add | fabric | 0       |
|    sub_ln32_fu_907_p2                                                  | -   |        | sub_ln32     | sub | fabric | 0       |
|    empty_85_fu_941_p2                                                  | -   |        | empty_85     | add | fabric | 0       |
|    add_ln36_fu_1001_p2                                                 | -   |        | add_ln36     | add | fabric | 0       |
|    add_ln21_fu_1025_p2                                                 | -   |        | add_ln21     | add | fabric | 0       |
|    add_ln19_1_fu_1030_p2                                               | -   |        | add_ln19_1   | add | fabric | 0       |
|    sub_ln88_fu_1125_p2                                                 | -   |        | sub_ln88     | sub | fabric | 0       |
|    add_ln66_1_fu_1137_p2                                               | -   |        | add_ln66_1   | add | fabric | 0       |
|    add_ln66_fu_1149_p2                                                 | -   |        | add_ln66     | add | fabric | 0       |
|    add_ln68_fu_1234_p2                                                 | -   |        | add_ln68     | add | fabric | 0       |
|    sub_ln88_1_fu_1278_p2                                               | -   |        | sub_ln88_1   | sub | fabric | 0       |
|    p_mid1111_fu_1403_p2                                                | -   |        | p_mid1111    | add | fabric | 0       |
|    add_ln83_2_fu_1434_p2                                               | -   |        | add_ln83_2   | add | fabric | 0       |
|    add_ln88_fu_1314_p2                                                 | -   |        | add_ln88     | add | fabric | 0       |
|    add_ln70_fu_1330_p2                                                 | -   |        | add_ln70     | add | fabric | 0       |
|    add_ln68_1_fu_1336_p2                                               | -   |        | add_ln68_1   | add | fabric | 0       |
|    sub_ln137_fu_1538_p2                                                | -   |        | sub_ln137    | sub | fabric | 0       |
|    add_ln115_1_fu_1550_p2                                              | -   |        | add_ln115_1  | add | fabric | 0       |
|    add_ln115_fu_1562_p2                                                | -   |        | add_ln115    | add | fabric | 0       |
|    add_ln117_fu_1666_p2                                                | -   |        | add_ln117    | add | fabric | 0       |
|    sub_ln137_1_fu_1710_p2                                              | -   |        | sub_ln137_1  | sub | fabric | 0       |
|    p_mid1254_fu_1825_p2                                                | -   |        | p_mid1254    | add | fabric | 0       |
|    add_ln132_2_fu_1856_p2                                              | -   |        | add_ln132_2  | add | fabric | 0       |
|    add_ln137_fu_1746_p2                                                | -   |        | add_ln137    | add | fabric | 0       |
|    add_ln119_fu_1762_p2                                                | -   |        | add_ln119    | add | fabric | 0       |
|    add_ln117_1_fu_1768_p2                                              | -   |        | add_ln117_1  | add | fabric | 0       |
|    add_ln147_1_fu_1906_p2                                              | -   |        | add_ln147_1  | add | fabric | 0       |
|    add_ln147_fu_1948_p2                                                | -   |        | add_ln147    | add | fabric | 0       |
|    p_mid1360_fu_1965_p2                                                | -   |        | p_mid1360    | add | fabric | 0       |
|    r_V_fu_2047_p2                                                      | -   |        | r_V          | sub | fabric | 0       |
|    ret_V_6_fu_2116_p2                                                  | -   |        | ret_V_6      | add | fabric | 0       |
|    ret_V_fu_2136_p2                                                    | -   |        | ret_V        | add | fabric | 0       |
|    mul_50ns_50ns_100_1_1_U59                                           | 8   |        | r_V_10       | mul | auto   | 0       |
|    y_l_V_fu_2179_p2                                                    | -   |        | y_l_V        | add | fabric | 0       |
|    ret_V_5_fu_2272_p2                                                  | -   |        | ret_V_5      | add | fabric | 0       |
|    add_ln149_fu_1929_p2                                                | -   |        | add_ln149    | add | fabric | 0       |
|   + inference_Pipeline_VITIS_LOOP_45_1_VITIS_LOOP_46_2_VITIS_LOOP_47_3 | 0   |        |              |     |        |         |
|     sub_ln49_fu_218_p2                                                 | -   |        | sub_ln49     | sub | fabric | 0       |
|     sub_ln56_fu_248_p2                                                 | -   |        | sub_ln56     | sub | fabric | 0       |
|     add_ln56_fu_280_p2                                                 | -   |        | add_ln56     | add | fabric | 0       |
|     add_ln45_2_fu_292_p2                                               | -   |        | add_ln45_2   | add | fabric | 0       |
|     add_ln45_fu_304_p2                                                 | -   |        | add_ln45     | add | fabric | 0       |
|     sub_ln49_1_fu_348_p2                                               | -   |        | sub_ln49_1   | sub | fabric | 0       |
|     add_ln45_1_fu_362_p2                                               | -   |        | add_ln45_1   | add | fabric | 0       |
|     sub_ln56_1_fu_392_p2                                               | -   |        | sub_ln56_1   | sub | fabric | 0       |
|     add_ln46_fu_456_p2                                                 | -   |        | add_ln46     | add | fabric | 0       |
|     add_ln56_2_fu_526_p2                                               | -   |        | add_ln56_2   | add | fabric | 0       |
|     add_ln49_fu_576_p2                                                 | -   |        | add_ln49     | add | fabric | 0       |
|     add_ln50_fu_601_p2                                                 | -   |        | add_ln50     | add | fabric | 0       |
|     add_ln52_fu_646_p2                                                 | -   |        | add_ln52     | add | fabric | 0       |
|     add_ln54_fu_662_p2                                                 | -   |        | add_ln54     | add | fabric | 0       |
|     add_ln56_1_fu_692_p2                                               | -   |        | add_ln56_1   | add | fabric | 0       |
|     add_ln47_fu_708_p2                                                 | -   |        | add_ln47     | add | fabric | 0       |
|     add_ln46_1_fu_714_p2                                               | -   |        | add_ln46_1   | add | fabric | 0       |
|   + inference_Pipeline_loop_kw_1                                       | 2   |        |              |     |        |         |
|     add_ln30_1_fu_233_p2                                               | -   |        | add_ln30_1   | add | fabric | 0       |
|     add_ln32_fu_242_p2                                                 | -   |        | add_ln32     | add | fabric | 0       |
|     add_ln31_1_fu_252_p2                                               | -   |        | add_ln31_1   | add | fabric | 0       |
|     add_ln31_fu_262_p2                                                 | -   |        | add_ln31     | add | fabric | 0       |
|     add_ln33_fu_273_p2                                                 | -   |        | add_ln33     | add | fabric | 0       |
|     mac_muladd_10s_16s_26ns_26_4_1_U4                                  | 1   |        | r_V_1        | mul | dsp48  | 3       |
|     mac_muladd_10s_16s_26ns_26_4_1_U4                                  | 1   |        | ret_V        | add | dsp48  | 3       |
|     add_ln30_2_fu_299_p2                                               | -   |        | add_ln30_2   | add | fabric | 0       |
|     add_ln32_1_fu_308_p2                                               | -   |        | add_ln32_1   | add | fabric | 0       |
|     add_ln33_1_fu_324_p2                                               | -   |        | add_ln33_1   | add | fabric | 0       |
|     mac_muladd_10s_16s_26ns_26_4_1_U5                                  | 1   |        | r_V_3        | mul | dsp48  | 3       |
|     mac_muladd_10s_16s_26ns_26_4_1_U5                                  | 1   |        | ret_V_1      | add | dsp48  | 3       |
|     add_ln27_fu_329_p2                                                 | -   |        | add_ln27     | add | fabric | 0       |
|   + inference_Pipeline_VITIS_LOOP_97_1_VITIS_LOOP_98_2_VITIS_LOOP_99_3 | 0   |        |              |     |        |         |
|     sub_ln105_fu_215_p2                                                | -   |        | sub_ln105    | sub | fabric | 0       |
|     sub_ln102_fu_245_p2                                                | -   |        | sub_ln102    | sub | fabric | 0       |
|     add_ln97_3_fu_279_p2                                               | -   |        | add_ln97_3   | add | fabric | 0       |
|     add_ln97_fu_291_p2                                                 | -   |        | add_ln97     | add | fabric | 0       |
|     sub_ln105_1_fu_335_p2                                              | -   |        | sub_ln105_1  | sub | fabric | 0       |
|     sub_ln102_1_fu_365_p2                                              | -   |        | sub_ln102_1  | sub | fabric | 0       |
|     add_ln97_1_fu_619_p2                                               | -   |        | add_ln97_1   | add | fabric | 0       |
|     add_ln97_2_fu_624_p2                                               | -   |        | add_ln97_2   | add | fabric | 0       |
|     add_ln98_fu_429_p2                                                 | -   |        | add_ln98     | add | fabric | 0       |
|     add_ln105_fu_549_p2                                                | -   |        | add_ln105    | add | fabric | 0       |
|     add_ln102_fu_654_p2                                                | -   |        | add_ln102    | add | fabric | 0       |
|     add_ln103_fu_675_p2                                                | -   |        | add_ln103    | add | fabric | 0       |
|     add_ln104_fu_710_p2                                                | -   |        | add_ln104    | add | fabric | 0       |
|     add_ln105_1_fu_726_p2                                              | -   |        | add_ln105_1  | add | fabric | 0       |
|     add_ln99_fu_574_p2                                                 | -   |        | add_ln99     | add | fabric | 0       |
|     add_ln98_1_fu_580_p2                                               | -   |        | add_ln98_1   | add | fabric | 0       |
|   + inference_Pipeline_loop_kh_2_loop_kw_2_loop_ic_2                   | 2   |        |              |     |        |         |
|     empty_fu_310_p2                                                    | -   |        | empty        | add | fabric | 0       |
|     empty_74_fu_320_p2                                                 | -   |        | empty_74     | add | fabric | 0       |
|     empty_75_fu_338_p2                                                 | -   |        | empty_75     | sub | fabric | 0       |
|     sub_ln83_fu_376_p2                                                 | -   |        | sub_ln83     | sub | fabric | 0       |
|     empty_76_fu_390_p2                                                 | -   |        | empty_76     | add | fabric | 0       |
|     empty_77_fu_400_p2                                                 | -   |        | empty_77     | add | fabric | 0       |
|     add_ln83_fu_448_p2                                                 | -   |        | add_ln83     | add | fabric | 0       |
|     add_ln83_1_fu_458_p2                                               | -   |        | add_ln83_1   | add | fabric | 0       |
|     add_ln74_2_fu_470_p2                                               | -   |        | add_ln74_2   | add | fabric | 0       |
|     add_ln74_fu_482_p2                                                 | -   |        | add_ln74     | add | fabric | 0       |
|     p_mid195_fu_518_p2                                                 | -   |        | p_mid195     | add | fabric | 0       |
|     p_mid197_fu_528_p2                                                 | -   |        | p_mid197     | add | fabric | 0       |
|     p_mid199_fu_546_p2                                                 | -   |        | p_mid199     | sub | fabric | 0       |
|     sub_ln83_1_fu_600_p2                                               | -   |        | sub_ln83_1   | sub | fabric | 0       |
|     add_ln74_1_fu_634_p2                                               | -   |        | add_ln74_1   | add | fabric | 0       |
|     add_ln83_2_fu_666_p2                                               | -   |        | add_ln83_2   | add | fabric | 0       |
|     add_ln76_fu_700_p2                                                 | -   |        | add_ln76     | add | fabric | 0       |
|     p_mid173_fu_734_p2                                                 | -   |        | p_mid173     | add | fabric | 0       |
|     p_mid175_fu_744_p2                                                 | -   |        | p_mid175     | add | fabric | 0       |
|     add_ln83_3_fu_800_p2                                               | -   |        | add_ln83_3   | add | fabric | 0       |
|     add_ln83_4_fu_810_p2                                               | -   |        | add_ln83_4   | add | fabric | 0       |
|     add_ln84_fu_893_p2                                                 | -   |        | add_ln84     | add | fabric | 0       |
|     add_ln84_1_fu_903_p2                                               | -   |        | add_ln84_1   | add | fabric | 0       |
|     mac_muladd_11s_16s_26ns_26_4_1_U18                                 | 1   |        | mul_ln1347   | mul | dsp48  | 3       |
|     mac_muladd_11s_16s_26ns_26_4_1_U18                                 | 1   |        | ret_V        | add | dsp48  | 3       |
|     add_ln84_2_fu_957_p2                                               | -   |        | add_ln84_2   | add | fabric | 0       |
|     add_ln84_3_fu_967_p2                                               | -   |        | add_ln84_3   | add | fabric | 0       |
|     mac_muladd_11s_16s_26ns_26_4_1_U19                                 | 1   |        | mul_ln1347_1 | mul | dsp48  | 3       |
|     mac_muladd_11s_16s_26ns_26_4_1_U19                                 | 1   |        | ret_V_4      | add | dsp48  | 3       |
|     add_ln78_fu_973_p2                                                 | -   |        | add_ln78     | add | fabric | 0       |
|     add_ln76_1_fu_979_p2                                               | -   |        | add_ln76_1   | add | fabric | 0       |
|   + inference_Pipeline_loop_kh_3_loop_kw_3_loop_ic_3                   | 2   |        |              |     |        |         |
|     empty_fu_306_p2                                                    | -   |        | empty        | add | fabric | 0       |
|     empty_69_fu_316_p2                                                 | -   |        | empty_69     | add | fabric | 0       |
|     empty_70_fu_334_p2                                                 | -   |        | empty_70     | sub | fabric | 0       |
|     sub_ln132_fu_372_p2                                                | -   |        | sub_ln132    | sub | fabric | 0       |
|     empty_71_fu_382_p2                                                 | -   |        | empty_71     | add | fabric | 0       |
|     empty_72_fu_392_p2                                                 | -   |        | empty_72     | add | fabric | 0       |
|     add_ln132_fu_440_p2                                                | -   |        | add_ln132    | add | fabric | 0       |
|     add_ln132_1_fu_454_p2                                              | -   |        | add_ln132_1  | add | fabric | 0       |
|     add_ln123_2_fu_466_p2                                              | -   |        | add_ln123_2  | add | fabric | 0       |
|     add_ln123_fu_478_p2                                                | -   |        | add_ln123    | add | fabric | 0       |
|     p_mid1240_fu_510_p2                                                | -   |        | p_mid1240    | add | fabric | 0       |
|     p_mid1242_fu_520_p2                                                | -   |        | p_mid1242    | add | fabric | 0       |
|     p_mid1244_fu_538_p2                                                | -   |        | p_mid1244    | sub | fabric | 0       |
|     sub_ln132_1_fu_592_p2                                              | -   |        | sub_ln132_1  | sub | fabric | 0       |
|     add_ln123_1_fu_618_p2                                              | -   |        | add_ln123_1  | add | fabric | 0       |
|     add_ln132_2_fu_650_p2                                              | -   |        | add_ln132_2  | add | fabric | 0       |
|     add_ln125_fu_684_p2                                                | -   |        | add_ln125    | add | fabric | 0       |
|     p_mid1218_fu_714_p2                                                | -   |        | p_mid1218    | add | fabric | 0       |
|     p_mid1220_fu_724_p2                                                | -   |        | p_mid1220    | add | fabric | 0       |
|     add_ln132_3_fu_780_p2                                              | -   |        | add_ln132_3  | add | fabric | 0       |
|     add_ln132_4_fu_794_p2                                              | -   |        | add_ln132_4  | add | fabric | 0       |
|     add_ln133_fu_891_p2                                                | -   |        | add_ln133    | add | fabric | 0       |
|     add_ln133_1_fu_901_p2                                              | -   |        | add_ln133_1  | add | fabric | 0       |
|     mac_muladd_12s_16s_26ns_26_4_1_U32                                 | 1   |        | mul_ln1347   | mul | dsp48  | 3       |
|     mac_muladd_12s_16s_26ns_26_4_1_U32                                 | 1   |        | ret_V        | add | dsp48  | 3       |
|     add_ln133_4_fu_957_p2                                              | -   |        | add_ln133_4  | add | fabric | 0       |
|     mac_muladd_12s_16s_26ns_26_4_1_U33                                 | 1   |        | mul_ln1347_2 | mul | dsp48  | 3       |
|     mac_muladd_12s_16s_26ns_26_4_1_U33                                 | 1   |        | ret_V_3      | add | dsp48  | 3       |
|     add_ln127_fu_963_p2                                                | -   |        | add_ln127    | add | fabric | 0       |
|     add_ln125_1_fu_969_p2                                              | -   |        | add_ln125_1  | add | fabric | 0       |
|   + inference_Pipeline_loop_kh_out_loop_kw_out_loop_ic_out             | 2   |        |              |     |        |         |
|     empty_fu_278_p2                                                    | -   |        | empty        | add | fabric | 0       |
|     empty_64_fu_288_p2                                                 | -   |        | empty_64     | add | fabric | 0       |
|     empty_65_fu_306_p2                                                 | -   |        | empty_65     | sub | fabric | 0       |
|     sub_ln162_fu_344_p2                                                | -   |        | sub_ln162    | sub | fabric | 0       |
|     empty_66_fu_354_p2                                                 | -   |        | empty_66     | add | fabric | 0       |
|     empty_67_fu_364_p2                                                 | -   |        | empty_67     | add | fabric | 0       |
|     add_ln162_fu_412_p2                                                | -   |        | add_ln162    | add | fabric | 0       |
|     add_ln163_2_fu_418_p2                                              | -   |        | add_ln163_2  | add | fabric | 0       |
|     add_ln153_1_fu_430_p2                                              | -   |        | add_ln153_1  | add | fabric | 0       |
|     add_ln153_fu_442_p2                                                | -   |        | add_ln153    | add | fabric | 0       |
|     p_mid1346_fu_474_p2                                                | -   |        | p_mid1346    | add | fabric | 0       |
|     p_mid1348_fu_484_p2                                                | -   |        | p_mid1348    | add | fabric | 0       |
|     p_mid1350_fu_502_p2                                                | -   |        | p_mid1350    | sub | fabric | 0       |
|     sub_ln162_1_fu_568_p2                                              | -   |        | sub_ln162_1  | sub | fabric | 0       |
|     add_ln162_1_fu_608_p2                                              | -   |        | add_ln162_1  | add | fabric | 0       |
|     add_ln155_fu_650_p2                                                | -   |        | add_ln155    | add | fabric | 0       |
|     p_mid1324_fu_680_p2                                                | -   |        | p_mid1324    | add | fabric | 0       |
|     p_mid1326_fu_690_p2                                                | -   |        | p_mid1326    | add | fabric | 0       |
|     add_ln162_2_fu_746_p2                                              | -   |        | add_ln162_2  | add | fabric | 0       |
|     add_ln163_4_fu_752_p2                                              | -   |        | add_ln163_4  | add | fabric | 0       |
|     mac_muladd_11s_16s_26ns_26_4_1_U45                                 | 1   |        | mul_ln1347   | mul | dsp48  | 3       |
|     mac_muladd_11s_16s_26ns_26_4_1_U45                                 | 1   |        | ret_V        | add | dsp48  | 3       |
|     add_ln163_3_fu_919_p2                                              | -   |        | add_ln163_3  | add | fabric | 0       |
|     mac_muladd_11s_16s_26ns_26_4_1_U46                                 | 1   |        | mul_ln1347_1 | mul | dsp48  | 3       |
|     mac_muladd_11s_16s_26ns_26_4_1_U46                                 | 1   |        | ret_V_2      | add | dsp48  | 3       |
|     add_ln157_fu_925_p2                                                | -   |        | add_ln157    | add | fabric | 0       |
|     add_ln155_1_fu_931_p2                                              | -   |        | add_ln155_1  | add | fabric | 0       |
|  + denoiser_top_Pipeline_VITIS_LOOP_25_2                               | 0   |        |              |     |        |         |
|    add_ln25_fu_107_p2                                                  | -   |        | add_ln25     | add | fabric | 0       |
+------------------------------------------------------------------------+-----+--------+--------------+-----+--------+---------+


================================================================
== Bind Storage Report
================================================================
+------------------------------------------------------------+------+------+--------+---------------------+---------+------+---------+
| Name                                                       | BRAM | URAM | Pragma | Variable            | Storage | Impl | Latency |
+------------------------------------------------------------+------+------+--------+---------------------+---------+------+---------+
| + denoiser_top                                             | 24   | 0    |        |                     |         |      |         |
|   d_U                                                      | 16   | -    |        | d                   | ram_s2p | auto | 1       |
|   in_buf_V_U                                               | 1    | -    |        | in_buf_V            | ram_s2p | auto | 1       |
|   out_buf8_U                                               | 1    | -    |        | out_buf8            | ram_1p  | auto | 1       |
|  + inference                                               | 6    | 0    |        |                     |         |      |         |
|    conv2_bias_V_U                                          | -    | -    |        | conv2_bias_V        | rom_1p  | auto | 1       |
|    f_x_msb_2_table_V_U                                     | 2    | -    |        | f_x_msb_2_table_V   | rom_1p  | auto | 1       |
|    exp_x_msb_1_table_V_U                                   | 2    | -    |        | exp_x_msb_1_table_V | rom_1p  | auto | 1       |
|   + inference_Pipeline_loop_kw_1                           | 0    | 0    |        |                     |         |      |         |
|     conv1_kernel_V_U                                       | -    | -    |        | conv1_kernel_V      | rom_1p  | auto | 1       |
|   + inference_Pipeline_loop_kh_2_loop_kw_2_loop_ic_2       | 1    | 0    |        |                     |         |      |         |
|     conv2_kernel_V_U                                       | 1    | -    |        | conv2_kernel_V      | rom_1p  | auto | 1       |
|   + inference_Pipeline_loop_kh_3_loop_kw_3_loop_ic_3       | 1    | 0    |        |                     |         |      |         |
|     conv3_kernel_V_U                                       | 1    | -    |        | conv3_kernel_V      | rom_1p  | auto | 1       |
|   + inference_Pipeline_loop_kh_out_loop_kw_out_loop_ic_out | 0    | 0    |        |                     |         |      |         |
|     conv_out_kernel_V_U                                    | -    | -    |        | conv_out_kernel_V   | rom_1p  | auto | 1       |
+------------------------------------------------------------+------+------+--------+---------------------+---------+------+---------+


================================================================
== Pragma Report
================================================================
* Valid Pragma Syntax
+-----------------+-------------------------------------------------------+----------------------------------------------------------+
| Type            | Options                                               | Location                                                 |
+-----------------+-------------------------------------------------------+----------------------------------------------------------+
| inline          |                                                       | ../denoiser_c_to_hls/denoiser.cpp:15 in conv2d_1         |
| unroll          | factor=2                                              | ../denoiser_c_to_hls/denoiser.cpp:28 in conv2d_1         |
| inline          |                                                       | ../denoiser_c_to_hls/denoiser.cpp:44 in maxpool_2x2_4ch  |
| inline          |                                                       | ../denoiser_c_to_hls/denoiser.cpp:64 in conv2d_2         |
| unroll          | factor=2                                              | ../denoiser_c_to_hls/denoiser.cpp:79 in conv2d_2         |
| inline          |                                                       | ../denoiser_c_to_hls/denoiser.cpp:96 in upsample_2x2_8ch |
| inline          |                                                       | ../denoiser_c_to_hls/denoiser.cpp:113 in conv2d_3        |
| unroll          | factor=2                                              | ../denoiser_c_to_hls/denoiser.cpp:128 in conv2d_3        |
| inline          |                                                       | ../denoiser_c_to_hls/denoiser.cpp:145 in conv2d_out      |
| unroll          | factor=2                                              | ../denoiser_c_to_hls/denoiser.cpp:158 in conv2d_out      |
| inline          | recursive                                             | ../denoiser_c_to_hls/denoiser.cpp:187 in inference       |
| inline          |                                                       | ../denoiser_c_to_hls/denoiser.h:68 in sigmoid            |
| interface       | m_axi port=input offset=slave bundle=gmem0 depth=784  | ../denoiser_c_to_hls/top.cpp:4 in denoiser_top, input    |
| interface       | s_axilite port=input bundle=control                   | ../denoiser_c_to_hls/top.cpp:5 in denoiser_top, input    |
| interface       | m_axi port=output offset=slave bundle=gmem1 depth=784 | ../denoiser_c_to_hls/top.cpp:6 in denoiser_top, output   |
| interface       | s_axilite port=output bundle=control                  | ../denoiser_c_to_hls/top.cpp:7 in denoiser_top, output   |
| interface       | s_axilite port=return bundle=control                  | ../denoiser_c_to_hls/top.cpp:8 in denoiser_top, return   |
| interface       | s_axilite port=return bundle=control                  | ../denoiser_c_to_hls/top.cpp:9 in denoiser_top, return   |
| array_partition | variable=in_buf complete dim=3                        | ../denoiser_c_to_hls/top.cpp:15 in denoiser_top, in_buf  |
| array_partition | variable=out_buf complete dim=3                       | ../denoiser_c_to_hls/top.cpp:16 in denoiser_top, out_buf |
| pipeline        | II=1                                                  | ../denoiser_c_to_hls/top.cpp:19 in denoiser_top          |
| pipeline        | II=1                                                  | ../denoiser_c_to_hls/top.cpp:26 in denoiser_top          |
+-----------------+-------------------------------------------------------+----------------------------------------------------------+


