

================================================================
== Vitis HLS Report for 'denoiser_top_Pipeline_VITIS_LOOP_25_2'
================================================================
* Date:           Tue Jun 30 22:18:51 2026

* Version:        2022.2 (Build 3670227 on Oct 13 2022)
* Project:        denoiser
* Solution:       solution1 (Vivado IP Flow Target)
* Product family: zynquplus
* Target device:  xck26-sfvc784-2LV-c


================================================================
== Performance Estimates
================================================================
+ Timing: 
    * Summary: 
    +--------+----------+----------+------------+
    |  Clock |  Target  | Estimated| Uncertainty|
    +--------+----------+----------+------------+
    |ap_clk  |  10.00 ns|  7.300 ns|     2.70 ns|
    +--------+----------+----------+------------+

+ Latency: 
    * Summary: 
    +---------+---------+----------+----------+-----+-----+---------+
    |  Latency (cycles) |  Latency (absolute) |  Interval | Pipeline|
    |   min   |   max   |    min   |    max   | min | max |   Type  |
    +---------+---------+----------+----------+-----+-----+---------+
    |      787|      787|  7.870 us|  7.870 us|  787|  787|       no|
    +---------+---------+----------+----------+-----+-----+---------+

    + Detail: 
        * Instance: 
        N/A

        * Loop: 
        +-------------------+---------+---------+----------+-----------+-----------+------+----------+
        |                   |  Latency (cycles) | Iteration|  Initiation Interval  | Trip |          |
        |     Loop Name     |   min   |   max   |  Latency |  achieved |   target  | Count| Pipelined|
        +-------------------+---------+---------+----------+-----------+-----------+------+----------+
        |- VITIS_LOOP_25_2  |      785|      785|         3|          1|          1|   784|       yes|
        +-------------------+---------+---------+----------+-----------+-----------+------+----------+



================================================================
== Utilization Estimates
================================================================
* Summary: 
+-----------------+---------+------+--------+--------+-----+
|       Name      | BRAM_18K|  DSP |   FF   |   LUT  | URAM|
+-----------------+---------+------+--------+--------+-----+
|DSP              |        -|     -|       -|       -|    -|
|Expression       |        -|     -|       0|      32|    -|
|FIFO             |        -|     -|       -|       -|    -|
|Instance         |        -|     -|       -|       -|    -|
|Memory           |        -|     -|       -|       -|    -|
|Multiplexer      |        -|     -|       -|      45|    -|
|Register         |        -|     -|      31|       -|    -|
+-----------------+---------+------+--------+--------+-----+
|Total            |        0|     0|      31|      77|    0|
+-----------------+---------+------+--------+--------+-----+
|Available        |      288|  1248|  234240|  117120|   64|
+-----------------+---------+------+--------+--------+-----+
|Utilization (%)  |        0|     0|      ~0|      ~0|    0|
+-----------------+---------+------+--------+--------+-----+

+ Detail: 
    * Instance: 
    N/A

    * DSP: 
    N/A

    * Memory: 
    N/A

    * FIFO: 
    N/A

    * Expression: 
    +---------------------------+----------+----+---+----+------------+------------+
    |       Variable Name       | Operation| DSP| FF| LUT| Bitwidth P0| Bitwidth P1|
    +---------------------------+----------+----+---+----+------------+------------+
    |add_ln25_fu_107_p2         |         +|   0|  0|  17|          10|           1|
    |ap_block_pp0_stage0_11001  |       and|   0|  0|   2|           1|           1|
    |icmp_ln25_fu_101_p2        |      icmp|   0|  0|  11|          10|           9|
    |ap_enable_pp0              |       xor|   0|  0|   2|           1|           2|
    +---------------------------+----------+----+---+----+------------+------------+
    |Total                      |          |   0|  0|  32|          22|          13|
    +---------------------------+----------+----+---+----+------------+------------+

    * Multiplexer: 
    +-------------------------+----+-----------+-----+-----------+
    |           Name          | LUT| Input Size| Bits| Total Bits|
    +-------------------------+----+-----------+-----+-----------+
    |ap_done_int              |   9|          2|    1|          2|
    |ap_enable_reg_pp0_iter1  |   9|          2|    1|          2|
    |ap_sig_allocacmp_i       |   9|          2|   10|         20|
    |gmem1_blk_n_W            |   9|          2|    1|          2|
    |i_1_fu_52                |   9|          2|   10|         20|
    +-------------------------+----+-----------+-----+-----------+
    |Total                    |  45|         10|   23|         46|
    +-------------------------+----+-----------+-----+-----------+

    * Register: 
    +----------------------------------+----+----+-----+-----------+
    |               Name               | FF | LUT| Bits| Const Bits|
    +----------------------------------+----+----+-----+-----------+
    |ap_CS_fsm                         |   1|   0|    1|          0|
    |ap_done_reg                       |   1|   0|    1|          0|
    |ap_enable_reg_pp0_iter1           |   1|   0|    1|          0|
    |ap_enable_reg_pp0_iter2           |   1|   0|    1|          0|
    |ap_loop_exit_ready_pp0_iter1_reg  |   1|   0|    1|          0|
    |i_1_fu_52                         |  10|   0|   10|          0|
    |out_buf8_load_reg_144             |  16|   0|   16|          0|
    +----------------------------------+----+----+-----+-----------+
    |Total                             |  31|   0|   31|          0|
    +----------------------------------+----+----+-----+-----------+



================================================================
== Interface
================================================================
* Summary: 
+----------------------+-----+-----+------------+---------------------------------------+--------------+
|       RTL Ports      | Dir | Bits|  Protocol  |             Source Object             |    C Type    |
+----------------------+-----+-----+------------+---------------------------------------+--------------+
|ap_clk                |   in|    1|  ap_ctrl_hs|  denoiser_top_Pipeline_VITIS_LOOP_25_2|  return value|
|ap_rst                |   in|    1|  ap_ctrl_hs|  denoiser_top_Pipeline_VITIS_LOOP_25_2|  return value|
|ap_start              |   in|    1|  ap_ctrl_hs|  denoiser_top_Pipeline_VITIS_LOOP_25_2|  return value|
|ap_done               |  out|    1|  ap_ctrl_hs|  denoiser_top_Pipeline_VITIS_LOOP_25_2|  return value|
|ap_idle               |  out|    1|  ap_ctrl_hs|  denoiser_top_Pipeline_VITIS_LOOP_25_2|  return value|
|ap_ready              |  out|    1|  ap_ctrl_hs|  denoiser_top_Pipeline_VITIS_LOOP_25_2|  return value|
|m_axi_gmem1_AWVALID   |  out|    1|       m_axi|                                  gmem1|       pointer|
|m_axi_gmem1_AWREADY   |   in|    1|       m_axi|                                  gmem1|       pointer|
|m_axi_gmem1_AWADDR    |  out|   64|       m_axi|                                  gmem1|       pointer|
|m_axi_gmem1_AWID      |  out|    1|       m_axi|                                  gmem1|       pointer|
|m_axi_gmem1_AWLEN     |  out|   32|       m_axi|                                  gmem1|       pointer|
|m_axi_gmem1_AWSIZE    |  out|    3|       m_axi|                                  gmem1|       pointer|
|m_axi_gmem1_AWBURST   |  out|    2|       m_axi|                                  gmem1|       pointer|
|m_axi_gmem1_AWLOCK    |  out|    2|       m_axi|                                  gmem1|       pointer|
|m_axi_gmem1_AWCACHE   |  out|    4|       m_axi|                                  gmem1|       pointer|
|m_axi_gmem1_AWPROT    |  out|    3|       m_axi|                                  gmem1|       pointer|
|m_axi_gmem1_AWQOS     |  out|    4|       m_axi|                                  gmem1|       pointer|
|m_axi_gmem1_AWREGION  |  out|    4|       m_axi|                                  gmem1|       pointer|
|m_axi_gmem1_AWUSER    |  out|    1|       m_axi|                                  gmem1|       pointer|
|m_axi_gmem1_WVALID    |  out|    1|       m_axi|                                  gmem1|       pointer|
|m_axi_gmem1_WREADY    |   in|    1|       m_axi|                                  gmem1|       pointer|
|m_axi_gmem1_WDATA     |  out|   16|       m_axi|                                  gmem1|       pointer|
|m_axi_gmem1_WSTRB     |  out|    2|       m_axi|                                  gmem1|       pointer|
|m_axi_gmem1_WLAST     |  out|    1|       m_axi|                                  gmem1|       pointer|
|m_axi_gmem1_WID       |  out|    1|       m_axi|                                  gmem1|       pointer|
|m_axi_gmem1_WUSER     |  out|    1|       m_axi|                                  gmem1|       pointer|
|m_axi_gmem1_ARVALID   |  out|    1|       m_axi|                                  gmem1|       pointer|
|m_axi_gmem1_ARREADY   |   in|    1|       m_axi|                                  gmem1|       pointer|
|m_axi_gmem1_ARADDR    |  out|   64|       m_axi|                                  gmem1|       pointer|
|m_axi_gmem1_ARID      |  out|    1|       m_axi|                                  gmem1|       pointer|
|m_axi_gmem1_ARLEN     |  out|   32|       m_axi|                                  gmem1|       pointer|
|m_axi_gmem1_ARSIZE    |  out|    3|       m_axi|                                  gmem1|       pointer|
|m_axi_gmem1_ARBURST   |  out|    2|       m_axi|                                  gmem1|       pointer|
|m_axi_gmem1_ARLOCK    |  out|    2|       m_axi|                                  gmem1|       pointer|
|m_axi_gmem1_ARCACHE   |  out|    4|       m_axi|                                  gmem1|       pointer|
|m_axi_gmem1_ARPROT    |  out|    3|       m_axi|                                  gmem1|       pointer|
|m_axi_gmem1_ARQOS     |  out|    4|       m_axi|                                  gmem1|       pointer|
|m_axi_gmem1_ARREGION  |  out|    4|       m_axi|                                  gmem1|       pointer|
|m_axi_gmem1_ARUSER    |  out|    1|       m_axi|                                  gmem1|       pointer|
|m_axi_gmem1_RVALID    |   in|    1|       m_axi|                                  gmem1|       pointer|
|m_axi_gmem1_RREADY    |  out|    1|       m_axi|                                  gmem1|       pointer|
|m_axi_gmem1_RDATA     |   in|   16|       m_axi|                                  gmem1|       pointer|
|m_axi_gmem1_RLAST     |   in|    1|       m_axi|                                  gmem1|       pointer|
|m_axi_gmem1_RID       |   in|    1|       m_axi|                                  gmem1|       pointer|
|m_axi_gmem1_RFIFONUM  |   in|   10|       m_axi|                                  gmem1|       pointer|
|m_axi_gmem1_RUSER     |   in|    1|       m_axi|                                  gmem1|       pointer|
|m_axi_gmem1_RRESP     |   in|    2|       m_axi|                                  gmem1|       pointer|
|m_axi_gmem1_BVALID    |   in|    1|       m_axi|                                  gmem1|       pointer|
|m_axi_gmem1_BREADY    |  out|    1|       m_axi|                                  gmem1|       pointer|
|m_axi_gmem1_BRESP     |   in|    2|       m_axi|                                  gmem1|       pointer|
|m_axi_gmem1_BID       |   in|    1|       m_axi|                                  gmem1|       pointer|
|m_axi_gmem1_BUSER     |   in|    1|       m_axi|                                  gmem1|       pointer|
|sext_ln25             |   in|   63|     ap_none|                              sext_ln25|        scalar|
|out_buf8_address0     |  out|   10|   ap_memory|                               out_buf8|         array|
|out_buf8_ce0          |  out|    1|   ap_memory|                               out_buf8|         array|
|out_buf8_q0           |   in|   16|   ap_memory|                               out_buf8|         array|
+----------------------+-----+-----+------------+---------------------------------------+--------------+

