

================================================================
== Vitis HLS Report for 'inference_Pipeline_loop_kh_3_loop_kw_3_loop_ic_3'
================================================================
* Date:           Tue Jun 30 22:18:45 2026

* Version:        2022.2 (Build 3670227 on Oct 13 2022)
* Project:        denoiser
* Solution:       solution1 (Vivado IP Flow Target)
* Product family: zynquplus
* Target device:  xck26-sfvc784-2LV-c


================================================================
== Performance Estimates
================================================================
+ Timing: 
    * Summary: 
    +--------+----------+----------+------------+
    |  Clock |  Target  | Estimated| Uncertainty|
    +--------+----------+----------+------------+
    |ap_clk  |  10.00 ns|  6.346 ns|     2.70 ns|
    +--------+----------+----------+------------+

+ Latency: 
    * Summary: 
    +---------+---------+----------+----------+-----+-----+---------+
    |  Latency (cycles) |  Latency (absolute) |  Interval | Pipeline|
    |   min   |   max   |    min   |    max   | min | max |   Type  |
    +---------+---------+----------+----------+-----+-----+---------+
    |       77|       77|  0.770 us|  0.770 us|   77|   77|       no|
    +---------+---------+----------+----------+-----+-----+---------+

    + Detail: 
        * Instance: 
        N/A

        * Loop: 
        +---------------------------------+---------+---------+----------+-----------+-----------+------+----------+
        |                                 |  Latency (cycles) | Iteration|  Initiation Interval  | Trip |          |
        |            Loop Name            |   min   |   max   |  Latency |  achieved |   target  | Count| Pipelined|
        +---------------------------------+---------+---------+----------+-----------+-----------+------+----------+
        |- loop_kh_3_loop_kw_3_loop_ic_3  |       75|       75|         6|          2|          1|    36|       yes|
        +---------------------------------+---------+---------+----------+-----------+-----------+------+----------+



================================================================
== Utilization Estimates
================================================================
* Summary: 
+-----------------+---------+------+--------+--------+-----+
|       Name      | BRAM_18K|  DSP |   FF   |   LUT  | URAM|
+-----------------+---------+------+--------+--------+-----+
|DSP              |        -|     2|       -|       -|    -|
|Expression       |        -|     -|       0|     645|    -|
|FIFO             |        -|     -|       -|       -|    -|
|Instance         |        -|     -|       -|       -|    -|
|Memory           |        1|     -|       0|       0|    -|
|Multiplexer      |        -|     -|       -|     163|    -|
|Register         |        -|     -|      70|       -|    -|
+-----------------+---------+------+--------+--------+-----+
|Total            |        1|     2|      70|     808|    0|
+-----------------+---------+------+--------+--------+-----+
|Available        |      288|  1248|  234240|  117120|   64|
+-----------------+---------+------+--------+--------+-----+
|Utilization (%)  |       ~0|    ~0|      ~0|      ~0|    0|
+-----------------+---------+------+--------+--------+-----+

+ Detail: 
    * Instance: 
    N/A

    * DSP: 
    +------------------------------------+--------------------------------+--------------+
    |              Instance              |             Module             |  Expression  |
    +------------------------------------+--------------------------------+--------------+
    |mac_muladd_12s_16s_26ns_26_4_1_U32  |mac_muladd_12s_16s_26ns_26_4_1  |  i0 + i1 * i2|
    |mac_muladd_12s_16s_26ns_26_4_1_U33  |mac_muladd_12s_16s_26ns_26_4_1  |  i0 + i1 * i2|
    +------------------------------------+--------------------------------+--------------+

    * Memory: 
    +------------------+-----------------------------------------------------------------------------+---------+---+----+-----+------+-----+------+-------------+
    |      Memory      |                                    Module                                   | BRAM_18K| FF| LUT| URAM| Words| Bits| Banks| W*Bits*Banks|
    +------------------+-----------------------------------------------------------------------------+---------+---+----+-----+------+-----+------+-------------+
    |conv3_kernel_V_U  |inference_Pipeline_loop_kh_3_loop_kw_3_loop_ic_3_conv3_kernel_V_ROM_AUTO_1R  |        1|  0|   0|    0|   288|   12|     1|         3456|
    +------------------+-----------------------------------------------------------------------------+---------+---+----+-----+------+-----+------+-------------+
    |Total             |                                                                             |        1|  0|   0|    0|   288|   12|     1|         3456|
    +------------------+-----------------------------------------------------------------------------+---------+---+----+-----+------+-----+------+-------------+

    * FIFO: 
    N/A

    * Expression: 
    +-------------------------------+----------+----+---+----+------------+------------+
    |         Variable Name         | Operation| DSP| FF| LUT| Bitwidth P0| Bitwidth P1|
    +-------------------------------+----------+----+---+----+------------+------------+
    |add_ln123_1_fu_618_p2          |         +|   0|  0|  16|           9|           9|
    |add_ln123_2_fu_466_p2          |         +|   0|  0|  13|           6|           1|
    |add_ln123_fu_478_p2            |         +|   0|  0|   9|           2|           1|
    |add_ln125_1_fu_969_p2          |         +|   0|  0|  12|           5|           1|
    |add_ln125_fu_684_p2            |         +|   0|  0|   9|           2|           1|
    |add_ln127_fu_963_p2            |         +|   0|  0|  12|           4|           2|
    |add_ln132_1_fu_454_p2          |         +|   0|  0|  22|          15|          15|
    |add_ln132_2_fu_650_p2          |         +|   0|  0|  22|          15|          15|
    |add_ln132_3_fu_780_p2          |         +|   0|  0|  20|          13|          13|
    |add_ln132_4_fu_794_p2          |         +|   0|  0|  22|          15|          15|
    |add_ln132_fu_440_p2            |         +|   0|  0|  20|          13|          13|
    |add_ln133_1_fu_901_p2          |         +|   0|  0|  16|           9|           9|
    |add_ln133_2_fu_941_p2          |         +|   0|  0|  16|           7|           4|
    |add_ln133_3_fu_947_p2          |         +|   0|  0|  16|           7|           7|
    |add_ln133_4_fu_957_p2          |         +|   0|  0|  16|           9|           9|
    |add_ln133_fu_891_p2            |         +|   0|  0|  14|           7|           7|
    |empty_69_fu_316_p2             |         +|   0|  0|  13|           6|           2|
    |empty_71_fu_382_p2             |         +|   0|  0|  12|           5|           5|
    |empty_72_fu_392_p2             |         +|   0|  0|  13|           6|           2|
    |empty_fu_306_p2                |         +|   0|  0|  12|           5|           5|
    |p_mid1218_fu_714_p2            |         +|   0|  0|  12|           5|           5|
    |p_mid1220_fu_724_p2            |         +|   0|  0|  13|           6|           2|
    |p_mid1240_fu_510_p2            |         +|   0|  0|  12|           5|           5|
    |p_mid1242_fu_520_p2            |         +|   0|  0|  13|           6|           2|
    |empty_70_fu_334_p2             |         -|   0|  0|  12|           5|           5|
    |p_mid1244_fu_538_p2            |         -|   0|  0|  12|           5|           5|
    |sub_ln132_1_fu_592_p2          |         -|   0|  0|  22|          15|          15|
    |sub_ln132_fu_372_p2            |         -|   0|  0|  22|          15|          15|
    |cmp24_i427_not_fu_340_p2       |      icmp|   0|  0|   9|           5|           1|
    |cmp24_i427_not_mid1_fu_544_p2  |      icmp|   0|  0|   9|           5|           1|
    |cmp25_i429_not_fu_346_p2       |      icmp|   0|  0|  10|           6|           5|
    |cmp25_i429_not_mid1_fu_558_p2  |      icmp|   0|  0|  10|           6|           5|
    |cmp27_i431_not_fu_398_p2       |      icmp|   0|  0|   9|           5|           1|
    |cmp27_i431_not_mid1_fu_730_p2  |      icmp|   0|  0|   9|           5|           1|
    |cmp29_i433_not_fu_404_p2       |      icmp|   0|  0|  10|           6|           5|
    |cmp29_i433_not_mid1_fu_736_p2  |      icmp|   0|  0|  10|           6|           5|
    |icmp_ln123_fu_460_p2           |      icmp|   0|  0|  10|           6|           6|
    |icmp_ln125_fu_484_p2           |      icmp|   0|  0|   9|           5|           4|
    |brmerge88_fu_422_p2            |        or|   0|  0|   2|           1|           1|
    |brmerge88_mid1266_fu_636_p2    |        or|   0|  0|   2|           1|           1|
    |brmerge88_mid1_fu_754_p2       |        or|   0|  0|   2|           1|           1|
    |or_ln123_fu_670_p2             |        or|   0|  0|   2|           1|           1|
    |or_ln132_fu_912_p2             |        or|   0|  0|   4|           4|           2|
    |tmp28_fu_410_p2                |        or|   0|  0|   2|           1|           1|
    |tmp28_mid1262_fu_624_p2        |        or|   0|  0|   2|           1|           1|
    |tmp28_mid1_fu_742_p2           |        or|   0|  0|   2|           1|           1|
    |tmp29_fu_416_p2                |        or|   0|  0|   2|           1|           1|
    |tmp29_mid1264_fu_630_p2        |        or|   0|  0|   2|           1|           1|
    |tmp29_mid1_fu_748_p2           |        or|   0|  0|   2|           1|           1|
    |select_ln123_1_fu_498_p3       |    select|   0|  0|   4|           1|           1|
    |select_ln123_2_fu_550_p3       |    select|   0|  0|   2|           1|           1|
    |select_ln123_3_fu_564_p3       |    select|   0|  0|   2|           1|           1|
    |select_ln123_4_fu_598_p3       |    select|   0|  0|  15|           1|          15|
    |select_ln123_5_fu_606_p3       |    select|   0|  0|   5|           1|           5|
    |select_ln123_6_fu_642_p3       |    select|   0|  0|   2|           1|           1|
    |select_ln123_7_fu_676_p3       |    select|   0|  0|   2|           1|           2|
    |select_ln123_8_fu_830_p3       |    select|   0|  0|  10|           1|          11|
    |select_ln123_fu_490_p3         |    select|   0|  0|   2|           1|           1|
    |select_ln125_1_fu_698_p3       |    select|   0|  0|   2|           1|           2|
    |select_ln125_2_fu_760_p3       |    select|   0|  0|   2|           1|           1|
    |select_ln125_3_fu_848_p3       |    select|   0|  0|  10|           1|          11|
    |select_ln125_4_fu_975_p3       |    select|   0|  0|   5|           1|           1|
    |select_ln125_fu_690_p3         |    select|   0|  0|   4|           1|           4|
    |val_V_15_fu_1008_p3            |    select|   0|  0|  16|           1|           1|
    |val_V_16_fu_1023_p3            |    select|   0|  0|  16|           1|           1|
    |ap_enable_pp0                  |       xor|   0|  0|   2|           1|           2|
    |xor_ln127_fu_664_p2            |       xor|   0|  0|   2|           1|           2|
    +-------------------------------+----------+----+---+----+------------+------------+
    |Total                          |          |   0|  0| 645|         309|         299|
    +-------------------------------+----------+----+---+----+------------+------------+

    * Multiplexer: 
    +-----------------------------------------+----+-----------+-----+-----------+
    |                   Name                  | LUT| Input Size| Bits| Total Bits|
    +-----------------------------------------+----+-----------+-----+-----------+
    |ap_NS_fsm                                |  14|          3|    1|          3|
    |ap_done_int                              |   9|          2|    1|          2|
    |ap_enable_reg_pp0_iter0                  |   9|          2|    1|          2|
    |ap_enable_reg_pp0_iter1                  |   9|          2|    1|          2|
    |ap_sig_allocacmp_i_2                     |   9|          2|    2|          4|
    |ap_sig_allocacmp_indvar_flatten222_load  |   9|          2|    5|         10|
    |ap_sig_allocacmp_indvar_flatten282_load  |   9|          2|    6|         12|
    |ap_sig_allocacmp_j_3                     |   9|          2|    2|          4|
    |ap_sig_allocacmp_k_load                  |   9|          2|    4|          8|
    |ap_sig_allocacmp_lhs_load_3              |   9|          2|   16|         32|
    |conv3_kernel_V_address0                  |  14|          3|    9|         27|
    |i_fu_148                                 |   9|          2|    2|          4|
    |indvar_flatten222_fu_144                 |   9|          2|    5|         10|
    |indvar_flatten282_fu_152                 |   9|          2|    6|         12|
    |j_fu_140                                 |   9|          2|    2|          4|
    |k_fu_136                                 |   9|          2|    4|          8|
    |lhs_fu_132                               |   9|          2|   16|         32|
    +-----------------------------------------+----+-----------+-----+-----------+
    |Total                                    | 163|         36|   83|        176|
    +-----------------------------------------+----+-----------+-----+-----------+

    * Register: 
    +-----------------------------------+----+----+-----+-----------+
    |                Name               | FF | LUT| Bits| Const Bits|
    +-----------------------------------+----+----+-----+-----------+
    |add_ln133_4_reg_1173               |   9|   0|    9|          0|
    |ap_CS_fsm                          |   2|   0|    2|          0|
    |ap_done_reg                        |   1|   0|    1|          0|
    |ap_enable_reg_pp0_iter0_reg        |   1|   0|    1|          0|
    |ap_enable_reg_pp0_iter1            |   1|   0|    1|          0|
    |ap_enable_reg_pp0_iter2            |   1|   0|    1|          0|
    |ap_loop_exit_ready_pp0_iter1_reg   |   1|   0|    1|          0|
    |i_fu_148                           |   2|   0|    2|          0|
    |icmp_ln123_reg_1148                |   1|   0|    1|          0|
    |icmp_ln123_reg_1148_pp0_iter1_reg  |   1|   0|    1|          0|
    |indvar_flatten222_fu_144           |   5|   0|    5|          0|
    |indvar_flatten282_fu_152           |   6|   0|    6|          0|
    |j_fu_140                           |   2|   0|    2|          0|
    |k_fu_136                           |   4|   0|    4|          0|
    |lhs_fu_132                         |  16|   0|   16|          0|
    |select_ln125_2_reg_1152            |   1|   0|    1|          0|
    |val_V_16_reg_1188                  |  16|   0|   16|          0|
    +-----------------------------------+----+----+-----+-----------+
    |Total                              |  70|   0|   70|          0|
    +-----------------------------------+----+----+-----+-----------+



================================================================
== Interface
================================================================
* Summary: 
+------------------------+-----+-----+------------+--------------------------------------------------+--------------+
|        RTL Ports       | Dir | Bits|  Protocol  |                   Source Object                  |    C Type    |
+------------------------+-----+-----+------------+--------------------------------------------------+--------------+
|ap_clk                  |   in|    1|  ap_ctrl_hs|  inference_Pipeline_loop_kh_3_loop_kw_3_loop_ic_3|  return value|
|ap_rst                  |   in|    1|  ap_ctrl_hs|  inference_Pipeline_loop_kh_3_loop_kw_3_loop_ic_3|  return value|
|ap_start                |   in|    1|  ap_ctrl_hs|  inference_Pipeline_loop_kh_3_loop_kw_3_loop_ic_3|  return value|
|ap_done                 |  out|    1|  ap_ctrl_hs|  inference_Pipeline_loop_kh_3_loop_kw_3_loop_ic_3|  return value|
|ap_idle                 |  out|    1|  ap_ctrl_hs|  inference_Pipeline_loop_kh_3_loop_kw_3_loop_ic_3|  return value|
|ap_ready                |  out|    1|  ap_ctrl_hs|  inference_Pipeline_loop_kh_3_loop_kw_3_loop_ic_3|  return value|
|select_ln115_2          |   in|   16|     ap_none|                                    select_ln115_2|        scalar|
|select_ln117_2          |   in|    5|     ap_none|                                    select_ln117_2|        scalar|
|select_ln117            |   in|    5|     ap_none|                                      select_ln117|        scalar|
|zext_ln115              |   in|    8|     ap_none|                                        zext_ln115|        scalar|
|cmp27_i431_not_mid1258  |   in|    1|     ap_none|                            cmp27_i431_not_mid1258|        scalar|
|cmp29_i433_not_mid1260  |   in|    1|     ap_none|                            cmp29_i433_not_mid1260|        scalar|
|zext_ln132_3            |   in|   13|     ap_none|                                      zext_ln132_3|        scalar|
|d_address0              |  out|   14|   ap_memory|                                                 d|         array|
|d_ce0                   |  out|    1|   ap_memory|                                                 d|         array|
|d_q0                    |   in|   16|   ap_memory|                                                 d|         array|
|d_address1              |  out|   14|   ap_memory|                                                 d|         array|
|d_ce1                   |  out|    1|   ap_memory|                                                 d|         array|
|d_q1                    |   in|   16|   ap_memory|                                                 d|         array|
|s_V_16_out              |  out|   16|      ap_vld|                                        s_V_16_out|       pointer|
|s_V_16_out_ap_vld       |  out|    1|      ap_vld|                                        s_V_16_out|       pointer|
+------------------------+-----+-----+------------+--------------------------------------------------+--------------+

