

================================================================
== Vitis HLS Report for 'inference_Pipeline_loop_kh_out_loop_kw_out_loop_ic_out'
================================================================
* Date:           Tue Jun 30 22:18:46 2026

* Version:        2022.2 (Build 3670227 on Oct 13 2022)
* Project:        denoiser
* Solution:       solution1 (Vivado IP Flow Target)
* Product family: zynquplus
* Target device:  xck26-sfvc784-2LV-c


================================================================
== Performance Estimates
================================================================
+ Timing: 
    * Summary: 
    +--------+----------+----------+------------+
    |  Clock |  Target  | Estimated| Uncertainty|
    +--------+----------+----------+------------+
    |ap_clk  |  10.00 ns|  5.483 ns|     2.70 ns|
    +--------+----------+----------+------------+

+ Latency: 
    * Summary: 
    +---------+---------+----------+----------+-----+-----+---------+
    |  Latency (cycles) |  Latency (absolute) |  Interval | Pipeline|
    |   min   |   max   |    min   |    max   | min | max |   Type  |
    +---------+---------+----------+----------+-----+-----+---------+
    |       41|       41|  0.410 us|  0.410 us|   41|   41|       no|
    +---------+---------+----------+----------+-----+-----+---------+

    + Detail: 
        * Instance: 
        N/A

        * Loop: 
        +---------------------------------------+---------+---------+----------+-----------+-----------+------+----------+
        |                                       |  Latency (cycles) | Iteration|  Initiation Interval  | Trip |          |
        |               Loop Name               |   min   |   max   |  Latency |  achieved |   target  | Count| Pipelined|
        +---------------------------------------+---------+---------+----------+-----------+-----------+------+----------+
        |- loop_kh_out_loop_kw_out_loop_ic_out  |       39|       39|         6|          2|          1|    18|       yes|
        +---------------------------------------+---------+---------+----------+-----------+-----------+------+----------+



================================================================
== Utilization Estimates
================================================================
* Summary: 
+-----------------+---------+------+--------+--------+-----+
|       Name      | BRAM_18K|  DSP |   FF   |   LUT  | URAM|
+-----------------+---------+------+--------+--------+-----+
|DSP              |        -|     2|       -|       -|    -|
|Expression       |        -|     -|       0|     575|    -|
|FIFO             |        -|     -|       -|       -|    -|
|Instance         |        -|     -|       -|       -|    -|
|Memory           |        0|     -|      11|       7|    -|
|Multiplexer      |        -|     -|       -|     163|    -|
|Register         |        -|     -|      64|       -|    -|
+-----------------+---------+------+--------+--------+-----+
|Total            |        0|     2|      75|     745|    0|
+-----------------+---------+------+--------+--------+-----+
|Available        |      288|  1248|  234240|  117120|   64|
+-----------------+---------+------+--------+--------+-----+
|Utilization (%)  |        0|    ~0|      ~0|      ~0|    0|
+-----------------+---------+------+--------+--------+-----+

+ Detail: 
    * Instance: 
    N/A

    * DSP: 
    +------------------------------------+--------------------------------+--------------+
    |              Instance              |             Module             |  Expression  |
    +------------------------------------+--------------------------------+--------------+
    |mac_muladd_11s_16s_26ns_26_4_1_U45  |mac_muladd_11s_16s_26ns_26_4_1  |  i0 + i1 * i2|
    |mac_muladd_11s_16s_26ns_26_4_1_U46  |mac_muladd_11s_16s_26ns_26_4_1  |  i0 + i1 * i2|
    +------------------------------------+--------------------------------+--------------+

    * Memory: 
    +---------------------+----------------------------------------------------------------------------------+---------+----+----+-----+------+-----+------+-------------+
    |        Memory       |                                      Module                                      | BRAM_18K| FF | LUT| URAM| Words| Bits| Banks| W*Bits*Banks|
    +---------------------+----------------------------------------------------------------------------------+---------+----+----+-----+------+-----+------+-------------+
    |conv_out_kernel_V_U  |inference_Pipeline_loop_kh_out_loop_kw_out_loop_ic_out_conv_out_kernel_V_ROM_bkb  |        0|  11|   7|    0|    36|   11|     1|          396|
    +---------------------+----------------------------------------------------------------------------------+---------+----+----+-----+------+-----+------+-------------+
    |Total                |                                                                                  |        0|  11|   7|    0|    36|   11|     1|          396|
    +---------------------+----------------------------------------------------------------------------------+---------+----+----+-----+------+-----+------+-------------+

    * FIFO: 
    N/A

    * Expression: 
    +------------------------------+----------+----+---+----+------------+------------+
    |         Variable Name        | Operation| DSP| FF| LUT| Bitwidth P0| Bitwidth P1|
    +------------------------------+----------+----+---+----+------------+------------+
    |add_ln153_1_fu_430_p2         |         +|   0|  0|  12|           5|           1|
    |add_ln153_fu_442_p2           |         +|   0|  0|   9|           2|           1|
    |add_ln155_1_fu_931_p2         |         +|   0|  0|  12|           4|           1|
    |add_ln155_fu_650_p2           |         +|   0|  0|   9|           2|           1|
    |add_ln157_fu_925_p2           |         +|   0|  0|  10|           3|           2|
    |add_ln162_1_fu_608_p2         |         +|   0|  0|  21|          14|          14|
    |add_ln162_2_fu_746_p2         |         +|   0|  0|  21|          14|          14|
    |add_ln162_fu_412_p2           |         +|   0|  0|  21|          14|          14|
    |add_ln163_1_fu_861_p2         |         +|   0|  0|  13|           6|           6|
    |add_ln163_2_fu_418_p2         |         +|   0|  0|  12|           5|           5|
    |add_ln163_3_fu_919_p2         |         +|   0|  0|  13|           6|           6|
    |add_ln163_4_fu_752_p2         |         +|   0|  0|  12|           5|           5|
    |add_ln163_fu_855_p2           |         +|   0|  0|  13|           6|           6|
    |empty_64_fu_288_p2            |         +|   0|  0|  13|           6|           2|
    |empty_66_fu_354_p2            |         +|   0|  0|  12|           5|           5|
    |empty_67_fu_364_p2            |         +|   0|  0|  13|           6|           2|
    |empty_fu_278_p2               |         +|   0|  0|  12|           5|           5|
    |p_mid1324_fu_680_p2           |         +|   0|  0|  12|           5|           5|
    |p_mid1326_fu_690_p2           |         +|   0|  0|  13|           6|           2|
    |p_mid1346_fu_474_p2           |         +|   0|  0|  12|           5|           5|
    |p_mid1348_fu_484_p2           |         +|   0|  0|  13|           6|           2|
    |empty_65_fu_306_p2            |         -|   0|  0|  12|           5|           5|
    |p_mid1350_fu_502_p2           |         -|   0|  0|  12|           5|           5|
    |sub_ln162_1_fu_568_p2         |         -|   0|  0|  21|          14|          14|
    |sub_ln162_fu_344_p2           |         -|   0|  0|  21|          14|          14|
    |cmp20_i68_not_fu_312_p2       |      icmp|   0|  0|   9|           5|           1|
    |cmp20_i68_not_mid1_fu_520_p2  |      icmp|   0|  0|   9|           5|           1|
    |cmp21_i70_not_fu_318_p2       |      icmp|   0|  0|  10|           6|           5|
    |cmp21_i70_not_mid1_fu_534_p2  |      icmp|   0|  0|  10|           6|           5|
    |cmp23_i72_not_fu_370_p2       |      icmp|   0|  0|   9|           5|           1|
    |cmp23_i72_not_mid1_fu_696_p2  |      icmp|   0|  0|   9|           5|           1|
    |cmp25_i74_not_fu_376_p2       |      icmp|   0|  0|  10|           6|           5|
    |cmp25_i74_not_mid1_fu_702_p2  |      icmp|   0|  0|  10|           6|           5|
    |icmp_ln153_fu_424_p2          |      icmp|   0|  0|   9|           5|           5|
    |icmp_ln155_fu_448_p2          |      icmp|   0|  0|   9|           4|           3|
    |brmerge98_fu_394_p2           |        or|   0|  0|   2|           1|           1|
    |brmerge98_mid1372_fu_594_p2   |        or|   0|  0|   2|           1|           1|
    |brmerge98_mid1_fu_720_p2      |        or|   0|  0|   2|           1|           1|
    |or_ln153_fu_636_p2            |        or|   0|  0|   2|           1|           1|
    |or_ln162_fu_872_p2            |        or|   0|  0|   3|           3|           2|
    |or_ln163_fu_905_p2            |        or|   0|  0|   5|           4|           5|
    |tmp59_fu_382_p2               |        or|   0|  0|   2|           1|           1|
    |tmp59_mid1368_fu_582_p2       |        or|   0|  0|   2|           1|           1|
    |tmp59_mid1_fu_708_p2          |        or|   0|  0|   2|           1|           1|
    |tmp60_fu_388_p2               |        or|   0|  0|   2|           1|           1|
    |tmp60_mid1370_fu_588_p2       |        or|   0|  0|   2|           1|           1|
    |tmp60_mid1_fu_714_p2          |        or|   0|  0|   2|           1|           1|
    |select_ln153_1_fu_462_p3      |    select|   0|  0|   3|           1|           1|
    |select_ln153_2_fu_508_p3      |    select|   0|  0|   5|           1|           5|
    |select_ln153_3_fu_526_p3      |    select|   0|  0|   2|           1|           1|
    |select_ln153_4_fu_540_p3      |    select|   0|  0|   2|           1|           1|
    |select_ln153_5_fu_574_p3      |    select|   0|  0|  14|           1|          14|
    |select_ln153_6_fu_600_p3      |    select|   0|  0|   2|           1|           1|
    |select_ln153_7_fu_614_p3      |    select|   0|  0|   5|           1|           5|
    |select_ln153_8_fu_642_p3      |    select|   0|  0|   2|           1|           2|
    |select_ln153_9_fu_800_p3      |    select|   0|  0|  10|           1|          11|
    |select_ln153_fu_454_p3        |    select|   0|  0|   2|           1|           1|
    |select_ln155_1_fu_664_p3      |    select|   0|  0|   2|           1|           2|
    |select_ln155_2_fu_726_p3      |    select|   0|  0|   2|           1|           1|
    |select_ln155_3_fu_758_p3      |    select|   0|  0|   5|           1|           5|
    |select_ln155_4_fu_818_p3      |    select|   0|  0|  10|           1|          11|
    |select_ln155_5_fu_937_p3      |    select|   0|  0|   4|           1|           1|
    |select_ln155_fu_656_p3        |    select|   0|  0|   3|           1|           3|
    |val_V_10_fu_985_p3            |    select|   0|  0|  16|           1|           1|
    |val_V_9_fu_970_p3             |    select|   0|  0|  16|           1|           1|
    |ap_enable_pp0                 |       xor|   0|  0|   2|           1|           2|
    |xor_ln157_fu_630_p2           |       xor|   0|  0|   2|           1|           2|
    +------------------------------+----------+----+---+----+------------+------------+
    |Total                         |          |   0|  0| 575|         258|         262|
    +------------------------------+----------+----+---+----+------------+------------+

    * Multiplexer: 
    +-----------------------------------------+----+-----------+-----+-----------+
    |                   Name                  | LUT| Input Size| Bits| Total Bits|
    +-----------------------------------------+----+-----------+-----+-----------+
    |ap_NS_fsm                                |  14|          3|    1|          3|
    |ap_done_int                              |   9|          2|    1|          2|
    |ap_enable_reg_pp0_iter0                  |   9|          2|    1|          2|
    |ap_enable_reg_pp0_iter1                  |   9|          2|    1|          2|
    |ap_sig_allocacmp_i_1                     |   9|          2|    2|          4|
    |ap_sig_allocacmp_indvar_flatten328_load  |   9|          2|    4|          8|
    |ap_sig_allocacmp_indvar_flatten386_load  |   9|          2|    5|         10|
    |ap_sig_allocacmp_j_2                     |   9|          2|    2|          4|
    |ap_sig_allocacmp_k_load                  |   9|          2|    3|          6|
    |ap_sig_allocacmp_lhs_load_2              |   9|          2|   16|         32|
    |conv_out_kernel_V_address0               |  14|          3|    6|         18|
    |i_fu_140                                 |   9|          2|    2|          4|
    |indvar_flatten328_fu_136                 |   9|          2|    4|          8|
    |indvar_flatten386_fu_144                 |   9|          2|    5|         10|
    |j_fu_132                                 |   9|          2|    2|          4|
    |k_fu_128                                 |   9|          2|    3|          6|
    |lhs_fu_124                               |   9|          2|   16|         32|
    +-----------------------------------------+----+-----------+-----+-----------+
    |Total                                    | 163|         36|   74|        155|
    +-----------------------------------------+----+-----------+-----+-----------+

    * Register: 
    +-----------------------------------+----+----+-----+-----------+
    |                Name               | FF | LUT| Bits| Const Bits|
    +-----------------------------------+----+----+-----+-----------+
    |add_ln163_3_reg_1135               |   6|   0|    6|          0|
    |ap_CS_fsm                          |   2|   0|    2|          0|
    |ap_done_reg                        |   1|   0|    1|          0|
    |ap_enable_reg_pp0_iter0_reg        |   1|   0|    1|          0|
    |ap_enable_reg_pp0_iter1            |   1|   0|    1|          0|
    |ap_enable_reg_pp0_iter2            |   1|   0|    1|          0|
    |ap_loop_exit_ready_pp0_iter1_reg   |   1|   0|    1|          0|
    |i_fu_140                           |   2|   0|    2|          0|
    |icmp_ln153_reg_1110                |   1|   0|    1|          0|
    |icmp_ln153_reg_1110_pp0_iter1_reg  |   1|   0|    1|          0|
    |indvar_flatten328_fu_136           |   4|   0|    4|          0|
    |indvar_flatten386_fu_144           |   5|   0|    5|          0|
    |j_fu_132                           |   2|   0|    2|          0|
    |k_fu_128                           |   3|   0|    3|          0|
    |lhs_fu_124                         |  16|   0|   16|          0|
    |select_ln155_2_reg_1114            |   1|   0|    1|          0|
    |val_V_10_reg_1150                  |  16|   0|   16|          0|
    +-----------------------------------+----+----+-----+-----------+
    |Total                              |  64|   0|   64|          0|
    +-----------------------------------+----+----+-----+-----------+



================================================================
== Interface
================================================================
* Summary: 
+-----------------------+-----+-----+------------+--------------------------------------------------------+--------------+
|       RTL Ports       | Dir | Bits|  Protocol  |                      Source Object                     |    C Type    |
+-----------------------+-----+-----+------------+--------------------------------------------------------+--------------+
|ap_clk                 |   in|    1|  ap_ctrl_hs|  inference_Pipeline_loop_kh_out_loop_kw_out_loop_ic_out|  return value|
|ap_rst                 |   in|    1|  ap_ctrl_hs|  inference_Pipeline_loop_kh_out_loop_kw_out_loop_ic_out|  return value|
|ap_start               |   in|    1|  ap_ctrl_hs|  inference_Pipeline_loop_kh_out_loop_kw_out_loop_ic_out|  return value|
|ap_done                |  out|    1|  ap_ctrl_hs|  inference_Pipeline_loop_kh_out_loop_kw_out_loop_ic_out|  return value|
|ap_idle                |  out|    1|  ap_ctrl_hs|  inference_Pipeline_loop_kh_out_loop_kw_out_loop_ic_out|  return value|
|ap_ready               |  out|    1|  ap_ctrl_hs|  inference_Pipeline_loop_kh_out_loop_kw_out_loop_ic_out|  return value|
|select_ln147_1         |   in|    5|     ap_none|                                          select_ln147_1|        scalar|
|select_ln147           |   in|    5|     ap_none|                                            select_ln147|        scalar|
|cmp23_i72_not_mid1364  |   in|    1|     ap_none|                                   cmp23_i72_not_mid1364|        scalar|
|cmp25_i74_not_mid1366  |   in|    1|     ap_none|                                   cmp25_i74_not_mid1366|        scalar|
|sext_ln162_1           |   in|    9|     ap_none|                                            sext_ln162_1|        scalar|
|d_address0             |  out|   14|   ap_memory|                                                       d|         array|
|d_ce0                  |  out|    1|   ap_memory|                                                       d|         array|
|d_q0                   |   in|   16|   ap_memory|                                                       d|         array|
|d_address1             |  out|   14|   ap_memory|                                                       d|         array|
|d_ce1                  |  out|    1|   ap_memory|                                                       d|         array|
|d_q1                   |   in|   16|   ap_memory|                                                       d|         array|
|s_V_18_out             |  out|   16|      ap_vld|                                              s_V_18_out|       pointer|
|s_V_18_out_ap_vld      |  out|    1|      ap_vld|                                              s_V_18_out|       pointer|
+-----------------------+-----+-----+------------+--------------------------------------------------------+--------------+

