

================================================================
== Vitis HLS Report for 'inference_Pipeline_loop_kh_2_loop_kw_2_loop_ic_2'
================================================================
* Date:           Tue Jun 30 22:18:43 2026

* Version:        2022.2 (Build 3670227 on Oct 13 2022)
* Project:        denoiser
* Solution:       solution1 (Vivado IP Flow Target)
* Product family: zynquplus
* Target device:  xck26-sfvc784-2LV-c


================================================================
== Performance Estimates
================================================================
+ Timing: 
    * Summary: 
    +--------+----------+----------+------------+
    |  Clock |  Target  | Estimated| Uncertainty|
    +--------+----------+----------+------------+
    |ap_clk  |  10.00 ns|  6.308 ns|     2.70 ns|
    +--------+----------+----------+------------+

+ Latency: 
    * Summary: 
    +---------+---------+----------+----------+-----+-----+---------+
    |  Latency (cycles) |  Latency (absolute) |  Interval | Pipeline|
    |   min   |   max   |    min   |    max   | min | max |   Type  |
    +---------+---------+----------+----------+-----+-----+---------+
    |       41|       41|  0.410 us|  0.410 us|   41|   41|       no|
    +---------+---------+----------+----------+-----+-----+---------+

    + Detail: 
        * Instance: 
        N/A

        * Loop: 
        +---------------------------------+---------+---------+----------+-----------+-----------+------+----------+
        |                                 |  Latency (cycles) | Iteration|  Initiation Interval  | Trip |          |
        |            Loop Name            |   min   |   max   |  Latency |  achieved |   target  | Count| Pipelined|
        +---------------------------------+---------+---------+----------+-----------+-----------+------+----------+
        |- loop_kh_2_loop_kw_2_loop_ic_2  |       39|       39|         6|          2|          1|    18|       yes|
        +---------------------------------+---------+---------+----------+-----------+-----------+------+----------+



================================================================
== Utilization Estimates
================================================================
* Summary: 
+-----------------+---------+------+--------+--------+-----+
|       Name      | BRAM_18K|  DSP |   FF   |   LUT  | URAM|
+-----------------+---------+------+--------+--------+-----+
|DSP              |        -|     2|       -|       -|    -|
|Expression       |        -|     -|       0|     600|    -|
|FIFO             |        -|     -|       -|       -|    -|
|Instance         |        -|     -|       -|       -|    -|
|Memory           |        1|     -|       0|       0|    -|
|Multiplexer      |        -|     -|       -|     163|    -|
|Register         |        -|     -|      67|       -|    -|
+-----------------+---------+------+--------+--------+-----+
|Total            |        1|     2|      67|     763|    0|
+-----------------+---------+------+--------+--------+-----+
|Available        |      288|  1248|  234240|  117120|   64|
+-----------------+---------+------+--------+--------+-----+
|Utilization (%)  |       ~0|    ~0|      ~0|      ~0|    0|
+-----------------+---------+------+--------+--------+-----+

+ Detail: 
    * Instance: 
    N/A

    * DSP: 
    +------------------------------------+--------------------------------+--------------+
    |              Instance              |             Module             |  Expression  |
    +------------------------------------+--------------------------------+--------------+
    |mac_muladd_11s_16s_26ns_26_4_1_U18  |mac_muladd_11s_16s_26ns_26_4_1  |  i0 + i1 * i2|
    |mac_muladd_11s_16s_26ns_26_4_1_U19  |mac_muladd_11s_16s_26ns_26_4_1  |  i0 + i1 * i2|
    +------------------------------------+--------------------------------+--------------+

    * Memory: 
    +------------------+-----------------------------------------------------------------------------+---------+---+----+-----+------+-----+------+-------------+
    |      Memory      |                                    Module                                   | BRAM_18K| FF| LUT| URAM| Words| Bits| Banks| W*Bits*Banks|
    +------------------+-----------------------------------------------------------------------------+---------+---+----+-----+------+-----+------+-------------+
    |conv2_kernel_V_U  |inference_Pipeline_loop_kh_2_loop_kw_2_loop_ic_2_conv2_kernel_V_ROM_AUTO_1R  |        1|  0|   0|    0|   288|   11|     1|         3168|
    +------------------+-----------------------------------------------------------------------------+---------+---+----+-----+------+-----+------+-------------+
    |Total             |                                                                             |        1|  0|   0|    0|   288|   11|     1|         3168|
    +------------------+-----------------------------------------------------------------------------+---------+---+----+-----+------+-----+------+-------------+

    * FIFO: 
    N/A

    * Expression: 
    +-------------------------------+----------+----+---+----+------------+------------+
    |         Variable Name         | Operation| DSP| FF| LUT| Bitwidth P0| Bitwidth P1|
    +-------------------------------+----------+----+---+----+------------+------------+
    |add_ln74_1_fu_634_p2           |         +|   0|  0|  16|           9|           9|
    |add_ln74_2_fu_470_p2           |         +|   0|  0|  12|           5|           1|
    |add_ln74_fu_482_p2             |         +|   0|  0|   9|           2|           1|
    |add_ln76_1_fu_979_p2           |         +|   0|  0|  12|           4|           1|
    |add_ln76_fu_700_p2             |         +|   0|  0|   9|           2|           1|
    |add_ln78_fu_973_p2             |         +|   0|  0|  10|           3|           2|
    |add_ln83_1_fu_458_p2           |         +|   0|  0|  21|          14|          14|
    |add_ln83_2_fu_666_p2           |         +|   0|  0|  21|          14|          14|
    |add_ln83_3_fu_800_p2           |         +|   0|  0|  20|          13|          13|
    |add_ln83_4_fu_810_p2           |         +|   0|  0|  21|          14|          14|
    |add_ln83_fu_448_p2             |         +|   0|  0|  20|          13|          13|
    |add_ln84_1_fu_903_p2           |         +|   0|  0|  16|           9|           9|
    |add_ln84_2_fu_957_p2           |         +|   0|  0|  13|           6|           6|
    |add_ln84_3_fu_967_p2           |         +|   0|  0|  16|           9|           9|
    |add_ln84_fu_893_p2             |         +|   0|  0|  12|           5|           5|
    |empty_74_fu_320_p2             |         +|   0|  0|  12|           5|           2|
    |empty_76_fu_390_p2             |         +|   0|  0|  12|           4|           4|
    |empty_77_fu_400_p2             |         +|   0|  0|  12|           5|           2|
    |empty_fu_310_p2                |         +|   0|  0|  12|           4|           4|
    |p_mid173_fu_734_p2             |         +|   0|  0|  12|           4|           4|
    |p_mid175_fu_744_p2             |         +|   0|  0|  12|           5|           2|
    |p_mid195_fu_518_p2             |         +|   0|  0|  12|           4|           4|
    |p_mid197_fu_528_p2             |         +|   0|  0|  12|           5|           2|
    |empty_75_fu_338_p2             |         -|   0|  0|  12|           5|           5|
    |p_mid199_fu_546_p2             |         -|   0|  0|  12|           5|           5|
    |sub_ln83_1_fu_600_p2           |         -|   0|  0|  19|          12|          12|
    |sub_ln83_fu_376_p2             |         -|   0|  0|  19|          12|          12|
    |cmp24_i_not_fu_344_p2          |      icmp|   0|  0|   9|           4|           1|
    |cmp24_i_not_mid1_fu_552_p2     |      icmp|   0|  0|   9|           4|           1|
    |cmp25_i228_not_fu_350_p2       |      icmp|   0|  0|   9|           5|           4|
    |cmp25_i228_not_mid1_fu_566_p2  |      icmp|   0|  0|   9|           5|           4|
    |cmp27_i_not_fu_406_p2          |      icmp|   0|  0|   9|           4|           1|
    |cmp27_i_not_mid1_fu_750_p2     |      icmp|   0|  0|   9|           4|           1|
    |cmp29_i_not_fu_412_p2          |      icmp|   0|  0|   9|           5|           4|
    |cmp29_i_not_mid1_fu_756_p2     |      icmp|   0|  0|   9|           5|           4|
    |icmp_ln74_fu_464_p2            |      icmp|   0|  0|   9|           5|           5|
    |icmp_ln76_fu_488_p2            |      icmp|   0|  0|   9|           4|           3|
    |brmerge78_fu_430_p2            |        or|   0|  0|   2|           1|           1|
    |brmerge78_mid1123_fu_652_p2    |        or|   0|  0|   2|           1|           1|
    |brmerge78_mid1_fu_774_p2       |        or|   0|  0|   2|           1|           1|
    |or_ln74_fu_686_p2              |        or|   0|  0|   2|           1|           1|
    |or_ln83_fu_914_p2              |        or|   0|  0|   3|           3|           2|
    |or_ln84_fu_943_p2              |        or|   0|  0|   5|           4|           5|
    |tmp13_fu_418_p2                |        or|   0|  0|   2|           1|           1|
    |tmp13_mid1119_fu_640_p2        |        or|   0|  0|   2|           1|           1|
    |tmp13_mid1_fu_762_p2           |        or|   0|  0|   2|           1|           1|
    |tmp14_fu_424_p2                |        or|   0|  0|   2|           1|           1|
    |tmp14_mid1121_fu_646_p2        |        or|   0|  0|   2|           1|           1|
    |tmp14_mid1_fu_768_p2           |        or|   0|  0|   2|           1|           1|
    |select_ln74_1_fu_502_p3        |    select|   0|  0|   3|           1|           1|
    |select_ln74_2_fu_558_p3        |    select|   0|  0|   2|           1|           1|
    |select_ln74_3_fu_572_p3        |    select|   0|  0|   2|           1|           1|
    |select_ln74_4_fu_610_p3        |    select|   0|  0|  11|           1|          12|
    |select_ln74_5_fu_622_p3        |    select|   0|  0|   5|           1|           5|
    |select_ln74_6_fu_658_p3        |    select|   0|  0|   2|           1|           1|
    |select_ln74_7_fu_692_p3        |    select|   0|  0|   2|           1|           2|
    |select_ln74_8_fu_846_p3        |    select|   0|  0|  10|           1|          11|
    |select_ln74_fu_494_p3          |    select|   0|  0|   2|           1|           1|
    |select_ln76_1_fu_714_p3        |    select|   0|  0|   2|           1|           2|
    |select_ln76_2_fu_780_p3        |    select|   0|  0|   2|           1|           1|
    |select_ln76_3_fu_864_p3        |    select|   0|  0|  10|           1|          11|
    |select_ln76_4_fu_985_p3        |    select|   0|  0|   4|           1|           1|
    |select_ln76_fu_706_p3          |    select|   0|  0|   3|           1|           3|
    |val_V_20_fu_1018_p3            |    select|   0|  0|  16|           1|           1|
    |val_V_21_fu_1033_p3            |    select|   0|  0|  16|           1|           1|
    |ap_enable_pp0                  |       xor|   0|  0|   2|           1|           2|
    |xor_ln78_fu_680_p2             |       xor|   0|  0|   2|           1|           2|
    +-------------------------------+----------+----+---+----+------------+------------+
    |Total                          |          |   0|  0| 600|         272|         274|
    +-------------------------------+----------+----+---+----+------------+------------+

    * Multiplexer: 
    +-----------------------------------------+----+-----------+-----+-----------+
    |                   Name                  | LUT| Input Size| Bits| Total Bits|
    +-----------------------------------------+----+-----------+-----+-----------+
    |ap_NS_fsm                                |  14|          3|    1|          3|
    |ap_done_int                              |   9|          2|    1|          2|
    |ap_enable_reg_pp0_iter0                  |   9|          2|    1|          2|
    |ap_enable_reg_pp0_iter1                  |   9|          2|    1|          2|
    |ap_sig_allocacmp_i                       |   9|          2|    2|          4|
    |ap_sig_allocacmp_indvar_flatten137_load  |   9|          2|    5|         10|
    |ap_sig_allocacmp_indvar_flatten77_load   |   9|          2|    4|          8|
    |ap_sig_allocacmp_j                       |   9|          2|    2|          4|
    |ap_sig_allocacmp_k_load                  |   9|          2|    3|          6|
    |ap_sig_allocacmp_lhs_load_4              |   9|          2|   16|         32|
    |conv2_kernel_V_address0                  |  14|          3|    9|         27|
    |i_1_fu_148                               |   9|          2|    2|          4|
    |indvar_flatten137_fu_152                 |   9|          2|    5|         10|
    |indvar_flatten77_fu_144                  |   9|          2|    4|          8|
    |j_1_fu_140                               |   9|          2|    2|          4|
    |k_fu_136                                 |   9|          2|    3|          6|
    |lhs_fu_132                               |   9|          2|   16|         32|
    +-----------------------------------------+----+-----------+-----+-----------+
    |Total                                    | 163|         36|   77|        164|
    +-----------------------------------------+----+-----------+-----+-----------+

    * Register: 
    +----------------------------------+----+----+-----+-----------+
    |               Name               | FF | LUT| Bits| Const Bits|
    +----------------------------------+----+----+-----+-----------+
    |add_ln84_3_reg_1183               |   9|   0|    9|          0|
    |ap_CS_fsm                         |   2|   0|    2|          0|
    |ap_done_reg                       |   1|   0|    1|          0|
    |ap_enable_reg_pp0_iter0_reg       |   1|   0|    1|          0|
    |ap_enable_reg_pp0_iter1           |   1|   0|    1|          0|
    |ap_enable_reg_pp0_iter2           |   1|   0|    1|          0|
    |ap_loop_exit_ready_pp0_iter1_reg  |   1|   0|    1|          0|
    |i_1_fu_148                        |   2|   0|    2|          0|
    |icmp_ln74_reg_1158                |   1|   0|    1|          0|
    |icmp_ln74_reg_1158_pp0_iter1_reg  |   1|   0|    1|          0|
    |indvar_flatten137_fu_152          |   5|   0|    5|          0|
    |indvar_flatten77_fu_144           |   4|   0|    4|          0|
    |j_1_fu_140                        |   2|   0|    2|          0|
    |k_fu_136                          |   3|   0|    3|          0|
    |lhs_fu_132                        |  16|   0|   16|          0|
    |select_ln76_2_reg_1162            |   1|   0|    1|          0|
    |val_V_21_reg_1198                 |  16|   0|   16|          0|
    +----------------------------------+----+----+-----+-----------+
    |Total                             |  67|   0|   67|          0|
    +----------------------------------+----+----+-----+-----------+



================================================================
== Interface
================================================================
* Summary: 
+---------------------+-----+-----+------------+--------------------------------------------------+--------------+
|      RTL Ports      | Dir | Bits|  Protocol  |                   Source Object                  |    C Type    |
+---------------------+-----+-----+------------+--------------------------------------------------+--------------+
|ap_clk               |   in|    1|  ap_ctrl_hs|  inference_Pipeline_loop_kh_2_loop_kw_2_loop_ic_2|  return value|
|ap_rst               |   in|    1|  ap_ctrl_hs|  inference_Pipeline_loop_kh_2_loop_kw_2_loop_ic_2|  return value|
|ap_start             |   in|    1|  ap_ctrl_hs|  inference_Pipeline_loop_kh_2_loop_kw_2_loop_ic_2|  return value|
|ap_done              |  out|    1|  ap_ctrl_hs|  inference_Pipeline_loop_kh_2_loop_kw_2_loop_ic_2|  return value|
|ap_idle              |  out|    1|  ap_ctrl_hs|  inference_Pipeline_loop_kh_2_loop_kw_2_loop_ic_2|  return value|
|ap_ready             |  out|    1|  ap_ctrl_hs|  inference_Pipeline_loop_kh_2_loop_kw_2_loop_ic_2|  return value|
|sext_ln66            |   in|   10|     ap_none|                                         sext_ln66|        scalar|
|select_ln68_2        |   in|    4|     ap_none|                                     select_ln68_2|        scalar|
|select_ln68          |   in|    4|     ap_none|                                       select_ln68|        scalar|
|zext_ln66            |   in|    8|     ap_none|                                         zext_ln66|        scalar|
|cmp27_i_not_mid1115  |   in|    1|     ap_none|                               cmp27_i_not_mid1115|        scalar|
|cmp29_i_not_mid1117  |   in|    1|     ap_none|                               cmp29_i_not_mid1117|        scalar|
|sext_ln83_4          |   in|   13|     ap_none|                                       sext_ln83_4|        scalar|
|d_address0           |  out|   14|   ap_memory|                                                 d|         array|
|d_ce0                |  out|    1|   ap_memory|                                                 d|         array|
|d_q0                 |   in|   16|   ap_memory|                                                 d|         array|
|d_address1           |  out|   14|   ap_memory|                                                 d|         array|
|d_ce1                |  out|    1|   ap_memory|                                                 d|         array|
|d_q1                 |   in|   16|   ap_memory|                                                 d|         array|
|s_V_15_out           |  out|   16|      ap_vld|                                        s_V_15_out|       pointer|
|s_V_15_out_ap_vld    |  out|    1|      ap_vld|                                        s_V_15_out|       pointer|
+---------------------+-----+-----+------------+--------------------------------------------------+--------------+

