

================================================================
== Vitis HLS Report for 'inference_Pipeline_VITIS_LOOP_45_1_VITIS_LOOP_46_2_VITIS_LOOP_47_3'
================================================================
* Date:           Tue Jun 30 22:18:42 2026

* Version:        2022.2 (Build 3670227 on Oct 13 2022)
* Project:        denoiser
* Solution:       solution1 (Vivado IP Flow Target)
* Product family: zynquplus
* Target device:  xck26-sfvc784-2LV-c


================================================================
== Performance Estimates
================================================================
+ Timing: 
    * Summary: 
    +--------+----------+----------+------------+
    |  Clock |  Target  | Estimated| Uncertainty|
    +--------+----------+----------+------------+
    |ap_clk  |  10.00 ns|  5.392 ns|     2.70 ns|
    +--------+----------+----------+------------+

+ Latency: 
    * Summary: 
    +---------+---------+-----------+-----------+------+------+---------+
    |  Latency (cycles) |   Latency (absolute)  |   Interval  | Pipeline|
    |   min   |   max   |    min    |    max    |  min |  max |   Type  |
    +---------+---------+-----------+-----------+------+------+---------+
    |     2354|     2354|  23.540 us|  23.540 us|  2354|  2354|       no|
    +---------+---------+-----------+-----------+------+------+---------+

    + Detail: 
        * Instance: 
        N/A

        * Loop: 
        +---------------------------------------------------+---------+---------+----------+-----------+-----------+------+----------+
        |                                                   |  Latency (cycles) | Iteration|  Initiation Interval  | Trip |          |
        |                     Loop Name                     |   min   |   max   |  Latency |  achieved |   target  | Count| Pipelined|
        +---------------------------------------------------+---------+---------+----------+-----------+-----------+------+----------+
        |- VITIS_LOOP_45_1_VITIS_LOOP_46_2_VITIS_LOOP_47_3  |     2352|     2352|         3|          3|          1|   784|       yes|
        +---------------------------------------------------+---------+---------+----------+-----------+-----------+------+----------+



================================================================
== Utilization Estimates
================================================================
* Summary: 
+-----------------+---------+------+--------+--------+-----+
|       Name      | BRAM_18K|  DSP |   FF   |   LUT  | URAM|
+-----------------+---------+------+--------+--------+-----+
|DSP              |        -|     -|       -|       -|    -|
|Expression       |        -|     -|       0|     549|    -|
|FIFO             |        -|     -|       -|       -|    -|
|Instance         |        -|     -|       -|       -|    -|
|Memory           |        -|     -|       -|       -|    -|
|Multiplexer      |        -|     -|       -|     162|    -|
|Register         |        -|     -|      87|       -|    -|
+-----------------+---------+------+--------+--------+-----+
|Total            |        0|     0|      87|     711|    0|
+-----------------+---------+------+--------+--------+-----+
|Available        |      288|  1248|  234240|  117120|   64|
+-----------------+---------+------+--------+--------+-----+
|Utilization (%)  |        0|     0|      ~0|      ~0|    0|
+-----------------+---------+------+--------+--------+-----+

+ Detail: 
    * Instance: 
    N/A

    * DSP: 
    N/A

    * Memory: 
    N/A

    * FIFO: 
    N/A

    * Expression: 
    +-------------------------+----------+----+---+----+------------+------------+
    |      Variable Name      | Operation| DSP| FF| LUT| Bitwidth P0| Bitwidth P1|
    +-------------------------+----------+----+---+----+------------+------------+
    |add_ln45_1_fu_362_p2     |         +|   0|  0|  21|          14|           8|
    |add_ln45_2_fu_292_p2     |         +|   0|  0|  17|          10|           1|
    |add_ln45_fu_304_p2       |         +|   0|  0|  12|           4|           1|
    |add_ln46_1_fu_714_p2     |         +|   0|  0|  14|           7|           1|
    |add_ln46_fu_456_p2       |         +|   0|  0|  12|           4|           1|
    |add_ln47_fu_708_p2       |         +|   0|  0|  10|           3|           1|
    |add_ln49_fu_576_p2       |         +|   0|  0|  21|          14|          14|
    |add_ln50_fu_601_p2       |         +|   0|  0|  21|          14|          14|
    |add_ln52_fu_646_p2       |         +|   0|  0|  21|          14|          14|
    |add_ln54_fu_662_p2       |         +|   0|  0|  21|          14|          14|
    |add_ln56_1_fu_692_p2     |         +|   0|  0|  21|          14|          14|
    |add_ln56_2_fu_526_p2     |         +|   0|  0|  19|          12|          12|
    |add_ln56_fu_280_p2       |         +|   0|  0|  19|          12|          12|
    |sub_ln49_1_fu_348_p2     |         -|   0|  0|  21|          14|          14|
    |sub_ln49_fu_218_p2       |         -|   0|  0|  21|          14|          14|
    |sub_ln56_1_fu_392_p2     |         -|   0|  0|  19|          12|          12|
    |sub_ln56_fu_248_p2       |         -|   0|  0|  19|          12|          12|
    |and_ln45_fu_442_p2       |       and|   0|  0|   2|           1|           1|
    |icmp_ln1649_1_fu_783_p2  |      icmp|   0|  0|  13|          16|          16|
    |icmp_ln1649_2_fu_795_p2  |      icmp|   0|  0|  13|          16|          16|
    |icmp_ln1649_fu_753_p2    |      icmp|   0|  0|  13|          16|          16|
    |icmp_ln45_fu_286_p2      |      icmp|   0|  0|  11|          10|           9|
    |icmp_ln46_fu_310_p2      |      icmp|   0|  0|  10|           7|           6|
    |icmp_ln47_fu_436_p2      |      icmp|   0|  0|   9|           3|           4|
    |or_ln46_fu_462_p2        |        or|   0|  0|   2|           1|           1|
    |or_ln50_1_fu_496_p2      |        or|   0|  0|   8|           8|           4|
    |or_ln50_fu_262_p2        |        or|   0|  0|   8|           8|           4|
    |d_d0                     |    select|   0|  0|  16|           1|          16|
    |max_val_V_1_fu_759_p3    |    select|   0|  0|  16|           1|          16|
    |max_val_V_3_fu_788_p3    |    select|   0|  0|  16|           1|          16|
    |select_ln45_1_fu_354_p3  |    select|   0|  0|  14|           1|          14|
    |select_ln45_2_fu_398_p3  |    select|   0|  0|  11|           1|          12|
    |select_ln45_3_fu_406_p3  |    select|   0|  0|   8|           1|           1|
    |select_ln45_4_fu_414_p3  |    select|   0|  0|   8|           1|           4|
    |select_ln45_5_fu_422_p3  |    select|   0|  0|  11|           1|          12|
    |select_ln45_6_fu_448_p3  |    select|   0|  0|   4|           1|           4|
    |select_ln45_fu_316_p3    |    select|   0|  0|   4|           1|           1|
    |select_ln46_1_fu_484_p3  |    select|   0|  0|   8|           1|           8|
    |select_ln46_2_fu_502_p3  |    select|   0|  0|   8|           1|           8|
    |select_ln46_3_fu_532_p3  |    select|   0|  0|  11|           1|          12|
    |select_ln46_4_fu_544_p3  |    select|   0|  0|   4|           1|           4|
    |select_ln46_5_fu_720_p3  |    select|   0|  0|   7|           1|           1|
    |select_ln46_fu_468_p3    |    select|   0|  0|   3|           1|           1|
    |xor_ln45_fu_430_p2       |       xor|   0|  0|   2|           1|           2|
    +-------------------------+----------+----+---+----+------------+------------+
    |Total                    |          |   0|  0| 549|         291|         368|
    +-------------------------+----------+----+---+----+------------+------------+

    * Multiplexer: 
    +----------------------------------------+----+-----------+-----+-----------+
    |                  Name                  | LUT| Input Size| Bits| Total Bits|
    +----------------------------------------+----+-----------+-----+-----------+
    |ap_NS_fsm                               |  20|          4|    1|          4|
    |ap_done_int                             |   9|          2|    1|          2|
    |ap_sig_allocacmp_c_load                 |   9|          2|    3|          6|
    |ap_sig_allocacmp_h_2                    |   9|          2|    4|          8|
    |ap_sig_allocacmp_indvar_flatten32_load  |   9|          2|    7|         14|
    |ap_sig_allocacmp_indvar_flatten64_load  |   9|          2|   10|         20|
    |ap_sig_allocacmp_w_2                    |   9|          2|    4|          8|
    |c_fu_92                                 |   9|          2|    3|          6|
    |d_address0                              |  20|          4|   14|         56|
    |d_address1                              |  14|          3|   14|         42|
    |d_we0                                   |   9|          2|    2|          4|
    |h_fu_104                                |   9|          2|    4|          8|
    |indvar_flatten32_fu_100                 |   9|          2|    7|         14|
    |indvar_flatten64_fu_108                 |   9|          2|   10|         20|
    |w_fu_96                                 |   9|          2|    4|          8|
    +----------------------------------------+----+-----------+-----+-----------+
    |Total                                   | 162|         35|   88|        220|
    +----------------------------------------+----+-----------+-----+-----------+

    * Register: 
    +-------------------------+----+----+-----+-----------+
    |           Name          | FF | LUT| Bits| Const Bits|
    +-------------------------+----+----+-----+-----------+
    |ap_CS_fsm                |   3|   0|    3|          0|
    |ap_done_reg              |   1|   0|    1|          0|
    |c_fu_92                  |   3|   0|    3|          0|
    |h_fu_104                 |   4|   0|    4|          0|
    |indvar_flatten32_fu_100  |   7|   0|    7|          0|
    |indvar_flatten64_fu_108  |  10|   0|   10|          0|
    |lshr_ln_reg_872          |  13|   0|   13|          0|
    |max_val_V_1_reg_877      |  16|   0|   16|          0|
    |trunc_ln2_reg_862        |  13|   0|   13|          0|
    |trunc_ln3_reg_867        |  13|   0|   13|          0|
    |w_fu_96                  |   4|   0|    4|          0|
    +-------------------------+----+----+-----+-----------+
    |Total                    |  87|   0|   87|          0|
    +-------------------------+----+----+-----+-----------+



================================================================
== Interface
================================================================
* Summary: 
+------------+-----+-----+------------+--------------------------------------------------------------------+--------------+
|  RTL Ports | Dir | Bits|  Protocol  |                            Source Object                           |    C Type    |
+------------+-----+-----+------------+--------------------------------------------------------------------+--------------+
|ap_clk      |   in|    1|  ap_ctrl_hs|  inference_Pipeline_VITIS_LOOP_45_1_VITIS_LOOP_46_2_VITIS_LOOP_47_3|  return value|
|ap_rst      |   in|    1|  ap_ctrl_hs|  inference_Pipeline_VITIS_LOOP_45_1_VITIS_LOOP_46_2_VITIS_LOOP_47_3|  return value|
|ap_start    |   in|    1|  ap_ctrl_hs|  inference_Pipeline_VITIS_LOOP_45_1_VITIS_LOOP_46_2_VITIS_LOOP_47_3|  return value|
|ap_done     |  out|    1|  ap_ctrl_hs|  inference_Pipeline_VITIS_LOOP_45_1_VITIS_LOOP_46_2_VITIS_LOOP_47_3|  return value|
|ap_idle     |  out|    1|  ap_ctrl_hs|  inference_Pipeline_VITIS_LOOP_45_1_VITIS_LOOP_46_2_VITIS_LOOP_47_3|  return value|
|ap_ready    |  out|    1|  ap_ctrl_hs|  inference_Pipeline_VITIS_LOOP_45_1_VITIS_LOOP_46_2_VITIS_LOOP_47_3|  return value|
|d_address0  |  out|   14|   ap_memory|                                                                   d|         array|
|d_ce0       |  out|    1|   ap_memory|                                                                   d|         array|
|d_we0       |  out|    2|   ap_memory|                                                                   d|         array|
|d_d0        |  out|   16|   ap_memory|                                                                   d|         array|
|d_q0        |   in|   16|   ap_memory|                                                                   d|         array|
|d_address1  |  out|   14|   ap_memory|                                                                   d|         array|
|d_ce1       |  out|    1|   ap_memory|                                                                   d|         array|
|d_q1        |   in|   16|   ap_memory|                                                                   d|         array|
+------------+-----+-----+------------+--------------------------------------------------------------------+--------------+

