

================================================================
== Vitis HLS Report for 'inference_Pipeline_VITIS_LOOP_97_1_VITIS_LOOP_98_2_VITIS_LOOP_99_3'
================================================================
* Date:           Tue Jun 30 22:18:44 2026

* Version:        2022.2 (Build 3670227 on Oct 13 2022)
* Project:        denoiser
* Solution:       solution1 (Vivado IP Flow Target)
* Product family: zynquplus
* Target device:  xck26-sfvc784-2LV-c


================================================================
== Performance Estimates
================================================================
+ Timing: 
    * Summary: 
    +--------+----------+----------+------------+
    |  Clock |  Target  | Estimated| Uncertainty|
    +--------+----------+----------+------------+
    |ap_clk  |  10.00 ns|  4.487 ns|     2.70 ns|
    +--------+----------+----------+------------+

+ Latency: 
    * Summary: 
    +---------+---------+-----------+-----------+------+------+---------+
    |  Latency (cycles) |   Latency (absolute)  |   Interval  | Pipeline|
    |   min   |   max   |    min    |    max    |  min |  max |   Type  |
    +---------+---------+-----------+-----------+------+------+---------+
    |     7842|     7842|  78.420 us|  78.420 us|  7842|  7842|       no|
    +---------+---------+-----------+-----------+------+------+---------+

    + Detail: 
        * Instance: 
        N/A

        * Loop: 
        +---------------------------------------------------+---------+---------+----------+-----------+-----------+------+----------+
        |                                                   |  Latency (cycles) | Iteration|  Initiation Interval  | Trip |          |
        |                     Loop Name                     |   min   |   max   |  Latency |  achieved |   target  | Count| Pipelined|
        +---------------------------------------------------+---------+---------+----------+-----------+-----------+------+----------+
        |- VITIS_LOOP_97_1_VITIS_LOOP_98_2_VITIS_LOOP_99_3  |     7840|     7840|         5|          5|          1|  1568|       yes|
        +---------------------------------------------------+---------+---------+----------+-----------+-----------+------+----------+



================================================================
== Utilization Estimates
================================================================
* Summary: 
+-----------------+---------+------+--------+--------+-----+
|       Name      | BRAM_18K|  DSP |   FF   |   LUT  | URAM|
+-----------------+---------+------+--------+--------+-----+
|DSP              |        -|     -|       -|       -|    -|
|Expression       |        -|     -|       0|     460|    -|
|FIFO             |        -|     -|       -|       -|    -|
|Instance         |        -|     -|       -|       -|    -|
|Memory           |        -|     -|       -|       -|    -|
|Multiplexer      |        -|     -|       -|     184|    -|
|Register         |        -|     -|     114|       -|    -|
+-----------------+---------+------+--------+--------+-----+
|Total            |        0|     0|     114|     644|    0|
+-----------------+---------+------+--------+--------+-----+
|Available        |      288|  1248|  234240|  117120|   64|
+-----------------+---------+------+--------+--------+-----+
|Utilization (%)  |        0|     0|      ~0|      ~0|    0|
+-----------------+---------+------+--------+--------+-----+

+ Detail: 
    * Instance: 
    N/A

    * DSP: 
    N/A

    * Memory: 
    N/A

    * FIFO: 
    N/A

    * Expression: 
    +-------------------------+----------+----+---+----+------------+------------+
    |      Variable Name      | Operation| DSP| FF| LUT| Bitwidth P0| Bitwidth P1|
    +-------------------------+----------+----+---+----+------------+------------+
    |add_ln102_fu_654_p2      |         +|   0|  0|  22|          15|          15|
    |add_ln103_fu_675_p2      |         +|   0|  0|  22|          15|          15|
    |add_ln104_fu_710_p2      |         +|   0|  0|  22|          15|          15|
    |add_ln105_1_fu_726_p2    |         +|   0|  0|  22|          15|          15|
    |add_ln105_fu_549_p2      |         +|   0|  0|  20|          13|          13|
    |add_ln97_1_fu_619_p2     |         +|   0|  0|  22|          15|          14|
    |add_ln97_2_fu_624_p2     |         +|   0|  0|  22|          15|          14|
    |add_ln97_3_fu_279_p2     |         +|   0|  0|  18|          11|           1|
    |add_ln97_fu_291_p2       |         +|   0|  0|  12|           4|           1|
    |add_ln98_1_fu_580_p2     |         +|   0|  0|  15|           8|           1|
    |add_ln98_fu_429_p2       |         +|   0|  0|  12|           4|           1|
    |add_ln99_fu_574_p2       |         +|   0|  0|  12|           4|           1|
    |sub_ln102_1_fu_365_p2    |         -|   0|  0|  22|          15|          15|
    |sub_ln102_fu_245_p2      |         -|   0|  0|  22|          15|          15|
    |sub_ln105_1_fu_335_p2    |         -|   0|  0|  20|          13|          13|
    |sub_ln105_fu_215_p2      |         -|   0|  0|  20|          13|          13|
    |and_ln97_fu_415_p2       |       and|   0|  0|   2|           1|           1|
    |icmp_ln97_fu_273_p2      |      icmp|   0|  0|  11|          11|          10|
    |icmp_ln98_fu_297_p2      |      icmp|   0|  0|  11|           8|           7|
    |icmp_ln99_fu_409_p2      |      icmp|   0|  0|   9|           4|           5|
    |or_ln103_1_fu_485_p2     |        or|   0|  0|   9|           9|           5|
    |or_ln103_fu_267_p2       |        or|   0|  0|   9|           9|           5|
    |or_ln98_fu_435_p2        |        or|   0|  0|   2|           1|           1|
    |select_ln97_1_fu_371_p3  |    select|   0|  0|  15|           1|          15|
    |select_ln97_2_fu_379_p3  |    select|   0|  0|   9|           1|           1|
    |select_ln97_3_fu_387_p3  |    select|   0|  0|   8|           1|           1|
    |select_ln97_4_fu_395_p3  |    select|   0|  0|   9|           1|           5|
    |select_ln97_5_fu_421_p3  |    select|   0|  0|   4|           1|           4|
    |select_ln97_6_fu_531_p3  |    select|   0|  0|   9|           1|           9|
    |select_ln97_fu_303_p3    |    select|   0|  0|   4|           1|           1|
    |select_ln98_1_fu_457_p3  |    select|   0|  0|   9|           1|           9|
    |select_ln98_2_fu_473_p3  |    select|   0|  0|   8|           1|           8|
    |select_ln98_3_fu_491_p3  |    select|   0|  0|   9|           1|           9|
    |select_ln98_4_fu_499_p3  |    select|   0|  0|   4|           1|           4|
    |select_ln98_5_fu_586_p3  |    select|   0|  0|   8|           1|           1|
    |select_ln98_fu_441_p3    |    select|   0|  0|   4|           1|           1|
    |xor_ln97_fu_403_p2       |       xor|   0|  0|   2|           1|           2|
    +-------------------------+----------+----+---+----+------------+------------+
    |Total                    |          |   0|  0| 460|         247|         266|
    +-------------------------+----------+----+---+----+------------+------------+

    * Multiplexer: 
    +-----------------------------------------+----+-----------+-----+-----------+
    |                   Name                  | LUT| Input Size| Bits| Total Bits|
    +-----------------------------------------+----+-----------+-----+-----------+
    |ap_NS_fsm                                |  31|          6|    1|          6|
    |ap_done_int                              |   9|          2|    1|          2|
    |ap_sig_allocacmp_c_load                  |   9|          2|    4|          8|
    |ap_sig_allocacmp_h_1                     |   9|          2|    4|          8|
    |ap_sig_allocacmp_indvar_flatten181_load  |   9|          2|    8|         16|
    |ap_sig_allocacmp_indvar_flatten209_load  |   9|          2|   11|         22|
    |ap_sig_allocacmp_w_1                     |   9|          2|    4|          8|
    |c_fu_96                                  |   9|          2|    4|          8|
    |d_address0                               |  31|          6|   14|         84|
    |d_d0                                     |  14|          3|   16|         48|
    |d_we0                                    |   9|          2|    2|          4|
    |h_fu_108                                 |   9|          2|    4|          8|
    |indvar_flatten181_fu_104                 |   9|          2|    8|         16|
    |indvar_flatten209_fu_112                 |   9|          2|   11|         22|
    |w_fu_100                                 |   9|          2|    4|          8|
    +-----------------------------------------+----+-----------+-----+-----------+
    |Total                                    | 184|         39|   96|        268|
    +-----------------------------------------+----+-----------+-----+-----------+

    * Register: 
    +--------------------------+----+----+-----+-----------+
    |           Name           | FF | LUT| Bits| Const Bits|
    +--------------------------+----+----+-----+-----------+
    |ap_CS_fsm                 |   5|   0|    5|          0|
    |ap_done_reg               |   1|   0|    1|          0|
    |c_fu_96                   |   4|   0|    4|          0|
    |d_load_reg_819            |  16|   0|   16|          0|
    |h_fu_108                  |   4|   0|    4|          0|
    |indvar_flatten181_fu_104  |   8|   0|    8|          0|
    |indvar_flatten209_fu_112  |  11|   0|   11|          0|
    |lshr_ln105_1_reg_834      |  14|   0|   14|          0|
    |lshr_ln2_reg_824          |  14|   0|   14|          0|
    |lshr_ln3_reg_829          |  14|   0|   14|          0|
    |select_ln97_1_reg_792     |   8|   0|   15|          7|
    |select_ln98_1_reg_798     |   4|   0|    9|          5|
    |select_ln98_3_reg_803     |   4|   0|    9|          5|
    |trunc_ln105_reg_808       |   3|   0|    3|          0|
    |w_fu_100                  |   4|   0|    4|          0|
    +--------------------------+----+----+-----+-----------+
    |Total                     | 114|   0|  131|         17|
    +--------------------------+----+----+-----+-----------+



================================================================
== Interface
================================================================
* Summary: 
+------------+-----+-----+------------+--------------------------------------------------------------------+--------------+
|  RTL Ports | Dir | Bits|  Protocol  |                            Source Object                           |    C Type    |
+------------+-----+-----+------------+--------------------------------------------------------------------+--------------+
|ap_clk      |   in|    1|  ap_ctrl_hs|  inference_Pipeline_VITIS_LOOP_97_1_VITIS_LOOP_98_2_VITIS_LOOP_99_3|  return value|
|ap_rst      |   in|    1|  ap_ctrl_hs|  inference_Pipeline_VITIS_LOOP_97_1_VITIS_LOOP_98_2_VITIS_LOOP_99_3|  return value|
|ap_start    |   in|    1|  ap_ctrl_hs|  inference_Pipeline_VITIS_LOOP_97_1_VITIS_LOOP_98_2_VITIS_LOOP_99_3|  return value|
|ap_done     |  out|    1|  ap_ctrl_hs|  inference_Pipeline_VITIS_LOOP_97_1_VITIS_LOOP_98_2_VITIS_LOOP_99_3|  return value|
|ap_idle     |  out|    1|  ap_ctrl_hs|  inference_Pipeline_VITIS_LOOP_97_1_VITIS_LOOP_98_2_VITIS_LOOP_99_3|  return value|
|ap_ready    |  out|    1|  ap_ctrl_hs|  inference_Pipeline_VITIS_LOOP_97_1_VITIS_LOOP_98_2_VITIS_LOOP_99_3|  return value|
|d_address0  |  out|   14|   ap_memory|                                                                   d|         array|
|d_ce0       |  out|    1|   ap_memory|                                                                   d|         array|
|d_we0       |  out|    2|   ap_memory|                                                                   d|         array|
|d_d0        |  out|   16|   ap_memory|                                                                   d|         array|
|d_q0        |   in|   16|   ap_memory|                                                                   d|         array|
+------------+-----+-----+------------+--------------------------------------------------------------------+--------------+

