

================================================================
== Vitis HLS Report for 'inference_Pipeline_loop_kw_1'
================================================================
* Date:           Tue Jun 30 22:18:42 2026

* Version:        2022.2 (Build 3670227 on Oct 13 2022)
* Project:        denoiser
* Solution:       solution1 (Vivado IP Flow Target)
* Product family: zynquplus
* Target device:  xck26-sfvc784-2LV-c


================================================================
== Performance Estimates
================================================================
+ Timing: 
    * Summary: 
    +--------+----------+----------+------------+
    |  Clock |  Target  | Estimated| Uncertainty|
    +--------+----------+----------+------------+
    |ap_clk  |  10.00 ns|  2.805 ns|     2.70 ns|
    +--------+----------+----------+------------+

+ Latency: 
    * Summary: 
    +---------+---------+-----------+----------+-----+-----+---------+
    |  Latency (cycles) |  Latency (absolute)  |  Interval | Pipeline|
    |   min   |   max   |    min    |    max   | min | max |   Type  |
    +---------+---------+-----------+----------+-----+-----+---------+
    |        8|       11|  80.000 ns|  0.110 us|    8|   11|       no|
    +---------+---------+-----------+----------+-----+-----+---------+

    + Detail: 
        * Instance: 
        N/A

        * Loop: 
        +-------------+---------+---------+----------+-----------+-----------+-------+----------+
        |             |  Latency (cycles) | Iteration|  Initiation Interval  |  Trip |          |
        |  Loop Name  |   min   |   max   |  Latency |  achieved |   target  | Count | Pipelined|
        +-------------+---------+---------+----------+-----------+-----------+-------+----------+
        |- loop_kw_1  |        6|        8|         6|          2|          1|  1 ~ 2|       yes|
        +-------------+---------+---------+----------+-----------+-----------+-------+----------+



================================================================
== Utilization Estimates
================================================================
* Summary: 
+-----------------+---------+------+--------+--------+-----+
|       Name      | BRAM_18K|  DSP |   FF   |   LUT  | URAM|
+-----------------+---------+------+--------+--------+-----+
|DSP              |        -|     2|       -|       -|    -|
|Expression       |        -|     -|       0|     196|    -|
|FIFO             |        -|     -|       -|       -|    -|
|Instance         |        -|     -|       -|       -|    -|
|Memory           |        0|     -|      10|       6|    -|
|Multiplexer      |        -|     -|       -|     127|    -|
|Register         |        -|     -|     221|      64|    -|
+-----------------+---------+------+--------+--------+-----+
|Total            |        0|     2|     231|     393|    0|
+-----------------+---------+------+--------+--------+-----+
|Available        |      288|  1248|  234240|  117120|   64|
+-----------------+---------+------+--------+--------+-----+
|Utilization (%)  |        0|    ~0|      ~0|      ~0|    0|
+-----------------+---------+------+--------+--------+-----+

+ Detail: 
    * Instance: 
    N/A

    * DSP: 
    +-----------------------------------+--------------------------------+--------------+
    |              Instance             |             Module             |  Expression  |
    +-----------------------------------+--------------------------------+--------------+
    |mac_muladd_10s_16s_26ns_26_4_1_U4  |mac_muladd_10s_16s_26ns_26_4_1  |  i0 + i1 * i2|
    |mac_muladd_10s_16s_26ns_26_4_1_U5  |mac_muladd_10s_16s_26ns_26_4_1  |  i0 + i1 * i2|
    +-----------------------------------+--------------------------------+--------------+

    * Memory: 
    +------------------+---------------------------------------------------------+---------+----+----+-----+------+-----+------+-------------+
    |      Memory      |                          Module                         | BRAM_18K| FF | LUT| URAM| Words| Bits| Banks| W*Bits*Banks|
    +------------------+---------------------------------------------------------+---------+----+----+-----+------+-----+------+-------------+
    |conv1_kernel_V_U  |inference_Pipeline_loop_kw_1_conv1_kernel_V_ROM_AUTO_1R  |        0|  10|   6|    0|    36|   10|     1|          360|
    +------------------+---------------------------------------------------------+---------+----+----+-----+------+-----+------+-------------+
    |Total             |                                                         |        0|  10|   6|    0|    36|   10|     1|          360|
    +------------------+---------------------------------------------------------+---------+----+----+-----+------+-----+------+-------------+

    * FIFO: 
    N/A

    * Expression: 
    +------------------------------+----------+----+---+----+------------+------------+
    |         Variable Name        | Operation| DSP| FF| LUT| Bitwidth P0| Bitwidth P1|
    +------------------------------+----------+----+---+----+------------+------------+
    |add_ln27_fu_329_p2            |         +|   0|  0|  10|           3|           2|
    |add_ln30_1_fu_233_p2          |         +|   0|  0|  13|           6|           6|
    |add_ln30_2_fu_299_p2          |         +|   0|  0|  13|           6|           6|
    |add_ln31_1_fu_252_p2          |         +|   0|  0|   9|           2|           2|
    |add_ln31_fu_262_p2            |         +|   0|  0|  13|           6|           6|
    |add_ln32_1_fu_308_p2          |         +|   0|  0|  17|          10|          10|
    |add_ln32_fu_242_p2            |         +|   0|  0|  17|          10|          10|
    |add_ln33_1_fu_324_p2          |         +|   0|  0|  13|           6|           6|
    |add_ln33_fu_273_p2            |         +|   0|  0|  13|           6|           6|
    |and_ln31_1_fu_360_p2          |       and|   0|  0|   2|           1|           1|
    |and_ln31_fu_340_p2            |       and|   0|  0|   2|           1|           1|
    |ap_predicate_tran6to8_state3  |       and|   0|  0|   2|           1|           1|
    |icmp_ln27_1_fu_293_p2         |      icmp|   0|  0|   8|           2|           2|
    |icmp_ln27_fu_219_p2           |      icmp|   0|  0|   8|           3|           2|
    |icmp_ln31_1_fu_318_p2         |      icmp|   0|  0|  10|           6|           5|
    |icmp_ln31_fu_267_p2           |      icmp|   0|  0|  10|           6|           5|
    |or_ln27_fu_283_p2             |        or|   0|  0|   2|           2|           1|
    |val_V_4_fu_364_p3             |    select|   0|  0|  16|           1|          16|
    |val_V_5_fu_344_p3             |    select|   0|  0|  16|           1|          16|
    |ap_enable_pp0                 |       xor|   0|  0|   2|           1|           2|
    +------------------------------+----------+----+---+----+------------+------------+
    |Total                         |          |   0|  0| 196|          80|         106|
    +------------------------------+----------+----+---+----+------------+------------+

    * Multiplexer: 
    +----------------------------------------+----+-----------+-----+-----------+
    |                  Name                  | LUT| Input Size| Bits| Total Bits|
    +----------------------------------------+----+-----------+-----+-----------+
    |ap_NS_fsm                               |  31|          6|    1|          6|
    |ap_enable_reg_pp0_iter2                 |   9|          2|    1|          2|
    |ap_phi_mux_UnifiedRetVal_phi_fu_190_p4  |   9|          2|    1|          2|
    |ap_return                               |   9|          2|    1|          2|
    |ap_sig_allocacmp_lhs_load               |   9|          2|   16|         32|
    |conv1_kernel_V_address0                 |  14|          3|    6|         18|
    |grp_load_fu_198_p1                      |  14|          3|   16|         48|
    |j_fu_86                                 |   9|          2|    3|          6|
    |lhs_fu_82                               |   9|          2|   16|         32|
    |s_V_13_out                              |  14|          3|   16|         48|
    +----------------------------------------+----+-----------+-----+-----------+
    |Total                                   | 127|         27|   77|        196|
    +----------------------------------------+----+-----------+-----+-----------+

    * Register: 
    +-------------------------+----+----+-----+-----------+
    |           Name          | FF | LUT| Bits| Const Bits|
    +-------------------------+----+----+-----+-----------+
    |UnifiedRetVal_reg_186    |   1|   0|    1|          0|
    |add_ln33_1_reg_516       |   6|   0|    6|          0|
    |ap_CS_fsm                |   5|   0|    5|          0|
    |ap_enable_reg_pp0_iter0  |   1|   0|    1|          0|
    |ap_enable_reg_pp0_iter1  |   1|   0|    1|          0|
    |ap_enable_reg_pp0_iter2  |   1|   0|    1|          0|
    |ap_exit_tran_regpp0      |   1|   0|    2|          1|
    |ap_return_preg           |   1|   0|    1|          0|
    |icmp_ln27_1_reg_502      |   1|   0|    1|          0|
    |icmp_ln27_reg_483        |   1|   0|    1|          0|
    |icmp_ln31_1_reg_511      |   1|   0|    1|          0|
    |icmp_ln31_reg_492        |   1|   0|    1|          0|
    |j_fu_86                  |   3|   0|    3|          0|
    |lhs_fu_82                |  16|   0|   16|          0|
    |lhs_load_reg_551         |  16|   0|   16|          0|
    |s_V_2_reg_561            |  16|   0|   16|          0|
    |val_V_4_reg_531          |  16|   0|   16|          0|
    |zext_ln21_cast_reg_478   |   5|   0|    6|          1|
    |icmp_ln27_1_reg_502      |  64|  32|    1|          0|
    |icmp_ln27_reg_483        |  64|  32|    1|          0|
    +-------------------------+----+----+-----+-----------+
    |Total                    | 221|  64|   97|          2|
    +-------------------------+----+----+-----+-----------+



================================================================
== Interface
================================================================
* Summary: 
+-------------------+-----+-----+------------+------------------------------+--------------+
|     RTL Ports     | Dir | Bits|  Protocol  |         Source Object        |    C Type    |
+-------------------+-----+-----+------------+------------------------------+--------------+
|ap_clk             |   in|    1|  ap_ctrl_hs|  inference_Pipeline_loop_kw_1|  return value|
|ap_rst             |   in|    1|  ap_ctrl_hs|  inference_Pipeline_loop_kw_1|  return value|
|ap_start           |   in|    1|  ap_ctrl_hs|  inference_Pipeline_loop_kw_1|  return value|
|ap_done            |  out|    1|  ap_ctrl_hs|  inference_Pipeline_loop_kw_1|  return value|
|ap_idle            |  out|    1|  ap_ctrl_hs|  inference_Pipeline_loop_kw_1|  return value|
|ap_ready           |  out|    1|  ap_ctrl_hs|  inference_Pipeline_loop_kw_1|  return value|
|ap_return          |  out|    1|  ap_ctrl_hs|  inference_Pipeline_loop_kw_1|  return value|
|s_V_1              |   in|   16|     ap_none|                         s_V_1|        scalar|
|add_ln30           |   in|    6|     ap_none|                      add_ln30|        scalar|
|sub_ln32           |   in|   10|     ap_none|                      sub_ln32|        scalar|
|input_r_address0   |  out|   10|   ap_memory|                       input_r|         array|
|input_r_ce0        |  out|    1|   ap_memory|                       input_r|         array|
|input_r_q0         |   in|   16|   ap_memory|                       input_r|         array|
|input_r_address1   |  out|   10|   ap_memory|                       input_r|         array|
|input_r_ce1        |  out|    1|   ap_memory|                       input_r|         array|
|input_r_q1         |   in|   16|   ap_memory|                       input_r|         array|
|brmerge_not        |   in|    1|     ap_none|                   brmerge_not|        scalar|
|empty              |   in|    6|     ap_none|                         empty|        scalar|
|zext_ln21          |   in|    5|     ap_none|                     zext_ln21|        scalar|
|s_V_13_out         |  out|   16|      ap_vld|                    s_V_13_out|       pointer|
|s_V_13_out_ap_vld  |  out|    1|      ap_vld|                    s_V_13_out|       pointer|
|s_V_14_out         |  out|   16|      ap_vld|                    s_V_14_out|       pointer|
|s_V_14_out_ap_vld  |  out|    1|      ap_vld|                    s_V_14_out|       pointer|
+-------------------+-----+-----+------------+------------------------------+--------------+

