
*** Running vivado
    with args -log design_1_wrapper.vds -m64 -product Vivado -mode batch -messageDb vivado.pb -notrace -source design_1_wrapper.tcl



****** Vivado v2022.2 (64-bit)
  **** SW Build 3671981 on Fri Oct 14 05:00:03 MDT 2022
  **** IP Build 3669848 on Fri Oct 14 08:30:02 MDT 2022
    ** Copyright 1986-2022 Xilinx, Inc. All Rights Reserved.

source design_1_wrapper.tcl -notrace
create_project: Time (s): cpu = 00:00:05 ; elapsed = 00:00:06 . Memory (MB): peak = 399.160 ; gain = 74.773
INFO: [IP_Flow 19-234] Refreshing IP repositories
INFO: [IP_Flow 19-1700] Loaded user IP repository 'c:/Nam_3_HK2_2025_2026/Do_an_1/c_inter_to_hls/denoiser/solution1/impl/ip'.
INFO: [IP_Flow 19-2313] Loaded Vivado IP repository 'C:/Xilinx/Vivado/2022.2/data/ip'.
Command: synth_design -top design_1_wrapper -part xck26-sfvc784-2LV-c
Starting synth_design
Attempting to get a license for feature 'Synthesis' and/or device 'xck26'
INFO: [Common 17-349] Got license for feature 'Synthesis' and/or device 'xck26'
INFO: [Device 21-403] Loading part xck26-sfvc784-2LV-c
INFO: [Synth 8-7079] Multithreading enabled for synth_design using a maximum of 2 processes.
INFO: [Synth 8-7078] Launching helper process for spawning children vivado processes
INFO: [Synth 8-7075] Helper process launched with PID 16976
INFO: [Synth 8-11241] undeclared symbol 'REGCCE', assumed default net type 'wire' [C:/Xilinx/Vivado/2022.2/data/verilog/src/unimacro/BRAM_SINGLE_MACRO.v:2170]
---------------------------------------------------------------------------------
Starting RTL Elaboration : Time (s): cpu = 00:00:06 ; elapsed = 00:00:07 . Memory (MB): peak = 1804.309 ; gain = 332.363
---------------------------------------------------------------------------------
INFO: [Synth 8-6157] synthesizing module 'design_1_wrapper' [C:/Nam_3_HK2_2025_2026/Do_an_1/autoencoder/denoiser/denoiser.gen/sources_1/bd/design_1/hdl/design_1_wrapper.v:12]
INFO: [Synth 8-6157] synthesizing module 'design_1' [c:/Nam_3_HK2_2025_2026/Do_an_1/autoencoder/denoiser/denoiser.gen/sources_1/bd/design_1/synth/design_1.v:12]
INFO: [Synth 8-6157] synthesizing module 'design_1_denoiser_top_0_0' [C:/Nam_3_HK2_2025_2026/Do_an_1/autoencoder/denoiser/denoiser.runs/synth_1/.Xil/Vivado-1592-MSI/realtime/design_1_denoiser_top_0_0_stub.v:5]
INFO: [Synth 8-6155] done synthesizing module 'design_1_denoiser_top_0_0' (0#1) [C:/Nam_3_HK2_2025_2026/Do_an_1/autoencoder/denoiser/denoiser.runs/synth_1/.Xil/Vivado-1592-MSI/realtime/design_1_denoiser_top_0_0_stub.v:5]
WARNING: [Synth 8-7071] port 'interrupt' of module 'design_1_denoiser_top_0_0' is unconnected for instance 'denoiser_top_0' [c:/Nam_3_HK2_2025_2026/Do_an_1/autoencoder/denoiser/denoiser.gen/sources_1/bd/design_1/synth/design_1.v:244]
WARNING: [Synth 8-7071] port 'm_axi_gmem0_AWID' of module 'design_1_denoiser_top_0_0' is unconnected for instance 'denoiser_top_0' [c:/Nam_3_HK2_2025_2026/Do_an_1/autoencoder/denoiser/denoiser.gen/sources_1/bd/design_1/synth/design_1.v:244]
WARNING: [Synth 8-7071] port 'm_axi_gmem0_AWADDR' of module 'design_1_denoiser_top_0_0' is unconnected for instance 'denoiser_top_0' [c:/Nam_3_HK2_2025_2026/Do_an_1/autoencoder/denoiser/denoiser.gen/sources_1/bd/design_1/synth/design_1.v:244]
WARNING: [Synth 8-7071] port 'm_axi_gmem0_AWLEN' of module 'design_1_denoiser_top_0_0' is unconnected for instance 'denoiser_top_0' [c:/Nam_3_HK2_2025_2026/Do_an_1/autoencoder/denoiser/denoiser.gen/sources_1/bd/design_1/synth/design_1.v:244]
WARNING: [Synth 8-7071] port 'm_axi_gmem0_AWSIZE' of module 'design_1_denoiser_top_0_0' is unconnected for instance 'denoiser_top_0' [c:/Nam_3_HK2_2025_2026/Do_an_1/autoencoder/denoiser/denoiser.gen/sources_1/bd/design_1/synth/design_1.v:244]
WARNING: [Synth 8-7071] port 'm_axi_gmem0_AWBURST' of module 'design_1_denoiser_top_0_0' is unconnected for instance 'denoiser_top_0' [c:/Nam_3_HK2_2025_2026/Do_an_1/autoencoder/denoiser/denoiser.gen/sources_1/bd/design_1/synth/design_1.v:244]
WARNING: [Synth 8-7071] port 'm_axi_gmem0_AWLOCK' of module 'design_1_denoiser_top_0_0' is unconnected for instance 'denoiser_top_0' [c:/Nam_3_HK2_2025_2026/Do_an_1/autoencoder/denoiser/denoiser.gen/sources_1/bd/design_1/synth/design_1.v:244]
WARNING: [Synth 8-7071] port 'm_axi_gmem0_AWREGION' of module 'design_1_denoiser_top_0_0' is unconnected for instance 'denoiser_top_0' [c:/Nam_3_HK2_2025_2026/Do_an_1/autoencoder/denoiser/denoiser.gen/sources_1/bd/design_1/synth/design_1.v:244]
WARNING: [Synth 8-7071] port 'm_axi_gmem0_AWCACHE' of module 'design_1_denoiser_top_0_0' is unconnected for instance 'denoiser_top_0' [c:/Nam_3_HK2_2025_2026/Do_an_1/autoencoder/denoiser/denoiser.gen/sources_1/bd/design_1/synth/design_1.v:244]
WARNING: [Synth 8-7071] port 'm_axi_gmem0_AWPROT' of module 'design_1_denoiser_top_0_0' is unconnected for instance 'denoiser_top_0' [c:/Nam_3_HK2_2025_2026/Do_an_1/autoencoder/denoiser/denoiser.gen/sources_1/bd/design_1/synth/design_1.v:244]
WARNING: [Synth 8-7071] port 'm_axi_gmem0_AWQOS' of module 'design_1_denoiser_top_0_0' is unconnected for instance 'denoiser_top_0' [c:/Nam_3_HK2_2025_2026/Do_an_1/autoencoder/denoiser/denoiser.gen/sources_1/bd/design_1/synth/design_1.v:244]
WARNING: [Synth 8-7071] port 'm_axi_gmem0_AWVALID' of module 'design_1_denoiser_top_0_0' is unconnected for instance 'denoiser_top_0' [c:/Nam_3_HK2_2025_2026/Do_an_1/autoencoder/denoiser/denoiser.gen/sources_1/bd/design_1/synth/design_1.v:244]
WARNING: [Synth 8-7071] port 'm_axi_gmem0_WID' of module 'design_1_denoiser_top_0_0' is unconnected for instance 'denoiser_top_0' [c:/Nam_3_HK2_2025_2026/Do_an_1/autoencoder/denoiser/denoiser.gen/sources_1/bd/design_1/synth/design_1.v:244]
WARNING: [Synth 8-7071] port 'm_axi_gmem0_WDATA' of module 'design_1_denoiser_top_0_0' is unconnected for instance 'denoiser_top_0' [c:/Nam_3_HK2_2025_2026/Do_an_1/autoencoder/denoiser/denoiser.gen/sources_1/bd/design_1/synth/design_1.v:244]
WARNING: [Synth 8-7071] port 'm_axi_gmem0_WSTRB' of module 'design_1_denoiser_top_0_0' is unconnected for instance 'denoiser_top_0' [c:/Nam_3_HK2_2025_2026/Do_an_1/autoencoder/denoiser/denoiser.gen/sources_1/bd/design_1/synth/design_1.v:244]
WARNING: [Synth 8-7071] port 'm_axi_gmem0_WLAST' of module 'design_1_denoiser_top_0_0' is unconnected for instance 'denoiser_top_0' [c:/Nam_3_HK2_2025_2026/Do_an_1/autoencoder/denoiser/denoiser.gen/sources_1/bd/design_1/synth/design_1.v:244]
WARNING: [Synth 8-7071] port 'm_axi_gmem0_WVALID' of module 'design_1_denoiser_top_0_0' is unconnected for instance 'denoiser_top_0' [c:/Nam_3_HK2_2025_2026/Do_an_1/autoencoder/denoiser/denoiser.gen/sources_1/bd/design_1/synth/design_1.v:244]
WARNING: [Synth 8-7071] port 'm_axi_gmem0_BREADY' of module 'design_1_denoiser_top_0_0' is unconnected for instance 'denoiser_top_0' [c:/Nam_3_HK2_2025_2026/Do_an_1/autoencoder/denoiser/denoiser.gen/sources_1/bd/design_1/synth/design_1.v:244]
WARNING: [Synth 8-7071] port 'm_axi_gmem1_WID' of module 'design_1_denoiser_top_0_0' is unconnected for instance 'denoiser_top_0' [c:/Nam_3_HK2_2025_2026/Do_an_1/autoencoder/denoiser/denoiser.gen/sources_1/bd/design_1/synth/design_1.v:244]
WARNING: [Synth 8-7071] port 'm_axi_gmem1_ARID' of module 'design_1_denoiser_top_0_0' is unconnected for instance 'denoiser_top_0' [c:/Nam_3_HK2_2025_2026/Do_an_1/autoencoder/denoiser/denoiser.gen/sources_1/bd/design_1/synth/design_1.v:244]
WARNING: [Synth 8-7071] port 'm_axi_gmem1_ARADDR' of module 'design_1_denoiser_top_0_0' is unconnected for instance 'denoiser_top_0' [c:/Nam_3_HK2_2025_2026/Do_an_1/autoencoder/denoiser/denoiser.gen/sources_1/bd/design_1/synth/design_1.v:244]
WARNING: [Synth 8-7071] port 'm_axi_gmem1_ARLEN' of module 'design_1_denoiser_top_0_0' is unconnected for instance 'denoiser_top_0' [c:/Nam_3_HK2_2025_2026/Do_an_1/autoencoder/denoiser/denoiser.gen/sources_1/bd/design_1/synth/design_1.v:244]
WARNING: [Synth 8-7071] port 'm_axi_gmem1_ARSIZE' of module 'design_1_denoiser_top_0_0' is unconnected for instance 'denoiser_top_0' [c:/Nam_3_HK2_2025_2026/Do_an_1/autoencoder/denoiser/denoiser.gen/sources_1/bd/design_1/synth/design_1.v:244]
WARNING: [Synth 8-7071] port 'm_axi_gmem1_ARBURST' of module 'design_1_denoiser_top_0_0' is unconnected for instance 'denoiser_top_0' [c:/Nam_3_HK2_2025_2026/Do_an_1/autoencoder/denoiser/denoiser.gen/sources_1/bd/design_1/synth/design_1.v:244]
WARNING: [Synth 8-7071] port 'm_axi_gmem1_ARLOCK' of module 'design_1_denoiser_top_0_0' is unconnected for instance 'denoiser_top_0' [c:/Nam_3_HK2_2025_2026/Do_an_1/autoencoder/denoiser/denoiser.gen/sources_1/bd/design_1/synth/design_1.v:244]
WARNING: [Synth 8-7071] port 'm_axi_gmem1_ARREGION' of module 'design_1_denoiser_top_0_0' is unconnected for instance 'denoiser_top_0' [c:/Nam_3_HK2_2025_2026/Do_an_1/autoencoder/denoiser/denoiser.gen/sources_1/bd/design_1/synth/design_1.v:244]
WARNING: [Synth 8-7071] port 'm_axi_gmem1_ARCACHE' of module 'design_1_denoiser_top_0_0' is unconnected for instance 'denoiser_top_0' [c:/Nam_3_HK2_2025_2026/Do_an_1/autoencoder/denoiser/denoiser.gen/sources_1/bd/design_1/synth/design_1.v:244]
WARNING: [Synth 8-7071] port 'm_axi_gmem1_ARPROT' of module 'design_1_denoiser_top_0_0' is unconnected for instance 'denoiser_top_0' [c:/Nam_3_HK2_2025_2026/Do_an_1/autoencoder/denoiser/denoiser.gen/sources_1/bd/design_1/synth/design_1.v:244]
WARNING: [Synth 8-7071] port 'm_axi_gmem1_ARQOS' of module 'design_1_denoiser_top_0_0' is unconnected for instance 'denoiser_top_0' [c:/Nam_3_HK2_2025_2026/Do_an_1/autoencoder/denoiser/denoiser.gen/sources_1/bd/design_1/synth/design_1.v:244]
WARNING: [Synth 8-7071] port 'm_axi_gmem1_ARVALID' of module 'design_1_denoiser_top_0_0' is unconnected for instance 'denoiser_top_0' [c:/Nam_3_HK2_2025_2026/Do_an_1/autoencoder/denoiser/denoiser.gen/sources_1/bd/design_1/synth/design_1.v:244]
WARNING: [Synth 8-7071] port 'm_axi_gmem1_RREADY' of module 'design_1_denoiser_top_0_0' is unconnected for instance 'denoiser_top_0' [c:/Nam_3_HK2_2025_2026/Do_an_1/autoencoder/denoiser/denoiser.gen/sources_1/bd/design_1/synth/design_1.v:244]
WARNING: [Synth 8-7023] instance 'denoiser_top_0' of module 'design_1_denoiser_top_0_0' has 100 connections declared, but only 69 given [c:/Nam_3_HK2_2025_2026/Do_an_1/autoencoder/denoiser/denoiser.gen/sources_1/bd/design_1/synth/design_1.v:244]
INFO: [Synth 8-6157] synthesizing module 'design_1_blk_mem_gen_0_0' [C:/Nam_3_HK2_2025_2026/Do_an_1/autoencoder/denoiser/denoiser.runs/synth_1/.Xil/Vivado-1592-MSI/realtime/design_1_blk_mem_gen_0_0_stub.v:5]
INFO: [Synth 8-6155] done synthesizing module 'design_1_blk_mem_gen_0_0' (0#1) [C:/Nam_3_HK2_2025_2026/Do_an_1/autoencoder/denoiser/denoiser.runs/synth_1/.Xil/Vivado-1592-MSI/realtime/design_1_blk_mem_gen_0_0_stub.v:5]
WARNING: [Synth 8-7071] port 'rsta_busy' of module 'design_1_blk_mem_gen_0_0' is unconnected for instance 'inmodel_bram' [c:/Nam_3_HK2_2025_2026/Do_an_1/autoencoder/denoiser/denoiser.gen/sources_1/bd/design_1/synth/design_1.v:314]
WARNING: [Synth 8-7071] port 'rstb_busy' of module 'design_1_blk_mem_gen_0_0' is unconnected for instance 'inmodel_bram' [c:/Nam_3_HK2_2025_2026/Do_an_1/autoencoder/denoiser/denoiser.gen/sources_1/bd/design_1/synth/design_1.v:314]
WARNING: [Synth 8-7023] instance 'inmodel_bram' of module 'design_1_blk_mem_gen_0_0' has 16 connections declared, but only 14 given [c:/Nam_3_HK2_2025_2026/Do_an_1/autoencoder/denoiser/denoiser.gen/sources_1/bd/design_1/synth/design_1.v:314]
INFO: [Synth 8-6157] synthesizing module 'design_1_axi_bram_ctrl_0_0' [C:/Nam_3_HK2_2025_2026/Do_an_1/autoencoder/denoiser/denoiser.runs/synth_1/.Xil/Vivado-1592-MSI/realtime/design_1_axi_bram_ctrl_0_0_stub.v:5]
INFO: [Synth 8-6155] done synthesizing module 'design_1_axi_bram_ctrl_0_0' (0#1) [C:/Nam_3_HK2_2025_2026/Do_an_1/autoencoder/denoiser/denoiser.runs/synth_1/.Xil/Vivado-1592-MSI/realtime/design_1_axi_bram_ctrl_0_0_stub.v:5]
INFO: [Synth 8-6157] synthesizing module 'design_1_ps8_0_axi_periph_0' [c:/Nam_3_HK2_2025_2026/Do_an_1/autoencoder/denoiser/denoiser.gen/sources_1/bd/design_1/synth/design_1.v:746]
INFO: [Synth 8-6157] synthesizing module 'm00_couplers_imp_QJIMLI' [c:/Nam_3_HK2_2025_2026/Do_an_1/autoencoder/denoiser/denoiser.gen/sources_1/bd/design_1/synth/design_1.v:2350]
INFO: [Synth 8-6157] synthesizing module 'design_1_auto_ds_0' [C:/Nam_3_HK2_2025_2026/Do_an_1/autoencoder/denoiser/denoiser.runs/synth_1/.Xil/Vivado-1592-MSI/realtime/design_1_auto_ds_0_stub.v:5]
INFO: [Synth 8-6155] done synthesizing module 'design_1_auto_ds_0' (0#1) [C:/Nam_3_HK2_2025_2026/Do_an_1/autoencoder/denoiser/denoiser.runs/synth_1/.Xil/Vivado-1592-MSI/realtime/design_1_auto_ds_0_stub.v:5]
INFO: [Synth 8-6157] synthesizing module 'design_1_auto_pc_0' [C:/Nam_3_HK2_2025_2026/Do_an_1/autoencoder/denoiser/denoiser.runs/synth_1/.Xil/Vivado-1592-MSI/realtime/design_1_auto_pc_0_stub.v:5]
INFO: [Synth 8-6155] done synthesizing module 'design_1_auto_pc_0' (0#1) [C:/Nam_3_HK2_2025_2026/Do_an_1/autoencoder/denoiser/denoiser.runs/synth_1/.Xil/Vivado-1592-MSI/realtime/design_1_auto_pc_0_stub.v:5]
WARNING: [Synth 8-7071] port 'm_axi_awprot' of module 'design_1_auto_pc_0' is unconnected for instance 'auto_pc' [c:/Nam_3_HK2_2025_2026/Do_an_1/autoencoder/denoiser/denoiser.gen/sources_1/bd/design_1/synth/design_1.v:2701]
WARNING: [Synth 8-7071] port 'm_axi_arprot' of module 'design_1_auto_pc_0' is unconnected for instance 'auto_pc' [c:/Nam_3_HK2_2025_2026/Do_an_1/autoencoder/denoiser/denoiser.gen/sources_1/bd/design_1/synth/design_1.v:2701]
WARNING: [Synth 8-7023] instance 'auto_pc' of module 'design_1_auto_pc_0' has 56 connections declared, but only 54 given [c:/Nam_3_HK2_2025_2026/Do_an_1/autoencoder/denoiser/denoiser.gen/sources_1/bd/design_1/synth/design_1.v:2701]
INFO: [Synth 8-6155] done synthesizing module 'm00_couplers_imp_QJIMLI' (0#1) [c:/Nam_3_HK2_2025_2026/Do_an_1/autoencoder/denoiser/denoiser.gen/sources_1/bd/design_1/synth/design_1.v:2350]
INFO: [Synth 8-6157] synthesizing module 'm01_couplers_imp_1D3SAH3' [c:/Nam_3_HK2_2025_2026/Do_an_1/autoencoder/denoiser/denoiser.gen/sources_1/bd/design_1/synth/design_1.v:2758]
INFO: [Synth 8-6157] synthesizing module 'design_1_auto_ds_1' [C:/Nam_3_HK2_2025_2026/Do_an_1/autoencoder/denoiser/denoiser.runs/synth_1/.Xil/Vivado-1592-MSI/realtime/design_1_auto_ds_1_stub.v:5]
INFO: [Synth 8-6155] done synthesizing module 'design_1_auto_ds_1' (0#1) [C:/Nam_3_HK2_2025_2026/Do_an_1/autoencoder/denoiser/denoiser.runs/synth_1/.Xil/Vivado-1592-MSI/realtime/design_1_auto_ds_1_stub.v:5]
WARNING: [Synth 8-7071] port 'm_axi_awregion' of module 'design_1_auto_ds_1' is unconnected for instance 'auto_ds' [c:/Nam_3_HK2_2025_2026/Do_an_1/autoencoder/denoiser/denoiser.gen/sources_1/bd/design_1/synth/design_1.v:3053]
WARNING: [Synth 8-7071] port 'm_axi_awqos' of module 'design_1_auto_ds_1' is unconnected for instance 'auto_ds' [c:/Nam_3_HK2_2025_2026/Do_an_1/autoencoder/denoiser/denoiser.gen/sources_1/bd/design_1/synth/design_1.v:3053]
WARNING: [Synth 8-7071] port 'm_axi_arregion' of module 'design_1_auto_ds_1' is unconnected for instance 'auto_ds' [c:/Nam_3_HK2_2025_2026/Do_an_1/autoencoder/denoiser/denoiser.gen/sources_1/bd/design_1/synth/design_1.v:3053]
WARNING: [Synth 8-7071] port 'm_axi_arqos' of module 'design_1_auto_ds_1' is unconnected for instance 'auto_ds' [c:/Nam_3_HK2_2025_2026/Do_an_1/autoencoder/denoiser/denoiser.gen/sources_1/bd/design_1/synth/design_1.v:3053]
WARNING: [Synth 8-7023] instance 'auto_ds' of module 'design_1_auto_ds_1' has 76 connections declared, but only 72 given [c:/Nam_3_HK2_2025_2026/Do_an_1/autoencoder/denoiser/denoiser.gen/sources_1/bd/design_1/synth/design_1.v:3053]
INFO: [Synth 8-6155] done synthesizing module 'm01_couplers_imp_1D3SAH3' (0#1) [c:/Nam_3_HK2_2025_2026/Do_an_1/autoencoder/denoiser/denoiser.gen/sources_1/bd/design_1/synth/design_1.v:2758]
INFO: [Synth 8-6157] synthesizing module 'm02_couplers_imp_P3UMW5' [c:/Nam_3_HK2_2025_2026/Do_an_1/autoencoder/denoiser/denoiser.gen/sources_1/bd/design_1/synth/design_1.v:3128]
INFO: [Synth 8-6157] synthesizing module 'design_1_auto_ds_2' [C:/Nam_3_HK2_2025_2026/Do_an_1/autoencoder/denoiser/denoiser.runs/synth_1/.Xil/Vivado-1592-MSI/realtime/design_1_auto_ds_2_stub.v:5]
INFO: [Synth 8-6155] done synthesizing module 'design_1_auto_ds_2' (0#1) [C:/Nam_3_HK2_2025_2026/Do_an_1/autoencoder/denoiser/denoiser.runs/synth_1/.Xil/Vivado-1592-MSI/realtime/design_1_auto_ds_2_stub.v:5]
WARNING: [Synth 8-7071] port 'm_axi_awregion' of module 'design_1_auto_ds_2' is unconnected for instance 'auto_ds' [c:/Nam_3_HK2_2025_2026/Do_an_1/autoencoder/denoiser/denoiser.gen/sources_1/bd/design_1/synth/design_1.v:3423]
WARNING: [Synth 8-7071] port 'm_axi_awqos' of module 'design_1_auto_ds_2' is unconnected for instance 'auto_ds' [c:/Nam_3_HK2_2025_2026/Do_an_1/autoencoder/denoiser/denoiser.gen/sources_1/bd/design_1/synth/design_1.v:3423]
WARNING: [Synth 8-7071] port 'm_axi_arregion' of module 'design_1_auto_ds_2' is unconnected for instance 'auto_ds' [c:/Nam_3_HK2_2025_2026/Do_an_1/autoencoder/denoiser/denoiser.gen/sources_1/bd/design_1/synth/design_1.v:3423]
WARNING: [Synth 8-7071] port 'm_axi_arqos' of module 'design_1_auto_ds_2' is unconnected for instance 'auto_ds' [c:/Nam_3_HK2_2025_2026/Do_an_1/autoencoder/denoiser/denoiser.gen/sources_1/bd/design_1/synth/design_1.v:3423]
WARNING: [Synth 8-7023] instance 'auto_ds' of module 'design_1_auto_ds_2' has 76 connections declared, but only 72 given [c:/Nam_3_HK2_2025_2026/Do_an_1/autoencoder/denoiser/denoiser.gen/sources_1/bd/design_1/synth/design_1.v:3423]
INFO: [Synth 8-6155] done synthesizing module 'm02_couplers_imp_P3UMW5' (0#1) [c:/Nam_3_HK2_2025_2026/Do_an_1/autoencoder/denoiser/denoiser.gen/sources_1/bd/design_1/synth/design_1.v:3128]
INFO: [Synth 8-6157] synthesizing module 's00_couplers_imp_1A7ZMW4' [c:/Nam_3_HK2_2025_2026/Do_an_1/autoencoder/denoiser/denoiser.gen/sources_1/bd/design_1/synth/design_1.v:3498]
INFO: [Synth 8-6155] done synthesizing module 's00_couplers_imp_1A7ZMW4' (0#1) [c:/Nam_3_HK2_2025_2026/Do_an_1/autoencoder/denoiser/denoiser.gen/sources_1/bd/design_1/synth/design_1.v:3498]
INFO: [Synth 8-6157] synthesizing module 's01_couplers_imp_KGUFR9' [c:/Nam_3_HK2_2025_2026/Do_an_1/autoencoder/denoiser/denoiser.gen/sources_1/bd/design_1/synth/design_1.v:3784]
INFO: [Synth 8-6157] synthesizing module 'design_1_auto_us_0' [C:/Nam_3_HK2_2025_2026/Do_an_1/autoencoder/denoiser/denoiser.runs/synth_1/.Xil/Vivado-1592-MSI/realtime/design_1_auto_us_0_stub.v:5]
INFO: [Synth 8-6155] done synthesizing module 'design_1_auto_us_0' (0#1) [C:/Nam_3_HK2_2025_2026/Do_an_1/autoencoder/denoiser/denoiser.runs/synth_1/.Xil/Vivado-1592-MSI/realtime/design_1_auto_us_0_stub.v:5]
WARNING: [Synth 8-7071] port 'm_axi_arregion' of module 'design_1_auto_us_0' is unconnected for instance 'auto_us' [c:/Nam_3_HK2_2025_2026/Do_an_1/autoencoder/denoiser/denoiser.gen/sources_1/bd/design_1/synth/design_1.v:3931]
WARNING: [Synth 8-7023] instance 'auto_us' of module 'design_1_auto_us_0' has 36 connections declared, but only 35 given [c:/Nam_3_HK2_2025_2026/Do_an_1/autoencoder/denoiser/denoiser.gen/sources_1/bd/design_1/synth/design_1.v:3931]
INFO: [Synth 8-6155] done synthesizing module 's01_couplers_imp_KGUFR9' (0#1) [c:/Nam_3_HK2_2025_2026/Do_an_1/autoencoder/denoiser/denoiser.gen/sources_1/bd/design_1/synth/design_1.v:3784]
INFO: [Synth 8-6157] synthesizing module 's02_couplers_imp_19AQZVR' [c:/Nam_3_HK2_2025_2026/Do_an_1/autoencoder/denoiser/denoiser.gen/sources_1/bd/design_1/synth/design_1.v:3969]
INFO: [Synth 8-6157] synthesizing module 'design_1_auto_us_1' [C:/Nam_3_HK2_2025_2026/Do_an_1/autoencoder/denoiser/denoiser.runs/synth_1/.Xil/Vivado-1592-MSI/realtime/design_1_auto_us_1_stub.v:5]
INFO: [Synth 8-6155] done synthesizing module 'design_1_auto_us_1' (0#1) [C:/Nam_3_HK2_2025_2026/Do_an_1/autoencoder/denoiser/denoiser.runs/synth_1/.Xil/Vivado-1592-MSI/realtime/design_1_auto_us_1_stub.v:5]
WARNING: [Synth 8-7071] port 'm_axi_awregion' of module 'design_1_auto_us_1' is unconnected for instance 'auto_us' [c:/Nam_3_HK2_2025_2026/Do_an_1/autoencoder/denoiser/denoiser.gen/sources_1/bd/design_1/synth/design_1.v:4140]
WARNING: [Synth 8-7023] instance 'auto_us' of module 'design_1_auto_us_1' has 42 connections declared, but only 41 given [c:/Nam_3_HK2_2025_2026/Do_an_1/autoencoder/denoiser/denoiser.gen/sources_1/bd/design_1/synth/design_1.v:4140]
INFO: [Synth 8-6155] done synthesizing module 's02_couplers_imp_19AQZVR' (0#1) [c:/Nam_3_HK2_2025_2026/Do_an_1/autoencoder/denoiser/denoiser.gen/sources_1/bd/design_1/synth/design_1.v:3969]
INFO: [Synth 8-6157] synthesizing module 's03_couplers_imp_L3SUKM' [c:/Nam_3_HK2_2025_2026/Do_an_1/autoencoder/denoiser/denoiser.gen/sources_1/bd/design_1/synth/design_1.v:4184]
INFO: [Synth 8-6155] done synthesizing module 's03_couplers_imp_L3SUKM' (0#1) [c:/Nam_3_HK2_2025_2026/Do_an_1/autoencoder/denoiser/denoiser.gen/sources_1/bd/design_1/synth/design_1.v:4184]
INFO: [Synth 8-6157] synthesizing module 'design_1_xbar_0' [C:/Nam_3_HK2_2025_2026/Do_an_1/autoencoder/denoiser/denoiser.runs/synth_1/.Xil/Vivado-1592-MSI/realtime/design_1_xbar_0_stub.v:5]
INFO: [Synth 8-6155] done synthesizing module 'design_1_xbar_0' (0#1) [C:/Nam_3_HK2_2025_2026/Do_an_1/autoencoder/denoiser/denoiser.runs/synth_1/.Xil/Vivado-1592-MSI/realtime/design_1_xbar_0_stub.v:5]
WARNING: [Synth 8-7071] port 'm_axi_awuser' of module 'design_1_xbar_0' is unconnected for instance 'xbar' [c:/Nam_3_HK2_2025_2026/Do_an_1/autoencoder/denoiser/denoiser.gen/sources_1/bd/design_1/synth/design_1.v:2267]
WARNING: [Synth 8-7071] port 'm_axi_aruser' of module 'design_1_xbar_0' is unconnected for instance 'xbar' [c:/Nam_3_HK2_2025_2026/Do_an_1/autoencoder/denoiser/denoiser.gen/sources_1/bd/design_1/synth/design_1.v:2267]
WARNING: [Synth 8-7023] instance 'xbar' of module 'design_1_xbar_0' has 82 connections declared, but only 80 given [c:/Nam_3_HK2_2025_2026/Do_an_1/autoencoder/denoiser/denoiser.gen/sources_1/bd/design_1/synth/design_1.v:2267]
INFO: [Synth 8-6155] done synthesizing module 'design_1_ps8_0_axi_periph_0' (0#1) [c:/Nam_3_HK2_2025_2026/Do_an_1/autoencoder/denoiser/denoiser.gen/sources_1/bd/design_1/synth/design_1.v:746]
INFO: [Synth 8-6157] synthesizing module 'design_1_rst_ps8_0_99M_0' [C:/Nam_3_HK2_2025_2026/Do_an_1/autoencoder/denoiser/denoiser.runs/synth_1/.Xil/Vivado-1592-MSI/realtime/design_1_rst_ps8_0_99M_0_stub.v:5]
INFO: [Synth 8-6155] done synthesizing module 'design_1_rst_ps8_0_99M_0' (0#1) [C:/Nam_3_HK2_2025_2026/Do_an_1/autoencoder/denoiser/denoiser.runs/synth_1/.Xil/Vivado-1592-MSI/realtime/design_1_rst_ps8_0_99M_0_stub.v:5]
WARNING: [Synth 8-7071] port 'mb_reset' of module 'design_1_rst_ps8_0_99M_0' is unconnected for instance 'rst_ps8_0_99M' [c:/Nam_3_HK2_2025_2026/Do_an_1/autoencoder/denoiser/denoiser.gen/sources_1/bd/design_1/synth/design_1.v:590]
WARNING: [Synth 8-7071] port 'bus_struct_reset' of module 'design_1_rst_ps8_0_99M_0' is unconnected for instance 'rst_ps8_0_99M' [c:/Nam_3_HK2_2025_2026/Do_an_1/autoencoder/denoiser/denoiser.gen/sources_1/bd/design_1/synth/design_1.v:590]
WARNING: [Synth 8-7071] port 'peripheral_reset' of module 'design_1_rst_ps8_0_99M_0' is unconnected for instance 'rst_ps8_0_99M' [c:/Nam_3_HK2_2025_2026/Do_an_1/autoencoder/denoiser/denoiser.gen/sources_1/bd/design_1/synth/design_1.v:590]
WARNING: [Synth 8-7071] port 'interconnect_aresetn' of module 'design_1_rst_ps8_0_99M_0' is unconnected for instance 'rst_ps8_0_99M' [c:/Nam_3_HK2_2025_2026/Do_an_1/autoencoder/denoiser/denoiser.gen/sources_1/bd/design_1/synth/design_1.v:590]
WARNING: [Synth 8-7023] instance 'rst_ps8_0_99M' of module 'design_1_rst_ps8_0_99M_0' has 10 connections declared, but only 6 given [c:/Nam_3_HK2_2025_2026/Do_an_1/autoencoder/denoiser/denoiser.gen/sources_1/bd/design_1/synth/design_1.v:590]
INFO: [Synth 8-6157] synthesizing module 'design_1_blk_mem_gen_0_1' [C:/Nam_3_HK2_2025_2026/Do_an_1/autoencoder/denoiser/denoiser.runs/synth_1/.Xil/Vivado-1592-MSI/realtime/design_1_blk_mem_gen_0_1_stub.v:5]
INFO: [Synth 8-6155] done synthesizing module 'design_1_blk_mem_gen_0_1' (0#1) [C:/Nam_3_HK2_2025_2026/Do_an_1/autoencoder/denoiser/denoiser.runs/synth_1/.Xil/Vivado-1592-MSI/realtime/design_1_blk_mem_gen_0_1_stub.v:5]
WARNING: [Synth 8-7071] port 'rsta_busy' of module 'design_1_blk_mem_gen_0_1' is unconnected for instance 'weights_bram' [c:/Nam_3_HK2_2025_2026/Do_an_1/autoencoder/denoiser/denoiser.gen/sources_1/bd/design_1/synth/design_1.v:597]
WARNING: [Synth 8-7071] port 'rstb_busy' of module 'design_1_blk_mem_gen_0_1' is unconnected for instance 'weights_bram' [c:/Nam_3_HK2_2025_2026/Do_an_1/autoencoder/denoiser/denoiser.gen/sources_1/bd/design_1/synth/design_1.v:597]
WARNING: [Synth 8-7023] instance 'weights_bram' of module 'design_1_blk_mem_gen_0_1' has 16 connections declared, but only 14 given [c:/Nam_3_HK2_2025_2026/Do_an_1/autoencoder/denoiser/denoiser.gen/sources_1/bd/design_1/synth/design_1.v:597]
INFO: [Synth 8-6157] synthesizing module 'design_1_axi_bram_ctrl_0_1' [C:/Nam_3_HK2_2025_2026/Do_an_1/autoencoder/denoiser/denoiser.runs/synth_1/.Xil/Vivado-1592-MSI/realtime/design_1_axi_bram_ctrl_0_1_stub.v:5]
INFO: [Synth 8-6155] done synthesizing module 'design_1_axi_bram_ctrl_0_1' (0#1) [C:/Nam_3_HK2_2025_2026/Do_an_1/autoencoder/denoiser/denoiser.runs/synth_1/.Xil/Vivado-1592-MSI/realtime/design_1_axi_bram_ctrl_0_1_stub.v:5]
INFO: [Synth 8-6157] synthesizing module 'design_1_zynq_ultra_ps_e_0_0' [C:/Nam_3_HK2_2025_2026/Do_an_1/autoencoder/denoiser/denoiser.runs/synth_1/.Xil/Vivado-1592-MSI/realtime/design_1_zynq_ultra_ps_e_0_0_stub.v:5]
INFO: [Synth 8-6155] done synthesizing module 'design_1_zynq_ultra_ps_e_0_0' (0#1) [C:/Nam_3_HK2_2025_2026/Do_an_1/autoencoder/denoiser/denoiser.runs/synth_1/.Xil/Vivado-1592-MSI/realtime/design_1_zynq_ultra_ps_e_0_0_stub.v:5]
WARNING: [Synth 8-7071] port 'pl_clk1' of module 'design_1_zynq_ultra_ps_e_0_0' is unconnected for instance 'zynq_ultra_ps_e_0' [c:/Nam_3_HK2_2025_2026/Do_an_1/autoencoder/denoiser/denoiser.gen/sources_1/bd/design_1/synth/design_1.v:660]
WARNING: [Synth 8-7023] instance 'zynq_ultra_ps_e_0' of module 'design_1_zynq_ultra_ps_e_0_0' has 84 connections declared, but only 83 given [c:/Nam_3_HK2_2025_2026/Do_an_1/autoencoder/denoiser/denoiser.gen/sources_1/bd/design_1/synth/design_1.v:660]
INFO: [Synth 8-6155] done synthesizing module 'design_1' (0#1) [c:/Nam_3_HK2_2025_2026/Do_an_1/autoencoder/denoiser/denoiser.gen/sources_1/bd/design_1/synth/design_1.v:12]
INFO: [Synth 8-6155] done synthesizing module 'design_1_wrapper' (0#1) [C:/Nam_3_HK2_2025_2026/Do_an_1/autoencoder/denoiser/denoiser.gen/sources_1/bd/design_1/hdl/design_1_wrapper.v:12]
WARNING: [Synth 8-7129] Port M_ACLK in module s03_couplers_imp_L3SUKM is either unconnected or has no load
WARNING: [Synth 8-7129] Port M_ARESETN in module s03_couplers_imp_L3SUKM is either unconnected or has no load
WARNING: [Synth 8-7129] Port S_ACLK in module s03_couplers_imp_L3SUKM is either unconnected or has no load
WARNING: [Synth 8-7129] Port S_ARESETN in module s03_couplers_imp_L3SUKM is either unconnected or has no load
WARNING: [Synth 8-7129] Port M_ACLK in module s02_couplers_imp_19AQZVR is either unconnected or has no load
WARNING: [Synth 8-7129] Port M_ARESETN in module s02_couplers_imp_19AQZVR is either unconnected or has no load
WARNING: [Synth 8-7129] Port S_AXI_awlock[1] in module s02_couplers_imp_19AQZVR is either unconnected or has no load
WARNING: [Synth 8-7129] Port M_ACLK in module s01_couplers_imp_KGUFR9 is either unconnected or has no load
WARNING: [Synth 8-7129] Port M_ARESETN in module s01_couplers_imp_KGUFR9 is either unconnected or has no load
WARNING: [Synth 8-7129] Port S_AXI_arlock[1] in module s01_couplers_imp_KGUFR9 is either unconnected or has no load
WARNING: [Synth 8-7129] Port M_ACLK in module s00_couplers_imp_1A7ZMW4 is either unconnected or has no load
WARNING: [Synth 8-7129] Port M_ARESETN in module s00_couplers_imp_1A7ZMW4 is either unconnected or has no load
WARNING: [Synth 8-7129] Port S_ACLK in module s00_couplers_imp_1A7ZMW4 is either unconnected or has no load
WARNING: [Synth 8-7129] Port S_ARESETN in module s00_couplers_imp_1A7ZMW4 is either unconnected or has no load
WARNING: [Synth 8-7129] Port M_ACLK in module m02_couplers_imp_P3UMW5 is either unconnected or has no load
WARNING: [Synth 8-7129] Port M_ARESETN in module m02_couplers_imp_P3UMW5 is either unconnected or has no load
WARNING: [Synth 8-7129] Port S_AXI_araddr[63] in module m02_couplers_imp_P3UMW5 is either unconnected or has no load
WARNING: [Synth 8-7129] Port S_AXI_araddr[62] in module m02_couplers_imp_P3UMW5 is either unconnected or has no load
WARNING: [Synth 8-7129] Port S_AXI_araddr[61] in module m02_couplers_imp_P3UMW5 is either unconnected or has no load
WARNING: [Synth 8-7129] Port S_AXI_araddr[60] in module m02_couplers_imp_P3UMW5 is either unconnected or has no load
WARNING: [Synth 8-7129] Port S_AXI_araddr[59] in module m02_couplers_imp_P3UMW5 is either unconnected or has no load
WARNING: [Synth 8-7129] Port S_AXI_araddr[58] in module m02_couplers_imp_P3UMW5 is either unconnected or has no load
WARNING: [Synth 8-7129] Port S_AXI_araddr[57] in module m02_couplers_imp_P3UMW5 is either unconnected or has no load
WARNING: [Synth 8-7129] Port S_AXI_araddr[56] in module m02_couplers_imp_P3UMW5 is either unconnected or has no load
WARNING: [Synth 8-7129] Port S_AXI_araddr[55] in module m02_couplers_imp_P3UMW5 is either unconnected or has no load
WARNING: [Synth 8-7129] Port S_AXI_araddr[54] in module m02_couplers_imp_P3UMW5 is either unconnected or has no load
WARNING: [Synth 8-7129] Port S_AXI_araddr[53] in module m02_couplers_imp_P3UMW5 is either unconnected or has no load
WARNING: [Synth 8-7129] Port S_AXI_araddr[52] in module m02_couplers_imp_P3UMW5 is either unconnected or has no load
WARNING: [Synth 8-7129] Port S_AXI_araddr[51] in module m02_couplers_imp_P3UMW5 is either unconnected or has no load
WARNING: [Synth 8-7129] Port S_AXI_araddr[50] in module m02_couplers_imp_P3UMW5 is either unconnected or has no load
WARNING: [Synth 8-7129] Port S_AXI_araddr[49] in module m02_couplers_imp_P3UMW5 is either unconnected or has no load
WARNING: [Synth 8-7129] Port S_AXI_araddr[48] in module m02_couplers_imp_P3UMW5 is either unconnected or has no load
WARNING: [Synth 8-7129] Port S_AXI_araddr[47] in module m02_couplers_imp_P3UMW5 is either unconnected or has no load
WARNING: [Synth 8-7129] Port S_AXI_araddr[46] in module m02_couplers_imp_P3UMW5 is either unconnected or has no load
WARNING: [Synth 8-7129] Port S_AXI_araddr[45] in module m02_couplers_imp_P3UMW5 is either unconnected or has no load
WARNING: [Synth 8-7129] Port S_AXI_araddr[44] in module m02_couplers_imp_P3UMW5 is either unconnected or has no load
WARNING: [Synth 8-7129] Port S_AXI_araddr[43] in module m02_couplers_imp_P3UMW5 is either unconnected or has no load
WARNING: [Synth 8-7129] Port S_AXI_araddr[42] in module m02_couplers_imp_P3UMW5 is either unconnected or has no load
WARNING: [Synth 8-7129] Port S_AXI_araddr[41] in module m02_couplers_imp_P3UMW5 is either unconnected or has no load
WARNING: [Synth 8-7129] Port S_AXI_araddr[40] in module m02_couplers_imp_P3UMW5 is either unconnected or has no load
WARNING: [Synth 8-7129] Port S_AXI_araddr[39] in module m02_couplers_imp_P3UMW5 is either unconnected or has no load
WARNING: [Synth 8-7129] Port S_AXI_araddr[38] in module m02_couplers_imp_P3UMW5 is either unconnected or has no load
WARNING: [Synth 8-7129] Port S_AXI_araddr[37] in module m02_couplers_imp_P3UMW5 is either unconnected or has no load
WARNING: [Synth 8-7129] Port S_AXI_araddr[36] in module m02_couplers_imp_P3UMW5 is either unconnected or has no load
WARNING: [Synth 8-7129] Port S_AXI_araddr[35] in module m02_couplers_imp_P3UMW5 is either unconnected or has no load
WARNING: [Synth 8-7129] Port S_AXI_araddr[34] in module m02_couplers_imp_P3UMW5 is either unconnected or has no load
WARNING: [Synth 8-7129] Port S_AXI_araddr[33] in module m02_couplers_imp_P3UMW5 is either unconnected or has no load
WARNING: [Synth 8-7129] Port S_AXI_araddr[32] in module m02_couplers_imp_P3UMW5 is either unconnected or has no load
WARNING: [Synth 8-7129] Port S_AXI_araddr[31] in module m02_couplers_imp_P3UMW5 is either unconnected or has no load
WARNING: [Synth 8-7129] Port S_AXI_araddr[30] in module m02_couplers_imp_P3UMW5 is either unconnected or has no load
WARNING: [Synth 8-7129] Port S_AXI_araddr[29] in module m02_couplers_imp_P3UMW5 is either unconnected or has no load
WARNING: [Synth 8-7129] Port S_AXI_araddr[28] in module m02_couplers_imp_P3UMW5 is either unconnected or has no load
WARNING: [Synth 8-7129] Port S_AXI_araddr[27] in module m02_couplers_imp_P3UMW5 is either unconnected or has no load
WARNING: [Synth 8-7129] Port S_AXI_araddr[26] in module m02_couplers_imp_P3UMW5 is either unconnected or has no load
WARNING: [Synth 8-7129] Port S_AXI_araddr[25] in module m02_couplers_imp_P3UMW5 is either unconnected or has no load
WARNING: [Synth 8-7129] Port S_AXI_araddr[24] in module m02_couplers_imp_P3UMW5 is either unconnected or has no load
WARNING: [Synth 8-7129] Port S_AXI_araddr[23] in module m02_couplers_imp_P3UMW5 is either unconnected or has no load
WARNING: [Synth 8-7129] Port S_AXI_araddr[22] in module m02_couplers_imp_P3UMW5 is either unconnected or has no load
WARNING: [Synth 8-7129] Port S_AXI_araddr[21] in module m02_couplers_imp_P3UMW5 is either unconnected or has no load
WARNING: [Synth 8-7129] Port S_AXI_araddr[20] in module m02_couplers_imp_P3UMW5 is either unconnected or has no load
WARNING: [Synth 8-7129] Port S_AXI_araddr[19] in module m02_couplers_imp_P3UMW5 is either unconnected or has no load
WARNING: [Synth 8-7129] Port S_AXI_araddr[18] in module m02_couplers_imp_P3UMW5 is either unconnected or has no load
WARNING: [Synth 8-7129] Port S_AXI_araddr[17] in module m02_couplers_imp_P3UMW5 is either unconnected or has no load
WARNING: [Synth 8-7129] Port S_AXI_araddr[16] in module m02_couplers_imp_P3UMW5 is either unconnected or has no load
WARNING: [Synth 8-7129] Port S_AXI_araddr[15] in module m02_couplers_imp_P3UMW5 is either unconnected or has no load
WARNING: [Synth 8-7129] Port S_AXI_araddr[14] in module m02_couplers_imp_P3UMW5 is either unconnected or has no load
WARNING: [Synth 8-7129] Port S_AXI_araddr[13] in module m02_couplers_imp_P3UMW5 is either unconnected or has no load
WARNING: [Synth 8-7129] Port S_AXI_awaddr[63] in module m02_couplers_imp_P3UMW5 is either unconnected or has no load
WARNING: [Synth 8-7129] Port S_AXI_awaddr[62] in module m02_couplers_imp_P3UMW5 is either unconnected or has no load
WARNING: [Synth 8-7129] Port S_AXI_awaddr[61] in module m02_couplers_imp_P3UMW5 is either unconnected or has no load
WARNING: [Synth 8-7129] Port S_AXI_awaddr[60] in module m02_couplers_imp_P3UMW5 is either unconnected or has no load
WARNING: [Synth 8-7129] Port S_AXI_awaddr[59] in module m02_couplers_imp_P3UMW5 is either unconnected or has no load
WARNING: [Synth 8-7129] Port S_AXI_awaddr[58] in module m02_couplers_imp_P3UMW5 is either unconnected or has no load
WARNING: [Synth 8-7129] Port S_AXI_awaddr[57] in module m02_couplers_imp_P3UMW5 is either unconnected or has no load
WARNING: [Synth 8-7129] Port S_AXI_awaddr[56] in module m02_couplers_imp_P3UMW5 is either unconnected or has no load
WARNING: [Synth 8-7129] Port S_AXI_awaddr[55] in module m02_couplers_imp_P3UMW5 is either unconnected or has no load
WARNING: [Synth 8-7129] Port S_AXI_awaddr[54] in module m02_couplers_imp_P3UMW5 is either unconnected or has no load
WARNING: [Synth 8-7129] Port S_AXI_awaddr[53] in module m02_couplers_imp_P3UMW5 is either unconnected or has no load
WARNING: [Synth 8-7129] Port S_AXI_awaddr[52] in module m02_couplers_imp_P3UMW5 is either unconnected or has no load
WARNING: [Synth 8-7129] Port S_AXI_awaddr[51] in module m02_couplers_imp_P3UMW5 is either unconnected or has no load
WARNING: [Synth 8-7129] Port S_AXI_awaddr[50] in module m02_couplers_imp_P3UMW5 is either unconnected or has no load
WARNING: [Synth 8-7129] Port S_AXI_awaddr[49] in module m02_couplers_imp_P3UMW5 is either unconnected or has no load
WARNING: [Synth 8-7129] Port S_AXI_awaddr[48] in module m02_couplers_imp_P3UMW5 is either unconnected or has no load
WARNING: [Synth 8-7129] Port S_AXI_awaddr[47] in module m02_couplers_imp_P3UMW5 is either unconnected or has no load
WARNING: [Synth 8-7129] Port S_AXI_awaddr[46] in module m02_couplers_imp_P3UMW5 is either unconnected or has no load
WARNING: [Synth 8-7129] Port S_AXI_awaddr[45] in module m02_couplers_imp_P3UMW5 is either unconnected or has no load
WARNING: [Synth 8-7129] Port S_AXI_awaddr[44] in module m02_couplers_imp_P3UMW5 is either unconnected or has no load
WARNING: [Synth 8-7129] Port S_AXI_awaddr[43] in module m02_couplers_imp_P3UMW5 is either unconnected or has no load
WARNING: [Synth 8-7129] Port S_AXI_awaddr[42] in module m02_couplers_imp_P3UMW5 is either unconnected or has no load
WARNING: [Synth 8-7129] Port S_AXI_awaddr[41] in module m02_couplers_imp_P3UMW5 is either unconnected or has no load
WARNING: [Synth 8-7129] Port S_AXI_awaddr[40] in module m02_couplers_imp_P3UMW5 is either unconnected or has no load
WARNING: [Synth 8-7129] Port S_AXI_awaddr[39] in module m02_couplers_imp_P3UMW5 is either unconnected or has no load
WARNING: [Synth 8-7129] Port S_AXI_awaddr[38] in module m02_couplers_imp_P3UMW5 is either unconnected or has no load
WARNING: [Synth 8-7129] Port S_AXI_awaddr[37] in module m02_couplers_imp_P3UMW5 is either unconnected or has no load
WARNING: [Synth 8-7129] Port S_AXI_awaddr[36] in module m02_couplers_imp_P3UMW5 is either unconnected or has no load
WARNING: [Synth 8-7129] Port S_AXI_awaddr[35] in module m02_couplers_imp_P3UMW5 is either unconnected or has no load
WARNING: [Synth 8-7129] Port S_AXI_awaddr[34] in module m02_couplers_imp_P3UMW5 is either unconnected or has no load
WARNING: [Synth 8-7129] Port S_AXI_awaddr[33] in module m02_couplers_imp_P3UMW5 is either unconnected or has no load
WARNING: [Synth 8-7129] Port S_AXI_awaddr[32] in module m02_couplers_imp_P3UMW5 is either unconnected or has no load
WARNING: [Synth 8-7129] Port S_AXI_awaddr[31] in module m02_couplers_imp_P3UMW5 is either unconnected or has no load
INFO: [Common 17-14] Message 'Synth 8-7129' appears 100 times and further instances of the messages will be disabled. Use the Tcl command set_msg_config to change the current settings.
---------------------------------------------------------------------------------
Finished RTL Elaboration : Time (s): cpu = 00:00:08 ; elapsed = 00:25:11 . Memory (MB): peak = 1909.578 ; gain = 437.633
---------------------------------------------------------------------------------
---------------------------------------------------------------------------------
Start Handling Custom Attributes
---------------------------------------------------------------------------------
---------------------------------------------------------------------------------
Finished Handling Custom Attributes : Time (s): cpu = 00:00:08 ; elapsed = 00:25:11 . Memory (MB): peak = 1909.578 ; gain = 437.633
---------------------------------------------------------------------------------
---------------------------------------------------------------------------------
Finished RTL Optimization Phase 1 : Time (s): cpu = 00:00:08 ; elapsed = 00:25:11 . Memory (MB): peak = 1909.578 ; gain = 437.633
---------------------------------------------------------------------------------
Netlist sorting complete. Time (s): cpu = 00:00:00 ; elapsed = 00:00:00.050 . Memory (MB): peak = 1909.578 ; gain = 0.000
INFO: [Project 1-570] Preparing netlist for logic optimization

Processing XDC Constraints
Initializing timing engine
Parsing XDC File [c:/Nam_3_HK2_2025_2026/Do_an_1/autoencoder/denoiser/denoiser.gen/sources_1/bd/design_1/ip/design_1_zynq_ultra_ps_e_0_0/design_1_zynq_ultra_ps_e_0_0/design_1_zynq_ultra_ps_e_0_0_in_context.xdc] for cell 'design_1_i/zynq_ultra_ps_e_0'
Finished Parsing XDC File [c:/Nam_3_HK2_2025_2026/Do_an_1/autoencoder/denoiser/denoiser.gen/sources_1/bd/design_1/ip/design_1_zynq_ultra_ps_e_0_0/design_1_zynq_ultra_ps_e_0_0/design_1_zynq_ultra_ps_e_0_0_in_context.xdc] for cell 'design_1_i/zynq_ultra_ps_e_0'
Parsing XDC File [c:/Nam_3_HK2_2025_2026/Do_an_1/autoencoder/denoiser/denoiser.gen/sources_1/bd/design_1/ip/design_1_denoiser_top_0_0/design_1_denoiser_top_0_0/design_1_denoiser_top_0_0_in_context.xdc] for cell 'design_1_i/denoiser_top_0'
Finished Parsing XDC File [c:/Nam_3_HK2_2025_2026/Do_an_1/autoencoder/denoiser/denoiser.gen/sources_1/bd/design_1/ip/design_1_denoiser_top_0_0/design_1_denoiser_top_0_0/design_1_denoiser_top_0_0_in_context.xdc] for cell 'design_1_i/denoiser_top_0'
Parsing XDC File [c:/Nam_3_HK2_2025_2026/Do_an_1/autoencoder/denoiser/denoiser.gen/sources_1/bd/design_1/ip/design_1_blk_mem_gen_0_0/design_1_blk_mem_gen_0_0/design_1_blk_mem_gen_0_0_in_context.xdc] for cell 'design_1_i/inmodel_bram'
Finished Parsing XDC File [c:/Nam_3_HK2_2025_2026/Do_an_1/autoencoder/denoiser/denoiser.gen/sources_1/bd/design_1/ip/design_1_blk_mem_gen_0_0/design_1_blk_mem_gen_0_0/design_1_blk_mem_gen_0_0_in_context.xdc] for cell 'design_1_i/inmodel_bram'
Parsing XDC File [c:/Nam_3_HK2_2025_2026/Do_an_1/autoencoder/denoiser/denoiser.gen/sources_1/bd/design_1/ip/design_1_blk_mem_gen_0_1/design_1_blk_mem_gen_0_1/design_1_blk_mem_gen_0_0_in_context.xdc] for cell 'design_1_i/weights_bram'
Finished Parsing XDC File [c:/Nam_3_HK2_2025_2026/Do_an_1/autoencoder/denoiser/denoiser.gen/sources_1/bd/design_1/ip/design_1_blk_mem_gen_0_1/design_1_blk_mem_gen_0_1/design_1_blk_mem_gen_0_0_in_context.xdc] for cell 'design_1_i/weights_bram'
Parsing XDC File [c:/Nam_3_HK2_2025_2026/Do_an_1/autoencoder/denoiser/denoiser.gen/sources_1/bd/design_1/ip/design_1_axi_bram_ctrl_0_0/design_1_axi_bram_ctrl_0_0/design_1_axi_bram_ctrl_0_0_in_context.xdc] for cell 'design_1_i/inmodel_bram_ctrl'
Finished Parsing XDC File [c:/Nam_3_HK2_2025_2026/Do_an_1/autoencoder/denoiser/denoiser.gen/sources_1/bd/design_1/ip/design_1_axi_bram_ctrl_0_0/design_1_axi_bram_ctrl_0_0/design_1_axi_bram_ctrl_0_0_in_context.xdc] for cell 'design_1_i/inmodel_bram_ctrl'
Parsing XDC File [c:/Nam_3_HK2_2025_2026/Do_an_1/autoencoder/denoiser/denoiser.gen/sources_1/bd/design_1/ip/design_1_axi_bram_ctrl_0_1/design_1_axi_bram_ctrl_0_1/design_1_axi_bram_ctrl_0_0_in_context.xdc] for cell 'design_1_i/weights_bram_ctrl'
Finished Parsing XDC File [c:/Nam_3_HK2_2025_2026/Do_an_1/autoencoder/denoiser/denoiser.gen/sources_1/bd/design_1/ip/design_1_axi_bram_ctrl_0_1/design_1_axi_bram_ctrl_0_1/design_1_axi_bram_ctrl_0_0_in_context.xdc] for cell 'design_1_i/weights_bram_ctrl'
Parsing XDC File [c:/Nam_3_HK2_2025_2026/Do_an_1/autoencoder/denoiser/denoiser.gen/sources_1/bd/design_1/ip/design_1_xbar_0/design_1_xbar_0/design_1_xbar_0_in_context.xdc] for cell 'design_1_i/ps8_0_axi_periph/xbar'
Finished Parsing XDC File [c:/Nam_3_HK2_2025_2026/Do_an_1/autoencoder/denoiser/denoiser.gen/sources_1/bd/design_1/ip/design_1_xbar_0/design_1_xbar_0/design_1_xbar_0_in_context.xdc] for cell 'design_1_i/ps8_0_axi_periph/xbar'
Parsing XDC File [c:/Nam_3_HK2_2025_2026/Do_an_1/autoencoder/denoiser/denoiser.gen/sources_1/bd/design_1/ip/design_1_auto_us_0/design_1_auto_us_0/design_1_auto_us_0_in_context.xdc] for cell 'design_1_i/ps8_0_axi_periph/s01_couplers/auto_us'
Finished Parsing XDC File [c:/Nam_3_HK2_2025_2026/Do_an_1/autoencoder/denoiser/denoiser.gen/sources_1/bd/design_1/ip/design_1_auto_us_0/design_1_auto_us_0/design_1_auto_us_0_in_context.xdc] for cell 'design_1_i/ps8_0_axi_periph/s01_couplers/auto_us'
Parsing XDC File [c:/Nam_3_HK2_2025_2026/Do_an_1/autoencoder/denoiser/denoiser.gen/sources_1/bd/design_1/ip/design_1_auto_us_1/design_1_auto_us_1/design_1_auto_us_1_in_context.xdc] for cell 'design_1_i/ps8_0_axi_periph/s02_couplers/auto_us'
Finished Parsing XDC File [c:/Nam_3_HK2_2025_2026/Do_an_1/autoencoder/denoiser/denoiser.gen/sources_1/bd/design_1/ip/design_1_auto_us_1/design_1_auto_us_1/design_1_auto_us_1_in_context.xdc] for cell 'design_1_i/ps8_0_axi_periph/s02_couplers/auto_us'
Parsing XDC File [c:/Nam_3_HK2_2025_2026/Do_an_1/autoencoder/denoiser/denoiser.gen/sources_1/bd/design_1/ip/design_1_auto_ds_0/design_1_auto_ds_0/design_1_auto_ds_0_in_context.xdc] for cell 'design_1_i/ps8_0_axi_periph/m00_couplers/auto_ds'
Finished Parsing XDC File [c:/Nam_3_HK2_2025_2026/Do_an_1/autoencoder/denoiser/denoiser.gen/sources_1/bd/design_1/ip/design_1_auto_ds_0/design_1_auto_ds_0/design_1_auto_ds_0_in_context.xdc] for cell 'design_1_i/ps8_0_axi_periph/m00_couplers/auto_ds'
Parsing XDC File [c:/Nam_3_HK2_2025_2026/Do_an_1/autoencoder/denoiser/denoiser.gen/sources_1/bd/design_1/ip/design_1_auto_pc_0/design_1_auto_pc_0/design_1_auto_pc_0_in_context.xdc] for cell 'design_1_i/ps8_0_axi_periph/m00_couplers/auto_pc'
Finished Parsing XDC File [c:/Nam_3_HK2_2025_2026/Do_an_1/autoencoder/denoiser/denoiser.gen/sources_1/bd/design_1/ip/design_1_auto_pc_0/design_1_auto_pc_0/design_1_auto_pc_0_in_context.xdc] for cell 'design_1_i/ps8_0_axi_periph/m00_couplers/auto_pc'
Parsing XDC File [c:/Nam_3_HK2_2025_2026/Do_an_1/autoencoder/denoiser/denoiser.gen/sources_1/bd/design_1/ip/design_1_auto_ds_1/design_1_auto_ds_1/design_1_auto_ds_1_in_context.xdc] for cell 'design_1_i/ps8_0_axi_periph/m01_couplers/auto_ds'
Finished Parsing XDC File [c:/Nam_3_HK2_2025_2026/Do_an_1/autoencoder/denoiser/denoiser.gen/sources_1/bd/design_1/ip/design_1_auto_ds_1/design_1_auto_ds_1/design_1_auto_ds_1_in_context.xdc] for cell 'design_1_i/ps8_0_axi_periph/m01_couplers/auto_ds'
Parsing XDC File [c:/Nam_3_HK2_2025_2026/Do_an_1/autoencoder/denoiser/denoiser.gen/sources_1/bd/design_1/ip/design_1_auto_ds_2/design_1_auto_ds_2/design_1_auto_ds_1_in_context.xdc] for cell 'design_1_i/ps8_0_axi_periph/m02_couplers/auto_ds'
Finished Parsing XDC File [c:/Nam_3_HK2_2025_2026/Do_an_1/autoencoder/denoiser/denoiser.gen/sources_1/bd/design_1/ip/design_1_auto_ds_2/design_1_auto_ds_2/design_1_auto_ds_1_in_context.xdc] for cell 'design_1_i/ps8_0_axi_periph/m02_couplers/auto_ds'
Parsing XDC File [c:/Nam_3_HK2_2025_2026/Do_an_1/autoencoder/denoiser/denoiser.gen/sources_1/bd/design_1/ip/design_1_rst_ps8_0_99M_0/design_1_rst_ps8_0_99M_0/design_1_rst_ps8_0_99M_0_in_context.xdc] for cell 'design_1_i/rst_ps8_0_99M'
Finished Parsing XDC File [c:/Nam_3_HK2_2025_2026/Do_an_1/autoencoder/denoiser/denoiser.gen/sources_1/bd/design_1/ip/design_1_rst_ps8_0_99M_0/design_1_rst_ps8_0_99M_0/design_1_rst_ps8_0_99M_0_in_context.xdc] for cell 'design_1_i/rst_ps8_0_99M'
Parsing XDC File [C:/Nam_3_HK2_2025_2026/Do_an_1/autoencoder/denoiser/denoiser.runs/synth_1/dont_touch.xdc]
Finished Parsing XDC File [C:/Nam_3_HK2_2025_2026/Do_an_1/autoencoder/denoiser/denoiser.runs/synth_1/dont_touch.xdc]
Completed Processing XDC Constraints

Netlist sorting complete. Time (s): cpu = 00:00:00 ; elapsed = 00:00:00 . Memory (MB): peak = 1909.578 ; gain = 0.000
INFO: [Project 1-111] Unisim Transformation Summary:
No Unisim elements were transformed.

Constraint Validation Runtime : Time (s): cpu = 00:00:00 ; elapsed = 00:00:00.027 . Memory (MB): peak = 1909.578 ; gain = 0.000
WARNING: [Timing 38-316] Clock period '20.000' specified during out-of-context synthesis of instance 'design_1_i/inmodel_bram' at clock pin 'clka' is different from the actual clock period '10.000', this can lead to different synthesis results.
WARNING: [Timing 38-316] Clock period '20.000' specified during out-of-context synthesis of instance 'design_1_i/weights_bram' at clock pin 'clka' is different from the actual clock period '10.000', this can lead to different synthesis results.
INFO: [Synth 8-11241] undeclared symbol 'REGCCE', assumed default net type 'wire' [C:/Xilinx/Vivado/2022.2/data/verilog/src/unimacro/BRAM_SINGLE_MACRO.v:2170]
---------------------------------------------------------------------------------
Finished Constraint Validation : Time (s): cpu = 00:00:19 ; elapsed = 00:25:22 . Memory (MB): peak = 1909.578 ; gain = 437.633
---------------------------------------------------------------------------------
---------------------------------------------------------------------------------
Start Loading Part and Timing Information
---------------------------------------------------------------------------------
Loading part: xck26-sfvc784-2LV-c
INFO: [Synth 8-6742] Reading net delay rules and data
---------------------------------------------------------------------------------
Finished Loading Part and Timing Information : Time (s): cpu = 00:00:19 ; elapsed = 00:25:22 . Memory (MB): peak = 1909.578 ; gain = 437.633
---------------------------------------------------------------------------------
---------------------------------------------------------------------------------
Start Applying 'set_property' XDC Constraints
---------------------------------------------------------------------------------
Applied set_property KEEP_HIERARCHY = SOFT for design_1_i. (constraint file  auto generated constraint).
Applied set_property KEEP_HIERARCHY = SOFT for design_1_i/zynq_ultra_ps_e_0. (constraint file  auto generated constraint).
Applied set_property KEEP_HIERARCHY = SOFT for design_1_i/denoiser_top_0. (constraint file  auto generated constraint).
Applied set_property KEEP_HIERARCHY = SOFT for design_1_i/inmodel_bram. (constraint file  auto generated constraint).
Applied set_property KEEP_HIERARCHY = SOFT for design_1_i/weights_bram. (constraint file  auto generated constraint).
Applied set_property KEEP_HIERARCHY = SOFT for design_1_i/inmodel_bram_ctrl. (constraint file  auto generated constraint).
Applied set_property KEEP_HIERARCHY = SOFT for design_1_i/weights_bram_ctrl. (constraint file  auto generated constraint).
Applied set_property KEEP_HIERARCHY = SOFT for design_1_i/ps8_0_axi_periph/xbar. (constraint file  auto generated constraint).
Applied set_property KEEP_HIERARCHY = SOFT for design_1_i/ps8_0_axi_periph/s01_couplers/auto_us. (constraint file  auto generated constraint).
Applied set_property KEEP_HIERARCHY = SOFT for design_1_i/ps8_0_axi_periph/s02_couplers/auto_us. (constraint file  auto generated constraint).
Applied set_property KEEP_HIERARCHY = SOFT for design_1_i/ps8_0_axi_periph/m00_couplers/auto_ds. (constraint file  auto generated constraint).
Applied set_property KEEP_HIERARCHY = SOFT for design_1_i/ps8_0_axi_periph/m00_couplers/auto_pc. (constraint file  auto generated constraint).
Applied set_property KEEP_HIERARCHY = SOFT for design_1_i/ps8_0_axi_periph/m01_couplers/auto_ds. (constraint file  auto generated constraint).
Applied set_property KEEP_HIERARCHY = SOFT for design_1_i/ps8_0_axi_periph/m02_couplers/auto_ds. (constraint file  auto generated constraint).
Applied set_property KEEP_HIERARCHY = SOFT for design_1_i/ps8_0_axi_periph. (constraint file  auto generated constraint).
Applied set_property KEEP_HIERARCHY = SOFT for design_1_i/rst_ps8_0_99M. (constraint file  auto generated constraint).
---------------------------------------------------------------------------------
Finished applying 'set_property' XDC Constraints : Time (s): cpu = 00:00:19 ; elapsed = 00:25:22 . Memory (MB): peak = 1909.578 ; gain = 437.633
---------------------------------------------------------------------------------
---------------------------------------------------------------------------------
Finished RTL Optimization Phase 2 : Time (s): cpu = 00:00:19 ; elapsed = 00:25:23 . Memory (MB): peak = 1909.578 ; gain = 437.633
---------------------------------------------------------------------------------
---------------------------------------------------------------------------------
Start RTL Component Statistics 
---------------------------------------------------------------------------------
Detailed RTL Component Info : 
---------------------------------------------------------------------------------
Finished RTL Component Statistics 
---------------------------------------------------------------------------------
---------------------------------------------------------------------------------
Start Part Resource Summary
---------------------------------------------------------------------------------
Part Resources:
DSPs: 1248 (col length:96)
BRAMs: 288 (col length: RAMB18 96 RAMB36 48)
---------------------------------------------------------------------------------
Finished Part Resource Summary
---------------------------------------------------------------------------------
---------------------------------------------------------------------------------
Start Cross Boundary and Area Optimization
---------------------------------------------------------------------------------
WARNING: [Synth 8-7080] Parallel synthesis criteria is not met
---------------------------------------------------------------------------------
Finished Cross Boundary and Area Optimization : Time (s): cpu = 00:00:20 ; elapsed = 00:25:24 . Memory (MB): peak = 1909.578 ; gain = 437.633
---------------------------------------------------------------------------------
---------------------------------------------------------------------------------
Start Applying XDC Timing Constraints
---------------------------------------------------------------------------------
---------------------------------------------------------------------------------
Finished Applying XDC Timing Constraints : Time (s): cpu = 00:00:30 ; elapsed = 00:25:36 . Memory (MB): peak = 2467.145 ; gain = 995.199
---------------------------------------------------------------------------------
---------------------------------------------------------------------------------
Start Timing Optimization
---------------------------------------------------------------------------------
---------------------------------------------------------------------------------
Finished Timing Optimization : Time (s): cpu = 00:00:30 ; elapsed = 00:25:36 . Memory (MB): peak = 2467.145 ; gain = 995.199
---------------------------------------------------------------------------------
---------------------------------------------------------------------------------
Start Technology Mapping
---------------------------------------------------------------------------------
---------------------------------------------------------------------------------
Finished Technology Mapping : Time (s): cpu = 00:00:30 ; elapsed = 00:25:36 . Memory (MB): peak = 2488.316 ; gain = 1016.371
---------------------------------------------------------------------------------
---------------------------------------------------------------------------------
Start IO Insertion
---------------------------------------------------------------------------------
---------------------------------------------------------------------------------
Start Flattening Before IO Insertion
---------------------------------------------------------------------------------
---------------------------------------------------------------------------------
Finished Flattening Before IO Insertion
---------------------------------------------------------------------------------
---------------------------------------------------------------------------------
Start Final Netlist Cleanup
---------------------------------------------------------------------------------
---------------------------------------------------------------------------------
Finished Final Netlist Cleanup
---------------------------------------------------------------------------------
---------------------------------------------------------------------------------
Finished IO Insertion : Time (s): cpu = 00:00:34 ; elapsed = 00:25:39 . Memory (MB): peak = 2493.109 ; gain = 1021.164
---------------------------------------------------------------------------------
---------------------------------------------------------------------------------
Start Renaming Generated Instances
---------------------------------------------------------------------------------
---------------------------------------------------------------------------------
Finished Renaming Generated Instances : Time (s): cpu = 00:00:34 ; elapsed = 00:25:39 . Memory (MB): peak = 2493.109 ; gain = 1021.164
---------------------------------------------------------------------------------
---------------------------------------------------------------------------------
Start Rebuilding User Hierarchy
---------------------------------------------------------------------------------
---------------------------------------------------------------------------------
Finished Rebuilding User Hierarchy : Time (s): cpu = 00:00:34 ; elapsed = 00:25:39 . Memory (MB): peak = 2493.109 ; gain = 1021.164
---------------------------------------------------------------------------------
---------------------------------------------------------------------------------
Start Renaming Generated Ports
---------------------------------------------------------------------------------
---------------------------------------------------------------------------------
Finished Renaming Generated Ports : Time (s): cpu = 00:00:34 ; elapsed = 00:25:39 . Memory (MB): peak = 2493.109 ; gain = 1021.164
---------------------------------------------------------------------------------
---------------------------------------------------------------------------------
Start Handling Custom Attributes
---------------------------------------------------------------------------------
---------------------------------------------------------------------------------
Finished Handling Custom Attributes : Time (s): cpu = 00:00:34 ; elapsed = 00:25:39 . Memory (MB): peak = 2493.109 ; gain = 1021.164
---------------------------------------------------------------------------------
---------------------------------------------------------------------------------
Start Renaming Generated Nets
---------------------------------------------------------------------------------
---------------------------------------------------------------------------------
Finished Renaming Generated Nets : Time (s): cpu = 00:00:34 ; elapsed = 00:25:39 . Memory (MB): peak = 2493.109 ; gain = 1021.164
---------------------------------------------------------------------------------
---------------------------------------------------------------------------------
Start Writing Synthesis Report
---------------------------------------------------------------------------------

Report BlackBoxes: 
+------+-----------------------------+----------+
|      |BlackBox name                |Instances |
+------+-----------------------------+----------+
|1     |design_1_xbar_0              |         1|
|2     |design_1_auto_ds_0           |         1|
|3     |design_1_auto_pc_0           |         1|
|4     |design_1_auto_ds_1           |         1|
|5     |design_1_auto_ds_2           |         1|
|6     |design_1_auto_us_0           |         1|
|7     |design_1_auto_us_1           |         1|
|8     |design_1_denoiser_top_0_0    |         1|
|9     |design_1_blk_mem_gen_0_0     |         1|
|10    |design_1_axi_bram_ctrl_0_0   |         1|
|11    |design_1_rst_ps8_0_99M_0     |         1|
|12    |design_1_blk_mem_gen_0_1     |         1|
|13    |design_1_axi_bram_ctrl_0_1   |         1|
|14    |design_1_zynq_ultra_ps_e_0_0 |         1|
+------+-----------------------------+----------+

Report Cell Usage: 
+------+---------------------------+------+
|      |Cell                       |Count |
+------+---------------------------+------+
|1     |design_1_auto_ds           |     3|
|4     |design_1_auto_pc           |     1|
|5     |design_1_auto_us           |     2|
|7     |design_1_axi_bram_ctrl_0   |     2|
|9     |design_1_blk_mem_gen_0     |     2|
|11    |design_1_denoiser_top_0    |     1|
|12    |design_1_rst_ps8_0_99M     |     1|
|13    |design_1_xbar              |     1|
|14    |design_1_zynq_ultra_ps_e_0 |     1|
+------+---------------------------+------+
---------------------------------------------------------------------------------
Finished Writing Synthesis Report : Time (s): cpu = 00:00:34 ; elapsed = 00:25:39 . Memory (MB): peak = 2493.109 ; gain = 1021.164
---------------------------------------------------------------------------------
Synthesis finished with 0 errors, 0 critical warnings and 17 warnings.
Synthesis Optimization Runtime : Time (s): cpu = 00:00:20 ; elapsed = 00:25:33 . Memory (MB): peak = 2493.109 ; gain = 1021.164
Synthesis Optimization Complete : Time (s): cpu = 00:00:34 ; elapsed = 00:25:40 . Memory (MB): peak = 2493.109 ; gain = 1021.164
INFO: [Project 1-571] Translating synthesized netlist
Netlist sorting complete. Time (s): cpu = 00:00:00 ; elapsed = 00:00:00.040 . Memory (MB): peak = 2493.109 ; gain = 0.000
INFO: [Project 1-570] Preparing netlist for logic optimization
INFO: [Opt 31-138] Pushed 0 inverter(s) to 0 load pin(s).
Netlist sorting complete. Time (s): cpu = 00:00:00 ; elapsed = 00:00:00 . Memory (MB): peak = 2543.281 ; gain = 0.000
INFO: [Project 1-111] Unisim Transformation Summary:
No Unisim elements were transformed.

Synth Design complete, checksum: dd79d89
INFO: [Common 17-83] Releasing license: Synthesis
67 Infos, 168 Warnings, 0 Critical Warnings and 0 Errors encountered.
synth_design completed successfully
synth_design: Time (s): cpu = 00:00:41 ; elapsed = 00:25:50 . Memory (MB): peak = 2548.277 ; gain = 2068.410
INFO: [Common 17-1381] The checkpoint 'C:/Nam_3_HK2_2025_2026/Do_an_1/autoencoder/denoiser/denoiser.runs/synth_1/design_1_wrapper.dcp' has been generated.
INFO: [runtcl-4] Executing : report_utilization -file design_1_wrapper_utilization_synth.rpt -pb design_1_wrapper_utilization_synth.pb
INFO: [Common 17-206] Exiting Vivado at Thu Jun 25 14:54:11 2026...
