C:\Nam_3_HK2_2025_2026\Do_an_1\c_inter_to_hls\denoiser\solution1\.autopilot\db\denoiser.pp.0.cpp:1336:7: warning: Added loop label VITIS_LOOP_1211_1:   [xilinx-label-all-loops]
      for (i = 0; i < __N - 1; ++i) {
      ^~~
      VITIS_LOOP_1211_1: 
C:\Nam_3_HK2_2025_2026\Do_an_1\c_inter_to_hls\denoiser\solution1\.autopilot\db\denoiser.pp.0.cpp:1336:7: note: FIX-IT applied suggested code changes
C:\Nam_3_HK2_2025_2026\Do_an_1\c_inter_to_hls\denoiser\solution1\.autopilot\db\denoiser.pp.0.cpp:2310:5: warning: Added loop label VITIS_LOOP_676_1:   [xilinx-label-all-loops]
    for (unsigned i = low; i != high; ++i) {
    ^~~
    VITIS_LOOP_676_1: 
C:\Nam_3_HK2_2025_2026\Do_an_1\c_inter_to_hls\denoiser\solution1\.autopilot\db\denoiser.pp.0.cpp:2310:5: note: FIX-IT applied suggested code changes
C:\Nam_3_HK2_2025_2026\Do_an_1\c_inter_to_hls\denoiser\solution1\.autopilot\db\denoiser.pp.0.cpp:2324:5: warning: Added loop label VITIS_LOOP_690_1:   [xilinx-label-all-loops]
    for (unsigned i = low; i != high; ++i) {
    ^~~
    VITIS_LOOP_690_1: 
C:\Nam_3_HK2_2025_2026\Do_an_1\c_inter_to_hls\denoiser\solution1\.autopilot\db\denoiser.pp.0.cpp:2324:5: note: FIX-IT applied suggested code changes
C:\Nam_3_HK2_2025_2026\Do_an_1\c_inter_to_hls\denoiser\solution1\.autopilot\db\denoiser.pp.0.cpp:2338:5: warning: Added loop label VITIS_LOOP_704_1:   [xilinx-label-all-loops]
    for (unsigned i = low; i != high; ++i) {
    ^~~
    VITIS_LOOP_704_1: 
C:\Nam_3_HK2_2025_2026\Do_an_1\c_inter_to_hls\denoiser\solution1\.autopilot\db\denoiser.pp.0.cpp:2338:5: note: FIX-IT applied suggested code changes
C:\Nam_3_HK2_2025_2026\Do_an_1\c_inter_to_hls\denoiser\solution1\.autopilot\db\denoiser.pp.0.cpp:3937:7: warning: Added loop label VITIS_LOOP_1245_1:   [xilinx-label-all-loops]
      for (i = 0; i < __N - 1; ++i) {
      ^~~
      VITIS_LOOP_1245_1: 
C:\Nam_3_HK2_2025_2026\Do_an_1\c_inter_to_hls\denoiser\solution1\.autopilot\db\denoiser.pp.0.cpp:3937:7: note: FIX-IT applied suggested code changes
C:\Nam_3_HK2_2025_2026\Do_an_1\c_inter_to_hls\denoiser\solution1\.autopilot\db\denoiser.pp.0.cpp:12677:72: error: Invalid Directive: for current device, ROM_1P + LUTRAM is invalid combination for BIND_STORAGE's option 'type + impl' [clang-diagnostic-error]
#pragma HLS BIND_STORAGE variable=fourth_order_double::sin_cos_K0 type=ROM_1P impl=LUTRAM
                                                                       ^
C:\Nam_3_HK2_2025_2026\Do_an_1\c_inter_to_hls\denoiser\solution1\.autopilot\db\denoiser.pp.0.cpp:12678:72: error: Invalid Directive: for current device, ROM_1P + LUTRAM is invalid combination for BIND_STORAGE's option 'type + impl' [clang-diagnostic-error]
#pragma HLS BIND_STORAGE variable=fourth_order_double::sin_cos_K1 type=ROM_1P impl=LUTRAM
                                                                       ^
C:\Nam_3_HK2_2025_2026\Do_an_1\c_inter_to_hls\denoiser\solution1\.autopilot\db\denoiser.pp.0.cpp:12679:72: error: Invalid Directive: for current device, ROM_1P + LUTRAM is invalid combination for BIND_STORAGE's option 'type + impl' [clang-diagnostic-error]
#pragma HLS BIND_STORAGE variable=fourth_order_double::sin_cos_K2 type=ROM_1P impl=LUTRAM
                                                                       ^
C:\Nam_3_HK2_2025_2026\Do_an_1\c_inter_to_hls\denoiser\solution1\.autopilot\db\denoiser.pp.0.cpp:12680:72: error: Invalid Directive: for current device, ROM_1P + LUTRAM is invalid combination for BIND_STORAGE's option 'type + impl' [clang-diagnostic-error]
#pragma HLS BIND_STORAGE variable=fourth_order_double::sin_cos_K3 type=ROM_1P impl=LUTRAM
                                                                       ^
C:\Nam_3_HK2_2025_2026\Do_an_1\c_inter_to_hls\denoiser\solution1\.autopilot\db\denoiser.pp.0.cpp:12681:72: error: Invalid Directive: for current device, ROM_1P + LUTRAM is invalid combination for BIND_STORAGE's option 'type + impl' [clang-diagnostic-error]
#pragma HLS BIND_STORAGE variable=fourth_order_double::sin_cos_K4 type=ROM_1P impl=LUTRAM
                                                                       ^
C:\Nam_3_HK2_2025_2026\Do_an_1\c_inter_to_hls\denoiser\solution1\.autopilot\db\denoiser.pp.0.cpp:12711:68: error: Invalid Directive: for current device, ROM_1P + LUTRAM is invalid combination for BIND_STORAGE's option 'type + impl' [clang-diagnostic-error]
#pragma HLS BIND_STORAGE variable=fourth_order_double::cos_K0 type=ROM_1P impl=LUTRAM
                                                                   ^
C:\Nam_3_HK2_2025_2026\Do_an_1\c_inter_to_hls\denoiser\solution1\.autopilot\db\denoiser.pp.0.cpp:12712:68: error: Invalid Directive: for current device, ROM_1P + LUTRAM is invalid combination for BIND_STORAGE's option 'type + impl' [clang-diagnostic-error]
#pragma HLS BIND_STORAGE variable=fourth_order_double::cos_K1 type=ROM_1P impl=LUTRAM
                                                                   ^
C:\Nam_3_HK2_2025_2026\Do_an_1\c_inter_to_hls\denoiser\solution1\.autopilot\db\denoiser.pp.0.cpp:12713:68: error: Invalid Directive: for current device, ROM_1P + LUTRAM is invalid combination for BIND_STORAGE's option 'type + impl' [clang-diagnostic-error]
#pragma HLS BIND_STORAGE variable=fourth_order_double::cos_K2 type=ROM_1P impl=LUTRAM
                                                                   ^
C:\Nam_3_HK2_2025_2026\Do_an_1\c_inter_to_hls\denoiser\solution1\.autopilot\db\denoiser.pp.0.cpp:12714:68: error: Invalid Directive: for current device, ROM_1P + LUTRAM is invalid combination for BIND_STORAGE's option 'type + impl' [clang-diagnostic-error]
#pragma HLS BIND_STORAGE variable=fourth_order_double::cos_K3 type=ROM_1P impl=LUTRAM
                                                                   ^
C:\Nam_3_HK2_2025_2026\Do_an_1\c_inter_to_hls\denoiser\solution1\.autopilot\db\denoiser.pp.0.cpp:12715:68: error: Invalid Directive: for current device, ROM_1P + LUTRAM is invalid combination for BIND_STORAGE's option 'type + impl' [clang-diagnostic-error]
#pragma HLS BIND_STORAGE variable=fourth_order_double::cos_K4 type=ROM_1P impl=LUTRAM
                                                                   ^
C:\Nam_3_HK2_2025_2026\Do_an_1\c_inter_to_hls\denoiser\solution1\.autopilot\db\denoiser.pp.0.cpp:12716:68: error: Invalid Directive: for current device, ROM_1P + LUTRAM is invalid combination for BIND_STORAGE's option 'type + impl' [clang-diagnostic-error]
#pragma HLS BIND_STORAGE variable=fourth_order_double::sin_K0 type=ROM_1P impl=LUTRAM
                                                                   ^
C:\Nam_3_HK2_2025_2026\Do_an_1\c_inter_to_hls\denoiser\solution1\.autopilot\db\denoiser.pp.0.cpp:12717:68: error: Invalid Directive: for current device, ROM_1P + LUTRAM is invalid combination for BIND_STORAGE's option 'type + impl' [clang-diagnostic-error]
#pragma HLS BIND_STORAGE variable=fourth_order_double::sin_K1 type=ROM_1P impl=LUTRAM
                                                                   ^
C:\Nam_3_HK2_2025_2026\Do_an_1\c_inter_to_hls\denoiser\solution1\.autopilot\db\denoiser.pp.0.cpp:12718:68: error: Invalid Directive: for current device, ROM_1P + LUTRAM is invalid combination for BIND_STORAGE's option 'type + impl' [clang-diagnostic-error]
#pragma HLS BIND_STORAGE variable=fourth_order_double::sin_K2 type=ROM_1P impl=LUTRAM
                                                                   ^
C:\Nam_3_HK2_2025_2026\Do_an_1\c_inter_to_hls\denoiser\solution1\.autopilot\db\denoiser.pp.0.cpp:12719:68: error: Invalid Directive: for current device, ROM_1P + LUTRAM is invalid combination for BIND_STORAGE's option 'type + impl' [clang-diagnostic-error]
#pragma HLS BIND_STORAGE variable=fourth_order_double::sin_K3 type=ROM_1P impl=LUTRAM
                                                                   ^
C:\Nam_3_HK2_2025_2026\Do_an_1\c_inter_to_hls\denoiser\solution1\.autopilot\db\denoiser.pp.0.cpp:12720:68: error: Invalid Directive: for current device, ROM_1P + LUTRAM is invalid combination for BIND_STORAGE's option 'type + impl' [clang-diagnostic-error]
#pragma HLS BIND_STORAGE variable=fourth_order_double::sin_K4 type=ROM_1P impl=LUTRAM
                                                                   ^
C:\Nam_3_HK2_2025_2026\Do_an_1\c_inter_to_hls\denoiser\solution1\.autopilot\db\denoiser.pp.0.cpp:12770:71: error: Invalid Directive: for current device, ROM_1P + LUTRAM is invalid combination for BIND_STORAGE's option 'type + impl' [clang-diagnostic-error]
#pragma HLS BIND_STORAGE variable=second_order_float::sin_cos_K0 type=ROM_1P impl=LUTRAM
                                                                      ^
C:\Nam_3_HK2_2025_2026\Do_an_1\c_inter_to_hls\denoiser\solution1\.autopilot\db\denoiser.pp.0.cpp:12771:71: error: Invalid Directive: for current device, ROM_1P + LUTRAM is invalid combination for BIND_STORAGE's option 'type + impl' [clang-diagnostic-error]
#pragma HLS BIND_STORAGE variable=second_order_float::sin_cos_K1 type=ROM_1P impl=LUTRAM
                                                                      ^
C:\Nam_3_HK2_2025_2026\Do_an_1\c_inter_to_hls\denoiser\solution1\.autopilot\db\denoiser.pp.0.cpp:12772:71: error: Invalid Directive: for current device, ROM_1P + LUTRAM is invalid combination for BIND_STORAGE's option 'type + impl' [clang-diagnostic-error]
#pragma HLS BIND_STORAGE variable=second_order_float::sin_cos_K2 type=ROM_1P impl=LUTRAM
                                                                      ^
C:\Nam_3_HK2_2025_2026\Do_an_1\c_inter_to_hls\denoiser\solution1\.autopilot\db\denoiser.pp.0.cpp:12799:67: error: Invalid Directive: for current device, ROM_1P + LUTRAM is invalid combination for BIND_STORAGE's option 'type + impl' [clang-diagnostic-error]
#pragma HLS BIND_STORAGE variable=second_order_float::cos_K0 type=ROM_1P impl=LUTRAM
                                                                  ^
C:\Nam_3_HK2_2025_2026\Do_an_1\c_inter_to_hls\denoiser\solution1\.autopilot\db\denoiser.pp.0.cpp:12800:67: error: Invalid Directive: for current device, ROM_1P + LUTRAM is invalid combination for BIND_STORAGE's option 'type + impl' [clang-diagnostic-error]
#pragma HLS BIND_STORAGE variable=second_order_float::cos_K1 type=ROM_1P impl=LUTRAM
                                                                  ^
C:\Nam_3_HK2_2025_2026\Do_an_1\c_inter_to_hls\denoiser\solution1\.autopilot\db\denoiser.pp.0.cpp:12801:67: error: Invalid Directive: for current device, ROM_1P + LUTRAM is invalid combination for BIND_STORAGE's option 'type + impl' [clang-diagnostic-error]
#pragma HLS BIND_STORAGE variable=second_order_float::cos_K2 type=ROM_1P impl=LUTRAM
                                                                  ^
C:\Nam_3_HK2_2025_2026\Do_an_1\c_inter_to_hls\denoiser\solution1\.autopilot\db\denoiser.pp.0.cpp:12802:67: error: Invalid Directive: for current device, ROM_1P + LUTRAM is invalid combination for BIND_STORAGE's option 'type + impl' [clang-diagnostic-error]
#pragma HLS BIND_STORAGE variable=second_order_float::sin_K0 type=ROM_1P impl=LUTRAM
                                                                  ^
C:\Nam_3_HK2_2025_2026\Do_an_1\c_inter_to_hls\denoiser\solution1\.autopilot\db\denoiser.pp.0.cpp:12803:67: error: Invalid Directive: for current device, ROM_1P + LUTRAM is invalid combination for BIND_STORAGE's option 'type + impl' [clang-diagnostic-error]
#pragma HLS BIND_STORAGE variable=second_order_float::sin_K1 type=ROM_1P impl=LUTRAM
                                                                  ^
C:\Nam_3_HK2_2025_2026\Do_an_1\c_inter_to_hls\denoiser\solution1\.autopilot\db\denoiser.pp.0.cpp:12804:67: error: Invalid Directive: for current device, ROM_1P + LUTRAM is invalid combination for BIND_STORAGE's option 'type + impl' [clang-diagnostic-error]
#pragma HLS BIND_STORAGE variable=second_order_float::sin_K2 type=ROM_1P impl=LUTRAM
                                                                  ^
C:\Nam_3_HK2_2025_2026\Do_an_1\c_inter_to_hls\denoiser\solution1\.autopilot\db\denoiser.pp.0.cpp:12840:73: error: Invalid Directive: for current device, ROM_1P + LUTRAM is invalid combination for BIND_STORAGE's option 'type + impl' [clang-diagnostic-error]
#pragma HLS BIND_STORAGE variable=first_order_fixed_16::sin_cos_K0 type=ROM_1P impl=LUTRAM
                                                                        ^
C:\Nam_3_HK2_2025_2026\Do_an_1\c_inter_to_hls\denoiser\solution1\.autopilot\db\denoiser.pp.0.cpp:12841:73: error: Invalid Directive: for current device, ROM_1P + LUTRAM is invalid combination for BIND_STORAGE's option 'type + impl' [clang-diagnostic-error]
#pragma HLS BIND_STORAGE variable=first_order_fixed_16::sin_cos_K1 type=ROM_1P impl=LUTRAM
                                                                        ^
C:\Nam_3_HK2_2025_2026\Do_an_1\c_inter_to_hls\denoiser\solution1\.autopilot\db\denoiser.pp.0.cpp:13115:5: warning: Added loop label VITIS_LOOP_87_1:   [xilinx-label-all-loops]
    for (int n=0; n<Nmax; n++){
    ^~~
    VITIS_LOOP_87_1: 
C:\Nam_3_HK2_2025_2026\Do_an_1\c_inter_to_hls\denoiser\solution1\.autopilot\db\denoiser.pp.0.cpp:13115:5: note: FIX-IT applied suggested code changes
C:\Nam_3_HK2_2025_2026\Do_an_1\c_inter_to_hls\denoiser\solution1\.autopilot\db\denoiser.pp.0.cpp:13161:5: warning: Added loop label VITIS_LOOP_143_1:   [xilinx-label-all-loops]
    for (int n=0; n<Nmax; n++){
    ^~~
    VITIS_LOOP_143_1: 
C:\Nam_3_HK2_2025_2026\Do_an_1\c_inter_to_hls\denoiser\solution1\.autopilot\db\denoiser.pp.0.cpp:13161:5: note: FIX-IT applied suggested code changes
C:\Nam_3_HK2_2025_2026\Do_an_1\c_inter_to_hls\denoiser\solution1\.autopilot\db\denoiser.pp.0.cpp:13324:9: warning: Added loop label VITIS_LOOP_315_1:   [xilinx-label-all-loops]
        for(int i=0;i<W-1;i++){
        ^~~
        VITIS_LOOP_315_1: 
C:\Nam_3_HK2_2025_2026\Do_an_1\c_inter_to_hls\denoiser\solution1\.autopilot\db\denoiser.pp.0.cpp:13324:9: note: FIX-IT applied suggested code changes
C:\Nam_3_HK2_2025_2026\Do_an_1\c_inter_to_hls\denoiser\solution1\.autopilot\db\denoiser.pp.0.cpp:13476:9: warning: Added loop label VITIS_LOOP_475_1:   [xilinx-label-all-loops]
        for(int i=0;i<W-1;i++){
        ^~~
        VITIS_LOOP_475_1: 
C:\Nam_3_HK2_2025_2026\Do_an_1\c_inter_to_hls\denoiser\solution1\.autopilot\db\denoiser.pp.0.cpp:13476:9: note: FIX-IT applied suggested code changes
C:\Nam_3_HK2_2025_2026\Do_an_1\c_inter_to_hls\denoiser\solution1\.autopilot\db\denoiser.pp.0.cpp:13656:5: warning: Added loop label VITIS_LOOP_655_1:   [xilinx-label-all-loops]
    for(int i=0;i<W+1;i++){
    ^~~
    VITIS_LOOP_655_1: 
C:\Nam_3_HK2_2025_2026\Do_an_1\c_inter_to_hls\denoiser\solution1\.autopilot\db\denoiser.pp.0.cpp:13656:5: note: FIX-IT applied suggested code changes
C:\Nam_3_HK2_2025_2026\Do_an_1\c_inter_to_hls\denoiser\solution1\.autopilot\db\denoiser.pp.0.cpp:13660:5: warning: Added loop label VITIS_LOOP_659_2:   [xilinx-label-all-loops]
    for(int i=0;i<W+1;i++){
    ^~~
    VITIS_LOOP_659_2: 
C:\Nam_3_HK2_2025_2026\Do_an_1\c_inter_to_hls\denoiser\solution1\.autopilot\db\denoiser.pp.0.cpp:13660:5: note: FIX-IT applied suggested code changes
C:\Nam_3_HK2_2025_2026\Do_an_1\c_inter_to_hls\denoiser\solution1\.autopilot\db\denoiser.pp.0.cpp:13770:5: warning: Added loop label VITIS_LOOP_769_1:   [xilinx-label-all-loops]
    for (int n=0; n<Nmax; n++){
    ^~~
    VITIS_LOOP_769_1: 
C:\Nam_3_HK2_2025_2026\Do_an_1\c_inter_to_hls\denoiser\solution1\.autopilot\db\denoiser.pp.0.cpp:13770:5: note: FIX-IT applied suggested code changes
C:\Nam_3_HK2_2025_2026\Do_an_1\c_inter_to_hls\denoiser\solution1\.autopilot\db\denoiser.pp.0.cpp:13860:7: warning: Added loop label VITIS_LOOP_866_1:   [xilinx-label-all-loops]
      for(int i=0;i<W-1;i++){
      ^~~
      VITIS_LOOP_866_1: 
C:\Nam_3_HK2_2025_2026\Do_an_1\c_inter_to_hls\denoiser\solution1\.autopilot\db\denoiser.pp.0.cpp:13860:7: note: FIX-IT applied suggested code changes
C:\Nam_3_HK2_2025_2026\Do_an_1\c_inter_to_hls\denoiser\solution1\.autopilot\db\denoiser.pp.0.cpp:13879:7: warning: Added loop label VITIS_LOOP_885_2:   [xilinx-label-all-loops]
      for(int i=0;i<W-1;i++){
      ^~~
      VITIS_LOOP_885_2: 
C:\Nam_3_HK2_2025_2026\Do_an_1\c_inter_to_hls\denoiser\solution1\.autopilot\db\denoiser.pp.0.cpp:13879:7: note: FIX-IT applied suggested code changes
C:\Nam_3_HK2_2025_2026\Do_an_1\c_inter_to_hls\denoiser\solution1\.autopilot\db\denoiser.pp.0.cpp:14169:5: warning: Added loop label VITIS_LOOP_1199_1:   [xilinx-label-all-loops]
    for(int i=0; i<Nmax; i++) {
    ^~~
    VITIS_LOOP_1199_1: 
C:\Nam_3_HK2_2025_2026\Do_an_1\c_inter_to_hls\denoiser\solution1\.autopilot\db\denoiser.pp.0.cpp:14169:5: note: FIX-IT applied suggested code changes
C:\Nam_3_HK2_2025_2026\Do_an_1\c_inter_to_hls\denoiser\solution1\.autopilot\db\denoiser.pp.0.cpp:14252:5: warning: Added loop label VITIS_LOOP_1282_1:   [xilinx-label-all-loops]
    for(int i=0; i<Nmax; i++) {
    ^~~
    VITIS_LOOP_1282_1: 
C:\Nam_3_HK2_2025_2026\Do_an_1\c_inter_to_hls\denoiser\solution1\.autopilot\db\denoiser.pp.0.cpp:14252:5: note: FIX-IT applied suggested code changes
C:\Nam_3_HK2_2025_2026\Do_an_1\c_inter_to_hls\denoiser\solution1\.autopilot\db\denoiser.pp.0.cpp:14658:13: warning: Added loop label VITIS_LOOP_94_1:   [xilinx-label-all-loops]
            for (int j = 3; j >= I_+1; j--) {
            ^~~
            VITIS_LOOP_94_1: 
C:\Nam_3_HK2_2025_2026\Do_an_1\c_inter_to_hls\denoiser\solution1\.autopilot\db\denoiser.pp.0.cpp:14658:13: note: FIX-IT applied suggested code changes
C:\Nam_3_HK2_2025_2026\Do_an_1\c_inter_to_hls\denoiser\solution1\.autopilot\db\denoiser.pp.0.cpp:14664:17: warning: Added loop label VITIS_LOOP_100_2:   [xilinx-label-all-loops]
                for (int j = 3; j >= I_+1; j--){
                ^~~
                VITIS_LOOP_100_2: 
C:\Nam_3_HK2_2025_2026\Do_an_1\c_inter_to_hls\denoiser\solution1\.autopilot\db\denoiser.pp.0.cpp:14664:17: note: FIX-IT applied suggested code changes
C:\Nam_3_HK2_2025_2026\Do_an_1\c_inter_to_hls\denoiser\solution1\.autopilot\db\denoiser.pp.0.cpp:14668:17: warning: Added loop label VITIS_LOOP_104_3:   [xilinx-label-all-loops]
                for (int j = I_; j >= 0; j--){
                ^~~
                VITIS_LOOP_104_3: 
C:\Nam_3_HK2_2025_2026\Do_an_1\c_inter_to_hls\denoiser\solution1\.autopilot\db\denoiser.pp.0.cpp:14668:17: note: FIX-IT applied suggested code changes
C:\Nam_3_HK2_2025_2026\Do_an_1\c_inter_to_hls\denoiser\solution1\.autopilot\db\denoiser.pp.0.cpp:14716:13: warning: Added loop label VITIS_LOOP_171_4:   [xilinx-label-all-loops]
            for (int j = 9; j >= I_+4; j--) {
            ^~~
            VITIS_LOOP_171_4: 
C:\Nam_3_HK2_2025_2026\Do_an_1\c_inter_to_hls\denoiser\solution1\.autopilot\db\denoiser.pp.0.cpp:14716:13: note: FIX-IT applied suggested code changes
C:\Nam_3_HK2_2025_2026\Do_an_1\c_inter_to_hls\denoiser\solution1\.autopilot\db\denoiser.pp.0.cpp:14722:17: warning: Added loop label VITIS_LOOP_177_5:   [xilinx-label-all-loops]
                for (int j = 9; j >= I_+4; j--){
                ^~~
                VITIS_LOOP_177_5: 
C:\Nam_3_HK2_2025_2026\Do_an_1\c_inter_to_hls\denoiser\solution1\.autopilot\db\denoiser.pp.0.cpp:14722:17: note: FIX-IT applied suggested code changes
C:\Nam_3_HK2_2025_2026\Do_an_1\c_inter_to_hls\denoiser\solution1\.autopilot\db\denoiser.pp.0.cpp:14726:17: warning: Added loop label VITIS_LOOP_181_6:   [xilinx-label-all-loops]
                for (int j = I_+3; j >= 0; j--){
                ^~~
                VITIS_LOOP_181_6: 
C:\Nam_3_HK2_2025_2026\Do_an_1\c_inter_to_hls\denoiser\solution1\.autopilot\db\denoiser.pp.0.cpp:14726:17: note: FIX-IT applied suggested code changes
C:\Nam_3_HK2_2025_2026\Do_an_1\c_inter_to_hls\denoiser\solution1\.autopilot\db\denoiser.pp.0.cpp:14741:9: warning: Added loop label VITIS_LOOP_196_7:   [xilinx-label-all-loops]
        for (int j = 14; j < 22; j++){
        ^~~
        VITIS_LOOP_196_7: 
C:\Nam_3_HK2_2025_2026\Do_an_1\c_inter_to_hls\denoiser\solution1\.autopilot\db\denoiser.pp.0.cpp:14741:9: note: FIX-IT applied suggested code changes
C:\Nam_3_HK2_2025_2026\Do_an_1\c_inter_to_hls\denoiser\solution1\.autopilot\db\denoiser.pp.0.cpp:14749:17: warning: Added loop label VITIS_LOOP_204_8:   [xilinx-label-all-loops]
                for (int j = 0; j < 22; j++){
                ^~~
                VITIS_LOOP_204_8: 
C:\Nam_3_HK2_2025_2026\Do_an_1\c_inter_to_hls\denoiser\solution1\.autopilot\db\denoiser.pp.0.cpp:14749:17: note: FIX-IT applied suggested code changes
C:\Nam_3_HK2_2025_2026\Do_an_1\c_inter_to_hls\denoiser\solution1\.autopilot\db\denoiser.pp.0.cpp:14814:13: warning: Added loop label VITIS_LOOP_269_9:   [xilinx-label-all-loops]
            for (int j = 21; j >= I_+10; j--) {
            ^~~
            VITIS_LOOP_269_9: 
C:\Nam_3_HK2_2025_2026\Do_an_1\c_inter_to_hls\denoiser\solution1\.autopilot\db\denoiser.pp.0.cpp:14814:13: note: FIX-IT applied suggested code changes
C:\Nam_3_HK2_2025_2026\Do_an_1\c_inter_to_hls\denoiser\solution1\.autopilot\db\denoiser.pp.0.cpp:14820:17: warning: Added loop label VITIS_LOOP_275_10:   [xilinx-label-all-loops]
                for (int j = 21; j >= I_+10; j--) {
                ^~~
                VITIS_LOOP_275_10: 
C:\Nam_3_HK2_2025_2026\Do_an_1\c_inter_to_hls\denoiser\solution1\.autopilot\db\denoiser.pp.0.cpp:14820:17: note: FIX-IT applied suggested code changes
C:\Nam_3_HK2_2025_2026\Do_an_1\c_inter_to_hls\denoiser\solution1\.autopilot\db\denoiser.pp.0.cpp:14824:17: warning: Added loop label VITIS_LOOP_279_11:   [xilinx-label-all-loops]
                for (int j = I_+9; j >= 0; j--) {
                ^~~
                VITIS_LOOP_279_11: 
C:\Nam_3_HK2_2025_2026\Do_an_1\c_inter_to_hls\denoiser\solution1\.autopilot\db\denoiser.pp.0.cpp:14824:17: note: FIX-IT applied suggested code changes
C:\Nam_3_HK2_2025_2026\Do_an_1\c_inter_to_hls\denoiser\solution1\.autopilot\db\denoiser.pp.0.cpp:14839:9: warning: Added loop label VITIS_LOOP_294_12:   [xilinx-label-all-loops]
        for (int j = 27; j < 46; j++){
        ^~~
        VITIS_LOOP_294_12: 
C:\Nam_3_HK2_2025_2026\Do_an_1\c_inter_to_hls\denoiser\solution1\.autopilot\db\denoiser.pp.0.cpp:14839:9: note: FIX-IT applied suggested code changes
C:\Nam_3_HK2_2025_2026\Do_an_1\c_inter_to_hls\denoiser\solution1\.autopilot\db\denoiser.pp.0.cpp:14847:17: warning: Added loop label VITIS_LOOP_302_13:   [xilinx-label-all-loops]
                for (int j = 0; j < 46; j++) {
                ^~~
                VITIS_LOOP_302_13: 
C:\Nam_3_HK2_2025_2026\Do_an_1\c_inter_to_hls\denoiser\solution1\.autopilot\db\denoiser.pp.0.cpp:14847:17: note: FIX-IT applied suggested code changes
C:\Nam_3_HK2_2025_2026\Do_an_1\c_inter_to_hls\denoiser\solution1\.autopilot\db\denoiser.pp.0.cpp:15076:13: warning: Added loop label VITIS_LOOP_531_14:   [xilinx-label-all-loops]
            for (int j = 45; j >= I_+22; j--) {
            ^~~
            VITIS_LOOP_531_14: 
C:\Nam_3_HK2_2025_2026\Do_an_1\c_inter_to_hls\denoiser\solution1\.autopilot\db\denoiser.pp.0.cpp:15076:13: note: FIX-IT applied suggested code changes
C:\Nam_3_HK2_2025_2026\Do_an_1\c_inter_to_hls\denoiser\solution1\.autopilot\db\denoiser.pp.0.cpp:15082:17: warning: Added loop label VITIS_LOOP_537_15:   [xilinx-label-all-loops]
                for (int j = 45; j >= I_+22; j--){
                ^~~
                VITIS_LOOP_537_15: 
C:\Nam_3_HK2_2025_2026\Do_an_1\c_inter_to_hls\denoiser\solution1\.autopilot\db\denoiser.pp.0.cpp:15082:17: note: FIX-IT applied suggested code changes
C:\Nam_3_HK2_2025_2026\Do_an_1\c_inter_to_hls\denoiser\solution1\.autopilot\db\denoiser.pp.0.cpp:15086:17: warning: Added loop label VITIS_LOOP_541_16:   [xilinx-label-all-loops]
                for (int j = I_+21; j >= 0; j--) {
                ^~~
                VITIS_LOOP_541_16: 
C:\Nam_3_HK2_2025_2026\Do_an_1\c_inter_to_hls\denoiser\solution1\.autopilot\db\denoiser.pp.0.cpp:15086:17: note: FIX-IT applied suggested code changes
C:\Nam_3_HK2_2025_2026\Do_an_1\c_inter_to_hls\denoiser\solution1\.autopilot\db\denoiser.pp.0.cpp:15096:9: warning: Added loop label VITIS_LOOP_551_17:   [xilinx-label-all-loops]
        for (int j = 32-F_; j < 32+I_; j++){
        ^~~
        VITIS_LOOP_551_17: 
C:\Nam_3_HK2_2025_2026\Do_an_1\c_inter_to_hls\denoiser\solution1\.autopilot\db\denoiser.pp.0.cpp:15096:9: note: FIX-IT applied suggested code changes
C:\Nam_3_HK2_2025_2026\Do_an_1\c_inter_to_hls\denoiser\solution1\.autopilot\db\denoiser.pp.0.cpp:15100:9: warning: Added loop label VITIS_LOOP_555_18:   [xilinx-label-all-loops]
        for (int j = 32+I_; j <= 64; j++){
        ^~~
        VITIS_LOOP_555_18: 
C:\Nam_3_HK2_2025_2026\Do_an_1\c_inter_to_hls\denoiser\solution1\.autopilot\db\denoiser.pp.0.cpp:15100:9: note: FIX-IT applied suggested code changes
C:\Nam_3_HK2_2025_2026\Do_an_1\c_inter_to_hls\denoiser\solution1\.autopilot\db\denoiser.pp.0.cpp:15110:9: warning: Added loop label VITIS_LOOP_565_19:   [xilinx-label-all-loops]
        for (int j = 37; j < 64; j++) {
        ^~~
        VITIS_LOOP_565_19: 
C:\Nam_3_HK2_2025_2026\Do_an_1\c_inter_to_hls\denoiser\solution1\.autopilot\db\denoiser.pp.0.cpp:15110:9: note: FIX-IT applied suggested code changes
C:\Nam_3_HK2_2025_2026\Do_an_1\c_inter_to_hls\denoiser\solution1\.autopilot\db\denoiser.pp.0.cpp:15118:17: warning: Added loop label VITIS_LOOP_573_20:   [xilinx-label-all-loops]
                for (int j = 0; j < 64; j++){
                ^~~
                VITIS_LOOP_573_20: 
C:\Nam_3_HK2_2025_2026\Do_an_1\c_inter_to_hls\denoiser\solution1\.autopilot\db\denoiser.pp.0.cpp:15118:17: note: FIX-IT applied suggested code changes
C:\Nam_3_HK2_2025_2026\Do_an_1\c_inter_to_hls\denoiser\solution1\.autopilot\db\denoiser.pp.0.cpp:15479:13: warning: Added loop label VITIS_LOOP_934_21:   [xilinx-label-all-loops]
            for (int j = 63; j >= I_+31; j--) {
            ^~~
            VITIS_LOOP_934_21: 
C:\Nam_3_HK2_2025_2026\Do_an_1\c_inter_to_hls\denoiser\solution1\.autopilot\db\denoiser.pp.0.cpp:15479:13: note: FIX-IT applied suggested code changes
C:\Nam_3_HK2_2025_2026\Do_an_1\c_inter_to_hls\denoiser\solution1\.autopilot\db\denoiser.pp.0.cpp:15485:17: warning: Added loop label VITIS_LOOP_940_22:   [xilinx-label-all-loops]
                for (int j = 63; j >= I_+31; j--) {
                ^~~
                VITIS_LOOP_940_22: 
C:\Nam_3_HK2_2025_2026\Do_an_1\c_inter_to_hls\denoiser\solution1\.autopilot\db\denoiser.pp.0.cpp:15485:17: note: FIX-IT applied suggested code changes
C:\Nam_3_HK2_2025_2026\Do_an_1\c_inter_to_hls\denoiser\solution1\.autopilot\db\denoiser.pp.0.cpp:15489:17: warning: Added loop label VITIS_LOOP_944_23:   [xilinx-label-all-loops]
                for (int j = I_+30; j >= 0; j--) {
                ^~~
                VITIS_LOOP_944_23: 
C:\Nam_3_HK2_2025_2026\Do_an_1\c_inter_to_hls\denoiser\solution1\.autopilot\db\denoiser.pp.0.cpp:15489:17: note: FIX-IT applied suggested code changes
C:\Nam_3_HK2_2025_2026\Do_an_1\c_inter_to_hls\denoiser\solution1\.autopilot\db\denoiser.pp.0.cpp:15605:13: warning: Added loop label VITIS_LOOP_1060_1:   [xilinx-label-all-loops]
            for (int j = 4; j >= I_+1; j--) {
            ^~~
            VITIS_LOOP_1060_1: 
C:\Nam_3_HK2_2025_2026\Do_an_1\c_inter_to_hls\denoiser\solution1\.autopilot\db\denoiser.pp.0.cpp:15605:13: note: FIX-IT applied suggested code changes
C:\Nam_3_HK2_2025_2026\Do_an_1\c_inter_to_hls\denoiser\solution1\.autopilot\db\denoiser.pp.0.cpp:15611:17: warning: Added loop label VITIS_LOOP_1066_2:   [xilinx-label-all-loops]
                for (int j = 4; j >= I_+1; j--) {
                ^~~
                VITIS_LOOP_1066_2: 
C:\Nam_3_HK2_2025_2026\Do_an_1\c_inter_to_hls\denoiser\solution1\.autopilot\db\denoiser.pp.0.cpp:15611:17: note: FIX-IT applied suggested code changes
C:\Nam_3_HK2_2025_2026\Do_an_1\c_inter_to_hls\denoiser\solution1\.autopilot\db\denoiser.pp.0.cpp:15615:17: warning: Added loop label VITIS_LOOP_1070_3:   [xilinx-label-all-loops]
                for (int j = I_; j >= 0; j--) {
                ^~~
                VITIS_LOOP_1070_3: 
C:\Nam_3_HK2_2025_2026\Do_an_1\c_inter_to_hls\denoiser\solution1\.autopilot\db\denoiser.pp.0.cpp:15615:17: note: FIX-IT applied suggested code changes
C:\Nam_3_HK2_2025_2026\Do_an_1\c_inter_to_hls\denoiser\solution1\.autopilot\db\denoiser.pp.0.cpp:15702:13: warning: Added loop label VITIS_LOOP_1157_4:   [xilinx-label-all-loops]
            for (int j = 10; j >= I_+4; j--) {
            ^~~
            VITIS_LOOP_1157_4: 
C:\Nam_3_HK2_2025_2026\Do_an_1\c_inter_to_hls\denoiser\solution1\.autopilot\db\denoiser.pp.0.cpp:15702:13: note: FIX-IT applied suggested code changes
C:\Nam_3_HK2_2025_2026\Do_an_1\c_inter_to_hls\denoiser\solution1\.autopilot\db\denoiser.pp.0.cpp:15708:17: warning: Added loop label VITIS_LOOP_1163_5:   [xilinx-label-all-loops]
                for (int j = 10; j >= I_+4; j--) {
                ^~~
                VITIS_LOOP_1163_5: 
C:\Nam_3_HK2_2025_2026\Do_an_1\c_inter_to_hls\denoiser\solution1\.autopilot\db\denoiser.pp.0.cpp:15708:17: note: FIX-IT applied suggested code changes
C:\Nam_3_HK2_2025_2026\Do_an_1\c_inter_to_hls\denoiser\solution1\.autopilot\db\denoiser.pp.0.cpp:15712:17: warning: Added loop label VITIS_LOOP_1167_6:   [xilinx-label-all-loops]
                for (int j = I_+3; j >= 0; j--) {
                ^~~
                VITIS_LOOP_1167_6: 
C:\Nam_3_HK2_2025_2026\Do_an_1\c_inter_to_hls\denoiser\solution1\.autopilot\db\denoiser.pp.0.cpp:15712:17: note: FIX-IT applied suggested code changes
C:\Nam_3_HK2_2025_2026\Do_an_1\c_inter_to_hls\denoiser\solution1\.autopilot\db\denoiser.pp.0.cpp:15731:9: warning: Added loop label VITIS_LOOP_1186_7:   [xilinx-label-all-loops]
        for (int j = wf+3; j < w-1; j++) {
        ^~~
        VITIS_LOOP_1186_7: 
C:\Nam_3_HK2_2025_2026\Do_an_1\c_inter_to_hls\denoiser\solution1\.autopilot\db\denoiser.pp.0.cpp:15731:9: note: FIX-IT applied suggested code changes
C:\Nam_3_HK2_2025_2026\Do_an_1\c_inter_to_hls\denoiser\solution1\.autopilot\db\denoiser.pp.0.cpp:15738:17: warning: Added loop label VITIS_LOOP_1193_8:   [xilinx-label-all-loops]
                for (int j = 0; j < 22; j++) {
                ^~~
                VITIS_LOOP_1193_8: 
C:\Nam_3_HK2_2025_2026\Do_an_1\c_inter_to_hls\denoiser\solution1\.autopilot\db\denoiser.pp.0.cpp:15738:17: note: FIX-IT applied suggested code changes
C:\Nam_3_HK2_2025_2026\Do_an_1\c_inter_to_hls\denoiser\solution1\.autopilot\db\denoiser.pp.0.cpp:15854:13: warning: Added loop label VITIS_LOOP_1309_9:   [xilinx-label-all-loops]
            for (int j = 22; j >= I_+10; j--) {
            ^~~
            VITIS_LOOP_1309_9: 
C:\Nam_3_HK2_2025_2026\Do_an_1\c_inter_to_hls\denoiser\solution1\.autopilot\db\denoiser.pp.0.cpp:15854:13: note: FIX-IT applied suggested code changes
C:\Nam_3_HK2_2025_2026\Do_an_1\c_inter_to_hls\denoiser\solution1\.autopilot\db\denoiser.pp.0.cpp:15860:17: warning: Added loop label VITIS_LOOP_1315_10:   [xilinx-label-all-loops]
                for (int j = 22; j >= I_+10; j--){
                ^~~
                VITIS_LOOP_1315_10: 
C:\Nam_3_HK2_2025_2026\Do_an_1\c_inter_to_hls\denoiser\solution1\.autopilot\db\denoiser.pp.0.cpp:15860:17: note: FIX-IT applied suggested code changes
C:\Nam_3_HK2_2025_2026\Do_an_1\c_inter_to_hls\denoiser\solution1\.autopilot\db\denoiser.pp.0.cpp:15864:17: warning: Added loop label VITIS_LOOP_1319_11:   [xilinx-label-all-loops]
                for (int j = I_+9; j >= 0; j--) {
                ^~~
                VITIS_LOOP_1319_11: 
C:\Nam_3_HK2_2025_2026\Do_an_1\c_inter_to_hls\denoiser\solution1\.autopilot\db\denoiser.pp.0.cpp:15864:17: note: FIX-IT applied suggested code changes
C:\Nam_3_HK2_2025_2026\Do_an_1\c_inter_to_hls\denoiser\solution1\.autopilot\db\denoiser.pp.0.cpp:15884:9: warning: Added loop label VITIS_LOOP_1339_12:   [xilinx-label-all-loops]
        for (int j = wf+4; j < w-1; j++){
        ^~~
        VITIS_LOOP_1339_12: 
C:\Nam_3_HK2_2025_2026\Do_an_1\c_inter_to_hls\denoiser\solution1\.autopilot\db\denoiser.pp.0.cpp:15884:9: note: FIX-IT applied suggested code changes
C:\Nam_3_HK2_2025_2026\Do_an_1\c_inter_to_hls\denoiser\solution1\.autopilot\db\denoiser.pp.0.cpp:15891:17: warning: Added loop label VITIS_LOOP_1346_13:   [xilinx-label-all-loops]
                for (int j = 0; j < 46; j++) {
                ^~~
                VITIS_LOOP_1346_13: 
C:\Nam_3_HK2_2025_2026\Do_an_1\c_inter_to_hls\denoiser\solution1\.autopilot\db\denoiser.pp.0.cpp:15891:17: note: FIX-IT applied suggested code changes
C:\Nam_3_HK2_2025_2026\Do_an_1\c_inter_to_hls\denoiser\solution1\.autopilot\db\denoiser.pp.0.cpp:16153:13: warning: Added loop label VITIS_LOOP_1608_14:   [xilinx-label-all-loops]
            for (int j = 46; j >= I_+22; j--) {
            ^~~
            VITIS_LOOP_1608_14: 
C:\Nam_3_HK2_2025_2026\Do_an_1\c_inter_to_hls\denoiser\solution1\.autopilot\db\denoiser.pp.0.cpp:16153:13: note: FIX-IT applied suggested code changes
C:\Nam_3_HK2_2025_2026\Do_an_1\c_inter_to_hls\denoiser\solution1\.autopilot\db\denoiser.pp.0.cpp:16159:17: warning: Added loop label VITIS_LOOP_1614_15:   [xilinx-label-all-loops]
                for (int j = 46; j >= I_+22; j--) {
                ^~~
                VITIS_LOOP_1614_15: 
C:\Nam_3_HK2_2025_2026\Do_an_1\c_inter_to_hls\denoiser\solution1\.autopilot\db\denoiser.pp.0.cpp:16159:17: note: FIX-IT applied suggested code changes
C:\Nam_3_HK2_2025_2026\Do_an_1\c_inter_to_hls\denoiser\solution1\.autopilot\db\denoiser.pp.0.cpp:16163:17: warning: Added loop label VITIS_LOOP_1618_16:   [xilinx-label-all-loops]
                for (int j = I_+21; j >= 0; j--) {
                ^~~
                VITIS_LOOP_1618_16: 
C:\Nam_3_HK2_2025_2026\Do_an_1\c_inter_to_hls\denoiser\solution1\.autopilot\db\denoiser.pp.0.cpp:16163:17: note: FIX-IT applied suggested code changes
C:\Nam_3_HK2_2025_2026\Do_an_1\c_inter_to_hls\denoiser\solution1\.autopilot\db\denoiser.pp.0.cpp:16187:9: warning: Added loop label VITIS_LOOP_1642_17:   [xilinx-label-all-loops]
        for (int j = wf+5; j < w-1; j++){
        ^~~
        VITIS_LOOP_1642_17: 
C:\Nam_3_HK2_2025_2026\Do_an_1\c_inter_to_hls\denoiser\solution1\.autopilot\db\denoiser.pp.0.cpp:16187:9: note: FIX-IT applied suggested code changes
C:\Nam_3_HK2_2025_2026\Do_an_1\c_inter_to_hls\denoiser\solution1\.autopilot\db\denoiser.pp.0.cpp:16194:17: warning: Added loop label VITIS_LOOP_1649_18:   [xilinx-label-all-loops]
                for (int j = 0; j < 64; j++) {
                ^~~
                VITIS_LOOP_1649_18: 
C:\Nam_3_HK2_2025_2026\Do_an_1\c_inter_to_hls\denoiser\solution1\.autopilot\db\denoiser.pp.0.cpp:16194:17: note: FIX-IT applied suggested code changes
C:\Nam_3_HK2_2025_2026\Do_an_1\c_inter_to_hls\denoiser\solution1\.autopilot\db\denoiser.pp.0.cpp:16624:13: warning: Added loop label VITIS_LOOP_2079_19:   [xilinx-label-all-loops]
            for (int j = 64; j >= I_+31; j--) {
            ^~~
            VITIS_LOOP_2079_19: 
C:\Nam_3_HK2_2025_2026\Do_an_1\c_inter_to_hls\denoiser\solution1\.autopilot\db\denoiser.pp.0.cpp:16624:13: note: FIX-IT applied suggested code changes
C:\Nam_3_HK2_2025_2026\Do_an_1\c_inter_to_hls\denoiser\solution1\.autopilot\db\denoiser.pp.0.cpp:16630:17: warning: Added loop label VITIS_LOOP_2085_20:   [xilinx-label-all-loops]
                for (int j = 64; j >= I_+31; j--) {
                ^~~
                VITIS_LOOP_2085_20: 
C:\Nam_3_HK2_2025_2026\Do_an_1\c_inter_to_hls\denoiser\solution1\.autopilot\db\denoiser.pp.0.cpp:16630:17: note: FIX-IT applied suggested code changes
C:\Nam_3_HK2_2025_2026\Do_an_1\c_inter_to_hls\denoiser\solution1\.autopilot\db\denoiser.pp.0.cpp:16634:17: warning: Added loop label VITIS_LOOP_2089_21:   [xilinx-label-all-loops]
                for (int j = I_+30; j >= 0; j--) {
                ^~~
                VITIS_LOOP_2089_21: 
C:\Nam_3_HK2_2025_2026\Do_an_1\c_inter_to_hls\denoiser\solution1\.autopilot\db\denoiser.pp.0.cpp:16634:17: note: FIX-IT applied suggested code changes
C:\Nam_3_HK2_2025_2026\Do_an_1\c_inter_to_hls\denoiser\solution1\.autopilot\db\denoiser.pp.0.cpp:16764:13: warning: Added loop label VITIS_LOOP_2219_1:   [xilinx-label-all-loops]
            for(int j=3; j>=I+1; j--) {
            ^~~
            VITIS_LOOP_2219_1: 
C:\Nam_3_HK2_2025_2026\Do_an_1\c_inter_to_hls\denoiser\solution1\.autopilot\db\denoiser.pp.0.cpp:16764:13: note: FIX-IT applied suggested code changes
C:\Nam_3_HK2_2025_2026\Do_an_1\c_inter_to_hls\denoiser\solution1\.autopilot\db\denoiser.pp.0.cpp:16771:17: warning: Added loop label VITIS_LOOP_2226_2:   [xilinx-label-all-loops]
                for(int j=3; j>=I+1; j--) {
                ^~~
                VITIS_LOOP_2226_2: 
C:\Nam_3_HK2_2025_2026\Do_an_1\c_inter_to_hls\denoiser\solution1\.autopilot\db\denoiser.pp.0.cpp:16771:17: note: FIX-IT applied suggested code changes
C:\Nam_3_HK2_2025_2026\Do_an_1\c_inter_to_hls\denoiser\solution1\.autopilot\db\denoiser.pp.0.cpp:16775:17: warning: Added loop label VITIS_LOOP_2230_3:   [xilinx-label-all-loops]
                for(int j=I; j>=0; j--) {
                ^~~
                VITIS_LOOP_2230_3: 
C:\Nam_3_HK2_2025_2026\Do_an_1\c_inter_to_hls\denoiser\solution1\.autopilot\db\denoiser.pp.0.cpp:16775:17: note: FIX-IT applied suggested code changes
C:\Nam_3_HK2_2025_2026\Do_an_1\c_inter_to_hls\denoiser\solution1\.autopilot\db\denoiser.pp.0.cpp:16822:13: warning: Added loop label VITIS_LOOP_2277_4:   [xilinx-label-all-loops]
            for(int j=7; j>=3+I; j--) {
            ^~~
            VITIS_LOOP_2277_4: 
C:\Nam_3_HK2_2025_2026\Do_an_1\c_inter_to_hls\denoiser\solution1\.autopilot\db\denoiser.pp.0.cpp:16822:13: note: FIX-IT applied suggested code changes
C:\Nam_3_HK2_2025_2026\Do_an_1\c_inter_to_hls\denoiser\solution1\.autopilot\db\denoiser.pp.0.cpp:16829:17: warning: Added loop label VITIS_LOOP_2284_5:   [xilinx-label-all-loops]
                for(int j=7; j>=3+I; j--) {
                ^~~
                VITIS_LOOP_2284_5: 
C:\Nam_3_HK2_2025_2026\Do_an_1\c_inter_to_hls\denoiser\solution1\.autopilot\db\denoiser.pp.0.cpp:16829:17: note: FIX-IT applied suggested code changes
C:\Nam_3_HK2_2025_2026\Do_an_1\c_inter_to_hls\denoiser\solution1\.autopilot\db\denoiser.pp.0.cpp:16833:17: warning: Added loop label VITIS_LOOP_2288_6:   [xilinx-label-all-loops]
                for(int j=I+2; j>=0; j--) {
                ^~~
                VITIS_LOOP_2288_6: 
C:\Nam_3_HK2_2025_2026\Do_an_1\c_inter_to_hls\denoiser\solution1\.autopilot\db\denoiser.pp.0.cpp:16833:17: note: FIX-IT applied suggested code changes
C:\Nam_3_HK2_2025_2026\Do_an_1\c_inter_to_hls\denoiser\solution1\.autopilot\db\denoiser.pp.0.cpp:16851:9: warning: Added loop label VITIS_LOOP_2306_7:   [xilinx-label-all-loops]
        for(int j=11; j<16; j++) {
        ^~~
        VITIS_LOOP_2306_7: 
C:\Nam_3_HK2_2025_2026\Do_an_1\c_inter_to_hls\denoiser\solution1\.autopilot\db\denoiser.pp.0.cpp:16851:9: note: FIX-IT applied suggested code changes
C:\Nam_3_HK2_2025_2026\Do_an_1\c_inter_to_hls\denoiser\solution1\.autopilot\db\denoiser.pp.0.cpp:16906:13: warning: Added loop label VITIS_LOOP_2361_8:   [xilinx-label-all-loops]
            for(int j=15; j>=7+I; j--) {
            ^~~
            VITIS_LOOP_2361_8: 
C:\Nam_3_HK2_2025_2026\Do_an_1\c_inter_to_hls\denoiser\solution1\.autopilot\db\denoiser.pp.0.cpp:16906:13: note: FIX-IT applied suggested code changes
C:\Nam_3_HK2_2025_2026\Do_an_1\c_inter_to_hls\denoiser\solution1\.autopilot\db\denoiser.pp.0.cpp:16913:17: warning: Added loop label VITIS_LOOP_2368_9:   [xilinx-label-all-loops]
                for(int j=15; j>=7+I; j--) {
                ^~~
                VITIS_LOOP_2368_9: 
C:\Nam_3_HK2_2025_2026\Do_an_1\c_inter_to_hls\denoiser\solution1\.autopilot\db\denoiser.pp.0.cpp:16913:17: note: FIX-IT applied suggested code changes
C:\Nam_3_HK2_2025_2026\Do_an_1\c_inter_to_hls\denoiser\solution1\.autopilot\db\denoiser.pp.0.cpp:16917:17: warning: Added loop label VITIS_LOOP_2372_10:   [xilinx-label-all-loops]
                for(int j=6+I; j>=0; j--) {
                ^~~
                VITIS_LOOP_2372_10: 
C:\Nam_3_HK2_2025_2026\Do_an_1\c_inter_to_hls\denoiser\solution1\.autopilot\db\denoiser.pp.0.cpp:16917:17: note: FIX-IT applied suggested code changes
C:\Nam_3_HK2_2025_2026\Do_an_1\c_inter_to_hls\denoiser\solution1\.autopilot\db\denoiser.pp.0.cpp:16935:9: warning: Added loop label VITIS_LOOP_2390_11:   [xilinx-label-all-loops]
        for(int j=20; j<32; j++) {
        ^~~
        VITIS_LOOP_2390_11: 
C:\Nam_3_HK2_2025_2026\Do_an_1\c_inter_to_hls\denoiser\solution1\.autopilot\db\denoiser.pp.0.cpp:16935:9: note: FIX-IT applied suggested code changes
C:\Nam_3_HK2_2025_2026\Do_an_1\c_inter_to_hls\denoiser\solution1\.autopilot\db\denoiser.pp.0.cpp:17024:13: warning: Added loop label VITIS_LOOP_2479_12:   [xilinx-label-all-loops]
            for(int j=31; j>=I+15; j--) {
            ^~~
            VITIS_LOOP_2479_12: 
C:\Nam_3_HK2_2025_2026\Do_an_1\c_inter_to_hls\denoiser\solution1\.autopilot\db\denoiser.pp.0.cpp:17024:13: note: FIX-IT applied suggested code changes
C:\Nam_3_HK2_2025_2026\Do_an_1\c_inter_to_hls\denoiser\solution1\.autopilot\db\denoiser.pp.0.cpp:17031:17: warning: Added loop label VITIS_LOOP_2486_13:   [xilinx-label-all-loops]
                for(int j=31; j>=I+15; j--) {
                ^~~
                VITIS_LOOP_2486_13: 
C:\Nam_3_HK2_2025_2026\Do_an_1\c_inter_to_hls\denoiser\solution1\.autopilot\db\denoiser.pp.0.cpp:17031:17: note: FIX-IT applied suggested code changes
C:\Nam_3_HK2_2025_2026\Do_an_1\c_inter_to_hls\denoiser\solution1\.autopilot\db\denoiser.pp.0.cpp:17035:17: warning: Added loop label VITIS_LOOP_2490_14:   [xilinx-label-all-loops]
                for(int j=I+14; j>=0; j--) {
                ^~~
                VITIS_LOOP_2490_14: 
C:\Nam_3_HK2_2025_2026\Do_an_1\c_inter_to_hls\denoiser\solution1\.autopilot\db\denoiser.pp.0.cpp:17035:17: note: FIX-IT applied suggested code changes
C:\Nam_3_HK2_2025_2026\Do_an_1\c_inter_to_hls\denoiser\solution1\.autopilot\db\denoiser.pp.0.cpp:17045:9: warning: Added loop label VITIS_LOOP_2500_15:   [xilinx-label-all-loops]
        for(int j=32-F; j<32+I; j++) {
        ^~~
        VITIS_LOOP_2500_15: 
C:\Nam_3_HK2_2025_2026\Do_an_1\c_inter_to_hls\denoiser\solution1\.autopilot\db\denoiser.pp.0.cpp:17045:9: note: FIX-IT applied suggested code changes
C:\Nam_3_HK2_2025_2026\Do_an_1\c_inter_to_hls\denoiser\solution1\.autopilot\db\denoiser.pp.0.cpp:17049:9: warning: Added loop label VITIS_LOOP_2504_16:   [xilinx-label-all-loops]
        for(int j=32+I; j<=64; j++) {
        ^~~
        VITIS_LOOP_2504_16: 
C:\Nam_3_HK2_2025_2026\Do_an_1\c_inter_to_hls\denoiser\solution1\.autopilot\db\denoiser.pp.0.cpp:17049:9: note: FIX-IT applied suggested code changes
C:\Nam_3_HK2_2025_2026\Do_an_1\c_inter_to_hls\denoiser\solution1\.autopilot\db\denoiser.pp.0.cpp:17060:9: warning: Added loop label VITIS_LOOP_2515_17:   [xilinx-label-all-loops]
        for(int j=37; j<64; j++) {
        ^~~
        VITIS_LOOP_2515_17: 
C:\Nam_3_HK2_2025_2026\Do_an_1\c_inter_to_hls\denoiser\solution1\.autopilot\db\denoiser.pp.0.cpp:17060:9: note: FIX-IT applied suggested code changes
C:\Nam_3_HK2_2025_2026\Do_an_1\c_inter_to_hls\denoiser\solution1\.autopilot\db\denoiser.pp.0.cpp:17068:17: warning: Added loop label VITIS_LOOP_2523_18:   [xilinx-label-all-loops]
                for(int j=0; j<64; j++) {
                ^~~
                VITIS_LOOP_2523_18: 
C:\Nam_3_HK2_2025_2026\Do_an_1\c_inter_to_hls\denoiser\solution1\.autopilot\db\denoiser.pp.0.cpp:17068:17: note: FIX-IT applied suggested code changes
C:\Nam_3_HK2_2025_2026\Do_an_1\c_inter_to_hls\denoiser\solution1\.autopilot\db\denoiser.pp.0.cpp:17393:13: warning: Added loop label VITIS_LOOP_2848_19:   [xilinx-label-all-loops]
            for(int j=63; j>=I+31; j--) {
            ^~~
            VITIS_LOOP_2848_19: 
C:\Nam_3_HK2_2025_2026\Do_an_1\c_inter_to_hls\denoiser\solution1\.autopilot\db\denoiser.pp.0.cpp:17393:13: note: FIX-IT applied suggested code changes
C:\Nam_3_HK2_2025_2026\Do_an_1\c_inter_to_hls\denoiser\solution1\.autopilot\db\denoiser.pp.0.cpp:17400:17: warning: Added loop label VITIS_LOOP_2855_20:   [xilinx-label-all-loops]
                for(int j=63; j>=I+31; j--) {
                ^~~
                VITIS_LOOP_2855_20: 
C:\Nam_3_HK2_2025_2026\Do_an_1\c_inter_to_hls\denoiser\solution1\.autopilot\db\denoiser.pp.0.cpp:17400:17: note: FIX-IT applied suggested code changes
C:\Nam_3_HK2_2025_2026\Do_an_1\c_inter_to_hls\denoiser\solution1\.autopilot\db\denoiser.pp.0.cpp:17404:17: warning: Added loop label VITIS_LOOP_2859_21:   [xilinx-label-all-loops]
                for(int j=I+30; j>=0; j--) {
                ^~~
                VITIS_LOOP_2859_21: 
C:\Nam_3_HK2_2025_2026\Do_an_1\c_inter_to_hls\denoiser\solution1\.autopilot\db\denoiser.pp.0.cpp:17404:17: note: FIX-IT applied suggested code changes
C:\Nam_3_HK2_2025_2026\Do_an_1\c_inter_to_hls\denoiser\solution1\.autopilot\db\denoiser.pp.0.cpp:17492:4: warning: Added loop label VITIS_LOOP_2947_1:   [xilinx-label-all-loops]
   for(int j = 5; j>=I_+2; j--) {
   ^~~
   VITIS_LOOP_2947_1: 
C:\Nam_3_HK2_2025_2026\Do_an_1\c_inter_to_hls\denoiser\solution1\.autopilot\db\denoiser.pp.0.cpp:17492:4: note: FIX-IT applied suggested code changes
C:\Nam_3_HK2_2025_2026\Do_an_1\c_inter_to_hls\denoiser\solution1\.autopilot\db\denoiser.pp.0.cpp:17499:5: warning: Added loop label VITIS_LOOP_2954_2:   [xilinx-label-all-loops]
    for(int j = 5; j>=I_+2; j--) {
    ^~~
    VITIS_LOOP_2954_2: 
C:\Nam_3_HK2_2025_2026\Do_an_1\c_inter_to_hls\denoiser\solution1\.autopilot\db\denoiser.pp.0.cpp:17499:5: note: FIX-IT applied suggested code changes
C:\Nam_3_HK2_2025_2026\Do_an_1\c_inter_to_hls\denoiser\solution1\.autopilot\db\denoiser.pp.0.cpp:17503:5: warning: Added loop label VITIS_LOOP_2958_3:   [xilinx-label-all-loops]
    for(int j = I_+1; j>=0; j--) {
    ^~~
    VITIS_LOOP_2958_3: 
C:\Nam_3_HK2_2025_2026\Do_an_1\c_inter_to_hls\denoiser\solution1\.autopilot\db\denoiser.pp.0.cpp:17503:5: note: FIX-IT applied suggested code changes
C:\Nam_3_HK2_2025_2026\Do_an_1\c_inter_to_hls\denoiser\solution1\.autopilot\db\denoiser.pp.0.cpp:17518:3: warning: Added loop label VITIS_LOOP_2973_4:   [xilinx-label-all-loops]
  for(int j = 11; j >=7; j--) {
  ^~~
  VITIS_LOOP_2973_4: 
C:\Nam_3_HK2_2025_2026\Do_an_1\c_inter_to_hls\denoiser\solution1\.autopilot\db\denoiser.pp.0.cpp:17518:3: note: FIX-IT applied suggested code changes
C:\Nam_3_HK2_2025_2026\Do_an_1\c_inter_to_hls\denoiser\solution1\.autopilot\db\denoiser.pp.0.cpp:17550:4: warning: Added loop label VITIS_LOOP_3005_5:   [xilinx-label-all-loops]
   for(int j = 11; j >= I_+5; j--) {
   ^~~
   VITIS_LOOP_3005_5: 
C:\Nam_3_HK2_2025_2026\Do_an_1\c_inter_to_hls\denoiser\solution1\.autopilot\db\denoiser.pp.0.cpp:17550:4: note: FIX-IT applied suggested code changes
C:\Nam_3_HK2_2025_2026\Do_an_1\c_inter_to_hls\denoiser\solution1\.autopilot\db\denoiser.pp.0.cpp:17557:5: warning: Added loop label VITIS_LOOP_3012_6:   [xilinx-label-all-loops]
    for(int j = 11; j>= I_+5; j--) {
    ^~~
    VITIS_LOOP_3012_6: 
C:\Nam_3_HK2_2025_2026\Do_an_1\c_inter_to_hls\denoiser\solution1\.autopilot\db\denoiser.pp.0.cpp:17557:5: note: FIX-IT applied suggested code changes
C:\Nam_3_HK2_2025_2026\Do_an_1\c_inter_to_hls\denoiser\solution1\.autopilot\db\denoiser.pp.0.cpp:17561:5: warning: Added loop label VITIS_LOOP_3016_7:   [xilinx-label-all-loops]
    for(int j = I_+4; j>=0; j--) {
    ^~~
    VITIS_LOOP_3016_7: 
C:\Nam_3_HK2_2025_2026\Do_an_1\c_inter_to_hls\denoiser\solution1\.autopilot\db\denoiser.pp.0.cpp:17561:5: note: FIX-IT applied suggested code changes
C:\Nam_3_HK2_2025_2026\Do_an_1\c_inter_to_hls\denoiser\solution1\.autopilot\db\denoiser.pp.0.cpp:17576:3: warning: Added loop label VITIS_LOOP_3031_8:   [xilinx-label-all-loops]
  for(int j = 25; j>=15; j--) {
  ^~~
  VITIS_LOOP_3031_8: 
C:\Nam_3_HK2_2025_2026\Do_an_1\c_inter_to_hls\denoiser\solution1\.autopilot\db\denoiser.pp.0.cpp:17576:3: note: FIX-IT applied suggested code changes
C:\Nam_3_HK2_2025_2026\Do_an_1\c_inter_to_hls\denoiser\solution1\.autopilot\db\denoiser.pp.0.cpp:17626:4: warning: Added loop label VITIS_LOOP_3081_9:   [xilinx-label-all-loops]
   for(int j = 25; j>= I_+12; j--) {
   ^~~
   VITIS_LOOP_3081_9: 
C:\Nam_3_HK2_2025_2026\Do_an_1\c_inter_to_hls\denoiser\solution1\.autopilot\db\denoiser.pp.0.cpp:17626:4: note: FIX-IT applied suggested code changes
C:\Nam_3_HK2_2025_2026\Do_an_1\c_inter_to_hls\denoiser\solution1\.autopilot\db\denoiser.pp.0.cpp:17633:5: warning: Added loop label VITIS_LOOP_3088_10:   [xilinx-label-all-loops]
    for(int j = 25; j>=I_+12; j--) {
    ^~~
    VITIS_LOOP_3088_10: 
C:\Nam_3_HK2_2025_2026\Do_an_1\c_inter_to_hls\denoiser\solution1\.autopilot\db\denoiser.pp.0.cpp:17633:5: note: FIX-IT applied suggested code changes
C:\Nam_3_HK2_2025_2026\Do_an_1\c_inter_to_hls\denoiser\solution1\.autopilot\db\denoiser.pp.0.cpp:17637:5: warning: Added loop label VITIS_LOOP_3092_11:   [xilinx-label-all-loops]
    for(int j = I_+11; j>=0; j--) {
    ^~~
    VITIS_LOOP_3092_11: 
C:\Nam_3_HK2_2025_2026\Do_an_1\c_inter_to_hls\denoiser\solution1\.autopilot\db\denoiser.pp.0.cpp:17637:5: note: FIX-IT applied suggested code changes
C:\Nam_3_HK2_2025_2026\Do_an_1\c_inter_to_hls\denoiser\solution1\.autopilot\db\denoiser.pp.0.cpp:17652:3: warning: Added loop label VITIS_LOOP_3107_12:   [xilinx-label-all-loops]
  for(int j = 51; j >= 29; j--) {
  ^~~
  VITIS_LOOP_3107_12: 
C:\Nam_3_HK2_2025_2026\Do_an_1\c_inter_to_hls\denoiser\solution1\.autopilot\db\denoiser.pp.0.cpp:17652:3: note: FIX-IT applied suggested code changes
C:\Nam_3_HK2_2025_2026\Do_an_1\c_inter_to_hls\denoiser\solution1\.autopilot\db\denoiser.pp.0.cpp:17789:4: warning: Added loop label VITIS_LOOP_3244_13:   [xilinx-label-all-loops]
   for(int j = 51; j >= 25 + I_; j--) {
   ^~~
   VITIS_LOOP_3244_13: 
C:\Nam_3_HK2_2025_2026\Do_an_1\c_inter_to_hls\denoiser\solution1\.autopilot\db\denoiser.pp.0.cpp:17789:4: note: FIX-IT applied suggested code changes
C:\Nam_3_HK2_2025_2026\Do_an_1\c_inter_to_hls\denoiser\solution1\.autopilot\db\denoiser.pp.0.cpp:17796:5: warning: Added loop label VITIS_LOOP_3251_14:   [xilinx-label-all-loops]
    for(int j = 51; j>=25 + I_; j--) {
    ^~~
    VITIS_LOOP_3251_14: 
C:\Nam_3_HK2_2025_2026\Do_an_1\c_inter_to_hls\denoiser\solution1\.autopilot\db\denoiser.pp.0.cpp:17796:5: note: FIX-IT applied suggested code changes
C:\Nam_3_HK2_2025_2026\Do_an_1\c_inter_to_hls\denoiser\solution1\.autopilot\db\denoiser.pp.0.cpp:17800:5: warning: Added loop label VITIS_LOOP_3255_15:   [xilinx-label-all-loops]
    for(int j = 24 + I_; j >= 0; j--) {
    ^~~
    VITIS_LOOP_3255_15: 
C:\Nam_3_HK2_2025_2026\Do_an_1\c_inter_to_hls\denoiser\solution1\.autopilot\db\denoiser.pp.0.cpp:17800:5: note: FIX-IT applied suggested code changes
C:\Nam_3_HK2_2025_2026\Do_an_1\c_inter_to_hls\denoiser\solution1\.autopilot\db\denoiser.pp.0.cpp:17815:3: warning: Added loop label VITIS_LOOP_3270_16:   [xilinx-label-all-loops]
  for(int j = 63; j >= 36; j--) {
  ^~~
  VITIS_LOOP_3270_16: 
C:\Nam_3_HK2_2025_2026\Do_an_1\c_inter_to_hls\denoiser\solution1\.autopilot\db\denoiser.pp.0.cpp:17815:3: note: FIX-IT applied suggested code changes
C:\Nam_3_HK2_2025_2026\Do_an_1\c_inter_to_hls\denoiser\solution1\.autopilot\db\denoiser.pp.0.cpp:17975:4: warning: Added loop label VITIS_LOOP_3430_17:   [xilinx-label-all-loops]
   for(int j = 63; j >= 31 + I_; j--) {
   ^~~
   VITIS_LOOP_3430_17: 
C:\Nam_3_HK2_2025_2026\Do_an_1\c_inter_to_hls\denoiser\solution1\.autopilot\db\denoiser.pp.0.cpp:17975:4: note: FIX-IT applied suggested code changes
C:\Nam_3_HK2_2025_2026\Do_an_1\c_inter_to_hls\denoiser\solution1\.autopilot\db\denoiser.pp.0.cpp:17982:5: warning: Added loop label VITIS_LOOP_3437_18:   [xilinx-label-all-loops]
    for(int j = 63; j >= 31 + I_; j--) {
    ^~~
    VITIS_LOOP_3437_18: 
C:\Nam_3_HK2_2025_2026\Do_an_1\c_inter_to_hls\denoiser\solution1\.autopilot\db\denoiser.pp.0.cpp:17982:5: note: FIX-IT applied suggested code changes
C:\Nam_3_HK2_2025_2026\Do_an_1\c_inter_to_hls\denoiser\solution1\.autopilot\db\denoiser.pp.0.cpp:17986:5: warning: Added loop label VITIS_LOOP_3441_19:   [xilinx-label-all-loops]
    for(int j = 30 + I_; j >= 0; j--) {
    ^~~
    VITIS_LOOP_3441_19: 
C:\Nam_3_HK2_2025_2026\Do_an_1\c_inter_to_hls\denoiser\solution1\.autopilot\db\denoiser.pp.0.cpp:17986:5: note: FIX-IT applied suggested code changes
C:\Nam_3_HK2_2025_2026\Do_an_1\c_inter_to_hls\denoiser\solution1\.autopilot\db\denoiser.pp.0.cpp:18701:13: warning: Added loop label VITIS_LOOP_729_1:   [xilinx-label-all-loops]
            for (b_exp = I_-1; b_exp >= -F_; b_exp--) {
            ^~~
            VITIS_LOOP_729_1: 
C:\Nam_3_HK2_2025_2026\Do_an_1\c_inter_to_hls\denoiser\solution1\.autopilot\db\denoiser.pp.0.cpp:18701:13: note: FIX-IT applied suggested code changes
C:\Nam_3_HK2_2025_2026\Do_an_1\c_inter_to_hls\denoiser\solution1\.autopilot\db\denoiser.pp.0.cpp:18919:13: warning: Added loop label VITIS_LOOP_947_1:   [xilinx-label-all-loops]
            for (b_exp = I_-1; b_exp >= -F_; b_exp--) {
            ^~~
            VITIS_LOOP_947_1: 
C:\Nam_3_HK2_2025_2026\Do_an_1\c_inter_to_hls\denoiser\solution1\.autopilot\db\denoiser.pp.0.cpp:18919:13: note: FIX-IT applied suggested code changes
C:\Nam_3_HK2_2025_2026\Do_an_1\c_inter_to_hls\denoiser\solution1\.autopilot\db\denoiser.pp.0.cpp:19336:13: warning: Added loop label VITIS_LOOP_1371_1:   [xilinx-label-all-loops]
            for (b_exp = I_-1; b_exp >= -F_; b_exp--) {
            ^~~
            VITIS_LOOP_1371_1: 
C:\Nam_3_HK2_2025_2026\Do_an_1\c_inter_to_hls\denoiser\solution1\.autopilot\db\denoiser.pp.0.cpp:19336:13: note: FIX-IT applied suggested code changes
C:\Nam_3_HK2_2025_2026\Do_an_1\c_inter_to_hls\denoiser\solution1\.autopilot\db\denoiser.pp.0.cpp:19650:9: warning: Added loop label VITIS_LOOP_266_1:   [xilinx-label-all-loops]
        for ( int pos = msbr-1; pos >= 0; pos-- ) {
        ^~~
        VITIS_LOOP_266_1: 
C:\Nam_3_HK2_2025_2026\Do_an_1\c_inter_to_hls\denoiser\solution1\.autopilot\db\denoiser.pp.0.cpp:19650:9: note: FIX-IT applied suggested code changes
C:\Nam_3_HK2_2025_2026\Do_an_1\c_inter_to_hls\denoiser\solution1\.autopilot\db\denoiser.pp.0.cpp:19678:9: warning: Added loop label VITIS_LOOP_294_2:   [xilinx-label-all-loops]
        for ( int pos = -1; pos >= -F_-1; pos-- ) {
        ^~~
        VITIS_LOOP_294_2: 
C:\Nam_3_HK2_2025_2026\Do_an_1\c_inter_to_hls\denoiser\solution1\.autopilot\db\denoiser.pp.0.cpp:19678:9: note: FIX-IT applied suggested code changes
C:\Nam_3_HK2_2025_2026\Do_an_1\c_inter_to_hls\denoiser\solution1\.autopilot\db\denoiser.pp.0.cpp:20373:13: warning: Added loop label VITIS_LOOP_74_1:   [xilinx-label-all-loops]
            for (int j = 0; j < W_-1; j++){
            ^~~
            VITIS_LOOP_74_1: 
C:\Nam_3_HK2_2025_2026\Do_an_1\c_inter_to_hls\denoiser\solution1\.autopilot\db\denoiser.pp.0.cpp:20373:13: note: FIX-IT applied suggested code changes
C:\Nam_3_HK2_2025_2026\Do_an_1\c_inter_to_hls\denoiser\solution1\.autopilot\db\denoiser.pp.0.cpp:20426:5: warning: Added loop label VITIS_LOOP_135_2:   [xilinx-label-all-loops]
    for (int j = F_l+F_+I_m-1; j < F_l+W_+5; j++){
    ^~~
    VITIS_LOOP_135_2: 
C:\Nam_3_HK2_2025_2026\Do_an_1\c_inter_to_hls\denoiser\solution1\.autopilot\db\denoiser.pp.0.cpp:20426:5: note: FIX-IT applied suggested code changes
C:\Nam_3_HK2_2025_2026\Do_an_1\c_inter_to_hls\denoiser\solution1\.autopilot\db\denoiser.pp.0.cpp:20440:13: warning: Added loop label VITIS_LOOP_149_3:   [xilinx-label-all-loops]
            for (int j = WO_m-1; j >= W_-1; j--) {
            ^~~
            VITIS_LOOP_149_3: 
C:\Nam_3_HK2_2025_2026\Do_an_1\c_inter_to_hls\denoiser\solution1\.autopilot\db\denoiser.pp.0.cpp:20440:13: note: FIX-IT applied suggested code changes
C:\Nam_3_HK2_2025_2026\Do_an_1\c_inter_to_hls\denoiser\solution1\.autopilot\db\denoiser.pp.0.cpp:20470:13: warning: Added loop label VITIS_LOOP_179_4:   [xilinx-label-all-loops]
            for (int j = W_-2; j >= 0; j--){
            ^~~
            VITIS_LOOP_179_4: 
C:\Nam_3_HK2_2025_2026\Do_an_1\c_inter_to_hls\denoiser\solution1\.autopilot\db\denoiser.pp.0.cpp:20470:13: note: FIX-IT applied suggested code changes
C:\Nam_3_HK2_2025_2026\Do_an_1\c_inter_to_hls\denoiser\solution1\.autopilot\db\denoiser.pp.0.cpp:20555:12: warning: Added loop label VITIS_LOOP_307_1:   [xilinx-label-all-loops]
           for(int i = wf_log+we_log-2; i > WI_e - 2; --i) {
           ^~~
           VITIS_LOOP_307_1: 
C:\Nam_3_HK2_2025_2026\Do_an_1\c_inter_to_hls\denoiser\solution1\.autopilot\db\denoiser.pp.0.cpp:20555:12: note: FIX-IT applied suggested code changes
C:\Nam_3_HK2_2025_2026\Do_an_1\c_inter_to_hls\denoiser\solution1\.autopilot\db\denoiser.pp.0.cpp:20575:16: warning: Added loop label VITIS_LOOP_327_2:   [xilinx-label-all-loops]
               for (int j = WO_e-1; j >= W_-1; j--) {
               ^~~
               VITIS_LOOP_327_2: 
C:\Nam_3_HK2_2025_2026\Do_an_1\c_inter_to_hls\denoiser\solution1\.autopilot\db\denoiser.pp.0.cpp:20575:16: note: FIX-IT applied suggested code changes
C:\Nam_3_HK2_2025_2026\Do_an_1\c_inter_to_hls\denoiser\solution1\.autopilot\db\denoiser.pp.0.cpp:20589:20: warning: Added loop label VITIS_LOOP_341_3:   [xilinx-label-all-loops]
                   for(int i = 0; i < W_-1; ++i) {
                   ^~~
                   VITIS_LOOP_341_3: 
C:\Nam_3_HK2_2025_2026\Do_an_1\c_inter_to_hls\denoiser\solution1\.autopilot\db\denoiser.pp.0.cpp:20589:20: note: FIX-IT applied suggested code changes
C:\Nam_3_HK2_2025_2026\Do_an_1\c_inter_to_hls\denoiser\solution1\.autopilot\db\denoiser.pp.0.cpp:20682:12: warning: Added loop label VITIS_LOOP_459_1:   [xilinx-label-all-loops]
           for (int j =WO_d-1; j >= W_-1; j--) {
           ^~~
           VITIS_LOOP_459_1: 
C:\Nam_3_HK2_2025_2026\Do_an_1\c_inter_to_hls\denoiser\solution1\.autopilot\db\denoiser.pp.0.cpp:20682:12: note: FIX-IT applied suggested code changes
C:\Nam_3_HK2_2025_2026\Do_an_1\c_inter_to_hls\denoiser\solution1\.autopilot\db\denoiser.pp.0.cpp:20696:15: warning: Added loop label VITIS_LOOP_473_2:   [xilinx-label-all-loops]
              for(int i = 0; i < W_-1; ++i) {
              ^~~
              VITIS_LOOP_473_2: 
C:\Nam_3_HK2_2025_2026\Do_an_1\c_inter_to_hls\denoiser\solution1\.autopilot\db\denoiser.pp.0.cpp:20696:15: note: FIX-IT applied suggested code changes
C:\Nam_3_HK2_2025_2026\Do_an_1\c_inter_to_hls\denoiser\solution1\.autopilot\db\denoiser.pp.0.cpp:20809:13: warning: Added loop label VITIS_LOOP_59_1:   [xilinx-label-all-loops]
            for (int i = 0; i < W_-1; i++){
            ^~~
            VITIS_LOOP_59_1: 
C:\Nam_3_HK2_2025_2026\Do_an_1\c_inter_to_hls\denoiser\solution1\.autopilot\db\denoiser.pp.0.cpp:20809:13: note: FIX-IT applied suggested code changes
C:\Nam_3_HK2_2025_2026\Do_an_1\c_inter_to_hls\denoiser\solution1\.autopilot\db\denoiser.pp.0.cpp:20933:13: warning: Added loop label VITIS_LOOP_209_1:   [xilinx-label-all-loops]
            for (int i = 0; i < W_-1; i++){
            ^~~
            VITIS_LOOP_209_1: 
C:\Nam_3_HK2_2025_2026\Do_an_1\c_inter_to_hls\denoiser\solution1\.autopilot\db\denoiser.pp.0.cpp:20933:13: note: FIX-IT applied suggested code changes
C:\Nam_3_HK2_2025_2026\Do_an_1\c_inter_to_hls\denoiser\solution1\.autopilot\db\denoiser.pp.0.cpp:20988:13: warning: Added loop label VITIS_LOOP_274_1:   [xilinx-label-all-loops]
            for (int i = 0; i < W_-1; i++){
            ^~~
            VITIS_LOOP_274_1: 
C:\Nam_3_HK2_2025_2026\Do_an_1\c_inter_to_hls\denoiser\solution1\.autopilot\db\denoiser.pp.0.cpp:20988:13: note: FIX-IT applied suggested code changes
C:\Nam_3_HK2_2025_2026\Do_an_1\c_inter_to_hls\denoiser\solution1\.autopilot\db\denoiser.pp.0.cpp:21493:2: warning: Added loop label VITIS_LOOP_42_1:   [xilinx-label-all-loops]
 for (int i=0; i<W_;i++)
 ^~~
 VITIS_LOOP_42_1: 
C:\Nam_3_HK2_2025_2026\Do_an_1\c_inter_to_hls\denoiser\solution1\.autopilot\db\denoiser.pp.0.cpp:21493:2: note: FIX-IT applied suggested code changes
C:\Nam_3_HK2_2025_2026\Do_an_1\c_inter_to_hls\denoiser\solution1\.autopilot\db\denoiser.pp.0.cpp:21504:2: warning: Added loop label VITIS_LOOP_53_1:   [xilinx-label-all-loops]
 for (int i=0; i<W_;i++)
 ^~~
 VITIS_LOOP_53_1: 
C:\Nam_3_HK2_2025_2026\Do_an_1\c_inter_to_hls\denoiser\solution1\.autopilot\db\denoiser.pp.0.cpp:21504:2: note: FIX-IT applied suggested code changes
C:\Nam_3_HK2_2025_2026\Do_an_1\c_inter_to_hls\denoiser\solution1\.autopilot\db\denoiser.pp.0.cpp:21515:2: warning: Added loop label VITIS_LOOP_64_1:   [xilinx-label-all-loops]
 for (int i=0; i<I_;i++)
 ^~~
 VITIS_LOOP_64_1: 
C:\Nam_3_HK2_2025_2026\Do_an_1\c_inter_to_hls\denoiser\solution1\.autopilot\db\denoiser.pp.0.cpp:21515:2: note: FIX-IT applied suggested code changes
C:\Nam_3_HK2_2025_2026\Do_an_1\c_inter_to_hls\denoiser\solution1\.autopilot\db\denoiser.pp.0.cpp:21526:2: warning: Added loop label VITIS_LOOP_75_1:   [xilinx-label-all-loops]
 for (int i=0; i<I_;i++)
 ^~~
 VITIS_LOOP_75_1: 
C:\Nam_3_HK2_2025_2026\Do_an_1\c_inter_to_hls\denoiser\solution1\.autopilot\db\denoiser.pp.0.cpp:21526:2: note: FIX-IT applied suggested code changes
C:\Nam_3_HK2_2025_2026\Do_an_1\c_inter_to_hls\denoiser\solution1\.autopilot\db\denoiser.pp.0.cpp:21537:2: warning: Added loop label VITIS_LOOP_86_1:   [xilinx-label-all-loops]
 for (int i=0; i<W_;i++)
 ^~~
 VITIS_LOOP_86_1: 
C:\Nam_3_HK2_2025_2026\Do_an_1\c_inter_to_hls\denoiser\solution1\.autopilot\db\denoiser.pp.0.cpp:21537:2: note: FIX-IT applied suggested code changes
C:\Nam_3_HK2_2025_2026\Do_an_1\c_inter_to_hls\denoiser\solution1\.autopilot\db\denoiser.pp.0.cpp:21548:2: warning: Added loop label VITIS_LOOP_97_1:   [xilinx-label-all-loops]
 for (int i=0; i<W_;i++)
 ^~~
 VITIS_LOOP_97_1: 
C:\Nam_3_HK2_2025_2026\Do_an_1\c_inter_to_hls\denoiser\solution1\.autopilot\db\denoiser.pp.0.cpp:21548:2: note: FIX-IT applied suggested code changes
C:\Nam_3_HK2_2025_2026\Do_an_1\c_inter_to_hls\denoiser\solution1\.autopilot\db\denoiser.pp.0.cpp:21559:2: warning: Added loop label VITIS_LOOP_108_1:   [xilinx-label-all-loops]
 for (int i=0; i<I_;i++)
 ^~~
 VITIS_LOOP_108_1: 
C:\Nam_3_HK2_2025_2026\Do_an_1\c_inter_to_hls\denoiser\solution1\.autopilot\db\denoiser.pp.0.cpp:21559:2: note: FIX-IT applied suggested code changes
C:\Nam_3_HK2_2025_2026\Do_an_1\c_inter_to_hls\denoiser\solution1\.autopilot\db\denoiser.pp.0.cpp:21570:2: warning: Added loop label VITIS_LOOP_119_1:   [xilinx-label-all-loops]
 for (int i=0; i<I_;i++)
 ^~~
 VITIS_LOOP_119_1: 
C:\Nam_3_HK2_2025_2026\Do_an_1\c_inter_to_hls\denoiser\solution1\.autopilot\db\denoiser.pp.0.cpp:21570:2: note: FIX-IT applied suggested code changes
C:\Nam_3_HK2_2025_2026\Do_an_1\c_inter_to_hls\denoiser\solution1\.autopilot\db\denoiser.pp.0.cpp:23871:12: warning: Added loop label VITIS_LOOP_23_1:   [xilinx-label-all-loops]
           for(int i = 0; i < W_-1; ++i) {
           ^~~
           VITIS_LOOP_23_1: 
C:\Nam_3_HK2_2025_2026\Do_an_1\c_inter_to_hls\denoiser\solution1\.autopilot\db\denoiser.pp.0.cpp:23871:12: note: FIX-IT applied suggested code changes
C:\Nam_3_HK2_2025_2026\Do_an_1\c_inter_to_hls\denoiser\solution1\.autopilot\db\denoiser.pp.0.cpp:23935:7: warning: Added loop label VITIS_LOOP_66_1:   [xilinx-label-all-loops]
      for(int pos = msbr - 1 ; pos >= -F-1; pos--) {
      ^~~
      VITIS_LOOP_66_1: 
C:\Nam_3_HK2_2025_2026\Do_an_1\c_inter_to_hls\denoiser\solution1\.autopilot\db\denoiser.pp.0.cpp:23935:7: note: FIX-IT applied suggested code changes
C:\Nam_3_HK2_2025_2026\Do_an_1\c_inter_to_hls\denoiser\solution1\.autopilot\db\denoiser.pp.0.cpp:24052:9: warning: Added loop label VITIS_LOOP_75_1:   [xilinx-label-all-loops]
        for(int pos = msbr - 1; pos >= 0; pos--) {
        ^~~
        VITIS_LOOP_75_1: 
C:\Nam_3_HK2_2025_2026\Do_an_1\c_inter_to_hls\denoiser\solution1\.autopilot\db\denoiser.pp.0.cpp:24052:9: note: FIX-IT applied suggested code changes
C:\Nam_3_HK2_2025_2026\Do_an_1\c_inter_to_hls\denoiser\solution1\.autopilot\db\denoiser.pp.0.cpp:24077:5: warning: Added loop label VITIS_LOOP_107_2:   [xilinx-label-all-loops]
    for(int pos = -1; pos >= -F-1; pos--) {
    ^~~
    VITIS_LOOP_107_2: 
C:\Nam_3_HK2_2025_2026\Do_an_1\c_inter_to_hls\denoiser\solution1\.autopilot\db\denoiser.pp.0.cpp:24077:5: note: FIX-IT applied suggested code changes
C:\Nam_3_HK2_2025_2026\Do_an_1\c_inter_to_hls\denoiser\solution1\.autopilot\db\denoiser.pp.0.cpp:24147:8: warning: Added loop label VITIS_LOOP_195_3:   [xilinx-label-all-loops]
       for(int i = 0; i < W - 1; ++i) {
       ^~~
       VITIS_LOOP_195_3: 
C:\Nam_3_HK2_2025_2026\Do_an_1\c_inter_to_hls\denoiser\solution1\.autopilot\db\denoiser.pp.0.cpp:24147:8: note: FIX-IT applied suggested code changes
C:\Nam_3_HK2_2025_2026\Do_an_1\c_inter_to_hls\denoiser\solution1\.autopilot\db\denoiser.pp.0.cpp:26808:2: warning: Added loop label VITIS_LOOP_45_1:   [xilinx-label-all-loops]
 for (int h = 0; h < 14; h++) {
 ^~~
 VITIS_LOOP_45_1: 
C:\Nam_3_HK2_2025_2026\Do_an_1\c_inter_to_hls\denoiser\solution1\.autopilot\db\denoiser.pp.0.cpp:26808:2: note: FIX-IT applied suggested code changes
C:\Nam_3_HK2_2025_2026\Do_an_1\c_inter_to_hls\denoiser\solution1\.autopilot\db\denoiser.pp.0.cpp:26809:9: warning: Added loop label VITIS_LOOP_46_2:   [xilinx-label-all-loops]
        for (int w = 0; w < 14; w++) {
        ^~~
        VITIS_LOOP_46_2: 
C:\Nam_3_HK2_2025_2026\Do_an_1\c_inter_to_hls\denoiser\solution1\.autopilot\db\denoiser.pp.0.cpp:26809:9: note: FIX-IT applied suggested code changes
C:\Nam_3_HK2_2025_2026\Do_an_1\c_inter_to_hls\denoiser\solution1\.autopilot\db\denoiser.pp.0.cpp:26810:13: warning: Added loop label VITIS_LOOP_47_3:   [xilinx-label-all-loops]
            for (int c = 0; c < 4; c++) {
            ^~~
            VITIS_LOOP_47_3: 
C:\Nam_3_HK2_2025_2026\Do_an_1\c_inter_to_hls\denoiser\solution1\.autopilot\db\denoiser.pp.0.cpp:26810:13: note: FIX-IT applied suggested code changes
C:\Nam_3_HK2_2025_2026\Do_an_1\c_inter_to_hls\denoiser\solution1\.autopilot\db\denoiser.pp.0.cpp:26860:2: warning: Added loop label VITIS_LOOP_97_1:   [xilinx-label-all-loops]
 for (int h = 0; h < 14; h++) {
 ^~~
 VITIS_LOOP_97_1: 
C:\Nam_3_HK2_2025_2026\Do_an_1\c_inter_to_hls\denoiser\solution1\.autopilot\db\denoiser.pp.0.cpp:26860:2: note: FIX-IT applied suggested code changes
C:\Nam_3_HK2_2025_2026\Do_an_1\c_inter_to_hls\denoiser\solution1\.autopilot\db\denoiser.pp.0.cpp:26861:9: warning: Added loop label VITIS_LOOP_98_2:   [xilinx-label-all-loops]
        for (int w = 0; w < 14; w++) {
        ^~~
        VITIS_LOOP_98_2: 
C:\Nam_3_HK2_2025_2026\Do_an_1\c_inter_to_hls\denoiser\solution1\.autopilot\db\denoiser.pp.0.cpp:26861:9: note: FIX-IT applied suggested code changes
C:\Nam_3_HK2_2025_2026\Do_an_1\c_inter_to_hls\denoiser\solution1\.autopilot\db\denoiser.pp.0.cpp:26862:13: warning: Added loop label VITIS_LOOP_99_3:   [xilinx-label-all-loops]
            for (int c = 0; c < 8; c++) {
            ^~~
            VITIS_LOOP_99_3: 
C:\Nam_3_HK2_2025_2026\Do_an_1\c_inter_to_hls\denoiser\solution1\.autopilot\db\denoiser.pp.0.cpp:26862:13: note: FIX-IT applied suggested code changes
