

================================================================
== Vitis HLS Report for 'denoiser_top_Pipeline_VITIS_LOOP_25_2'
================================================================
* Date:           Tue Jun 30 22:18:38 2026

* Version:        2022.2 (Build 3670227 on Oct 13 2022)
* Project:        denoiser
* Solution:       solution1 (Vivado IP Flow Target)
* Product family: zynquplus
* Target device:  xck26-sfvc784-2LV-c


================================================================
== Performance Estimates
================================================================
+ Timing: 
    * Summary: 
    +--------+----------+----------+------------+
    |  Clock |  Target  | Estimated| Uncertainty|
    +--------+----------+----------+------------+
    |ap_clk  |  10.00 ns|  7.300 ns|     2.70 ns|
    +--------+----------+----------+------------+

+ Latency: 
    * Summary: 
    +---------+---------+----------+----------+-----+-----+---------+
    |  Latency (cycles) |  Latency (absolute) |  Interval | Pipeline|
    |   min   |   max   |    min   |    max   | min | max |   Type  |
    +---------+---------+----------+----------+-----+-----+---------+
    |      787|      787|  7.870 us|  7.870 us|  787|  787|       no|
    +---------+---------+----------+----------+-----+-----+---------+

    + Detail: 
        * Instance: 
        N/A

        * Loop: 
        +-------------------+---------+---------+----------+-----------+-----------+------+----------+
        |                   |  Latency (cycles) | Iteration|  Initiation Interval  | Trip |          |
        |     Loop Name     |   min   |   max   |  Latency |  achieved |   target  | Count| Pipelined|
        +-------------------+---------+---------+----------+-----------+-----------+------+----------+
        |- VITIS_LOOP_25_2  |      785|      785|         3|          1|          1|   784|       yes|
        +-------------------+---------+---------+----------+-----------+-----------+------+----------+

============================================================
+ Verbose Summary: Synthesis Manager
============================================================
InlineROM: 1
ExposeGlobal: 0
============================================================
+ Verbose Summary: CDFG Model
============================================================
IsTopModel: 0
ResetActiveHigh: 1
IsCombinational: 0
IsDatapathOnly: 0
HasWiredReturn: 1
HasMFsm: 2
HasVarLatency: 1
IsPipeline: 0
IsRtlPipelined: 0
IsInstanceOverlapped: 0
IsDontTouch: 0
HasImplIP: 0
IsGatedGlobalClock: 0

+ Individual pipeline summary: 
  * Pipeline-0: initiation interval (II) = 1, depth = 3


============================================================
+ Verbose Summary: Schedule
============================================================
* Number of FSM states : 3
* Pipeline : 1
  Pipeline-0 : II = 1, D = 3, States = { 1 2 3 }
* Dataflow Pipeline: 0

* FSM state transitions: 
1 --> 2 
2 --> 3 
3 --> 

* FSM state operations: 

State 1 <SV = 0> <Delay = 1.33>
ST_1 : Operation 6 [1/1] (0.00ns)   --->   "%i_1 = alloca i32 1"   --->   Operation 6 'alloca' 'i_1' <Predicate = true> <Delay = 0.00>
ST_1 : Operation 7 [1/1] (0.00ns)   --->   "%sext_ln25_read = read i63 @_ssdm_op_Read.ap_auto.i63, i63 %sext_ln25"   --->   Operation 7 'read' 'sext_ln25_read' <Predicate = true> <Delay = 0.00>
ST_1 : Operation 8 [1/1] (0.00ns)   --->   "%sext_ln25_cast = sext i63 %sext_ln25_read"   --->   Operation 8 'sext' 'sext_ln25_cast' <Predicate = true> <Delay = 0.00>
ST_1 : Operation 9 [1/1] (0.00ns)   --->   "%specinterface_ln0 = specinterface void @_ssdm_op_SpecInterface, i16 %gmem1, void @empty_17, i32 0, i32 0, void @empty_5, i32 0, i32 784, void @empty_19, void @empty_18, void @empty_5, i32 16, i32 16, i32 16, i32 16, void @empty_5, void @empty_5, i32 4294967295, i32 0"   --->   Operation 9 'specinterface' 'specinterface_ln0' <Predicate = true> <Delay = 0.00>
ST_1 : Operation 10 [1/1] (0.42ns)   --->   "%store_ln0 = store i10 0, i10 %i_1"   --->   Operation 10 'store' 'store_ln0' <Predicate = true> <Delay = 0.42>
ST_1 : Operation 11 [1/1] (0.00ns)   --->   "%br_ln0 = br void %for.inc54"   --->   Operation 11 'br' 'br_ln0' <Predicate = true> <Delay = 0.00>
ST_1 : Operation 12 [1/1] (0.00ns)   --->   "%i = load i10 %i_1" [../denoiser_c_to_hls/top.cpp:25]   --->   Operation 12 'load' 'i' <Predicate = true> <Delay = 0.00>
ST_1 : Operation 13 [1/1] (0.00ns)   --->   "%specbitsmap_ln0 = specbitsmap void @_ssdm_op_SpecBitsMap, i16 %gmem1"   --->   Operation 13 'specbitsmap' 'specbitsmap_ln0' <Predicate = true> <Delay = 0.00>
ST_1 : Operation 14 [1/1] (0.00ns)   --->   "%gmem1_addr = getelementptr i16 %gmem1, i64 %sext_ln25_cast" [../denoiser_c_to_hls/top.cpp:25]   --->   Operation 14 'getelementptr' 'gmem1_addr' <Predicate = true> <Delay = 0.00>
ST_1 : Operation 15 [1/1] (0.91ns)   --->   "%icmp_ln25 = icmp_eq  i10 %i, i10 784" [../denoiser_c_to_hls/top.cpp:25]   --->   Operation 15 'icmp' 'icmp_ln25' <Predicate = true> <Delay = 0.91> <CoreInst = "Cmp">   --->   Core 9 'Cmp' <Latency = 0> <II = 1> <Delay = 0.91> <FuncUnit> <Opcode : 'icmp'> <InPorts = 2> <OutPorts = 1>
ST_1 : Operation 16 [1/1] (0.00ns)   --->   "%empty = speclooptripcount i32 @_ssdm_op_SpecLoopTripCount, i64 784, i64 784, i64 784"   --->   Operation 16 'speclooptripcount' 'empty' <Predicate = true> <Delay = 0.00>
ST_1 : Operation 17 [1/1] (0.78ns)   --->   "%add_ln25 = add i10 %i, i10 1" [../denoiser_c_to_hls/top.cpp:25]   --->   Operation 17 'add' 'add_ln25' <Predicate = true> <Delay = 0.78> <CoreInst = "Adder">   --->   Core 1 'Adder' <Latency = 0> <II = 1> <Delay = 0.78> <FuncUnit> <Opcode : 'add' 'sub'> <InPorts = 2> <OutPorts = 1>
ST_1 : Operation 18 [1/1] (0.00ns)   --->   "%br_ln25 = br i1 %icmp_ln25, void %for.inc54.split, void %for.end56.exitStub" [../denoiser_c_to_hls/top.cpp:25]   --->   Operation 18 'br' 'br_ln25' <Predicate = true> <Delay = 0.00>
ST_1 : Operation 19 [1/1] (0.00ns)   --->   "%zext_ln27 = zext i10 %i" [../denoiser_c_to_hls/top.cpp:27]   --->   Operation 19 'zext' 'zext_ln27' <Predicate = (!icmp_ln25)> <Delay = 0.00>
ST_1 : Operation 20 [1/1] (0.00ns)   --->   "%out_buf8_addr = getelementptr i16 %out_buf8, i64 0, i64 %zext_ln27" [../denoiser_c_to_hls/top.cpp:27]   --->   Operation 20 'getelementptr' 'out_buf8_addr' <Predicate = (!icmp_ln25)> <Delay = 0.00>
ST_1 : Operation 21 [2/2] (1.23ns)   --->   "%out_buf8_load = load i10 %out_buf8_addr" [../denoiser_c_to_hls/top.cpp:27]   --->   Operation 21 'load' 'out_buf8_load' <Predicate = (!icmp_ln25)> <Delay = 1.23> <CoreInst = "RAM">   --->   Core 83 'RAM' <Latency = 1> <II = 1> <Delay = 1.23> <Storage> <Opcode : 'load' 'store'> <Ports = 2> <Width = 16> <Depth = 784> <RAM>
ST_1 : Operation 22 [1/1] (0.42ns)   --->   "%store_ln25 = store i10 %add_ln25, i10 %i_1" [../denoiser_c_to_hls/top.cpp:25]   --->   Operation 22 'store' 'store_ln25' <Predicate = (!icmp_ln25)> <Delay = 0.42>

State 2 <SV = 1> <Delay = 1.23>
ST_2 : Operation 23 [1/2] (1.23ns)   --->   "%out_buf8_load = load i10 %out_buf8_addr" [../denoiser_c_to_hls/top.cpp:27]   --->   Operation 23 'load' 'out_buf8_load' <Predicate = true> <Delay = 1.23> <CoreInst = "RAM">   --->   Core 83 'RAM' <Latency = 1> <II = 1> <Delay = 1.23> <Storage> <Opcode : 'load' 'store'> <Ports = 2> <Width = 16> <Depth = 784> <RAM>
ST_2 : Operation 28 [1/1] (0.00ns)   --->   "%ret_ln0 = ret"   --->   Operation 28 'ret' 'ret_ln0' <Predicate = (icmp_ln25)> <Delay = 0.00>

State 3 <SV = 2> <Delay = 7.30>
ST_3 : Operation 24 [1/1] (0.00ns)   --->   "%specpipeline_ln26 = specpipeline void @_ssdm_op_SpecPipeline, i32 1, i32 0, i32 0, i32 0, void @empty_5" [../denoiser_c_to_hls/top.cpp:26]   --->   Operation 24 'specpipeline' 'specpipeline_ln26' <Predicate = true> <Delay = 0.00>
ST_3 : Operation 25 [1/1] (0.00ns)   --->   "%specloopname_ln25 = specloopname void @_ssdm_op_SpecLoopName, void @empty_15" [../denoiser_c_to_hls/top.cpp:25]   --->   Operation 25 'specloopname' 'specloopname_ln25' <Predicate = true> <Delay = 0.00>
ST_3 : Operation 26 [1/1] (7.30ns)   --->   "%write_ln27 = write void @_ssdm_op_Write.m_axi.p1i16, i16 %gmem1_addr, i16 %out_buf8_load, i2 3" [../denoiser_c_to_hls/top.cpp:27]   --->   Operation 26 'write' 'write_ln27' <Predicate = true> <Delay = 7.30> <CoreInst = "m_axi">   --->   Core 121 'm_axi' <Latency = 0> <II = 1> <Delay = 1.00> <Adapter> <Opcode : 'read' 'write' 'readreq' 'writereq' 'writeresp'>
ST_3 : Operation 27 [1/1] (0.00ns)   --->   "%br_ln25 = br void %for.inc54" [../denoiser_c_to_hls/top.cpp:25]   --->   Operation 27 'br' 'br_ln25' <Predicate = true> <Delay = 0.00>


============================================================
+ Verbose Summary: Timing violations
============================================================
Target clock period: 10ns, clock uncertainty: 2.7ns.

 <State 1>: 1.34ns
The critical path consists of the following:
	'alloca' operation ('i') [4]  (0 ns)
	'load' operation ('i', ../denoiser_c_to_hls/top.cpp:25) on local variable 'i' [11]  (0 ns)
	'getelementptr' operation ('out_buf8_addr', ../denoiser_c_to_hls/top.cpp:27) [22]  (0 ns)
	'load' operation ('out_buf8_load', ../denoiser_c_to_hls/top.cpp:27) on array 'out_buf8' [23]  (1.24 ns)
	blocking operation 0.102 ns on control path)

 <State 2>: 1.24ns
The critical path consists of the following:
	'load' operation ('out_buf8_load', ../denoiser_c_to_hls/top.cpp:27) on array 'out_buf8' [23]  (1.24 ns)

 <State 3>: 7.3ns
The critical path consists of the following:
	bus write operation ('write_ln27', ../denoiser_c_to_hls/top.cpp:27) on port 'gmem1' (../denoiser_c_to_hls/top.cpp:27) [24]  (7.3 ns)


============================================================
+ Verbose Summary: Binding
============================================================
N/A
* FSMD analyzer results:
  - Output states:
 - Input state : 
  - Chain level:
	State 1
	State 2
	State 3


============================================================
+ Verbose Summary: Datapath Resource usage 
============================================================
N/A
