

================================================================
== Vitis HLS Report for 'denoiser_top'
================================================================
* Date:           Tue Jun 30 22:18:39 2026

* Version:        2022.2 (Build 3670227 on Oct 13 2022)
* Project:        denoiser
* Solution:       solution1 (Vivado IP Flow Target)
* Product family: zynquplus
* Target device:  xck26-sfvc784-2LV-c


================================================================
== Performance Estimates
================================================================
+ Timing: 
    * Summary: 
    +--------+----------+----------+------------+
    |  Clock |  Target  | Estimated| Uncertainty|
    +--------+----------+----------+------------+
    |ap_clk  |  10.00 ns|  7.300 ns|     2.70 ns|
    +--------+----------+----------+------------+

+ Latency: 
    * Summary: 
    +---------+---------+----------+----------+--------+--------+---------+
    |  Latency (cycles) |  Latency (absolute) |     Interval    | Pipeline|
    |   min   |   max   |    min   |    max   |   min  |   max  |   Type  |
    +---------+---------+----------+----------+--------+--------+---------+
    |   511986|   540210|  5.120 ms|  5.402 ms|  511987|  540211|       no|
    +---------+---------+----------+----------+--------+--------+---------+

    + Detail: 
        * Instance: 
        N/A

        * Loop: 
        N/A

============================================================
+ Verbose Summary: Synthesis Manager
============================================================
InlineROM: 1
ExposeGlobal: 0
============================================================
+ Verbose Summary: CDFG Model
============================================================
IsTopModel: 1
ResetActiveHigh: 1
IsCombinational: 0
IsDatapathOnly: 0
HasWiredReturn: 1
HasMFsm: 0
HasVarLatency: 1
IsPipeline: 0
IsRtlPipelined: 0
IsInstanceOverlapped: 0
IsDontTouch: 0
HasImplIP: 0
IsGatedGlobalClock: 0


============================================================
+ Verbose Summary: Schedule
============================================================
* Number of FSM states : 19
* Pipeline : 0
* Dataflow Pipeline: 0

* FSM state transitions: 
1 --> 2 
2 --> 3 
3 --> 4 
4 --> 5 
5 --> 6 
6 --> 7 
7 --> 8 
8 --> 9 
9 --> 10 
10 --> 11 
11 --> 12 
12 --> 13 
13 --> 14 
14 --> 15 
15 --> 16 
16 --> 17 
17 --> 18 
18 --> 19 
19 --> 

* FSM state operations: 

State 1 <SV = 0> <Delay = 1.00>
ST_1 : Operation 20 [1/1] (1.00ns)   --->   "%output_r_read = read i64 @_ssdm_op_Read.s_axilite.i64, i64 %output_r"   --->   Operation 20 'read' 'output_r_read' <Predicate = true> <Delay = 1.00> <CoreInst = "s_axilite">   --->   Core 122 's_axilite' <Latency = 0> <II = 1> <Delay = 1.00> <Adapter> <Opcode : 'read' 'write'>
ST_1 : Operation 21 [1/1] (1.00ns)   --->   "%input_r_read = read i64 @_ssdm_op_Read.s_axilite.i64, i64 %input_r"   --->   Operation 21 'read' 'input_r_read' <Predicate = true> <Delay = 1.00> <CoreInst = "s_axilite">   --->   Core 122 's_axilite' <Latency = 0> <II = 1> <Delay = 1.00> <Adapter> <Opcode : 'read' 'write'>
ST_1 : Operation 22 [1/1] (0.00ns)   --->   "%d = alloca i64 1"   --->   Operation 22 'alloca' 'd' <Predicate = true> <Delay = 0.00>
ST_1 : Operation 23 [1/1] (0.00ns)   --->   "%in_buf_V = alloca i64 1" [../denoiser_c_to_hls/top.cpp:13]   --->   Operation 23 'alloca' 'in_buf_V' <Predicate = true> <Delay = 0.00>
ST_1 : Operation 24 [1/1] (0.00ns)   --->   "%out_buf8 = alloca i64 1"   --->   Operation 24 'alloca' 'out_buf8' <Predicate = true> <Delay = 0.00>
ST_1 : Operation 25 [1/1] (0.00ns)   --->   "%trunc_ln = partselect i63 @_ssdm_op_PartSelect.i63.i64.i32.i32, i64 %input_r_read, i32 1, i32 63" [../denoiser_c_to_hls/top.cpp:18]   --->   Operation 25 'partselect' 'trunc_ln' <Predicate = true> <Delay = 0.00>
ST_1 : Operation 26 [1/1] (0.00ns)   --->   "%trunc_ln1 = partselect i63 @_ssdm_op_PartSelect.i63.i64.i32.i32, i64 %output_r_read, i32 1, i32 63" [../denoiser_c_to_hls/top.cpp:25]   --->   Operation 26 'partselect' 'trunc_ln1' <Predicate = true> <Delay = 0.00>

State 2 <SV = 1> <Delay = 7.30>
ST_2 : Operation 27 [1/1] (0.00ns)   --->   "%sext_ln18 = sext i63 %trunc_ln" [../denoiser_c_to_hls/top.cpp:18]   --->   Operation 27 'sext' 'sext_ln18' <Predicate = true> <Delay = 0.00>
ST_2 : Operation 28 [1/1] (0.00ns)   --->   "%gmem0_addr = getelementptr i16 %gmem0, i64 %sext_ln18" [../denoiser_c_to_hls/top.cpp:18]   --->   Operation 28 'getelementptr' 'gmem0_addr' <Predicate = true> <Delay = 0.00>
ST_2 : Operation 29 [7/7] (7.30ns)   --->   "%empty = readreq i1 @_ssdm_op_ReadReq.m_axi.p1i16, i16 %gmem0_addr, i32 784" [../denoiser_c_to_hls/top.cpp:18]   --->   Operation 29 'readreq' 'empty' <Predicate = true> <Delay = 7.30> <CoreInst = "m_axi">   --->   Core 121 'm_axi' <Latency = 0> <II = 1> <Delay = 1.00> <Adapter> <Opcode : 'read' 'write' 'readreq' 'writereq' 'writeresp'>

State 3 <SV = 2> <Delay = 7.30>
ST_3 : Operation 30 [6/7] (7.30ns)   --->   "%empty = readreq i1 @_ssdm_op_ReadReq.m_axi.p1i16, i16 %gmem0_addr, i32 784" [../denoiser_c_to_hls/top.cpp:18]   --->   Operation 30 'readreq' 'empty' <Predicate = true> <Delay = 7.30> <CoreInst = "m_axi">   --->   Core 121 'm_axi' <Latency = 0> <II = 1> <Delay = 1.00> <Adapter> <Opcode : 'read' 'write' 'readreq' 'writereq' 'writeresp'>

State 4 <SV = 3> <Delay = 7.30>
ST_4 : Operation 31 [5/7] (7.30ns)   --->   "%empty = readreq i1 @_ssdm_op_ReadReq.m_axi.p1i16, i16 %gmem0_addr, i32 784" [../denoiser_c_to_hls/top.cpp:18]   --->   Operation 31 'readreq' 'empty' <Predicate = true> <Delay = 7.30> <CoreInst = "m_axi">   --->   Core 121 'm_axi' <Latency = 0> <II = 1> <Delay = 1.00> <Adapter> <Opcode : 'read' 'write' 'readreq' 'writereq' 'writeresp'>

State 5 <SV = 4> <Delay = 7.30>
ST_5 : Operation 32 [4/7] (7.30ns)   --->   "%empty = readreq i1 @_ssdm_op_ReadReq.m_axi.p1i16, i16 %gmem0_addr, i32 784" [../denoiser_c_to_hls/top.cpp:18]   --->   Operation 32 'readreq' 'empty' <Predicate = true> <Delay = 7.30> <CoreInst = "m_axi">   --->   Core 121 'm_axi' <Latency = 0> <II = 1> <Delay = 1.00> <Adapter> <Opcode : 'read' 'write' 'readreq' 'writereq' 'writeresp'>

State 6 <SV = 5> <Delay = 7.30>
ST_6 : Operation 33 [3/7] (7.30ns)   --->   "%empty = readreq i1 @_ssdm_op_ReadReq.m_axi.p1i16, i16 %gmem0_addr, i32 784" [../denoiser_c_to_hls/top.cpp:18]   --->   Operation 33 'readreq' 'empty' <Predicate = true> <Delay = 7.30> <CoreInst = "m_axi">   --->   Core 121 'm_axi' <Latency = 0> <II = 1> <Delay = 1.00> <Adapter> <Opcode : 'read' 'write' 'readreq' 'writereq' 'writeresp'>

State 7 <SV = 6> <Delay = 7.30>
ST_7 : Operation 34 [2/7] (7.30ns)   --->   "%empty = readreq i1 @_ssdm_op_ReadReq.m_axi.p1i16, i16 %gmem0_addr, i32 784" [../denoiser_c_to_hls/top.cpp:18]   --->   Operation 34 'readreq' 'empty' <Predicate = true> <Delay = 7.30> <CoreInst = "m_axi">   --->   Core 121 'm_axi' <Latency = 0> <II = 1> <Delay = 1.00> <Adapter> <Opcode : 'read' 'write' 'readreq' 'writereq' 'writeresp'>

State 8 <SV = 7> <Delay = 7.30>
ST_8 : Operation 35 [1/7] (7.30ns)   --->   "%empty = readreq i1 @_ssdm_op_ReadReq.m_axi.p1i16, i16 %gmem0_addr, i32 784" [../denoiser_c_to_hls/top.cpp:18]   --->   Operation 35 'readreq' 'empty' <Predicate = true> <Delay = 7.30> <CoreInst = "m_axi">   --->   Core 121 'm_axi' <Latency = 0> <II = 1> <Delay = 1.00> <Adapter> <Opcode : 'read' 'write' 'readreq' 'writereq' 'writeresp'>

State 9 <SV = 8> <Delay = 0.00>
ST_9 : Operation 36 [2/2] (0.00ns)   --->   "%call_ln18 = call void @denoiser_top_Pipeline_VITIS_LOOP_18_1, i16 %gmem0, i63 %trunc_ln, i16 %in_buf_V" [../denoiser_c_to_hls/top.cpp:18]   --->   Operation 36 'call' 'call_ln18' <Predicate = true> <Delay = 0.00> <CoreType = "Generic">   --->   Core 0 '' <Latency = 0> <II = 1> <Delay = 1.00> <Generic> <Opcode : >

State 10 <SV = 9> <Delay = 0.00>
ST_10 : Operation 37 [1/2] (0.00ns)   --->   "%call_ln18 = call void @denoiser_top_Pipeline_VITIS_LOOP_18_1, i16 %gmem0, i63 %trunc_ln, i16 %in_buf_V" [../denoiser_c_to_hls/top.cpp:18]   --->   Operation 37 'call' 'call_ln18' <Predicate = true> <Delay = 0.00> <CoreType = "Generic">   --->   Core 0 '' <Latency = 0> <II = 1> <Delay = 1.00> <Generic> <Opcode : >

State 11 <SV = 10> <Delay = 0.00>
ST_11 : Operation 38 [2/2] (0.00ns)   --->   "%call_ln23 = call void @inference, i16 %d, i16 %in_buf_V, i16 %out_buf8, i10 %conv1_kernel_V, i10 %conv2_bias_V, i11 %conv2_kernel_V, i12 %conv3_kernel_V, i11 %conv_out_kernel_V, i46 %f_x_msb_2_table_V, i50 %exp_x_msb_1_table_V" [../denoiser_c_to_hls/top.cpp:23]   --->   Operation 38 'call' 'call_ln23' <Predicate = true> <Delay = 0.00> <CoreType = "Generic">   --->   Core 0 '' <Latency = 0> <II = 1> <Delay = 1.00> <Generic> <Opcode : >

State 12 <SV = 11> <Delay = 7.30>
ST_12 : Operation 39 [1/2] (0.00ns)   --->   "%call_ln23 = call void @inference, i16 %d, i16 %in_buf_V, i16 %out_buf8, i10 %conv1_kernel_V, i10 %conv2_bias_V, i11 %conv2_kernel_V, i12 %conv3_kernel_V, i11 %conv_out_kernel_V, i46 %f_x_msb_2_table_V, i50 %exp_x_msb_1_table_V" [../denoiser_c_to_hls/top.cpp:23]   --->   Operation 39 'call' 'call_ln23' <Predicate = true> <Delay = 0.00> <CoreType = "Generic">   --->   Core 0 '' <Latency = 0> <II = 1> <Delay = 1.00> <Generic> <Opcode : >
ST_12 : Operation 40 [1/1] (0.00ns)   --->   "%sext_ln25 = sext i63 %trunc_ln1" [../denoiser_c_to_hls/top.cpp:25]   --->   Operation 40 'sext' 'sext_ln25' <Predicate = true> <Delay = 0.00>
ST_12 : Operation 41 [1/1] (0.00ns)   --->   "%gmem1_addr = getelementptr i16 %gmem1, i64 %sext_ln25" [../denoiser_c_to_hls/top.cpp:25]   --->   Operation 41 'getelementptr' 'gmem1_addr' <Predicate = true> <Delay = 0.00>
ST_12 : Operation 42 [1/1] (7.30ns)   --->   "%empty_93 = writereq i1 @_ssdm_op_WriteReq.m_axi.p1i16, i16 %gmem1_addr, i32 784" [../denoiser_c_to_hls/top.cpp:25]   --->   Operation 42 'writereq' 'empty_93' <Predicate = true> <Delay = 7.30> <CoreInst = "m_axi">   --->   Core 121 'm_axi' <Latency = 0> <II = 1> <Delay = 1.00> <Adapter> <Opcode : 'read' 'write' 'readreq' 'writereq' 'writeresp'>

State 13 <SV = 12> <Delay = 0.00>
ST_13 : Operation 43 [2/2] (0.00ns)   --->   "%call_ln25 = call void @denoiser_top_Pipeline_VITIS_LOOP_25_2, i16 %gmem1, i63 %trunc_ln1, i16 %out_buf8" [../denoiser_c_to_hls/top.cpp:25]   --->   Operation 43 'call' 'call_ln25' <Predicate = true> <Delay = 0.00> <CoreType = "Generic">   --->   Core 0 '' <Latency = 0> <II = 1> <Delay = 1.00> <Generic> <Opcode : >

State 14 <SV = 13> <Delay = 0.00>
ST_14 : Operation 44 [1/2] (0.00ns)   --->   "%call_ln25 = call void @denoiser_top_Pipeline_VITIS_LOOP_25_2, i16 %gmem1, i63 %trunc_ln1, i16 %out_buf8" [../denoiser_c_to_hls/top.cpp:25]   --->   Operation 44 'call' 'call_ln25' <Predicate = true> <Delay = 0.00> <CoreType = "Generic">   --->   Core 0 '' <Latency = 0> <II = 1> <Delay = 1.00> <Generic> <Opcode : >

State 15 <SV = 14> <Delay = 7.30>
ST_15 : Operation 45 [5/5] (7.30ns)   --->   "%empty_94 = writeresp i1 @_ssdm_op_WriteResp.m_axi.p1i16, i16 %gmem1_addr" [../denoiser_c_to_hls/top.cpp:30]   --->   Operation 45 'writeresp' 'empty_94' <Predicate = true> <Delay = 7.30> <CoreInst = "m_axi">   --->   Core 121 'm_axi' <Latency = 0> <II = 1> <Delay = 1.00> <Adapter> <Opcode : 'read' 'write' 'readreq' 'writereq' 'writeresp'>

State 16 <SV = 15> <Delay = 7.30>
ST_16 : Operation 46 [4/5] (7.30ns)   --->   "%empty_94 = writeresp i1 @_ssdm_op_WriteResp.m_axi.p1i16, i16 %gmem1_addr" [../denoiser_c_to_hls/top.cpp:30]   --->   Operation 46 'writeresp' 'empty_94' <Predicate = true> <Delay = 7.30> <CoreInst = "m_axi">   --->   Core 121 'm_axi' <Latency = 0> <II = 1> <Delay = 1.00> <Adapter> <Opcode : 'read' 'write' 'readreq' 'writereq' 'writeresp'>

State 17 <SV = 16> <Delay = 7.30>
ST_17 : Operation 47 [3/5] (7.30ns)   --->   "%empty_94 = writeresp i1 @_ssdm_op_WriteResp.m_axi.p1i16, i16 %gmem1_addr" [../denoiser_c_to_hls/top.cpp:30]   --->   Operation 47 'writeresp' 'empty_94' <Predicate = true> <Delay = 7.30> <CoreInst = "m_axi">   --->   Core 121 'm_axi' <Latency = 0> <II = 1> <Delay = 1.00> <Adapter> <Opcode : 'read' 'write' 'readreq' 'writereq' 'writeresp'>

State 18 <SV = 17> <Delay = 7.30>
ST_18 : Operation 48 [2/5] (7.30ns)   --->   "%empty_94 = writeresp i1 @_ssdm_op_WriteResp.m_axi.p1i16, i16 %gmem1_addr" [../denoiser_c_to_hls/top.cpp:30]   --->   Operation 48 'writeresp' 'empty_94' <Predicate = true> <Delay = 7.30> <CoreInst = "m_axi">   --->   Core 121 'm_axi' <Latency = 0> <II = 1> <Delay = 1.00> <Adapter> <Opcode : 'read' 'write' 'readreq' 'writereq' 'writeresp'>

State 19 <SV = 18> <Delay = 7.30>
ST_19 : Operation 49 [1/1] (0.00ns)   --->   "%spectopmodule_ln3 = spectopmodule void @_ssdm_op_SpecTopModule, void @empty_16" [../denoiser_c_to_hls/top.cpp:3]   --->   Operation 49 'spectopmodule' 'spectopmodule_ln3' <Predicate = true> <Delay = 0.00>
ST_19 : Operation 50 [1/1] (0.00ns)   --->   "%specinterface_ln0 = specinterface void @_ssdm_op_SpecInterface, i16 %gmem0, void @empty_17, i32 0, i32 0, void @empty_5, i32 0, i32 784, void @empty_13, void @empty_18, void @empty_5, i32 16, i32 16, i32 16, i32 16, void @empty_5, void @empty_5, i32 4294967295, i32 0"   --->   Operation 50 'specinterface' 'specinterface_ln0' <Predicate = true> <Delay = 0.00>
ST_19 : Operation 51 [1/1] (0.00ns)   --->   "%specbitsmap_ln0 = specbitsmap void @_ssdm_op_SpecBitsMap, i16 %gmem0"   --->   Operation 51 'specbitsmap' 'specbitsmap_ln0' <Predicate = true> <Delay = 0.00>
ST_19 : Operation 52 [1/1] (0.00ns)   --->   "%specinterface_ln0 = specinterface void @_ssdm_op_SpecInterface, i16 %gmem1, void @empty_17, i32 0, i32 0, void @empty_5, i32 0, i32 784, void @empty_19, void @empty_18, void @empty_5, i32 16, i32 16, i32 16, i32 16, void @empty_5, void @empty_5, i32 4294967295, i32 0"   --->   Operation 52 'specinterface' 'specinterface_ln0' <Predicate = true> <Delay = 0.00>
ST_19 : Operation 53 [1/1] (0.00ns)   --->   "%specbitsmap_ln0 = specbitsmap void @_ssdm_op_SpecBitsMap, i16 %gmem1"   --->   Operation 53 'specbitsmap' 'specbitsmap_ln0' <Predicate = true> <Delay = 0.00>
ST_19 : Operation 54 [1/1] (0.00ns)   --->   "%specinterface_ln0 = specinterface void @_ssdm_op_SpecInterface, i64 %input_r, void @empty_20, i32 0, i32 0, void @empty_5, i32 0, i32 0, void @empty_4, void @empty_22, void @empty_5, i32 0, i32 0, i32 0, i32 0, void @empty_5, void @empty_0, i32 4294967295, i32 0"   --->   Operation 54 'specinterface' 'specinterface_ln0' <Predicate = true> <Delay = 0.00>
ST_19 : Operation 55 [1/1] (0.00ns)   --->   "%specinterface_ln0 = specinterface void @_ssdm_op_SpecInterface, i64 %input_r, void @empty, i32 0, i32 0, void @empty_5, i32 0, i32 0, void @empty_5, void @empty_5, void @empty_5, i32 0, i32 0, i32 0, i32 0, void @empty_5, void @empty_0, i32 4294967295, i32 0"   --->   Operation 55 'specinterface' 'specinterface_ln0' <Predicate = true> <Delay = 0.00>
ST_19 : Operation 56 [1/1] (0.00ns)   --->   "%specinterface_ln0 = specinterface void @_ssdm_op_SpecInterface, i64 %output_r, void @empty_20, i32 0, i32 0, void @empty_5, i32 0, i32 0, void @empty_4, void @empty_23, void @empty_5, i32 0, i32 0, i32 0, i32 0, void @empty_5, void @empty_0, i32 4294967295, i32 0"   --->   Operation 56 'specinterface' 'specinterface_ln0' <Predicate = true> <Delay = 0.00>
ST_19 : Operation 57 [1/1] (0.00ns)   --->   "%specinterface_ln0 = specinterface void @_ssdm_op_SpecInterface, i64 %output_r, void @empty, i32 0, i32 0, void @empty_5, i32 0, i32 0, void @empty_5, void @empty_5, void @empty_5, i32 0, i32 0, i32 0, i32 0, void @empty_5, void @empty_0, i32 4294967295, i32 0"   --->   Operation 57 'specinterface' 'specinterface_ln0' <Predicate = true> <Delay = 0.00>
ST_19 : Operation 58 [1/1] (0.00ns)   --->   "%specinterface_ln0 = specinterface void @_ssdm_op_SpecInterface, i32 0, void @empty_20, i32 0, i32 0, void @empty_5, i32 0, i32 0, void @empty_4, void @empty_5, void @empty_5, i32 0, i32 0, i32 0, i32 0, void @empty_5, void @empty_5, i32 4294967295, i32 0"   --->   Operation 58 'specinterface' 'specinterface_ln0' <Predicate = true> <Delay = 0.00>
ST_19 : Operation 59 [1/1] (0.00ns)   --->   "%specbramwithbyteenable_ln0 = specbramwithbyteenable void @_ssdm_op_SpecBRAMWithByteEnable, i16 %d"   --->   Operation 59 'specbramwithbyteenable' 'specbramwithbyteenable_ln0' <Predicate = true> <Delay = 0.00>
ST_19 : Operation 60 [1/5] (7.30ns)   --->   "%empty_94 = writeresp i1 @_ssdm_op_WriteResp.m_axi.p1i16, i16 %gmem1_addr" [../denoiser_c_to_hls/top.cpp:30]   --->   Operation 60 'writeresp' 'empty_94' <Predicate = true> <Delay = 7.30> <CoreInst = "m_axi">   --->   Core 121 'm_axi' <Latency = 0> <II = 1> <Delay = 1.00> <Adapter> <Opcode : 'read' 'write' 'readreq' 'writereq' 'writeresp'>
ST_19 : Operation 61 [1/1] (0.00ns)   --->   "%ret_ln30 = ret" [../denoiser_c_to_hls/top.cpp:30]   --->   Operation 61 'ret' 'ret_ln30' <Predicate = true> <Delay = 0.00>


============================================================
+ Verbose Summary: Timing violations
============================================================
Target clock period: 10ns, clock uncertainty: 2.7ns.

 <State 1>: 1ns
The critical path consists of the following:
	s_axi read operation ('output_r_read') on port 'output_r' [22]  (1 ns)

 <State 2>: 7.3ns
The critical path consists of the following:
	'getelementptr' operation ('gmem0_addr', ../denoiser_c_to_hls/top.cpp:18) [30]  (0 ns)
	bus request operation ('empty', ../denoiser_c_to_hls/top.cpp:18) on port 'gmem0' (../denoiser_c_to_hls/top.cpp:18) [31]  (7.3 ns)

 <State 3>: 7.3ns
The critical path consists of the following:
	bus request operation ('empty', ../denoiser_c_to_hls/top.cpp:18) on port 'gmem0' (../denoiser_c_to_hls/top.cpp:18) [31]  (7.3 ns)

 <State 4>: 7.3ns
The critical path consists of the following:
	bus request operation ('empty', ../denoiser_c_to_hls/top.cpp:18) on port 'gmem0' (../denoiser_c_to_hls/top.cpp:18) [31]  (7.3 ns)

 <State 5>: 7.3ns
The critical path consists of the following:
	bus request operation ('empty', ../denoiser_c_to_hls/top.cpp:18) on port 'gmem0' (../denoiser_c_to_hls/top.cpp:18) [31]  (7.3 ns)

 <State 6>: 7.3ns
The critical path consists of the following:
	bus request operation ('empty', ../denoiser_c_to_hls/top.cpp:18) on port 'gmem0' (../denoiser_c_to_hls/top.cpp:18) [31]  (7.3 ns)

 <State 7>: 7.3ns
The critical path consists of the following:
	bus request operation ('empty', ../denoiser_c_to_hls/top.cpp:18) on port 'gmem0' (../denoiser_c_to_hls/top.cpp:18) [31]  (7.3 ns)

 <State 8>: 7.3ns
The critical path consists of the following:
	bus request operation ('empty', ../denoiser_c_to_hls/top.cpp:18) on port 'gmem0' (../denoiser_c_to_hls/top.cpp:18) [31]  (7.3 ns)

 <State 9>: 0ns
The critical path consists of the following:

 <State 10>: 0ns
The critical path consists of the following:

 <State 11>: 0ns
The critical path consists of the following:

 <State 12>: 7.3ns
The critical path consists of the following:
	'getelementptr' operation ('gmem1_addr', ../denoiser_c_to_hls/top.cpp:25) [36]  (0 ns)
	bus request operation ('empty_93', ../denoiser_c_to_hls/top.cpp:25) on port 'gmem1' (../denoiser_c_to_hls/top.cpp:25) [37]  (7.3 ns)

 <State 13>: 0ns
The critical path consists of the following:

 <State 14>: 0ns
The critical path consists of the following:

 <State 15>: 7.3ns
The critical path consists of the following:
	bus response operation ('empty_94', ../denoiser_c_to_hls/top.cpp:30) on port 'gmem1' (../denoiser_c_to_hls/top.cpp:30) [39]  (7.3 ns)

 <State 16>: 7.3ns
The critical path consists of the following:
	bus response operation ('empty_94', ../denoiser_c_to_hls/top.cpp:30) on port 'gmem1' (../denoiser_c_to_hls/top.cpp:30) [39]  (7.3 ns)

 <State 17>: 7.3ns
The critical path consists of the following:
	bus response operation ('empty_94', ../denoiser_c_to_hls/top.cpp:30) on port 'gmem1' (../denoiser_c_to_hls/top.cpp:30) [39]  (7.3 ns)

 <State 18>: 7.3ns
The critical path consists of the following:
	bus response operation ('empty_94', ../denoiser_c_to_hls/top.cpp:30) on port 'gmem1' (../denoiser_c_to_hls/top.cpp:30) [39]  (7.3 ns)

 <State 19>: 7.3ns
The critical path consists of the following:
	bus response operation ('empty_94', ../denoiser_c_to_hls/top.cpp:30) on port 'gmem1' (../denoiser_c_to_hls/top.cpp:30) [39]  (7.3 ns)


============================================================
+ Verbose Summary: Binding
============================================================
N/A
* FSMD analyzer results:
  - Output states:
 - Input state : 
  - Chain level:
	State 1
	State 2
	State 3
	State 4
	State 5
	State 6
	State 7
	State 8
	State 9
	State 10
	State 11
	State 12
	State 13
	State 14
	State 15
	State 16
	State 17
	State 18
	State 19


============================================================
+ Verbose Summary: Datapath Resource usage 
============================================================
N/A
