

================================================================
== Vitis HLS Report for 'inference_Pipeline_VITIS_LOOP_45_1_VITIS_LOOP_46_2_VITIS_LOOP_47_3'
================================================================
* Date:           Tue Jun 30 22:18:30 2026

* Version:        2022.2 (Build 3670227 on Oct 13 2022)
* Project:        denoiser
* Solution:       solution1 (Vivado IP Flow Target)
* Product family: zynquplus
* Target device:  xck26-sfvc784-2LV-c


================================================================
== Performance Estimates
================================================================
+ Timing: 
    * Summary: 
    +--------+----------+----------+------------+
    |  Clock |  Target  | Estimated| Uncertainty|
    +--------+----------+----------+------------+
    |ap_clk  |  10.00 ns|  5.392 ns|     2.70 ns|
    +--------+----------+----------+------------+

+ Latency: 
    * Summary: 
    +---------+---------+-----------+-----------+------+------+---------+
    |  Latency (cycles) |   Latency (absolute)  |   Interval  | Pipeline|
    |   min   |   max   |    min    |    max    |  min |  max |   Type  |
    +---------+---------+-----------+-----------+------+------+---------+
    |     2354|     2354|  23.540 us|  23.540 us|  2354|  2354|       no|
    +---------+---------+-----------+-----------+------+------+---------+

    + Detail: 
        * Instance: 
        N/A

        * Loop: 
        +---------------------------------------------------+---------+---------+----------+-----------+-----------+------+----------+
        |                                                   |  Latency (cycles) | Iteration|  Initiation Interval  | Trip |          |
        |                     Loop Name                     |   min   |   max   |  Latency |  achieved |   target  | Count| Pipelined|
        +---------------------------------------------------+---------+---------+----------+-----------+-----------+------+----------+
        |- VITIS_LOOP_45_1_VITIS_LOOP_46_2_VITIS_LOOP_47_3  |     2352|     2352|         3|          3|          1|   784|       yes|
        +---------------------------------------------------+---------+---------+----------+-----------+-----------+------+----------+

============================================================
+ Verbose Summary: Synthesis Manager
============================================================
InlineROM: 1
ExposeGlobal: 0
============================================================
+ Verbose Summary: CDFG Model
============================================================
IsTopModel: 0
ResetActiveHigh: 1
IsCombinational: 0
IsDatapathOnly: 0
HasWiredReturn: 1
HasMFsm: 2
HasVarLatency: 1
IsPipeline: 0
IsRtlPipelined: 0
IsInstanceOverlapped: 0
IsDontTouch: 0
HasImplIP: 0
IsGatedGlobalClock: 0

+ Individual pipeline summary: 
  * Pipeline-0: initiation interval (II) = 3, depth = 3


============================================================
+ Verbose Summary: Schedule
============================================================
* Number of FSM states : 3
* Pipeline : 1
  Pipeline-0 : II = 3, D = 3, States = { 1 2 3 }
* Dataflow Pipeline: 0

* FSM state transitions: 
1 --> 2 
2 --> 3 
3 --> 

* FSM state operations: 

State 1 <SV = 0> <Delay = 4.46>
ST_1 : Operation 6 [1/1] (0.00ns)   --->   "%c = alloca i32 1"   --->   Operation 6 'alloca' 'c' <Predicate = true> <Delay = 0.00>
ST_1 : Operation 7 [1/1] (0.00ns)   --->   "%w = alloca i32 1"   --->   Operation 7 'alloca' 'w' <Predicate = true> <Delay = 0.00>
ST_1 : Operation 8 [1/1] (0.00ns)   --->   "%indvar_flatten32 = alloca i32 1"   --->   Operation 8 'alloca' 'indvar_flatten32' <Predicate = true> <Delay = 0.00>
ST_1 : Operation 9 [1/1] (0.00ns)   --->   "%h = alloca i32 1"   --->   Operation 9 'alloca' 'h' <Predicate = true> <Delay = 0.00>
ST_1 : Operation 10 [1/1] (0.00ns)   --->   "%indvar_flatten64 = alloca i32 1"   --->   Operation 10 'alloca' 'indvar_flatten64' <Predicate = true> <Delay = 0.00>
ST_1 : Operation 11 [1/1] (0.00ns)   --->   "%specbramwithbyteenable_ln0 = specbramwithbyteenable void @_ssdm_op_SpecBRAMWithByteEnable, i16 %d"   --->   Operation 11 'specbramwithbyteenable' 'specbramwithbyteenable_ln0' <Predicate = true> <Delay = 0.00>
ST_1 : Operation 12 [1/1] (0.42ns)   --->   "%store_ln0 = store i10 0, i10 %indvar_flatten64"   --->   Operation 12 'store' 'store_ln0' <Predicate = true> <Delay = 0.42>
ST_1 : Operation 13 [1/1] (0.42ns)   --->   "%store_ln0 = store i4 0, i4 %h"   --->   Operation 13 'store' 'store_ln0' <Predicate = true> <Delay = 0.42>
ST_1 : Operation 14 [1/1] (0.42ns)   --->   "%store_ln0 = store i7 0, i7 %indvar_flatten32"   --->   Operation 14 'store' 'store_ln0' <Predicate = true> <Delay = 0.42>
ST_1 : Operation 15 [1/1] (0.42ns)   --->   "%store_ln0 = store i4 0, i4 %w"   --->   Operation 15 'store' 'store_ln0' <Predicate = true> <Delay = 0.42>
ST_1 : Operation 16 [1/1] (0.42ns)   --->   "%store_ln0 = store i3 0, i3 %c"   --->   Operation 16 'store' 'store_ln0' <Predicate = true> <Delay = 0.42>
ST_1 : Operation 17 [1/1] (0.00ns)   --->   "%br_ln0 = br void %for.body9.i26"   --->   Operation 17 'br' 'br_ln0' <Predicate = true> <Delay = 0.00>
ST_1 : Operation 18 [1/1] (0.00ns)   --->   "%w_2 = load i4 %w"   --->   Operation 18 'load' 'w_2' <Predicate = true> <Delay = 0.00>
ST_1 : Operation 19 [1/1] (0.00ns)   --->   "%h_2 = load i4 %h" [../denoiser_c_to_hls/denoiser.cpp:45]   --->   Operation 19 'load' 'h_2' <Predicate = true> <Delay = 0.00>
ST_1 : Operation 20 [1/1] (0.00ns)   --->   "%indvar_flatten64_load = load i10 %indvar_flatten64" [../denoiser_c_to_hls/denoiser.cpp:45]   --->   Operation 20 'load' 'indvar_flatten64_load' <Predicate = true> <Delay = 0.00>
ST_1 : Operation 21 [1/1] (0.00ns)   --->   "%shl_ln49_1 = bitconcatenate i13 @_ssdm_op_BitConcatenate.i13.i4.i9, i4 %h_2, i9 0" [../denoiser_c_to_hls/denoiser.cpp:49]   --->   Operation 21 'bitconcatenate' 'shl_ln49_1' <Predicate = true> <Delay = 0.00>
ST_1 : Operation 22 [1/1] (0.00ns)   --->   "%zext_ln49 = zext i13 %shl_ln49_1" [../denoiser_c_to_hls/denoiser.cpp:49]   --->   Operation 22 'zext' 'zext_ln49' <Predicate = true> <Delay = 0.00>
ST_1 : Operation 23 [1/1] (0.00ns)   --->   "%shl_ln49_2 = bitconcatenate i10 @_ssdm_op_BitConcatenate.i10.i4.i6, i4 %h_2, i6 0" [../denoiser_c_to_hls/denoiser.cpp:49]   --->   Operation 23 'bitconcatenate' 'shl_ln49_2' <Predicate = true> <Delay = 0.00>
ST_1 : Operation 24 [1/1] (0.00ns)   --->   "%zext_ln49_1 = zext i10 %shl_ln49_2" [../denoiser_c_to_hls/denoiser.cpp:49]   --->   Operation 24 'zext' 'zext_ln49_1' <Predicate = true> <Delay = 0.00>
ST_1 : Operation 25 [1/1] (0.82ns)   --->   "%sub_ln49 = sub i14 %zext_ln49, i14 %zext_ln49_1" [../denoiser_c_to_hls/denoiser.cpp:49]   --->   Operation 25 'sub' 'sub_ln49' <Predicate = true> <Delay = 0.82> <CoreInst = "Adder">   --->   Core 1 'Adder' <Latency = 0> <II = 1> <Delay = 0.82> <FuncUnit> <Opcode : 'add' 'sub'> <InPorts = 2> <OutPorts = 1>
ST_1 : Operation 26 [1/1] (0.00ns)   --->   "%shl_ln = bitconcatenate i11 @_ssdm_op_BitConcatenate.i11.i4.i7, i4 %h_2, i7 0" [../denoiser_c_to_hls/denoiser.cpp:56]   --->   Operation 26 'bitconcatenate' 'shl_ln' <Predicate = true> <Delay = 0.00>
ST_1 : Operation 27 [1/1] (0.00ns)   --->   "%zext_ln56 = zext i11 %shl_ln" [../denoiser_c_to_hls/denoiser.cpp:56]   --->   Operation 27 'zext' 'zext_ln56' <Predicate = true> <Delay = 0.00>
ST_1 : Operation 28 [1/1] (0.00ns)   --->   "%shl_ln56_1 = bitconcatenate i8 @_ssdm_op_BitConcatenate.i8.i4.i4, i4 %h_2, i4 0" [../denoiser_c_to_hls/denoiser.cpp:56]   --->   Operation 28 'bitconcatenate' 'shl_ln56_1' <Predicate = true> <Delay = 0.00>
ST_1 : Operation 29 [1/1] (0.00ns)   --->   "%zext_ln56_1 = zext i8 %shl_ln56_1" [../denoiser_c_to_hls/denoiser.cpp:56]   --->   Operation 29 'zext' 'zext_ln56_1' <Predicate = true> <Delay = 0.00>
ST_1 : Operation 30 [1/1] (0.79ns)   --->   "%sub_ln56 = sub i12 %zext_ln56, i12 %zext_ln56_1" [../denoiser_c_to_hls/denoiser.cpp:56]   --->   Operation 30 'sub' 'sub_ln56' <Predicate = true> <Delay = 0.79> <CoreInst = "Adder">   --->   Core 1 'Adder' <Latency = 0> <II = 1> <Delay = 0.79> <FuncUnit> <Opcode : 'add' 'sub'> <InPorts = 2> <OutPorts = 1>
ST_1 : Operation 31 [1/1] (0.00ns)   --->   "%tmp_7 = bitconcatenate i8 @_ssdm_op_BitConcatenate.i8.i4.i4, i4 %w_2, i4 0"   --->   Operation 31 'bitconcatenate' 'tmp_7' <Predicate = true> <Delay = 0.00>
ST_1 : Operation 32 [1/1] (0.00ns)   --->   "%or_ln50 = or i8 %tmp_7, i8 8" [../denoiser_c_to_hls/denoiser.cpp:50]   --->   Operation 32 'or' 'or_ln50' <Predicate = true> <Delay = 0.00>
ST_1 : Operation 33 [1/1] (0.00ns)   --->   "%shl_ln56_2 = bitconcatenate i7 @_ssdm_op_BitConcatenate.i7.i4.i3, i4 %w_2, i3 0" [../denoiser_c_to_hls/denoiser.cpp:56]   --->   Operation 33 'bitconcatenate' 'shl_ln56_2' <Predicate = true> <Delay = 0.00>
ST_1 : Operation 34 [1/1] (0.00ns)   --->   "%zext_ln47 = zext i7 %shl_ln56_2" [../denoiser_c_to_hls/denoiser.cpp:47]   --->   Operation 34 'zext' 'zext_ln47' <Predicate = true> <Delay = 0.00>
ST_1 : Operation 35 [1/1] (0.80ns)   --->   "%add_ln56 = add i12 %sub_ln56, i12 %zext_ln47" [../denoiser_c_to_hls/denoiser.cpp:56]   --->   Operation 35 'add' 'add_ln56' <Predicate = true> <Delay = 0.80> <CoreInst = "Adder">   --->   Core 1 'Adder' <Latency = 0> <II = 1> <Delay = 0.80> <FuncUnit> <Opcode : 'add' 'sub'> <InPorts = 2> <OutPorts = 1>
ST_1 : Operation 36 [1/1] (0.00ns)   --->   "%specpipeline_ln0 = specpipeline void @_ssdm_op_SpecPipeline, i32 4294967295, i32 0, i32 1, i32 0, void @p_str"   --->   Operation 36 'specpipeline' 'specpipeline_ln0' <Predicate = true> <Delay = 0.00>
ST_1 : Operation 37 [1/1] (0.91ns)   --->   "%icmp_ln45 = icmp_eq  i10 %indvar_flatten64_load, i10 784" [../denoiser_c_to_hls/denoiser.cpp:45]   --->   Operation 37 'icmp' 'icmp_ln45' <Predicate = true> <Delay = 0.91> <CoreInst = "Cmp">   --->   Core 9 'Cmp' <Latency = 0> <II = 1> <Delay = 0.91> <FuncUnit> <Opcode : 'icmp'> <InPorts = 2> <OutPorts = 1>
ST_1 : Operation 38 [1/1] (0.78ns)   --->   "%add_ln45_2 = add i10 %indvar_flatten64_load, i10 1" [../denoiser_c_to_hls/denoiser.cpp:45]   --->   Operation 38 'add' 'add_ln45_2' <Predicate = true> <Delay = 0.78> <CoreInst = "Adder">   --->   Core 1 'Adder' <Latency = 0> <II = 1> <Delay = 0.78> <FuncUnit> <Opcode : 'add' 'sub'> <InPorts = 2> <OutPorts = 1>
ST_1 : Operation 39 [1/1] (0.00ns)   --->   "%br_ln45 = br i1 %icmp_ln45, void %for.cond.cleanup4.i16, void %for.body9.i214.preheader.exitStub" [../denoiser_c_to_hls/denoiser.cpp:45]   --->   Operation 39 'br' 'br_ln45' <Predicate = true> <Delay = 0.00>
ST_1 : Operation 40 [1/1] (0.00ns)   --->   "%c_load = load i3 %c" [../denoiser_c_to_hls/denoiser.cpp:47]   --->   Operation 40 'load' 'c_load' <Predicate = (!icmp_ln45)> <Delay = 0.00>
ST_1 : Operation 41 [1/1] (0.00ns)   --->   "%indvar_flatten32_load = load i7 %indvar_flatten32" [../denoiser_c_to_hls/denoiser.cpp:46]   --->   Operation 41 'load' 'indvar_flatten32_load' <Predicate = (!icmp_ln45)> <Delay = 0.00>
ST_1 : Operation 42 [1/1] (0.79ns)   --->   "%add_ln45 = add i4 %h_2, i4 1" [../denoiser_c_to_hls/denoiser.cpp:45]   --->   Operation 42 'add' 'add_ln45' <Predicate = (!icmp_ln45)> <Delay = 0.79> <CoreInst = "Adder">   --->   Core 1 'Adder' <Latency = 0> <II = 1> <Delay = 0.79> <FuncUnit> <Opcode : 'add' 'sub'> <InPorts = 2> <OutPorts = 1>
ST_1 : Operation 43 [1/1] (0.81ns)   --->   "%icmp_ln46 = icmp_eq  i7 %indvar_flatten32_load, i7 56" [../denoiser_c_to_hls/denoiser.cpp:46]   --->   Operation 43 'icmp' 'icmp_ln46' <Predicate = (!icmp_ln45)> <Delay = 0.81> <CoreInst = "Cmp">   --->   Core 9 'Cmp' <Latency = 0> <II = 1> <Delay = 0.81> <FuncUnit> <Opcode : 'icmp'> <InPorts = 2> <OutPorts = 1>
ST_1 : Operation 44 [1/1] (0.39ns)   --->   "%select_ln45 = select i1 %icmp_ln46, i4 0, i4 %w_2" [../denoiser_c_to_hls/denoiser.cpp:45]   --->   Operation 44 'select' 'select_ln45' <Predicate = (!icmp_ln45)> <Delay = 0.39> <CoreInst = "Sel">   --->   Core 73 'Sel' <Latency = 0> <II = 1> <Delay = 0.39> <FuncUnit> <Opcode : 'select'> <InPorts = 3> <OutPorts = 1>
ST_1 : Operation 45 [1/1] (0.00ns)   --->   "%shl_ln49_1_mid1 = bitconcatenate i13 @_ssdm_op_BitConcatenate.i13.i4.i9, i4 %add_ln45, i9 0" [../denoiser_c_to_hls/denoiser.cpp:49]   --->   Operation 45 'bitconcatenate' 'shl_ln49_1_mid1' <Predicate = (!icmp_ln45)> <Delay = 0.00>
ST_1 : Operation 46 [1/1] (0.00ns)   --->   "%zext_ln49_2 = zext i13 %shl_ln49_1_mid1" [../denoiser_c_to_hls/denoiser.cpp:49]   --->   Operation 46 'zext' 'zext_ln49_2' <Predicate = (!icmp_ln45)> <Delay = 0.00>
ST_1 : Operation 47 [1/1] (0.00ns)   --->   "%shl_ln49_2_mid1 = bitconcatenate i10 @_ssdm_op_BitConcatenate.i10.i4.i6, i4 %add_ln45, i6 0" [../denoiser_c_to_hls/denoiser.cpp:49]   --->   Operation 47 'bitconcatenate' 'shl_ln49_2_mid1' <Predicate = (!icmp_ln45)> <Delay = 0.00>
ST_1 : Operation 48 [1/1] (0.00ns)   --->   "%zext_ln49_3 = zext i10 %shl_ln49_2_mid1" [../denoiser_c_to_hls/denoiser.cpp:49]   --->   Operation 48 'zext' 'zext_ln49_3' <Predicate = (!icmp_ln45)> <Delay = 0.00>
ST_1 : Operation 49 [1/1] (0.82ns)   --->   "%sub_ln49_1 = sub i14 %zext_ln49_2, i14 %zext_ln49_3" [../denoiser_c_to_hls/denoiser.cpp:49]   --->   Operation 49 'sub' 'sub_ln49_1' <Predicate = (!icmp_ln45)> <Delay = 0.82> <CoreInst = "Adder">   --->   Core 1 'Adder' <Latency = 0> <II = 1> <Delay = 0.82> <FuncUnit> <Opcode : 'add' 'sub'> <InPorts = 2> <OutPorts = 1>
ST_1 : Operation 50 [1/1] (0.23ns)   --->   "%select_ln45_1 = select i1 %icmp_ln46, i14 %sub_ln49_1, i14 %sub_ln49" [../denoiser_c_to_hls/denoiser.cpp:45]   --->   Operation 50 'select' 'select_ln45_1' <Predicate = (!icmp_ln45)> <Delay = 0.23> <CoreInst = "Sel">   --->   Core 73 'Sel' <Latency = 0> <II = 1> <Delay = 0.23> <FuncUnit> <Opcode : 'select'> <InPorts = 3> <OutPorts = 1>
ST_1 : Operation 51 [1/1] (0.83ns)   --->   "%add_ln45_1 = add i14 %select_ln45_1, i14 224" [../denoiser_c_to_hls/denoiser.cpp:45]   --->   Operation 51 'add' 'add_ln45_1' <Predicate = (!icmp_ln45)> <Delay = 0.83> <CoreInst = "Adder">   --->   Core 1 'Adder' <Latency = 0> <II = 1> <Delay = 0.83> <FuncUnit> <Opcode : 'add' 'sub'> <InPorts = 2> <OutPorts = 1>
ST_1 : Operation 52 [1/1] (0.00ns)   --->   "%shl_ln56_mid1 = bitconcatenate i11 @_ssdm_op_BitConcatenate.i11.i4.i7, i4 %add_ln45, i7 0" [../denoiser_c_to_hls/denoiser.cpp:56]   --->   Operation 52 'bitconcatenate' 'shl_ln56_mid1' <Predicate = (!icmp_ln45)> <Delay = 0.00>
ST_1 : Operation 53 [1/1] (0.00ns)   --->   "%zext_ln56_2 = zext i11 %shl_ln56_mid1" [../denoiser_c_to_hls/denoiser.cpp:56]   --->   Operation 53 'zext' 'zext_ln56_2' <Predicate = (!icmp_ln45)> <Delay = 0.00>
ST_1 : Operation 54 [1/1] (0.00ns)   --->   "%shl_ln56_1_mid1 = bitconcatenate i8 @_ssdm_op_BitConcatenate.i8.i4.i4, i4 %add_ln45, i4 0" [../denoiser_c_to_hls/denoiser.cpp:56]   --->   Operation 54 'bitconcatenate' 'shl_ln56_1_mid1' <Predicate = (!icmp_ln45)> <Delay = 0.00>
ST_1 : Operation 55 [1/1] (0.00ns)   --->   "%zext_ln56_4 = zext i8 %shl_ln56_1_mid1" [../denoiser_c_to_hls/denoiser.cpp:56]   --->   Operation 55 'zext' 'zext_ln56_4' <Predicate = (!icmp_ln45)> <Delay = 0.00>
ST_1 : Operation 56 [1/1] (0.79ns)   --->   "%sub_ln56_1 = sub i12 %zext_ln56_2, i12 %zext_ln56_4" [../denoiser_c_to_hls/denoiser.cpp:56]   --->   Operation 56 'sub' 'sub_ln56_1' <Predicate = (!icmp_ln45)> <Delay = 0.79> <CoreInst = "Adder">   --->   Core 1 'Adder' <Latency = 0> <II = 1> <Delay = 0.79> <FuncUnit> <Opcode : 'add' 'sub'> <InPorts = 2> <OutPorts = 1>
ST_1 : Operation 57 [1/1] (0.00ns) (grouped into LUT with out node add_ln56_2)   --->   "%select_ln45_2 = select i1 %icmp_ln46, i12 %sub_ln56_1, i12 %sub_ln56" [../denoiser_c_to_hls/denoiser.cpp:45]   --->   Operation 57 'select' 'select_ln45_2' <Predicate = (!icmp_ln45)> <Delay = 0.00> <CoreInst = "Sel">   --->   Core 73 'Sel' <Latency = 0> <II = 1> <Delay = 0.37> <FuncUnit> <Opcode : 'select'> <InPorts = 3> <OutPorts = 1>
ST_1 : Operation 58 [1/1] (0.00ns) (grouped into LUT with out node select_ln46_1)   --->   "%select_ln45_3 = select i1 %icmp_ln46, i8 0, i8 %tmp_7" [../denoiser_c_to_hls/denoiser.cpp:45]   --->   Operation 58 'select' 'select_ln45_3' <Predicate = (!icmp_ln45)> <Delay = 0.00> <CoreInst = "Sel">   --->   Core 73 'Sel' <Latency = 0> <II = 1> <Delay = 0.39> <FuncUnit> <Opcode : 'select'> <InPorts = 3> <OutPorts = 1>
ST_1 : Operation 59 [1/1] (0.00ns) (grouped into LUT with out node select_ln46_2)   --->   "%select_ln45_4 = select i1 %icmp_ln46, i8 8, i8 %or_ln50" [../denoiser_c_to_hls/denoiser.cpp:45]   --->   Operation 59 'select' 'select_ln45_4' <Predicate = (!icmp_ln45)> <Delay = 0.00> <CoreInst = "Sel">   --->   Core 73 'Sel' <Latency = 0> <II = 1> <Delay = 0.39> <FuncUnit> <Opcode : 'select'> <InPorts = 3> <OutPorts = 1>
ST_1 : Operation 60 [1/1] (0.00ns) (grouped into LUT with out node add_ln56_1)   --->   "%select_ln45_5 = select i1 %icmp_ln46, i12 %sub_ln56_1, i12 %add_ln56" [../denoiser_c_to_hls/denoiser.cpp:45]   --->   Operation 60 'select' 'select_ln45_5' <Predicate = (!icmp_ln45)> <Delay = 0.00> <CoreInst = "Sel">   --->   Core 73 'Sel' <Latency = 0> <II = 1> <Delay = 0.37> <FuncUnit> <Opcode : 'select'> <InPorts = 3> <OutPorts = 1>
ST_1 : Operation 61 [1/1] (0.00ns) (grouped into LUT with out node and_ln45)   --->   "%xor_ln45 = xor i1 %icmp_ln46, i1 1" [../denoiser_c_to_hls/denoiser.cpp:45]   --->   Operation 61 'xor' 'xor_ln45' <Predicate = (!icmp_ln45)> <Delay = 0.00> <CoreInst = "LogicGate">   --->   Core 74 'LogicGate' <Latency = 0> <II = 1> <Delay = 0.28> <FuncUnit> <Opcode : 'and' 'or' 'xor'> <InPorts = 2> <OutPorts = 1>
ST_1 : Operation 62 [1/1] (0.58ns)   --->   "%icmp_ln47 = icmp_eq  i3 %c_load, i3 4" [../denoiser_c_to_hls/denoiser.cpp:47]   --->   Operation 62 'icmp' 'icmp_ln47' <Predicate = (!icmp_ln45)> <Delay = 0.58> <CoreInst = "Cmp">   --->   Core 9 'Cmp' <Latency = 0> <II = 1> <Delay = 0.58> <FuncUnit> <Opcode : 'icmp'> <InPorts = 2> <OutPorts = 1>
ST_1 : Operation 63 [1/1] (0.28ns) (out node of the LUT)   --->   "%and_ln45 = and i1 %icmp_ln47, i1 %xor_ln45" [../denoiser_c_to_hls/denoiser.cpp:45]   --->   Operation 63 'and' 'and_ln45' <Predicate = (!icmp_ln45)> <Delay = 0.28> <CoreInst = "LogicGate">   --->   Core 74 'LogicGate' <Latency = 0> <II = 1> <Delay = 0.28> <FuncUnit> <Opcode : 'and' 'or' 'xor'> <InPorts = 2> <OutPorts = 1>
ST_1 : Operation 64 [1/1] (0.39ns)   --->   "%select_ln45_6 = select i1 %icmp_ln46, i4 %add_ln45, i4 %h_2" [../denoiser_c_to_hls/denoiser.cpp:45]   --->   Operation 64 'select' 'select_ln45_6' <Predicate = (!icmp_ln45)> <Delay = 0.39> <CoreInst = "Sel">   --->   Core 73 'Sel' <Latency = 0> <II = 1> <Delay = 0.39> <FuncUnit> <Opcode : 'select'> <InPorts = 3> <OutPorts = 1>
ST_1 : Operation 65 [1/1] (0.79ns)   --->   "%add_ln46 = add i4 %select_ln45, i4 1" [../denoiser_c_to_hls/denoiser.cpp:46]   --->   Operation 65 'add' 'add_ln46' <Predicate = (!icmp_ln45)> <Delay = 0.79> <CoreInst = "Adder">   --->   Core 1 'Adder' <Latency = 0> <II = 1> <Delay = 0.79> <FuncUnit> <Opcode : 'add' 'sub'> <InPorts = 2> <OutPorts = 1>
ST_1 : Operation 66 [1/1] (0.00ns) (grouped into LUT with out node select_ln46)   --->   "%or_ln46 = or i1 %and_ln45, i1 %icmp_ln46" [../denoiser_c_to_hls/denoiser.cpp:46]   --->   Operation 66 'or' 'or_ln46' <Predicate = (!icmp_ln45)> <Delay = 0.00> <CoreInst = "LogicGate">   --->   Core 74 'LogicGate' <Latency = 0> <II = 1> <Delay = 0.28> <FuncUnit> <Opcode : 'and' 'or' 'xor'> <InPorts = 2> <OutPorts = 1>
ST_1 : Operation 67 [1/1] (0.28ns) (out node of the LUT)   --->   "%select_ln46 = select i1 %or_ln46, i3 0, i3 %c_load" [../denoiser_c_to_hls/denoiser.cpp:46]   --->   Operation 67 'select' 'select_ln46' <Predicate = (!icmp_ln45)> <Delay = 0.28> <CoreInst = "Sel">   --->   Core 73 'Sel' <Latency = 0> <II = 1> <Delay = 0.20> <FuncUnit> <Opcode : 'select'> <InPorts = 3> <OutPorts = 1>
ST_1 : Operation 68 [1/1] (0.00ns)   --->   "%p_mid1 = bitconcatenate i8 @_ssdm_op_BitConcatenate.i8.i4.i4, i4 %add_ln46, i4 0" [../denoiser_c_to_hls/denoiser.cpp:46]   --->   Operation 68 'bitconcatenate' 'p_mid1' <Predicate = (!icmp_ln45)> <Delay = 0.00>
ST_1 : Operation 69 [1/1] (0.39ns) (out node of the LUT)   --->   "%select_ln46_1 = select i1 %and_ln45, i8 %p_mid1, i8 %select_ln45_3" [../denoiser_c_to_hls/denoiser.cpp:46]   --->   Operation 69 'select' 'select_ln46_1' <Predicate = (!icmp_ln45)> <Delay = 0.39> <CoreInst = "Sel">   --->   Core 73 'Sel' <Latency = 0> <II = 1> <Delay = 0.39> <FuncUnit> <Opcode : 'select'> <InPorts = 3> <OutPorts = 1>
ST_1 : Operation 70 [1/1] (0.00ns)   --->   "%zext_ln50 = zext i8 %select_ln46_1" [../denoiser_c_to_hls/denoiser.cpp:50]   --->   Operation 70 'zext' 'zext_ln50' <Predicate = (!icmp_ln45)> <Delay = 0.00>
ST_1 : Operation 71 [1/1] (0.00ns) (grouped into LUT with out node select_ln46_2)   --->   "%or_ln50_1 = or i8 %p_mid1, i8 8" [../denoiser_c_to_hls/denoiser.cpp:50]   --->   Operation 71 'or' 'or_ln50_1' <Predicate = (!icmp_ln45)> <Delay = 0.00>
ST_1 : Operation 72 [1/1] (0.39ns) (out node of the LUT)   --->   "%select_ln46_2 = select i1 %and_ln45, i8 %or_ln50_1, i8 %select_ln45_4" [../denoiser_c_to_hls/denoiser.cpp:46]   --->   Operation 72 'select' 'select_ln46_2' <Predicate = (!icmp_ln45)> <Delay = 0.39> <CoreInst = "Sel">   --->   Core 73 'Sel' <Latency = 0> <II = 1> <Delay = 0.39> <FuncUnit> <Opcode : 'select'> <InPorts = 3> <OutPorts = 1>
ST_1 : Operation 73 [1/1] (0.00ns)   --->   "%zext_ln56_5 = zext i8 %select_ln46_2" [../denoiser_c_to_hls/denoiser.cpp:56]   --->   Operation 73 'zext' 'zext_ln56_5' <Predicate = (!icmp_ln45)> <Delay = 0.00>
ST_1 : Operation 74 [1/1] (0.00ns) (grouped into LUT with out node add_ln56_2)   --->   "%shl_ln56_2_mid1 = bitconcatenate i7 @_ssdm_op_BitConcatenate.i7.i4.i3, i4 %add_ln46, i3 0" [../denoiser_c_to_hls/denoiser.cpp:56]   --->   Operation 74 'bitconcatenate' 'shl_ln56_2_mid1' <Predicate = (!icmp_ln45)> <Delay = 0.00>
ST_1 : Operation 75 [1/1] (0.00ns) (grouped into LUT with out node add_ln56_2)   --->   "%zext_ln47_1 = zext i7 %shl_ln56_2_mid1" [../denoiser_c_to_hls/denoiser.cpp:47]   --->   Operation 75 'zext' 'zext_ln47_1' <Predicate = (!icmp_ln45)> <Delay = 0.00>
ST_1 : Operation 76 [1/1] (0.80ns) (out node of the LUT)   --->   "%add_ln56_2 = add i12 %select_ln45_2, i12 %zext_ln47_1" [../denoiser_c_to_hls/denoiser.cpp:56]   --->   Operation 76 'add' 'add_ln56_2' <Predicate = (!icmp_ln45)> <Delay = 0.80> <CoreInst = "Adder">   --->   Core 1 'Adder' <Latency = 0> <II = 1> <Delay = 0.80> <FuncUnit> <Opcode : 'add' 'sub'> <InPorts = 2> <OutPorts = 1>
ST_1 : Operation 77 [1/1] (0.00ns) (grouped into LUT with out node add_ln56_1)   --->   "%select_ln46_3 = select i1 %and_ln45, i12 %add_ln56_2, i12 %select_ln45_5" [../denoiser_c_to_hls/denoiser.cpp:46]   --->   Operation 77 'select' 'select_ln46_3' <Predicate = (!icmp_ln45)> <Delay = 0.00> <CoreInst = "Sel">   --->   Core 73 'Sel' <Latency = 0> <II = 1> <Delay = 0.37> <FuncUnit> <Opcode : 'select'> <InPorts = 3> <OutPorts = 1>
ST_1 : Operation 78 [1/1] (0.00ns) (grouped into LUT with out node add_ln56_1)   --->   "%sext_ln46 = sext i12 %select_ln46_3" [../denoiser_c_to_hls/denoiser.cpp:46]   --->   Operation 78 'sext' 'sext_ln46' <Predicate = (!icmp_ln45)> <Delay = 0.00>
ST_1 : Operation 79 [1/1] (0.39ns)   --->   "%select_ln46_4 = select i1 %and_ln45, i4 %add_ln46, i4 %select_ln45" [../denoiser_c_to_hls/denoiser.cpp:46]   --->   Operation 79 'select' 'select_ln46_4' <Predicate = (!icmp_ln45)> <Delay = 0.39> <CoreInst = "Sel">   --->   Core 73 'Sel' <Latency = 0> <II = 1> <Delay = 0.39> <FuncUnit> <Opcode : 'select'> <InPorts = 3> <OutPorts = 1>
ST_1 : Operation 80 [1/1] (0.00ns)   --->   "%trunc_ln49 = trunc i3 %select_ln46" [../denoiser_c_to_hls/denoiser.cpp:49]   --->   Operation 80 'trunc' 'trunc_ln49' <Predicate = (!icmp_ln45)> <Delay = 0.00>
ST_1 : Operation 81 [1/1] (0.00ns)   --->   "%tmp_6 = partselect i11 @_ssdm_op_PartSelect.i11.i14.i32.i32, i14 %select_ln45_1, i32 3, i32 13" [../denoiser_c_to_hls/denoiser.cpp:49]   --->   Operation 81 'partselect' 'tmp_6' <Predicate = (!icmp_ln45)> <Delay = 0.00>
ST_1 : Operation 82 [1/1] (0.00ns)   --->   "%tmp5 = bitconcatenate i14 @_ssdm_op_BitConcatenate.i14.i11.i2.i1, i11 %tmp_6, i2 %trunc_ln49, i1 0" [../denoiser_c_to_hls/denoiser.cpp:49]   --->   Operation 82 'bitconcatenate' 'tmp5' <Predicate = (!icmp_ln45)> <Delay = 0.00>
ST_1 : Operation 83 [1/1] (0.83ns)   --->   "%add_ln49 = add i14 %tmp5, i14 %zext_ln50" [../denoiser_c_to_hls/denoiser.cpp:49]   --->   Operation 83 'add' 'add_ln49' <Predicate = (!icmp_ln45)> <Delay = 0.83> <CoreInst = "Adder">   --->   Core 1 'Adder' <Latency = 0> <II = 1> <Delay = 0.83> <FuncUnit> <Opcode : 'add' 'sub'> <InPorts = 2> <OutPorts = 1>
ST_1 : Operation 84 [1/1] (0.00ns)   --->   "%trunc_ln = partselect i13 @_ssdm_op_PartSelect.i13.i14.i32.i32, i14 %add_ln49, i32 1, i32 13" [../denoiser_c_to_hls/denoiser.cpp:49]   --->   Operation 84 'partselect' 'trunc_ln' <Predicate = (!icmp_ln45)> <Delay = 0.00>
ST_1 : Operation 85 [1/1] (0.00ns)   --->   "%sext_ln49 = sext i13 %trunc_ln" [../denoiser_c_to_hls/denoiser.cpp:49]   --->   Operation 85 'sext' 'sext_ln49' <Predicate = (!icmp_ln45)> <Delay = 0.00>
ST_1 : Operation 86 [1/1] (0.00ns)   --->   "%zext_ln49_4 = zext i14 %sext_ln49" [../denoiser_c_to_hls/denoiser.cpp:49]   --->   Operation 86 'zext' 'zext_ln49_4' <Predicate = (!icmp_ln45)> <Delay = 0.00>
ST_1 : Operation 87 [1/1] (0.00ns)   --->   "%d_addr = getelementptr i16 %d, i64 0, i64 %zext_ln49_4" [../denoiser_c_to_hls/denoiser.cpp:49]   --->   Operation 87 'getelementptr' 'd_addr' <Predicate = (!icmp_ln45)> <Delay = 0.00>
ST_1 : Operation 88 [2/2] (1.23ns)   --->   "%max_val_V = load i14 %d_addr" [../denoiser_c_to_hls/denoiser.cpp:49]   --->   Operation 88 'load' 'max_val_V' <Predicate = (!icmp_ln45)> <Delay = 1.23> <CoreInst = "RAM">   --->   Core 83 'RAM' <Latency = 1> <II = 1> <Delay = 1.23> <Storage> <Opcode : 'load' 'store'> <Ports = 2> <Width = 16> <Depth = 12544> <RAM>
ST_1 : Operation 89 [1/1] (0.83ns)   --->   "%add_ln50 = add i14 %tmp5, i14 %zext_ln56_5" [../denoiser_c_to_hls/denoiser.cpp:50]   --->   Operation 89 'add' 'add_ln50' <Predicate = (!icmp_ln45)> <Delay = 0.83> <CoreInst = "Adder">   --->   Core 1 'Adder' <Latency = 0> <II = 1> <Delay = 0.83> <FuncUnit> <Opcode : 'add' 'sub'> <InPorts = 2> <OutPorts = 1>
ST_1 : Operation 90 [1/1] (0.00ns)   --->   "%trunc_ln1 = partselect i13 @_ssdm_op_PartSelect.i13.i14.i32.i32, i14 %add_ln50, i32 1, i32 13" [../denoiser_c_to_hls/denoiser.cpp:50]   --->   Operation 90 'partselect' 'trunc_ln1' <Predicate = (!icmp_ln45)> <Delay = 0.00>
ST_1 : Operation 91 [1/1] (0.00ns)   --->   "%sext_ln50 = sext i13 %trunc_ln1" [../denoiser_c_to_hls/denoiser.cpp:50]   --->   Operation 91 'sext' 'sext_ln50' <Predicate = (!icmp_ln45)> <Delay = 0.00>
ST_1 : Operation 92 [1/1] (0.00ns)   --->   "%zext_ln50_1 = zext i14 %sext_ln50" [../denoiser_c_to_hls/denoiser.cpp:50]   --->   Operation 92 'zext' 'zext_ln50_1' <Predicate = (!icmp_ln45)> <Delay = 0.00>
ST_1 : Operation 93 [1/1] (0.00ns)   --->   "%d_addr_1 = getelementptr i16 %d, i64 0, i64 %zext_ln50_1" [../denoiser_c_to_hls/denoiser.cpp:50]   --->   Operation 93 'getelementptr' 'd_addr_1' <Predicate = (!icmp_ln45)> <Delay = 0.00>
ST_1 : Operation 94 [2/2] (1.23ns)   --->   "%v1_V = load i14 %d_addr_1" [../denoiser_c_to_hls/denoiser.cpp:50]   --->   Operation 94 'load' 'v1_V' <Predicate = (!icmp_ln45)> <Delay = 1.23> <CoreInst = "RAM">   --->   Core 83 'RAM' <Latency = 1> <II = 1> <Delay = 1.23> <Storage> <Opcode : 'load' 'store'> <Ports = 2> <Width = 16> <Depth = 12544> <RAM>
ST_1 : Operation 95 [1/1] (0.00ns)   --->   "%tmp_8 = partselect i11 @_ssdm_op_PartSelect.i11.i14.i32.i32, i14 %add_ln45_1, i32 3, i32 13" [../denoiser_c_to_hls/denoiser.cpp:52]   --->   Operation 95 'partselect' 'tmp_8' <Predicate = (!icmp_ln45)> <Delay = 0.00>
ST_1 : Operation 96 [1/1] (0.00ns)   --->   "%tmp7 = bitconcatenate i14 @_ssdm_op_BitConcatenate.i14.i11.i2.i1, i11 %tmp_8, i2 %trunc_ln49, i1 0" [../denoiser_c_to_hls/denoiser.cpp:52]   --->   Operation 96 'bitconcatenate' 'tmp7' <Predicate = (!icmp_ln45)> <Delay = 0.00>
ST_1 : Operation 97 [1/1] (0.83ns)   --->   "%add_ln52 = add i14 %tmp7, i14 %zext_ln50" [../denoiser_c_to_hls/denoiser.cpp:52]   --->   Operation 97 'add' 'add_ln52' <Predicate = (!icmp_ln45)> <Delay = 0.83> <CoreInst = "Adder">   --->   Core 1 'Adder' <Latency = 0> <II = 1> <Delay = 0.83> <FuncUnit> <Opcode : 'add' 'sub'> <InPorts = 2> <OutPorts = 1>
ST_1 : Operation 98 [1/1] (0.00ns)   --->   "%trunc_ln2 = partselect i13 @_ssdm_op_PartSelect.i13.i14.i32.i32, i14 %add_ln52, i32 1, i32 13" [../denoiser_c_to_hls/denoiser.cpp:52]   --->   Operation 98 'partselect' 'trunc_ln2' <Predicate = (!icmp_ln45)> <Delay = 0.00>
ST_1 : Operation 99 [1/1] (0.83ns)   --->   "%add_ln54 = add i14 %tmp7, i14 %zext_ln56_5" [../denoiser_c_to_hls/denoiser.cpp:54]   --->   Operation 99 'add' 'add_ln54' <Predicate = (!icmp_ln45)> <Delay = 0.83> <CoreInst = "Adder">   --->   Core 1 'Adder' <Latency = 0> <II = 1> <Delay = 0.83> <FuncUnit> <Opcode : 'add' 'sub'> <InPorts = 2> <OutPorts = 1>
ST_1 : Operation 100 [1/1] (0.00ns)   --->   "%trunc_ln3 = partselect i13 @_ssdm_op_PartSelect.i13.i14.i32.i32, i14 %add_ln54, i32 1, i32 13" [../denoiser_c_to_hls/denoiser.cpp:54]   --->   Operation 100 'partselect' 'trunc_ln3' <Predicate = (!icmp_ln45)> <Delay = 0.00>
ST_1 : Operation 101 [1/1] (0.00ns) (grouped into LUT with out node add_ln56_1)   --->   "%or_ln = bitconcatenate i13 @_ssdm_op_BitConcatenate.i13.i10.i2.i1, i10 544, i2 %trunc_ln49, i1 0" [../denoiser_c_to_hls/denoiser.cpp:56]   --->   Operation 101 'bitconcatenate' 'or_ln' <Predicate = (!icmp_ln45)> <Delay = 0.00>
ST_1 : Operation 102 [1/1] (0.00ns) (grouped into LUT with out node add_ln56_1)   --->   "%sext_ln56 = sext i13 %or_ln" [../denoiser_c_to_hls/denoiser.cpp:56]   --->   Operation 102 'sext' 'sext_ln56' <Predicate = (!icmp_ln45)> <Delay = 0.00>
ST_1 : Operation 103 [1/1] (0.82ns) (out node of the LUT)   --->   "%add_ln56_1 = add i14 %sext_ln56, i14 %sext_ln46" [../denoiser_c_to_hls/denoiser.cpp:56]   --->   Operation 103 'add' 'add_ln56_1' <Predicate = (!icmp_ln45)> <Delay = 0.82> <CoreInst = "Adder">   --->   Core 1 'Adder' <Latency = 0> <II = 1> <Delay = 0.82> <FuncUnit> <Opcode : 'add' 'sub'> <InPorts = 2> <OutPorts = 1>
ST_1 : Operation 104 [1/1] (0.00ns)   --->   "%lshr_ln = partselect i13 @_ssdm_op_PartSelect.i13.i14.i32.i32, i14 %add_ln56_1, i32 1, i32 13" [../denoiser_c_to_hls/denoiser.cpp:56]   --->   Operation 104 'partselect' 'lshr_ln' <Predicate = (!icmp_ln45)> <Delay = 0.00>
ST_1 : Operation 105 [1/1] (0.67ns)   --->   "%add_ln47 = add i3 %select_ln46, i3 1" [../denoiser_c_to_hls/denoiser.cpp:47]   --->   Operation 105 'add' 'add_ln47' <Predicate = (!icmp_ln45)> <Delay = 0.67> <CoreInst = "Adder">   --->   Core 1 'Adder' <Latency = 0> <II = 1> <Delay = 0.67> <FuncUnit> <Opcode : 'add' 'sub'> <InPorts = 2> <OutPorts = 1>
ST_1 : Operation 106 [1/1] (0.77ns)   --->   "%add_ln46_1 = add i7 %indvar_flatten32_load, i7 1" [../denoiser_c_to_hls/denoiser.cpp:46]   --->   Operation 106 'add' 'add_ln46_1' <Predicate = (!icmp_ln45)> <Delay = 0.77> <CoreInst = "Adder">   --->   Core 1 'Adder' <Latency = 0> <II = 1> <Delay = 0.77> <FuncUnit> <Opcode : 'add' 'sub'> <InPorts = 2> <OutPorts = 1>
ST_1 : Operation 107 [1/1] (0.36ns)   --->   "%select_ln46_5 = select i1 %icmp_ln46, i7 1, i7 %add_ln46_1" [../denoiser_c_to_hls/denoiser.cpp:46]   --->   Operation 107 'select' 'select_ln46_5' <Predicate = (!icmp_ln45)> <Delay = 0.36> <CoreInst = "Sel">   --->   Core 73 'Sel' <Latency = 0> <II = 1> <Delay = 0.36> <FuncUnit> <Opcode : 'select'> <InPorts = 3> <OutPorts = 1>
ST_1 : Operation 108 [1/1] (0.42ns)   --->   "%store_ln47 = store i10 %add_ln45_2, i10 %indvar_flatten64" [../denoiser_c_to_hls/denoiser.cpp:47]   --->   Operation 108 'store' 'store_ln47' <Predicate = (!icmp_ln45)> <Delay = 0.42>
ST_1 : Operation 109 [1/1] (0.42ns)   --->   "%store_ln47 = store i4 %select_ln45_6, i4 %h" [../denoiser_c_to_hls/denoiser.cpp:47]   --->   Operation 109 'store' 'store_ln47' <Predicate = (!icmp_ln45)> <Delay = 0.42>
ST_1 : Operation 110 [1/1] (0.42ns)   --->   "%store_ln47 = store i7 %select_ln46_5, i7 %indvar_flatten32" [../denoiser_c_to_hls/denoiser.cpp:47]   --->   Operation 110 'store' 'store_ln47' <Predicate = (!icmp_ln45)> <Delay = 0.42>
ST_1 : Operation 111 [1/1] (0.42ns)   --->   "%store_ln47 = store i4 %select_ln46_4, i4 %w" [../denoiser_c_to_hls/denoiser.cpp:47]   --->   Operation 111 'store' 'store_ln47' <Predicate = (!icmp_ln45)> <Delay = 0.42>
ST_1 : Operation 112 [1/1] (0.42ns)   --->   "%store_ln47 = store i3 %add_ln47, i3 %c" [../denoiser_c_to_hls/denoiser.cpp:47]   --->   Operation 112 'store' 'store_ln47' <Predicate = (!icmp_ln45)> <Delay = 0.42>
ST_1 : Operation 141 [1/1] (0.00ns)   --->   "%ret_ln0 = ret"   --->   Operation 141 'ret' 'ret_ln0' <Predicate = (icmp_ln45)> <Delay = 0.00>

State 2 <SV = 1> <Delay = 2.69>
ST_2 : Operation 113 [1/2] (1.23ns)   --->   "%max_val_V = load i14 %d_addr" [../denoiser_c_to_hls/denoiser.cpp:49]   --->   Operation 113 'load' 'max_val_V' <Predicate = true> <Delay = 1.23> <CoreInst = "RAM">   --->   Core 83 'RAM' <Latency = 1> <II = 1> <Delay = 1.23> <Storage> <Opcode : 'load' 'store'> <Ports = 2> <Width = 16> <Depth = 12544> <RAM>
ST_2 : Operation 114 [1/2] (1.23ns)   --->   "%v1_V = load i14 %d_addr_1" [../denoiser_c_to_hls/denoiser.cpp:50]   --->   Operation 114 'load' 'v1_V' <Predicate = true> <Delay = 1.23> <CoreInst = "RAM">   --->   Core 83 'RAM' <Latency = 1> <II = 1> <Delay = 1.23> <Storage> <Opcode : 'load' 'store'> <Ports = 2> <Width = 16> <Depth = 12544> <RAM>
ST_2 : Operation 115 [1/1] (1.10ns)   --->   "%icmp_ln1649 = icmp_sgt  i16 %v1_V, i16 %max_val_V"   --->   Operation 115 'icmp' 'icmp_ln1649' <Predicate = true> <Delay = 1.10> <CoreInst = "Cmp">   --->   Core 9 'Cmp' <Latency = 0> <II = 1> <Delay = 1.10> <FuncUnit> <Opcode : 'icmp'> <InPorts = 2> <OutPorts = 1>
ST_2 : Operation 116 [1/1] (0.35ns)   --->   "%max_val_V_1 = select i1 %icmp_ln1649, i16 %v1_V, i16 %max_val_V" [../denoiser_c_to_hls/denoiser.cpp:51]   --->   Operation 116 'select' 'max_val_V_1' <Predicate = true> <Delay = 0.35> <CoreInst = "Sel">   --->   Core 73 'Sel' <Latency = 0> <II = 1> <Delay = 0.35> <FuncUnit> <Opcode : 'select'> <InPorts = 3> <OutPorts = 1>
ST_2 : Operation 117 [1/1] (0.00ns)   --->   "%sext_ln52 = sext i13 %trunc_ln2" [../denoiser_c_to_hls/denoiser.cpp:52]   --->   Operation 117 'sext' 'sext_ln52' <Predicate = true> <Delay = 0.00>
ST_2 : Operation 118 [1/1] (0.00ns)   --->   "%zext_ln52 = zext i14 %sext_ln52" [../denoiser_c_to_hls/denoiser.cpp:52]   --->   Operation 118 'zext' 'zext_ln52' <Predicate = true> <Delay = 0.00>
ST_2 : Operation 119 [1/1] (0.00ns)   --->   "%d_addr_2 = getelementptr i16 %d, i64 0, i64 %zext_ln52" [../denoiser_c_to_hls/denoiser.cpp:52]   --->   Operation 119 'getelementptr' 'd_addr_2' <Predicate = true> <Delay = 0.00>
ST_2 : Operation 120 [2/2] (1.23ns)   --->   "%v2_V = load i14 %d_addr_2" [../denoiser_c_to_hls/denoiser.cpp:52]   --->   Operation 120 'load' 'v2_V' <Predicate = true> <Delay = 1.23> <CoreInst = "RAM">   --->   Core 83 'RAM' <Latency = 1> <II = 1> <Delay = 1.23> <Storage> <Opcode : 'load' 'store'> <Ports = 2> <Width = 16> <Depth = 12544> <RAM>
ST_2 : Operation 121 [1/1] (0.00ns)   --->   "%sext_ln54 = sext i13 %trunc_ln3" [../denoiser_c_to_hls/denoiser.cpp:54]   --->   Operation 121 'sext' 'sext_ln54' <Predicate = true> <Delay = 0.00>
ST_2 : Operation 122 [1/1] (0.00ns)   --->   "%zext_ln54 = zext i14 %sext_ln54" [../denoiser_c_to_hls/denoiser.cpp:54]   --->   Operation 122 'zext' 'zext_ln54' <Predicate = true> <Delay = 0.00>
ST_2 : Operation 123 [1/1] (0.00ns)   --->   "%d_addr_3 = getelementptr i16 %d, i64 0, i64 %zext_ln54" [../denoiser_c_to_hls/denoiser.cpp:54]   --->   Operation 123 'getelementptr' 'd_addr_3' <Predicate = true> <Delay = 0.00>
ST_2 : Operation 124 [2/2] (1.23ns)   --->   "%v3_V = load i14 %d_addr_3" [../denoiser_c_to_hls/denoiser.cpp:54]   --->   Operation 124 'load' 'v3_V' <Predicate = true> <Delay = 1.23> <CoreInst = "RAM">   --->   Core 83 'RAM' <Latency = 1> <II = 1> <Delay = 1.23> <Storage> <Opcode : 'load' 'store'> <Ports = 2> <Width = 16> <Depth = 12544> <RAM>

State 3 <SV = 2> <Delay = 5.39>
ST_3 : Operation 125 [1/1] (0.00ns)   --->   "%specloopname_ln0 = specloopname void @_ssdm_op_SpecLoopName, void @VITIS_LOOP_45_1_VITIS_LOOP_46_2_VITIS_LOOP_47_3_str"   --->   Operation 125 'specloopname' 'specloopname_ln0' <Predicate = true> <Delay = 0.00>
ST_3 : Operation 126 [1/1] (0.00ns)   --->   "%empty = speclooptripcount i32 @_ssdm_op_SpecLoopTripCount, i64 784, i64 784, i64 784"   --->   Operation 126 'speclooptripcount' 'empty' <Predicate = true> <Delay = 0.00>
ST_3 : Operation 127 [1/1] (0.00ns)   --->   "%specpipeline_ln0 = specpipeline void @_ssdm_op_SpecPipeline, i32 4294967295, i32 0, i32 1, i32 0, void @p_str"   --->   Operation 127 'specpipeline' 'specpipeline_ln0' <Predicate = true> <Delay = 0.00>
ST_3 : Operation 128 [1/1] (0.00ns)   --->   "%specloopname_ln0 = specloopname void @_ssdm_op_SpecLoopName, void @VITIS_LOOP_46_2_VITIS_LOOP_47_3_str"   --->   Operation 128 'specloopname' 'specloopname_ln0' <Predicate = true> <Delay = 0.00>
ST_3 : Operation 129 [1/1] (0.00ns)   --->   "%specpipeline_ln0 = specpipeline void @_ssdm_op_SpecPipeline, i32 4294967295, i32 0, i32 1, i32 0, void @p_str"   --->   Operation 129 'specpipeline' 'specpipeline_ln0' <Predicate = true> <Delay = 0.00>
ST_3 : Operation 130 [1/1] (0.00ns)   --->   "%specloopname_ln47 = specloopname void @_ssdm_op_SpecLoopName, void @empty_14" [../denoiser_c_to_hls/denoiser.cpp:47]   --->   Operation 130 'specloopname' 'specloopname_ln47' <Predicate = true> <Delay = 0.00>
ST_3 : Operation 131 [1/2] (1.23ns)   --->   "%v2_V = load i14 %d_addr_2" [../denoiser_c_to_hls/denoiser.cpp:52]   --->   Operation 131 'load' 'v2_V' <Predicate = true> <Delay = 1.23> <CoreInst = "RAM">   --->   Core 83 'RAM' <Latency = 1> <II = 1> <Delay = 1.23> <Storage> <Opcode : 'load' 'store'> <Ports = 2> <Width = 16> <Depth = 12544> <RAM>
ST_3 : Operation 132 [1/1] (1.10ns)   --->   "%icmp_ln1649_1 = icmp_sgt  i16 %v2_V, i16 %max_val_V_1"   --->   Operation 132 'icmp' 'icmp_ln1649_1' <Predicate = true> <Delay = 1.10> <CoreInst = "Cmp">   --->   Core 9 'Cmp' <Latency = 0> <II = 1> <Delay = 1.10> <FuncUnit> <Opcode : 'icmp'> <InPorts = 2> <OutPorts = 1>
ST_3 : Operation 133 [1/1] (0.35ns)   --->   "%max_val_V_3 = select i1 %icmp_ln1649_1, i16 %v2_V, i16 %max_val_V_1" [../denoiser_c_to_hls/denoiser.cpp:53]   --->   Operation 133 'select' 'max_val_V_3' <Predicate = true> <Delay = 0.35> <CoreInst = "Sel">   --->   Core 73 'Sel' <Latency = 0> <II = 1> <Delay = 0.35> <FuncUnit> <Opcode : 'select'> <InPorts = 3> <OutPorts = 1>
ST_3 : Operation 134 [1/2] (1.23ns)   --->   "%v3_V = load i14 %d_addr_3" [../denoiser_c_to_hls/denoiser.cpp:54]   --->   Operation 134 'load' 'v3_V' <Predicate = true> <Delay = 1.23> <CoreInst = "RAM">   --->   Core 83 'RAM' <Latency = 1> <II = 1> <Delay = 1.23> <Storage> <Opcode : 'load' 'store'> <Ports = 2> <Width = 16> <Depth = 12544> <RAM>
ST_3 : Operation 135 [1/1] (1.10ns)   --->   "%icmp_ln1649_2 = icmp_sgt  i16 %v3_V, i16 %max_val_V_3"   --->   Operation 135 'icmp' 'icmp_ln1649_2' <Predicate = true> <Delay = 1.10> <CoreInst = "Cmp">   --->   Core 9 'Cmp' <Latency = 0> <II = 1> <Delay = 1.10> <FuncUnit> <Opcode : 'icmp'> <InPorts = 2> <OutPorts = 1>
ST_3 : Operation 136 [1/1] (0.35ns)   --->   "%max_val_V_4 = select i1 %icmp_ln1649_2, i16 %v3_V, i16 %max_val_V_3" [../denoiser_c_to_hls/denoiser.cpp:55]   --->   Operation 136 'select' 'max_val_V_4' <Predicate = true> <Delay = 0.35> <CoreInst = "Sel">   --->   Core 73 'Sel' <Latency = 0> <II = 1> <Delay = 0.35> <FuncUnit> <Opcode : 'select'> <InPorts = 3> <OutPorts = 1>
ST_3 : Operation 137 [1/1] (0.00ns)   --->   "%zext_ln56_3 = zext i13 %lshr_ln" [../denoiser_c_to_hls/denoiser.cpp:56]   --->   Operation 137 'zext' 'zext_ln56_3' <Predicate = true> <Delay = 0.00>
ST_3 : Operation 138 [1/1] (0.00ns)   --->   "%d_addr_4 = getelementptr i16 %d, i64 0, i64 %zext_ln56_3" [../denoiser_c_to_hls/denoiser.cpp:56]   --->   Operation 138 'getelementptr' 'd_addr_4' <Predicate = true> <Delay = 0.00>
ST_3 : Operation 139 [1/1] (1.23ns)   --->   "%store_ln56 = store void @_ssdm_op_Write.bram.i16, i14 %d_addr_4, i16 %max_val_V_4, i2 3" [../denoiser_c_to_hls/denoiser.cpp:56]   --->   Operation 139 'store' 'store_ln56' <Predicate = true> <Delay = 1.23> <CoreInst = "RAM">   --->   Core 83 'RAM' <Latency = 1> <II = 1> <Delay = 1.23> <Storage> <Opcode : 'load' 'store'> <Ports = 2> <Width = 16> <Depth = 12544> <RAM>
ST_3 : Operation 140 [1/1] (0.00ns)   --->   "%br_ln47 = br void %for.body9.i26" [../denoiser_c_to_hls/denoiser.cpp:47]   --->   Operation 140 'br' 'br_ln47' <Predicate = true> <Delay = 0.00>


============================================================
+ Verbose Summary: Timing violations
============================================================
Target clock period: 10ns, clock uncertainty: 2.7ns.

 <State 1>: 4.47ns
The critical path consists of the following:
	'alloca' operation ('indvar_flatten32') [4]  (0 ns)
	'load' operation ('indvar_flatten32_load', ../denoiser_c_to_hls/denoiser.cpp:46) on local variable 'indvar_flatten32' [39]  (0 ns)
	'icmp' operation ('icmp_ln46', ../denoiser_c_to_hls/denoiser.cpp:46) [43]  (0.817 ns)
	'select' operation ('select_ln45', ../denoiser_c_to_hls/denoiser.cpp:45) [44]  (0.391 ns)
	'add' operation ('add_ln46', ../denoiser_c_to_hls/denoiser.cpp:46) [66]  (0.797 ns)
	'select' operation ('select_ln46_1', ../denoiser_c_to_hls/denoiser.cpp:46) [71]  (0.393 ns)
	'add' operation ('add_ln49', ../denoiser_c_to_hls/denoiser.cpp:49) [87]  (0.831 ns)
	'getelementptr' operation ('d_addr', ../denoiser_c_to_hls/denoiser.cpp:49) [91]  (0 ns)
	'load' operation ('max_val.V', ../denoiser_c_to_hls/denoiser.cpp:49) on array 'd' [92]  (1.24 ns)

 <State 2>: 2.7ns
The critical path consists of the following:
	'load' operation ('max_val.V', ../denoiser_c_to_hls/denoiser.cpp:49) on array 'd' [92]  (1.24 ns)
	'icmp' operation ('icmp_ln1649') [99]  (1.1 ns)
	'select' operation ('max_val.V', ../denoiser_c_to_hls/denoiser.cpp:51) [100]  (0.357 ns)

 <State 3>: 5.39ns
The critical path consists of the following:
	'load' operation ('v2.V', ../denoiser_c_to_hls/denoiser.cpp:52) on array 'd' [108]  (1.24 ns)
	'icmp' operation ('icmp_ln1649_1') [109]  (1.1 ns)
	'select' operation ('max_val.V', ../denoiser_c_to_hls/denoiser.cpp:53) [110]  (0.357 ns)
	'icmp' operation ('icmp_ln1649_2') [117]  (1.1 ns)
	'select' operation ('max_val.V', ../denoiser_c_to_hls/denoiser.cpp:55) [118]  (0.357 ns)
	'store' operation ('store_ln56', ../denoiser_c_to_hls/denoiser.cpp:56) of constant <constant:_ssdm_op_Write.bram.i16> on array 'd' [125]  (1.24 ns)


============================================================
+ Verbose Summary: Binding
============================================================
N/A
* FSMD analyzer results:
  - Output states:
 - Input state : 
  - Chain level:
	State 1
	State 2
	State 3


============================================================
+ Verbose Summary: Datapath Resource usage 
============================================================
N/A
