

================================================================
== Vitis HLS Report for 'inference_Pipeline_loop_kh_3_loop_kw_3_loop_ic_3'
================================================================
* Date:           Tue Jun 30 22:18:33 2026

* Version:        2022.2 (Build 3670227 on Oct 13 2022)
* Project:        denoiser
* Solution:       solution1 (Vivado IP Flow Target)
* Product family: zynquplus
* Target device:  xck26-sfvc784-2LV-c


================================================================
== Performance Estimates
================================================================
+ Timing: 
    * Summary: 
    +--------+----------+----------+------------+
    |  Clock |  Target  | Estimated| Uncertainty|
    +--------+----------+----------+------------+
    |ap_clk  |  10.00 ns|  6.346 ns|     2.70 ns|
    +--------+----------+----------+------------+

+ Latency: 
    * Summary: 
    +---------+---------+----------+----------+-----+-----+---------+
    |  Latency (cycles) |  Latency (absolute) |  Interval | Pipeline|
    |   min   |   max   |    min   |    max   | min | max |   Type  |
    +---------+---------+----------+----------+-----+-----+---------+
    |       77|       77|  0.770 us|  0.770 us|   77|   77|       no|
    +---------+---------+----------+----------+-----+-----+---------+

    + Detail: 
        * Instance: 
        N/A

        * Loop: 
        +---------------------------------+---------+---------+----------+-----------+-----------+------+----------+
        |                                 |  Latency (cycles) | Iteration|  Initiation Interval  | Trip |          |
        |            Loop Name            |   min   |   max   |  Latency |  achieved |   target  | Count| Pipelined|
        +---------------------------------+---------+---------+----------+-----------+-----------+------+----------+
        |- loop_kh_3_loop_kw_3_loop_ic_3  |       75|       75|         6|          2|          1|    36|       yes|
        +---------------------------------+---------+---------+----------+-----------+-----------+------+----------+

============================================================
+ Verbose Summary: Synthesis Manager
============================================================
InlineROM: 1
ExposeGlobal: 0
============================================================
+ Verbose Summary: CDFG Model
============================================================
IsTopModel: 0
ResetActiveHigh: 1
IsCombinational: 0
IsDatapathOnly: 0
HasWiredReturn: 1
HasMFsm: 2
HasVarLatency: 1
IsPipeline: 0
IsRtlPipelined: 0
IsInstanceOverlapped: 0
IsDontTouch: 0
HasImplIP: 0
IsGatedGlobalClock: 0

+ Individual pipeline summary: 
  * Pipeline-0: initiation interval (II) = 2, depth = 6


============================================================
+ Verbose Summary: Schedule
============================================================
* Number of FSM states : 6
* Pipeline : 1
  Pipeline-0 : II = 2, D = 6, States = { 1 2 3 4 5 6 }
* Dataflow Pipeline: 0

* FSM state transitions: 
1 --> 2 
2 --> 3 
3 --> 4 
4 --> 5 
5 --> 6 
6 --> 

* FSM state operations: 

State 1 <SV = 0> <Delay = 6.34>
ST_1 : Operation 9 [1/1] (0.00ns)   --->   "%lhs = alloca i32 1"   --->   Operation 9 'alloca' 'lhs' <Predicate = true> <Delay = 0.00>
ST_1 : Operation 10 [1/1] (0.00ns)   --->   "%k = alloca i32 1"   --->   Operation 10 'alloca' 'k' <Predicate = true> <Delay = 0.00>
ST_1 : Operation 11 [1/1] (0.00ns)   --->   "%j = alloca i32 1"   --->   Operation 11 'alloca' 'j' <Predicate = true> <Delay = 0.00>
ST_1 : Operation 12 [1/1] (0.00ns)   --->   "%indvar_flatten222 = alloca i32 1"   --->   Operation 12 'alloca' 'indvar_flatten222' <Predicate = true> <Delay = 0.00>
ST_1 : Operation 13 [1/1] (0.00ns)   --->   "%i = alloca i32 1"   --->   Operation 13 'alloca' 'i' <Predicate = true> <Delay = 0.00>
ST_1 : Operation 14 [1/1] (0.00ns)   --->   "%indvar_flatten282 = alloca i32 1"   --->   Operation 14 'alloca' 'indvar_flatten282' <Predicate = true> <Delay = 0.00>
ST_1 : Operation 15 [1/1] (0.00ns)   --->   "%specbramwithbyteenable_ln0 = specbramwithbyteenable void @_ssdm_op_SpecBRAMWithByteEnable, i16 %d"   --->   Operation 15 'specbramwithbyteenable' 'specbramwithbyteenable_ln0' <Predicate = true> <Delay = 0.00>
ST_1 : Operation 16 [1/1] (0.00ns)   --->   "%zext_ln132_3_read = read i13 @_ssdm_op_Read.ap_auto.i13, i13 %zext_ln132_3"   --->   Operation 16 'read' 'zext_ln132_3_read' <Predicate = true> <Delay = 0.00>
ST_1 : Operation 17 [1/1] (0.00ns)   --->   "%cmp29_i433_not_mid1260_read = read i1 @_ssdm_op_Read.ap_auto.i1, i1 %cmp29_i433_not_mid1260"   --->   Operation 17 'read' 'cmp29_i433_not_mid1260_read' <Predicate = true> <Delay = 0.00>
ST_1 : Operation 18 [1/1] (0.00ns)   --->   "%cmp27_i431_not_mid1258_read = read i1 @_ssdm_op_Read.ap_auto.i1, i1 %cmp27_i431_not_mid1258"   --->   Operation 18 'read' 'cmp27_i431_not_mid1258_read' <Predicate = true> <Delay = 0.00>
ST_1 : Operation 19 [1/1] (0.00ns)   --->   "%zext_ln115_read = read i8 @_ssdm_op_Read.ap_auto.i8, i8 %zext_ln115"   --->   Operation 19 'read' 'zext_ln115_read' <Predicate = true> <Delay = 0.00>
ST_1 : Operation 20 [1/1] (0.00ns)   --->   "%select_ln117_read = read i5 @_ssdm_op_Read.ap_auto.i5, i5 %select_ln117"   --->   Operation 20 'read' 'select_ln117_read' <Predicate = true> <Delay = 0.00>
ST_1 : Operation 21 [1/1] (0.00ns)   --->   "%select_ln117_2_read = read i5 @_ssdm_op_Read.ap_auto.i5, i5 %select_ln117_2"   --->   Operation 21 'read' 'select_ln117_2_read' <Predicate = true> <Delay = 0.00>
ST_1 : Operation 22 [1/1] (0.00ns)   --->   "%select_ln115_2_read = read i16 @_ssdm_op_Read.ap_auto.i16, i16 %select_ln115_2"   --->   Operation 22 'read' 'select_ln115_2_read' <Predicate = true> <Delay = 0.00>
ST_1 : Operation 23 [1/1] (0.00ns)   --->   "%zext_ln132_3_cast = sext i13 %zext_ln132_3_read"   --->   Operation 23 'sext' 'zext_ln132_3_cast' <Predicate = true> <Delay = 0.00>
ST_1 : Operation 24 [1/1] (0.00ns)   --->   "%zext_ln132_3_cast_cast = zext i14 %zext_ln132_3_cast"   --->   Operation 24 'zext' 'zext_ln132_3_cast_cast' <Predicate = true> <Delay = 0.00>
ST_1 : Operation 25 [1/1] (0.00ns)   --->   "%zext_ln115_cast = zext i8 %zext_ln115_read"   --->   Operation 25 'zext' 'zext_ln115_cast' <Predicate = true> <Delay = 0.00>
ST_1 : Operation 26 [1/1] (0.42ns)   --->   "%store_ln0 = store i6 0, i6 %indvar_flatten282"   --->   Operation 26 'store' 'store_ln0' <Predicate = true> <Delay = 0.42>
ST_1 : Operation 27 [1/1] (0.42ns)   --->   "%store_ln0 = store i2 0, i2 %i"   --->   Operation 27 'store' 'store_ln0' <Predicate = true> <Delay = 0.42>
ST_1 : Operation 28 [1/1] (0.42ns)   --->   "%store_ln0 = store i5 0, i5 %indvar_flatten222"   --->   Operation 28 'store' 'store_ln0' <Predicate = true> <Delay = 0.42>
ST_1 : Operation 29 [1/1] (0.42ns)   --->   "%store_ln0 = store i2 0, i2 %j"   --->   Operation 29 'store' 'store_ln0' <Predicate = true> <Delay = 0.42>
ST_1 : Operation 30 [1/1] (0.42ns)   --->   "%store_ln0 = store i4 0, i4 %k"   --->   Operation 30 'store' 'store_ln0' <Predicate = true> <Delay = 0.42>
ST_1 : Operation 31 [1/1] (0.42ns)   --->   "%store_ln0 = store i16 %select_ln115_2_read, i16 %lhs"   --->   Operation 31 'store' 'store_ln0' <Predicate = true> <Delay = 0.42>
ST_1 : Operation 32 [1/1] (0.00ns)   --->   "%br_ln0 = br void %for.body21.i428"   --->   Operation 32 'br' 'br_ln0' <Predicate = true> <Delay = 0.00>
ST_1 : Operation 33 [1/1] (0.00ns)   --->   "%j_3 = load i2 %j" [../denoiser_c_to_hls/denoiser.cpp:125]   --->   Operation 33 'load' 'j_3' <Predicate = true> <Delay = 0.00>
ST_1 : Operation 34 [1/1] (0.00ns)   --->   "%i_2 = load i2 %i" [../denoiser_c_to_hls/denoiser.cpp:123]   --->   Operation 34 'load' 'i_2' <Predicate = true> <Delay = 0.00>
ST_1 : Operation 35 [1/1] (0.00ns)   --->   "%indvar_flatten282_load = load i6 %indvar_flatten282" [../denoiser_c_to_hls/denoiser.cpp:123]   --->   Operation 35 'load' 'indvar_flatten282_load' <Predicate = true> <Delay = 0.00>
ST_1 : Operation 36 [1/1] (0.00ns)   --->   "%zext_ln123 = zext i2 %i_2" [../denoiser_c_to_hls/denoiser.cpp:123]   --->   Operation 36 'zext' 'zext_ln123' <Predicate = true> <Delay = 0.00>
ST_1 : Operation 37 [1/1] (0.78ns)   --->   "%empty = add i5 %zext_ln123, i5 %select_ln117_2_read" [../denoiser_c_to_hls/denoiser.cpp:123]   --->   Operation 37 'add' 'empty' <Predicate = true> <Delay = 0.78> <CoreInst = "Adder">   --->   Core 1 'Adder' <Latency = 0> <II = 1> <Delay = 0.78> <FuncUnit> <Opcode : 'add' 'sub'> <InPorts = 2> <OutPorts = 1>
ST_1 : Operation 38 [1/1] (0.00ns)   --->   "%p_cast119 = zext i5 %empty" [../denoiser_c_to_hls/denoiser.cpp:123]   --->   Operation 38 'zext' 'p_cast119' <Predicate = true> <Delay = 0.00>
ST_1 : Operation 39 [1/1] (0.78ns)   --->   "%empty_69 = add i6 %p_cast119, i6 63" [../denoiser_c_to_hls/denoiser.cpp:123]   --->   Operation 39 'add' 'empty_69' <Predicate = true> <Delay = 0.78> <CoreInst = "Adder">   --->   Core 1 'Adder' <Latency = 0> <II = 1> <Delay = 0.78> <FuncUnit> <Opcode : 'add' 'sub'> <InPorts = 2> <OutPorts = 1>
ST_1 : Operation 40 [1/1] (0.00ns)   --->   "%p_shl1 = bitconcatenate i4 @_ssdm_op_BitConcatenate.i4.i2.i2, i2 %i_2, i2 0" [../denoiser_c_to_hls/denoiser.cpp:123]   --->   Operation 40 'bitconcatenate' 'p_shl1' <Predicate = true> <Delay = 0.00>
ST_1 : Operation 41 [1/1] (0.00ns)   --->   "%p_shl26_cast = zext i4 %p_shl1" [../denoiser_c_to_hls/denoiser.cpp:123]   --->   Operation 41 'zext' 'p_shl26_cast' <Predicate = true> <Delay = 0.00>
ST_1 : Operation 42 [1/1] (0.79ns)   --->   "%empty_70 = sub i5 %p_shl26_cast, i5 %zext_ln123" [../denoiser_c_to_hls/denoiser.cpp:123]   --->   Operation 42 'sub' 'empty_70' <Predicate = true> <Delay = 0.79> <CoreInst = "Adder">   --->   Core 1 'Adder' <Latency = 0> <II = 1> <Delay = 0.79> <FuncUnit> <Opcode : 'add' 'sub'> <InPorts = 2> <OutPorts = 1>
ST_1 : Operation 43 [1/1] (0.75ns)   --->   "%cmp24_i427_not = icmp_eq  i5 %empty, i5 0" [../denoiser_c_to_hls/denoiser.cpp:123]   --->   Operation 43 'icmp' 'cmp24_i427_not' <Predicate = true> <Delay = 0.75> <CoreInst = "Cmp">   --->   Core 9 'Cmp' <Latency = 0> <II = 1> <Delay = 0.75> <FuncUnit> <Opcode : 'icmp'> <InPorts = 2> <OutPorts = 1>
ST_1 : Operation 44 [1/1] (0.78ns)   --->   "%cmp25_i429_not = icmp_sgt  i6 %empty_69, i6 27" [../denoiser_c_to_hls/denoiser.cpp:123]   --->   Operation 44 'icmp' 'cmp25_i429_not' <Predicate = true> <Delay = 0.78> <CoreInst = "Cmp">   --->   Core 9 'Cmp' <Latency = 0> <II = 1> <Delay = 0.78> <FuncUnit> <Opcode : 'icmp'> <InPorts = 2> <OutPorts = 1>
ST_1 : Operation 45 [1/1] (0.00ns)   --->   "%shl_ln132_1 = bitconcatenate i15 @_ssdm_op_BitConcatenate.i15.i6.i9, i6 %empty_69, i9 0" [../denoiser_c_to_hls/denoiser.cpp:132]   --->   Operation 45 'bitconcatenate' 'shl_ln132_1' <Predicate = true> <Delay = 0.00>
ST_1 : Operation 46 [1/1] (0.00ns)   --->   "%shl_ln132_2 = bitconcatenate i12 @_ssdm_op_BitConcatenate.i12.i6.i6, i6 %empty_69, i6 0" [../denoiser_c_to_hls/denoiser.cpp:132]   --->   Operation 46 'bitconcatenate' 'shl_ln132_2' <Predicate = true> <Delay = 0.00>
ST_1 : Operation 47 [1/1] (0.00ns)   --->   "%sext_ln132 = sext i12 %shl_ln132_2" [../denoiser_c_to_hls/denoiser.cpp:132]   --->   Operation 47 'sext' 'sext_ln132' <Predicate = true> <Delay = 0.00>
ST_1 : Operation 48 [1/1] (0.84ns)   --->   "%sub_ln132 = sub i15 %shl_ln132_1, i15 %sext_ln132" [../denoiser_c_to_hls/denoiser.cpp:132]   --->   Operation 48 'sub' 'sub_ln132' <Predicate = true> <Delay = 0.84> <CoreInst = "Adder">   --->   Core 1 'Adder' <Latency = 0> <II = 1> <Delay = 0.84> <FuncUnit> <Opcode : 'add' 'sub'> <InPorts = 2> <OutPorts = 1>
ST_1 : Operation 49 [1/1] (0.00ns)   --->   "%zext_ln125 = zext i2 %j_3" [../denoiser_c_to_hls/denoiser.cpp:125]   --->   Operation 49 'zext' 'zext_ln125' <Predicate = true> <Delay = 0.00>
ST_1 : Operation 50 [1/1] (0.78ns)   --->   "%empty_71 = add i5 %zext_ln125, i5 %select_ln117_read" [../denoiser_c_to_hls/denoiser.cpp:125]   --->   Operation 50 'add' 'empty_71' <Predicate = true> <Delay = 0.78> <CoreInst = "Adder">   --->   Core 1 'Adder' <Latency = 0> <II = 1> <Delay = 0.78> <FuncUnit> <Opcode : 'add' 'sub'> <InPorts = 2> <OutPorts = 1>
ST_1 : Operation 51 [1/1] (0.00ns)   --->   "%p_cast127 = zext i5 %empty_71" [../denoiser_c_to_hls/denoiser.cpp:125]   --->   Operation 51 'zext' 'p_cast127' <Predicate = true> <Delay = 0.00>
ST_1 : Operation 52 [1/1] (0.78ns)   --->   "%empty_72 = add i6 %p_cast127, i6 63" [../denoiser_c_to_hls/denoiser.cpp:125]   --->   Operation 52 'add' 'empty_72' <Predicate = true> <Delay = 0.78> <CoreInst = "Adder">   --->   Core 1 'Adder' <Latency = 0> <II = 1> <Delay = 0.78> <FuncUnit> <Opcode : 'add' 'sub'> <InPorts = 2> <OutPorts = 1>
ST_1 : Operation 53 [1/1] (0.75ns)   --->   "%cmp27_i431_not = icmp_eq  i5 %empty_71, i5 0" [../denoiser_c_to_hls/denoiser.cpp:125]   --->   Operation 53 'icmp' 'cmp27_i431_not' <Predicate = true> <Delay = 0.75> <CoreInst = "Cmp">   --->   Core 9 'Cmp' <Latency = 0> <II = 1> <Delay = 0.75> <FuncUnit> <Opcode : 'icmp'> <InPorts = 2> <OutPorts = 1>
ST_1 : Operation 54 [1/1] (0.78ns)   --->   "%cmp29_i433_not = icmp_sgt  i6 %empty_72, i6 27" [../denoiser_c_to_hls/denoiser.cpp:125]   --->   Operation 54 'icmp' 'cmp29_i433_not' <Predicate = true> <Delay = 0.78> <CoreInst = "Cmp">   --->   Core 9 'Cmp' <Latency = 0> <II = 1> <Delay = 0.78> <FuncUnit> <Opcode : 'icmp'> <InPorts = 2> <OutPorts = 1>
ST_1 : Operation 55 [1/1] (0.00ns) (grouped into LUT with out node brmerge88)   --->   "%tmp28 = or i1 %cmp25_i429_not, i1 %cmp27_i431_not" [../denoiser_c_to_hls/denoiser.cpp:123]   --->   Operation 55 'or' 'tmp28' <Predicate = true> <Delay = 0.00> <CoreInst = "LogicGate">   --->   Core 74 'LogicGate' <Latency = 0> <II = 1> <Delay = 0.28> <FuncUnit> <Opcode : 'and' 'or' 'xor'> <InPorts = 2> <OutPorts = 1>
ST_1 : Operation 56 [1/1] (0.00ns) (grouped into LUT with out node brmerge88)   --->   "%tmp29 = or i1 %cmp24_i427_not, i1 %cmp29_i433_not" [../denoiser_c_to_hls/denoiser.cpp:123]   --->   Operation 56 'or' 'tmp29' <Predicate = true> <Delay = 0.00> <CoreInst = "LogicGate">   --->   Core 74 'LogicGate' <Latency = 0> <II = 1> <Delay = 0.28> <FuncUnit> <Opcode : 'and' 'or' 'xor'> <InPorts = 2> <OutPorts = 1>
ST_1 : Operation 57 [1/1] (0.28ns) (out node of the LUT)   --->   "%brmerge88 = or i1 %tmp29, i1 %tmp28" [../denoiser_c_to_hls/denoiser.cpp:123]   --->   Operation 57 'or' 'brmerge88' <Predicate = true> <Delay = 0.28> <CoreInst = "LogicGate">   --->   Core 74 'LogicGate' <Latency = 0> <II = 1> <Delay = 0.28> <FuncUnit> <Opcode : 'and' 'or' 'xor'> <InPorts = 2> <OutPorts = 1>
ST_1 : Operation 58 [1/1] (0.00ns)   --->   "%shl_ln3 = bitconcatenate i10 @_ssdm_op_BitConcatenate.i10.i6.i4, i6 %empty_72, i4 0" [../denoiser_c_to_hls/denoiser.cpp:132]   --->   Operation 58 'bitconcatenate' 'shl_ln3' <Predicate = true> <Delay = 0.00>
ST_1 : Operation 59 [1/1] (0.00ns)   --->   "%sext_ln132_1 = sext i10 %shl_ln3" [../denoiser_c_to_hls/denoiser.cpp:132]   --->   Operation 59 'sext' 'sext_ln132_1' <Predicate = true> <Delay = 0.00>
ST_1 : Operation 60 [1/1] (0.82ns)   --->   "%add_ln132 = add i13 %sext_ln132_1, i13 4352" [../denoiser_c_to_hls/denoiser.cpp:132]   --->   Operation 60 'add' 'add_ln132' <Predicate = true> <Delay = 0.82> <CoreInst = "Adder">   --->   Core 1 'Adder' <Latency = 0> <II = 1> <Delay = 0.82> <FuncUnit> <Opcode : 'add' 'sub'> <InPorts = 2> <OutPorts = 1>
ST_1 : Operation 61 [1/1] (0.00ns)   --->   "%sext_ln132_2 = sext i13 %add_ln132" [../denoiser_c_to_hls/denoiser.cpp:132]   --->   Operation 61 'sext' 'sext_ln132_2' <Predicate = true> <Delay = 0.00>
ST_1 : Operation 62 [1/1] (0.00ns)   --->   "%zext_ln132_2 = zext i14 %sext_ln132_2" [../denoiser_c_to_hls/denoiser.cpp:132]   --->   Operation 62 'zext' 'zext_ln132_2' <Predicate = true> <Delay = 0.00>
ST_1 : Operation 63 [1/1] (0.84ns)   --->   "%add_ln132_1 = add i15 %zext_ln132_2, i15 %sub_ln132" [../denoiser_c_to_hls/denoiser.cpp:132]   --->   Operation 63 'add' 'add_ln132_1' <Predicate = true> <Delay = 0.84> <CoreInst = "Adder">   --->   Core 1 'Adder' <Latency = 0> <II = 1> <Delay = 0.84> <FuncUnit> <Opcode : 'add' 'sub'> <InPorts = 2> <OutPorts = 1>
ST_1 : Operation 64 [1/1] (0.00ns)   --->   "%specpipeline_ln0 = specpipeline void @_ssdm_op_SpecPipeline, i32 4294967295, i32 0, i32 1, i32 0, void @p_str"   --->   Operation 64 'specpipeline' 'specpipeline_ln0' <Predicate = true> <Delay = 0.00>
ST_1 : Operation 65 [1/1] (0.78ns)   --->   "%icmp_ln123 = icmp_eq  i6 %indvar_flatten282_load, i6 36" [../denoiser_c_to_hls/denoiser.cpp:123]   --->   Operation 65 'icmp' 'icmp_ln123' <Predicate = true> <Delay = 0.78> <CoreInst = "Cmp">   --->   Core 9 'Cmp' <Latency = 0> <II = 1> <Delay = 0.78> <FuncUnit> <Opcode : 'icmp'> <InPorts = 2> <OutPorts = 1>
ST_1 : Operation 66 [1/1] (0.78ns)   --->   "%add_ln123_2 = add i6 %indvar_flatten282_load, i6 1" [../denoiser_c_to_hls/denoiser.cpp:123]   --->   Operation 66 'add' 'add_ln123_2' <Predicate = true> <Delay = 0.78> <CoreInst = "Adder">   --->   Core 1 'Adder' <Latency = 0> <II = 1> <Delay = 0.78> <FuncUnit> <Opcode : 'add' 'sub'> <InPorts = 2> <OutPorts = 1>
ST_1 : Operation 67 [1/1] (0.00ns)   --->   "%br_ln123 = br i1 %icmp_ln123, void %for.cond.cleanup16.i417, void %for.cond.cleanup12.i412.exitStub" [../denoiser_c_to_hls/denoiser.cpp:123]   --->   Operation 67 'br' 'br_ln123' <Predicate = true> <Delay = 0.00>
ST_1 : Operation 68 [1/1] (0.00ns)   --->   "%k_load = load i4 %k" [../denoiser_c_to_hls/denoiser.cpp:127]   --->   Operation 68 'load' 'k_load' <Predicate = (!icmp_ln123)> <Delay = 0.00>
ST_1 : Operation 69 [1/1] (0.00ns)   --->   "%indvar_flatten222_load = load i5 %indvar_flatten222" [../denoiser_c_to_hls/denoiser.cpp:125]   --->   Operation 69 'load' 'indvar_flatten222_load' <Predicate = (!icmp_ln123)> <Delay = 0.00>
ST_1 : Operation 70 [1/1] (0.54ns)   --->   "%add_ln123 = add i2 %i_2, i2 1" [../denoiser_c_to_hls/denoiser.cpp:123]   --->   Operation 70 'add' 'add_ln123' <Predicate = (!icmp_ln123)> <Delay = 0.54> <CoreInst = "Adder">   --->   Core 1 'Adder' <Latency = 0> <II = 1> <Delay = 0.54> <FuncUnit> <Opcode : 'add' 'sub'> <InPorts = 2> <OutPorts = 1>
ST_1 : Operation 71 [1/1] (0.75ns)   --->   "%icmp_ln125 = icmp_eq  i5 %indvar_flatten222_load, i5 12" [../denoiser_c_to_hls/denoiser.cpp:125]   --->   Operation 71 'icmp' 'icmp_ln125' <Predicate = (!icmp_ln123)> <Delay = 0.75> <CoreInst = "Cmp">   --->   Core 9 'Cmp' <Latency = 0> <II = 1> <Delay = 0.75> <FuncUnit> <Opcode : 'icmp'> <InPorts = 2> <OutPorts = 1>
ST_1 : Operation 72 [1/1] (0.17ns)   --->   "%select_ln123 = select i1 %icmp_ln125, i2 0, i2 %j_3" [../denoiser_c_to_hls/denoiser.cpp:123]   --->   Operation 72 'select' 'select_ln123' <Predicate = (!icmp_ln123)> <Delay = 0.17> <CoreInst = "Sel">   --->   Core 73 'Sel' <Latency = 0> <II = 1> <Delay = 0.17> <FuncUnit> <Opcode : 'select'> <InPorts = 3> <OutPorts = 1>
ST_1 : Operation 73 [1/1] (0.00ns) (grouped into LUT with out node select_ln125)   --->   "%select_ln123_1 = select i1 %icmp_ln125, i4 0, i4 %k_load" [../denoiser_c_to_hls/denoiser.cpp:123]   --->   Operation 73 'select' 'select_ln123_1' <Predicate = (!icmp_ln123)> <Delay = 0.00> <CoreInst = "Sel">   --->   Core 73 'Sel' <Latency = 0> <II = 1> <Delay = 0.39> <FuncUnit> <Opcode : 'select'> <InPorts = 3> <OutPorts = 1>
ST_1 : Operation 74 [1/1] (0.00ns)   --->   "%zext_ln123_1 = zext i2 %add_ln123" [../denoiser_c_to_hls/denoiser.cpp:123]   --->   Operation 74 'zext' 'zext_ln123_1' <Predicate = (!icmp_ln123)> <Delay = 0.00>
ST_1 : Operation 75 [1/1] (0.78ns)   --->   "%p_mid1240 = add i5 %zext_ln123_1, i5 %select_ln117_2_read" [../denoiser_c_to_hls/denoiser.cpp:123]   --->   Operation 75 'add' 'p_mid1240' <Predicate = (!icmp_ln123)> <Delay = 0.78> <CoreInst = "Adder">   --->   Core 1 'Adder' <Latency = 0> <II = 1> <Delay = 0.78> <FuncUnit> <Opcode : 'add' 'sub'> <InPorts = 2> <OutPorts = 1>
ST_1 : Operation 76 [1/1] (0.00ns)   --->   "%p_cast119_mid1 = zext i5 %p_mid1240" [../denoiser_c_to_hls/denoiser.cpp:123]   --->   Operation 76 'zext' 'p_cast119_mid1' <Predicate = (!icmp_ln123)> <Delay = 0.00>
ST_1 : Operation 77 [1/1] (0.78ns)   --->   "%p_mid1242 = add i6 %p_cast119_mid1, i6 63" [../denoiser_c_to_hls/denoiser.cpp:123]   --->   Operation 77 'add' 'p_mid1242' <Predicate = (!icmp_ln123)> <Delay = 0.78> <CoreInst = "Adder">   --->   Core 1 'Adder' <Latency = 0> <II = 1> <Delay = 0.78> <FuncUnit> <Opcode : 'add' 'sub'> <InPorts = 2> <OutPorts = 1>
ST_1 : Operation 78 [1/1] (0.00ns)   --->   "%p_shl26_mid1 = bitconcatenate i4 @_ssdm_op_BitConcatenate.i4.i2.i2, i2 %add_ln123, i2 0" [../denoiser_c_to_hls/denoiser.cpp:123]   --->   Operation 78 'bitconcatenate' 'p_shl26_mid1' <Predicate = (!icmp_ln123)> <Delay = 0.00>
ST_1 : Operation 79 [1/1] (0.00ns)   --->   "%p_shl26_cast_mid1 = zext i4 %p_shl26_mid1" [../denoiser_c_to_hls/denoiser.cpp:123]   --->   Operation 79 'zext' 'p_shl26_cast_mid1' <Predicate = (!icmp_ln123)> <Delay = 0.00>
ST_1 : Operation 80 [1/1] (0.79ns)   --->   "%p_mid1244 = sub i5 %p_shl26_cast_mid1, i5 %zext_ln123_1" [../denoiser_c_to_hls/denoiser.cpp:123]   --->   Operation 80 'sub' 'p_mid1244' <Predicate = (!icmp_ln123)> <Delay = 0.79> <CoreInst = "Adder">   --->   Core 1 'Adder' <Latency = 0> <II = 1> <Delay = 0.79> <FuncUnit> <Opcode : 'add' 'sub'> <InPorts = 2> <OutPorts = 1>
ST_1 : Operation 81 [1/1] (0.75ns)   --->   "%cmp24_i427_not_mid1 = icmp_eq  i5 %p_mid1240, i5 0" [../denoiser_c_to_hls/denoiser.cpp:123]   --->   Operation 81 'icmp' 'cmp24_i427_not_mid1' <Predicate = (!icmp_ln123)> <Delay = 0.75> <CoreInst = "Cmp">   --->   Core 9 'Cmp' <Latency = 0> <II = 1> <Delay = 0.75> <FuncUnit> <Opcode : 'icmp'> <InPorts = 2> <OutPorts = 1>
ST_1 : Operation 82 [1/1] (0.00ns) (grouped into LUT with out node brmerge88_mid1)   --->   "%select_ln123_2 = select i1 %icmp_ln125, i1 %cmp24_i427_not_mid1, i1 %cmp24_i427_not" [../denoiser_c_to_hls/denoiser.cpp:123]   --->   Operation 82 'select' 'select_ln123_2' <Predicate = (!icmp_ln123)> <Delay = 0.00> <CoreInst = "Sel">   --->   Core 73 'Sel' <Latency = 0> <II = 1> <Delay = 0.17> <FuncUnit> <Opcode : 'select'> <InPorts = 3> <OutPorts = 1>
ST_1 : Operation 83 [1/1] (0.78ns)   --->   "%cmp25_i429_not_mid1 = icmp_sgt  i6 %p_mid1242, i6 27" [../denoiser_c_to_hls/denoiser.cpp:123]   --->   Operation 83 'icmp' 'cmp25_i429_not_mid1' <Predicate = (!icmp_ln123)> <Delay = 0.78> <CoreInst = "Cmp">   --->   Core 9 'Cmp' <Latency = 0> <II = 1> <Delay = 0.78> <FuncUnit> <Opcode : 'icmp'> <InPorts = 2> <OutPorts = 1>
ST_1 : Operation 84 [1/1] (0.00ns) (grouped into LUT with out node tmp28_mid1)   --->   "%select_ln123_3 = select i1 %icmp_ln125, i1 %cmp25_i429_not_mid1, i1 %cmp25_i429_not" [../denoiser_c_to_hls/denoiser.cpp:123]   --->   Operation 84 'select' 'select_ln123_3' <Predicate = (!icmp_ln123)> <Delay = 0.00> <CoreInst = "Sel">   --->   Core 73 'Sel' <Latency = 0> <II = 1> <Delay = 0.17> <FuncUnit> <Opcode : 'select'> <InPorts = 3> <OutPorts = 1>
ST_1 : Operation 85 [1/1] (0.00ns)   --->   "%shl_ln132_1_mid1 = bitconcatenate i15 @_ssdm_op_BitConcatenate.i15.i6.i9, i6 %p_mid1242, i9 0" [../denoiser_c_to_hls/denoiser.cpp:132]   --->   Operation 85 'bitconcatenate' 'shl_ln132_1_mid1' <Predicate = (!icmp_ln123)> <Delay = 0.00>
ST_1 : Operation 86 [1/1] (0.00ns)   --->   "%shl_ln132_2_mid1 = bitconcatenate i12 @_ssdm_op_BitConcatenate.i12.i6.i6, i6 %p_mid1242, i6 0" [../denoiser_c_to_hls/denoiser.cpp:132]   --->   Operation 86 'bitconcatenate' 'shl_ln132_2_mid1' <Predicate = (!icmp_ln123)> <Delay = 0.00>
ST_1 : Operation 87 [1/1] (0.00ns)   --->   "%sext_ln132_3 = sext i12 %shl_ln132_2_mid1" [../denoiser_c_to_hls/denoiser.cpp:132]   --->   Operation 87 'sext' 'sext_ln132_3' <Predicate = (!icmp_ln123)> <Delay = 0.00>
ST_1 : Operation 88 [1/1] (0.84ns)   --->   "%sub_ln132_1 = sub i15 %shl_ln132_1_mid1, i15 %sext_ln132_3" [../denoiser_c_to_hls/denoiser.cpp:132]   --->   Operation 88 'sub' 'sub_ln132_1' <Predicate = (!icmp_ln123)> <Delay = 0.84> <CoreInst = "Adder">   --->   Core 1 'Adder' <Latency = 0> <II = 1> <Delay = 0.84> <FuncUnit> <Opcode : 'add' 'sub'> <InPorts = 2> <OutPorts = 1>
ST_1 : Operation 89 [1/1] (0.00ns) (grouped into LUT with out node add_ln132_4)   --->   "%select_ln123_4 = select i1 %icmp_ln125, i15 %sub_ln132_1, i15 %sub_ln132" [../denoiser_c_to_hls/denoiser.cpp:123]   --->   Operation 89 'select' 'select_ln123_4' <Predicate = (!icmp_ln123)> <Delay = 0.00> <CoreInst = "Sel">   --->   Core 73 'Sel' <Latency = 0> <II = 1> <Delay = 0.29> <FuncUnit> <Opcode : 'select'> <InPorts = 3> <OutPorts = 1>
ST_1 : Operation 90 [1/1] (0.00ns) (grouped into LUT with out node add_ln123_1)   --->   "%select_ln123_5 = select i1 %icmp_ln125, i5 %p_mid1244, i5 %empty_70" [../denoiser_c_to_hls/denoiser.cpp:123]   --->   Operation 90 'select' 'select_ln123_5' <Predicate = (!icmp_ln123)> <Delay = 0.00> <CoreInst = "Sel">   --->   Core 73 'Sel' <Latency = 0> <II = 1> <Delay = 0.41> <FuncUnit> <Opcode : 'select'> <InPorts = 3> <OutPorts = 1>
ST_1 : Operation 91 [1/1] (0.00ns) (grouped into LUT with out node add_ln123_1)   --->   "%sext_ln123 = sext i5 %select_ln123_5" [../denoiser_c_to_hls/denoiser.cpp:123]   --->   Operation 91 'sext' 'sext_ln123' <Predicate = (!icmp_ln123)> <Delay = 0.00>
ST_1 : Operation 92 [1/1] (0.76ns) (out node of the LUT)   --->   "%add_ln123_1 = add i9 %sext_ln123, i9 %zext_ln115_cast" [../denoiser_c_to_hls/denoiser.cpp:123]   --->   Operation 92 'add' 'add_ln123_1' <Predicate = (!icmp_ln123)> <Delay = 0.76> <CoreInst = "Adder">   --->   Core 1 'Adder' <Latency = 0> <II = 1> <Delay = 0.76> <FuncUnit> <Opcode : 'add' 'sub'> <InPorts = 2> <OutPorts = 1>
ST_1 : Operation 93 [1/1] (0.00ns) (grouped into LUT with out node select_ln123_6)   --->   "%tmp28_mid1262 = or i1 %cmp25_i429_not_mid1, i1 %cmp27_i431_not_mid1258_read" [../denoiser_c_to_hls/denoiser.cpp:123]   --->   Operation 93 'or' 'tmp28_mid1262' <Predicate = (!icmp_ln123)> <Delay = 0.00> <CoreInst = "LogicGate">   --->   Core 74 'LogicGate' <Latency = 0> <II = 1> <Delay = 0.28> <FuncUnit> <Opcode : 'and' 'or' 'xor'> <InPorts = 2> <OutPorts = 1>
ST_1 : Operation 94 [1/1] (0.00ns) (grouped into LUT with out node select_ln123_6)   --->   "%tmp29_mid1264 = or i1 %cmp24_i427_not_mid1, i1 %cmp29_i433_not_mid1260_read" [../denoiser_c_to_hls/denoiser.cpp:123]   --->   Operation 94 'or' 'tmp29_mid1264' <Predicate = (!icmp_ln123)> <Delay = 0.00> <CoreInst = "LogicGate">   --->   Core 74 'LogicGate' <Latency = 0> <II = 1> <Delay = 0.28> <FuncUnit> <Opcode : 'and' 'or' 'xor'> <InPorts = 2> <OutPorts = 1>
ST_1 : Operation 95 [1/1] (0.00ns) (grouped into LUT with out node select_ln123_6)   --->   "%brmerge88_mid1266 = or i1 %tmp29_mid1264, i1 %tmp28_mid1262" [../denoiser_c_to_hls/denoiser.cpp:123]   --->   Operation 95 'or' 'brmerge88_mid1266' <Predicate = (!icmp_ln123)> <Delay = 0.00> <CoreInst = "LogicGate">   --->   Core 74 'LogicGate' <Latency = 0> <II = 1> <Delay = 0.28> <FuncUnit> <Opcode : 'and' 'or' 'xor'> <InPorts = 2> <OutPorts = 1>
ST_1 : Operation 96 [1/1] (0.28ns) (out node of the LUT)   --->   "%select_ln123_6 = select i1 %icmp_ln125, i1 %brmerge88_mid1266, i1 %brmerge88" [../denoiser_c_to_hls/denoiser.cpp:123]   --->   Operation 96 'select' 'select_ln123_6' <Predicate = (!icmp_ln123)> <Delay = 0.28> <CoreInst = "Sel">   --->   Core 73 'Sel' <Latency = 0> <II = 1> <Delay = 0.17> <FuncUnit> <Opcode : 'select'> <InPorts = 3> <OutPorts = 1>
ST_1 : Operation 97 [1/1] (0.84ns)   --->   "%add_ln132_2 = add i15 %zext_ln132_3_cast_cast, i15 %sub_ln132_1" [../denoiser_c_to_hls/denoiser.cpp:132]   --->   Operation 97 'add' 'add_ln132_2' <Predicate = (!icmp_ln123)> <Delay = 0.84> <CoreInst = "Adder">   --->   Core 1 'Adder' <Latency = 0> <II = 1> <Delay = 0.84> <FuncUnit> <Opcode : 'add' 'sub'> <InPorts = 2> <OutPorts = 1>
ST_1 : Operation 98 [1/1] (0.00ns) (grouped into LUT with out node or_ln123)   --->   "%tmp = bitselect i1 @_ssdm_op_BitSelect.i1.i4.i32, i4 %k_load, i32 3" [../denoiser_c_to_hls/denoiser.cpp:127]   --->   Operation 98 'bitselect' 'tmp' <Predicate = (!icmp_ln123)> <Delay = 0.00>
ST_1 : Operation 99 [1/1] (0.00ns) (grouped into LUT with out node or_ln123)   --->   "%xor_ln127 = xor i1 %tmp, i1 1" [../denoiser_c_to_hls/denoiser.cpp:127]   --->   Operation 99 'xor' 'xor_ln127' <Predicate = (!icmp_ln123)> <Delay = 0.00> <CoreInst = "LogicGate">   --->   Core 74 'LogicGate' <Latency = 0> <II = 1> <Delay = 0.28> <FuncUnit> <Opcode : 'and' 'or' 'xor'> <InPorts = 2> <OutPorts = 1>
ST_1 : Operation 100 [1/1] (0.28ns) (out node of the LUT)   --->   "%or_ln123 = or i1 %icmp_ln125, i1 %xor_ln127" [../denoiser_c_to_hls/denoiser.cpp:123]   --->   Operation 100 'or' 'or_ln123' <Predicate = (!icmp_ln123)> <Delay = 0.28> <CoreInst = "LogicGate">   --->   Core 74 'LogicGate' <Latency = 0> <II = 1> <Delay = 0.28> <FuncUnit> <Opcode : 'and' 'or' 'xor'> <InPorts = 2> <OutPorts = 1>
ST_1 : Operation 101 [1/1] (0.17ns)   --->   "%select_ln123_7 = select i1 %icmp_ln125, i2 %add_ln123, i2 %i_2" [../denoiser_c_to_hls/denoiser.cpp:123]   --->   Operation 101 'select' 'select_ln123_7' <Predicate = (!icmp_ln123)> <Delay = 0.17> <CoreInst = "Sel">   --->   Core 73 'Sel' <Latency = 0> <II = 1> <Delay = 0.17> <FuncUnit> <Opcode : 'select'> <InPorts = 3> <OutPorts = 1>
ST_1 : Operation 102 [1/1] (0.54ns)   --->   "%add_ln125 = add i2 %select_ln123, i2 1" [../denoiser_c_to_hls/denoiser.cpp:125]   --->   Operation 102 'add' 'add_ln125' <Predicate = (!icmp_ln123)> <Delay = 0.54> <CoreInst = "Adder">   --->   Core 1 'Adder' <Latency = 0> <II = 1> <Delay = 0.54> <FuncUnit> <Opcode : 'add' 'sub'> <InPorts = 2> <OutPorts = 1>
ST_1 : Operation 103 [1/1] (0.39ns) (out node of the LUT)   --->   "%select_ln125 = select i1 %or_ln123, i4 %select_ln123_1, i4 0" [../denoiser_c_to_hls/denoiser.cpp:125]   --->   Operation 103 'select' 'select_ln125' <Predicate = (!icmp_ln123)> <Delay = 0.39> <CoreInst = "Sel">   --->   Core 73 'Sel' <Latency = 0> <II = 1> <Delay = 0.39> <FuncUnit> <Opcode : 'select'> <InPorts = 3> <OutPorts = 1>
ST_1 : Operation 104 [1/1] (0.17ns)   --->   "%select_ln125_1 = select i1 %or_ln123, i2 %select_ln123, i2 %add_ln125" [../denoiser_c_to_hls/denoiser.cpp:125]   --->   Operation 104 'select' 'select_ln125_1' <Predicate = (!icmp_ln123)> <Delay = 0.17> <CoreInst = "Sel">   --->   Core 73 'Sel' <Latency = 0> <II = 1> <Delay = 0.17> <FuncUnit> <Opcode : 'select'> <InPorts = 3> <OutPorts = 1>
ST_1 : Operation 105 [1/1] (0.00ns)   --->   "%zext_ln125_1 = zext i2 %select_ln125_1" [../denoiser_c_to_hls/denoiser.cpp:125]   --->   Operation 105 'zext' 'zext_ln125_1' <Predicate = (!icmp_ln123)> <Delay = 0.00>
ST_1 : Operation 106 [1/1] (0.00ns)   --->   "%zext_ln125_2 = zext i2 %add_ln125" [../denoiser_c_to_hls/denoiser.cpp:125]   --->   Operation 106 'zext' 'zext_ln125_2' <Predicate = (!icmp_ln123)> <Delay = 0.00>
ST_1 : Operation 107 [1/1] (0.78ns)   --->   "%p_mid1218 = add i5 %zext_ln125_2, i5 %select_ln117_read" [../denoiser_c_to_hls/denoiser.cpp:125]   --->   Operation 107 'add' 'p_mid1218' <Predicate = (!icmp_ln123)> <Delay = 0.78> <CoreInst = "Adder">   --->   Core 1 'Adder' <Latency = 0> <II = 1> <Delay = 0.78> <FuncUnit> <Opcode : 'add' 'sub'> <InPorts = 2> <OutPorts = 1>
ST_1 : Operation 108 [1/1] (0.00ns)   --->   "%p_cast127_mid1 = zext i5 %p_mid1218" [../denoiser_c_to_hls/denoiser.cpp:125]   --->   Operation 108 'zext' 'p_cast127_mid1' <Predicate = (!icmp_ln123)> <Delay = 0.00>
ST_1 : Operation 109 [1/1] (0.78ns)   --->   "%p_mid1220 = add i6 %p_cast127_mid1, i6 63" [../denoiser_c_to_hls/denoiser.cpp:125]   --->   Operation 109 'add' 'p_mid1220' <Predicate = (!icmp_ln123)> <Delay = 0.78> <CoreInst = "Adder">   --->   Core 1 'Adder' <Latency = 0> <II = 1> <Delay = 0.78> <FuncUnit> <Opcode : 'add' 'sub'> <InPorts = 2> <OutPorts = 1>
ST_1 : Operation 110 [1/1] (0.75ns)   --->   "%cmp27_i431_not_mid1 = icmp_eq  i5 %p_mid1218, i5 0" [../denoiser_c_to_hls/denoiser.cpp:125]   --->   Operation 110 'icmp' 'cmp27_i431_not_mid1' <Predicate = (!icmp_ln123)> <Delay = 0.75> <CoreInst = "Cmp">   --->   Core 9 'Cmp' <Latency = 0> <II = 1> <Delay = 0.75> <FuncUnit> <Opcode : 'icmp'> <InPorts = 2> <OutPorts = 1>
ST_1 : Operation 111 [1/1] (0.78ns)   --->   "%cmp29_i433_not_mid1 = icmp_sgt  i6 %p_mid1220, i6 27" [../denoiser_c_to_hls/denoiser.cpp:125]   --->   Operation 111 'icmp' 'cmp29_i433_not_mid1' <Predicate = (!icmp_ln123)> <Delay = 0.78> <CoreInst = "Cmp">   --->   Core 9 'Cmp' <Latency = 0> <II = 1> <Delay = 0.78> <FuncUnit> <Opcode : 'icmp'> <InPorts = 2> <OutPorts = 1>
ST_1 : Operation 112 [1/1] (0.28ns) (out node of the LUT)   --->   "%tmp28_mid1 = or i1 %select_ln123_3, i1 %cmp27_i431_not_mid1" [../denoiser_c_to_hls/denoiser.cpp:123]   --->   Operation 112 'or' 'tmp28_mid1' <Predicate = (!icmp_ln123)> <Delay = 0.28> <CoreInst = "LogicGate">   --->   Core 74 'LogicGate' <Latency = 0> <II = 1> <Delay = 0.28> <FuncUnit> <Opcode : 'and' 'or' 'xor'> <InPorts = 2> <OutPorts = 1>
ST_1 : Operation 113 [1/1] (0.00ns) (grouped into LUT with out node brmerge88_mid1)   --->   "%tmp29_mid1 = or i1 %select_ln123_2, i1 %cmp29_i433_not_mid1" [../denoiser_c_to_hls/denoiser.cpp:123]   --->   Operation 113 'or' 'tmp29_mid1' <Predicate = (!icmp_ln123)> <Delay = 0.00> <CoreInst = "LogicGate">   --->   Core 74 'LogicGate' <Latency = 0> <II = 1> <Delay = 0.28> <FuncUnit> <Opcode : 'and' 'or' 'xor'> <InPorts = 2> <OutPorts = 1>
ST_1 : Operation 114 [1/1] (0.28ns) (out node of the LUT)   --->   "%brmerge88_mid1 = or i1 %tmp29_mid1, i1 %tmp28_mid1" [../denoiser_c_to_hls/denoiser.cpp:123]   --->   Operation 114 'or' 'brmerge88_mid1' <Predicate = (!icmp_ln123)> <Delay = 0.28> <CoreInst = "LogicGate">   --->   Core 74 'LogicGate' <Latency = 0> <II = 1> <Delay = 0.28> <FuncUnit> <Opcode : 'and' 'or' 'xor'> <InPorts = 2> <OutPorts = 1>
ST_1 : Operation 115 [1/1] (0.17ns) (out node of the LUT)   --->   "%select_ln125_2 = select i1 %or_ln123, i1 %select_ln123_6, i1 %brmerge88_mid1" [../denoiser_c_to_hls/denoiser.cpp:125]   --->   Operation 115 'select' 'select_ln125_2' <Predicate = (!icmp_ln123)> <Delay = 0.17> <CoreInst = "Sel">   --->   Core 73 'Sel' <Latency = 0> <II = 1> <Delay = 0.17> <FuncUnit> <Opcode : 'select'> <InPorts = 3> <OutPorts = 1>
ST_1 : Operation 116 [1/1] (0.00ns)   --->   "%shl_ln132_mid1 = bitconcatenate i10 @_ssdm_op_BitConcatenate.i10.i6.i4, i6 %p_mid1220, i4 0" [../denoiser_c_to_hls/denoiser.cpp:132]   --->   Operation 116 'bitconcatenate' 'shl_ln132_mid1' <Predicate = (!icmp_ln123)> <Delay = 0.00>
ST_1 : Operation 117 [1/1] (0.00ns)   --->   "%sext_ln132_4 = sext i10 %shl_ln132_mid1" [../denoiser_c_to_hls/denoiser.cpp:132]   --->   Operation 117 'sext' 'sext_ln132_4' <Predicate = (!icmp_ln123)> <Delay = 0.00>
ST_1 : Operation 118 [1/1] (0.82ns)   --->   "%add_ln132_3 = add i13 %sext_ln132_4, i13 4352" [../denoiser_c_to_hls/denoiser.cpp:132]   --->   Operation 118 'add' 'add_ln132_3' <Predicate = (!icmp_ln123)> <Delay = 0.82> <CoreInst = "Adder">   --->   Core 1 'Adder' <Latency = 0> <II = 1> <Delay = 0.82> <FuncUnit> <Opcode : 'add' 'sub'> <InPorts = 2> <OutPorts = 1>
ST_1 : Operation 119 [1/1] (0.00ns) (grouped into LUT with out node add_ln132_4)   --->   "%sext_ln132_5 = sext i13 %add_ln132_3" [../denoiser_c_to_hls/denoiser.cpp:132]   --->   Operation 119 'sext' 'sext_ln132_5' <Predicate = (!icmp_ln123)> <Delay = 0.00>
ST_1 : Operation 120 [1/1] (0.00ns) (grouped into LUT with out node add_ln132_4)   --->   "%zext_ln132_4 = zext i14 %sext_ln132_5" [../denoiser_c_to_hls/denoiser.cpp:132]   --->   Operation 120 'zext' 'zext_ln132_4' <Predicate = (!icmp_ln123)> <Delay = 0.00>
ST_1 : Operation 121 [1/1] (0.84ns) (out node of the LUT)   --->   "%add_ln132_4 = add i15 %zext_ln132_4, i15 %select_ln123_4" [../denoiser_c_to_hls/denoiser.cpp:132]   --->   Operation 121 'add' 'add_ln132_4' <Predicate = (!icmp_ln123)> <Delay = 0.84> <CoreInst = "Adder">   --->   Core 1 'Adder' <Latency = 0> <II = 1> <Delay = 0.84> <FuncUnit> <Opcode : 'add' 'sub'> <InPorts = 2> <OutPorts = 1>
ST_1 : Operation 122 [1/1] (0.00ns)   --->   "%trunc_ln132 = trunc i4 %select_ln125" [../denoiser_c_to_hls/denoiser.cpp:132]   --->   Operation 122 'trunc' 'trunc_ln132' <Predicate = (!icmp_ln123)> <Delay = 0.00>
ST_1 : Operation 123 [1/1] (0.00ns)   --->   "%shl_ln132 = shl i4 %select_ln125, i4 1" [../denoiser_c_to_hls/denoiser.cpp:132]   --->   Operation 123 'shl' 'shl_ln132' <Predicate = (!icmp_ln123)> <Delay = 0.00>
ST_1 : Operation 124 [1/1] (0.00ns) (grouped into LUT with out node select_ln125_3)   --->   "%tmp_s = partselect i11 @_ssdm_op_PartSelect.i11.i15.i32.i32, i15 %add_ln132_2, i32 4, i32 14" [../denoiser_c_to_hls/denoiser.cpp:132]   --->   Operation 124 'partselect' 'tmp_s' <Predicate = (!icmp_ln123)> <Delay = 0.00>
ST_1 : Operation 125 [1/1] (0.00ns) (grouped into LUT with out node select_ln125_3)   --->   "%tmp_5 = partselect i11 @_ssdm_op_PartSelect.i11.i15.i32.i32, i15 %add_ln132_1, i32 4, i32 14" [../denoiser_c_to_hls/denoiser.cpp:132]   --->   Operation 125 'partselect' 'tmp_5' <Predicate = (!icmp_ln123)> <Delay = 0.00>
ST_1 : Operation 126 [1/1] (0.00ns) (grouped into LUT with out node select_ln125_3)   --->   "%select_ln123_8 = select i1 %icmp_ln125, i11 %tmp_s, i11 %tmp_5" [../denoiser_c_to_hls/denoiser.cpp:123]   --->   Operation 126 'select' 'select_ln123_8' <Predicate = (!icmp_ln123)> <Delay = 0.00> <CoreInst = "Sel">   --->   Core 73 'Sel' <Latency = 0> <II = 1> <Delay = 0.38> <FuncUnit> <Opcode : 'select'> <InPorts = 3> <OutPorts = 1>
ST_1 : Operation 127 [1/1] (0.00ns) (grouped into LUT with out node select_ln125_3)   --->   "%tmp_6 = partselect i11 @_ssdm_op_PartSelect.i11.i15.i32.i32, i15 %add_ln132_4, i32 4, i32 14" [../denoiser_c_to_hls/denoiser.cpp:132]   --->   Operation 127 'partselect' 'tmp_6' <Predicate = (!icmp_ln123)> <Delay = 0.00>
ST_1 : Operation 128 [1/1] (0.38ns) (out node of the LUT)   --->   "%select_ln125_3 = select i1 %or_ln123, i11 %select_ln123_8, i11 %tmp_6" [../denoiser_c_to_hls/denoiser.cpp:125]   --->   Operation 128 'select' 'select_ln125_3' <Predicate = (!icmp_ln123)> <Delay = 0.38> <CoreInst = "Sel">   --->   Core 73 'Sel' <Latency = 0> <II = 1> <Delay = 0.38> <FuncUnit> <Opcode : 'select'> <InPorts = 3> <OutPorts = 1>
ST_1 : Operation 129 [1/1] (0.00ns)   --->   "%lshr_ln5 = bitconcatenate i14 @_ssdm_op_BitConcatenate.i14.i11.i3, i11 %select_ln125_3, i3 %trunc_ln132" [../denoiser_c_to_hls/denoiser.cpp:132]   --->   Operation 129 'bitconcatenate' 'lshr_ln5' <Predicate = (!icmp_ln123)> <Delay = 0.00>
ST_1 : Operation 130 [1/1] (0.00ns)   --->   "%zext_ln132 = zext i14 %lshr_ln5" [../denoiser_c_to_hls/denoiser.cpp:132]   --->   Operation 130 'zext' 'zext_ln132' <Predicate = (!icmp_ln123)> <Delay = 0.00>
ST_1 : Operation 131 [1/1] (0.00ns)   --->   "%d_addr = getelementptr i16 %d, i64 0, i64 %zext_ln132" [../denoiser_c_to_hls/denoiser.cpp:132]   --->   Operation 131 'getelementptr' 'd_addr' <Predicate = (!icmp_ln123)> <Delay = 0.00>
ST_1 : Operation 132 [2/2] (1.23ns)   --->   "%val_V = load i14 %d_addr" [../denoiser_c_to_hls/denoiser.cpp:132]   --->   Operation 132 'load' 'val_V' <Predicate = (!icmp_ln123)> <Delay = 1.23> <CoreInst = "RAM">   --->   Core 83 'RAM' <Latency = 1> <II = 1> <Delay = 1.23> <Storage> <Opcode : 'load' 'store'> <Ports = 2> <Width = 16> <Depth = 12544> <RAM>
ST_1 : Operation 133 [1/1] (0.00ns)   --->   "%tmp_7 = partselect i2 @_ssdm_op_PartSelect.i2.i4.i32.i32, i4 %select_ln125, i32 1, i32 2" [../denoiser_c_to_hls/denoiser.cpp:133]   --->   Operation 133 'partselect' 'tmp_7' <Predicate = (!icmp_ln123)> <Delay = 0.00>
ST_1 : Operation 134 [1/1] (0.00ns)   --->   "%add_ln133_7 = bitconcatenate i6 @_ssdm_op_BitConcatenate.i6.i2.i4, i2 %tmp_7, i4 %select_ln125" [../denoiser_c_to_hls/denoiser.cpp:133]   --->   Operation 134 'bitconcatenate' 'add_ln133_7' <Predicate = (!icmp_ln123)> <Delay = 0.00>
ST_1 : Operation 135 [1/1] (0.00ns)   --->   "%zext_ln133 = zext i6 %add_ln133_7" [../denoiser_c_to_hls/denoiser.cpp:133]   --->   Operation 135 'zext' 'zext_ln133' <Predicate = (!icmp_ln123)> <Delay = 0.00>
ST_1 : Operation 136 [1/1] (0.78ns)   --->   "%add_ln133 = add i7 %zext_ln125_1, i7 %zext_ln133" [../denoiser_c_to_hls/denoiser.cpp:133]   --->   Operation 136 'add' 'add_ln133' <Predicate = (!icmp_ln123)> <Delay = 0.78> <CoreInst = "Adder">   --->   Core 1 'Adder' <Latency = 0> <II = 1> <Delay = 0.78> <FuncUnit> <Opcode : 'add' 'sub'> <InPorts = 2> <OutPorts = 1>
ST_1 : Operation 137 [1/1] (0.00ns)   --->   "%zext_ln133_1 = zext i7 %add_ln133" [../denoiser_c_to_hls/denoiser.cpp:133]   --->   Operation 137 'zext' 'zext_ln133_1' <Predicate = (!icmp_ln123)> <Delay = 0.00>
ST_1 : Operation 138 [1/1] (0.77ns)   --->   "%add_ln133_1 = add i9 %zext_ln133_1, i9 %add_ln123_1" [../denoiser_c_to_hls/denoiser.cpp:133]   --->   Operation 138 'add' 'add_ln133_1' <Predicate = (!icmp_ln123)> <Delay = 0.77> <CoreInst = "Adder">   --->   Core 1 'Adder' <Latency = 0> <II = 1> <Delay = 0.77> <FuncUnit> <Opcode : 'add' 'sub'> <InPorts = 2> <OutPorts = 1>
ST_1 : Operation 139 [1/1] (0.00ns)   --->   "%zext_ln1271 = zext i9 %add_ln133_1"   --->   Operation 139 'zext' 'zext_ln1271' <Predicate = (!icmp_ln123)> <Delay = 0.00>
ST_1 : Operation 140 [1/1] (0.00ns)   --->   "%conv3_kernel_V_addr = getelementptr i12 %conv3_kernel_V, i64 0, i64 %zext_ln1271"   --->   Operation 140 'getelementptr' 'conv3_kernel_V_addr' <Predicate = (!icmp_ln123)> <Delay = 0.00>
ST_1 : Operation 141 [2/2] (1.23ns)   --->   "%conv3_kernel_V_load = load i9 %conv3_kernel_V_addr"   --->   Operation 141 'load' 'conv3_kernel_V_load' <Predicate = (!icmp_ln123)> <Delay = 1.23> <CoreInst = "ROM">   --->   Core 101 'ROM' <Latency = 1> <II = 1> <Delay = 1.23> <Storage> <Opcode : 'load'> <Ports = 0> <Width = 12> <Depth = 288> <ROM>
ST_1 : Operation 142 [1/1] (0.00ns)   --->   "%or_ln132 = or i4 %shl_ln132, i4 2" [../denoiser_c_to_hls/denoiser.cpp:132]   --->   Operation 142 'or' 'or_ln132' <Predicate = (!icmp_ln123)> <Delay = 0.00>
ST_1 : Operation 143 [1/1] (0.00ns)   --->   "%tmp_8 = partselect i3 @_ssdm_op_PartSelect.i3.i4.i32.i32, i4 %or_ln132, i32 1, i32 3" [../denoiser_c_to_hls/denoiser.cpp:132]   --->   Operation 143 'partselect' 'tmp_8' <Predicate = (!icmp_ln123)> <Delay = 0.00>
ST_1 : Operation 144 [1/1] (0.00ns)   --->   "%lshr_ln132_1 = bitconcatenate i14 @_ssdm_op_BitConcatenate.i14.i11.i3, i11 %select_ln125_3, i3 %tmp_8" [../denoiser_c_to_hls/denoiser.cpp:132]   --->   Operation 144 'bitconcatenate' 'lshr_ln132_1' <Predicate = (!icmp_ln123)> <Delay = 0.00>
ST_1 : Operation 145 [1/1] (0.00ns)   --->   "%zext_ln132_1 = zext i14 %lshr_ln132_1" [../denoiser_c_to_hls/denoiser.cpp:132]   --->   Operation 145 'zext' 'zext_ln132_1' <Predicate = (!icmp_ln123)> <Delay = 0.00>
ST_1 : Operation 146 [1/1] (0.00ns)   --->   "%d_addr_2 = getelementptr i16 %d, i64 0, i64 %zext_ln132_1" [../denoiser_c_to_hls/denoiser.cpp:132]   --->   Operation 146 'getelementptr' 'd_addr_2' <Predicate = (!icmp_ln123)> <Delay = 0.00>
ST_1 : Operation 147 [2/2] (1.23ns)   --->   "%val_V_13 = load i14 %d_addr_2" [../denoiser_c_to_hls/denoiser.cpp:132]   --->   Operation 147 'load' 'val_V_13' <Predicate = (!icmp_ln123)> <Delay = 1.23> <CoreInst = "RAM">   --->   Core 83 'RAM' <Latency = 1> <II = 1> <Delay = 1.23> <Storage> <Opcode : 'load' 'store'> <Ports = 2> <Width = 16> <Depth = 12544> <RAM>
ST_1 : Operation 148 [1/1] (0.00ns) (grouped into TernaryAdder)   --->   "%add_ln133_2 = add i7 %zext_ln133, i7 9" [../denoiser_c_to_hls/denoiser.cpp:133]   --->   Operation 148 'add' 'add_ln133_2' <Predicate = (!icmp_ln123)> <Delay = 0.00> <CoreInst = "TAddSub">   --->   Core 10 'TAddSub' <Latency = 0> <II = 1> <Delay = 0.45> <IPBlock> <Opcode : 'add' 'sub'> <InPorts = 3> <OutPorts = 1> <Sync> <CReg>
ST_1 : Operation 149 [1/1] (0.90ns) (root node of TernaryAdder)   --->   "%add_ln133_3 = add i7 %add_ln133_2, i7 %zext_ln125_1" [../denoiser_c_to_hls/denoiser.cpp:133]   --->   Operation 149 'add' 'add_ln133_3' <Predicate = (!icmp_ln123)> <Delay = 0.90> <CoreInst = "TAddSub">   --->   Core 10 'TAddSub' <Latency = 0> <II = 1> <Delay = 0.45> <IPBlock> <Opcode : 'add' 'sub'> <InPorts = 3> <OutPorts = 1> <Sync> <CReg>
ST_1 : Operation 150 [1/1] (0.00ns)   --->   "%zext_ln133_2 = zext i7 %add_ln133_3" [../denoiser_c_to_hls/denoiser.cpp:133]   --->   Operation 150 'zext' 'zext_ln133_2' <Predicate = (!icmp_ln123)> <Delay = 0.00>
ST_1 : Operation 151 [1/1] (0.77ns)   --->   "%add_ln133_4 = add i9 %zext_ln133_2, i9 %add_ln123_1" [../denoiser_c_to_hls/denoiser.cpp:133]   --->   Operation 151 'add' 'add_ln133_4' <Predicate = (!icmp_ln123)> <Delay = 0.77> <CoreInst = "Adder">   --->   Core 1 'Adder' <Latency = 0> <II = 1> <Delay = 0.77> <FuncUnit> <Opcode : 'add' 'sub'> <InPorts = 2> <OutPorts = 1>
ST_1 : Operation 152 [1/1] (0.79ns)   --->   "%add_ln127 = add i4 %select_ln125, i4 2" [../denoiser_c_to_hls/denoiser.cpp:127]   --->   Operation 152 'add' 'add_ln127' <Predicate = (!icmp_ln123)> <Delay = 0.79> <CoreInst = "Adder">   --->   Core 1 'Adder' <Latency = 0> <II = 1> <Delay = 0.79> <FuncUnit> <Opcode : 'add' 'sub'> <InPorts = 2> <OutPorts = 1>
ST_1 : Operation 153 [1/1] (0.78ns)   --->   "%add_ln125_1 = add i5 %indvar_flatten222_load, i5 1" [../denoiser_c_to_hls/denoiser.cpp:125]   --->   Operation 153 'add' 'add_ln125_1' <Predicate = (!icmp_ln123)> <Delay = 0.78> <CoreInst = "Adder">   --->   Core 1 'Adder' <Latency = 0> <II = 1> <Delay = 0.78> <FuncUnit> <Opcode : 'add' 'sub'> <InPorts = 2> <OutPorts = 1>
ST_1 : Operation 154 [1/1] (0.41ns)   --->   "%select_ln125_4 = select i1 %icmp_ln125, i5 1, i5 %add_ln125_1" [../denoiser_c_to_hls/denoiser.cpp:125]   --->   Operation 154 'select' 'select_ln125_4' <Predicate = (!icmp_ln123)> <Delay = 0.41> <CoreInst = "Sel">   --->   Core 73 'Sel' <Latency = 0> <II = 1> <Delay = 0.41> <FuncUnit> <Opcode : 'select'> <InPorts = 3> <OutPorts = 1>
ST_1 : Operation 155 [1/1] (0.42ns)   --->   "%store_ln127 = store i6 %add_ln123_2, i6 %indvar_flatten282" [../denoiser_c_to_hls/denoiser.cpp:127]   --->   Operation 155 'store' 'store_ln127' <Predicate = (!icmp_ln123)> <Delay = 0.42>
ST_1 : Operation 156 [1/1] (0.42ns)   --->   "%store_ln127 = store i2 %select_ln123_7, i2 %i" [../denoiser_c_to_hls/denoiser.cpp:127]   --->   Operation 156 'store' 'store_ln127' <Predicate = (!icmp_ln123)> <Delay = 0.42>
ST_1 : Operation 157 [1/1] (0.42ns)   --->   "%store_ln127 = store i5 %select_ln125_4, i5 %indvar_flatten222" [../denoiser_c_to_hls/denoiser.cpp:127]   --->   Operation 157 'store' 'store_ln127' <Predicate = (!icmp_ln123)> <Delay = 0.42>
ST_1 : Operation 158 [1/1] (0.42ns)   --->   "%store_ln127 = store i2 %select_ln125_1, i2 %j" [../denoiser_c_to_hls/denoiser.cpp:127]   --->   Operation 158 'store' 'store_ln127' <Predicate = (!icmp_ln123)> <Delay = 0.42>
ST_1 : Operation 159 [1/1] (0.42ns)   --->   "%store_ln127 = store i4 %add_ln127, i4 %k" [../denoiser_c_to_hls/denoiser.cpp:127]   --->   Operation 159 'store' 'store_ln127' <Predicate = (!icmp_ln123)> <Delay = 0.42>

State 2 <SV = 1> <Delay = 2.59>
ST_2 : Operation 160 [1/2] (1.23ns)   --->   "%val_V = load i14 %d_addr" [../denoiser_c_to_hls/denoiser.cpp:132]   --->   Operation 160 'load' 'val_V' <Predicate = (!icmp_ln123)> <Delay = 1.23> <CoreInst = "RAM">   --->   Core 83 'RAM' <Latency = 1> <II = 1> <Delay = 1.23> <Storage> <Opcode : 'load' 'store'> <Ports = 2> <Width = 16> <Depth = 12544> <RAM>
ST_2 : Operation 161 [1/1] (0.35ns)   --->   "%val_V_15 = select i1 %select_ln125_2, i16 0, i16 %val_V" [../denoiser_c_to_hls/denoiser.cpp:125]   --->   Operation 161 'select' 'val_V_15' <Predicate = (!icmp_ln123)> <Delay = 0.35> <CoreInst = "Sel">   --->   Core 73 'Sel' <Latency = 0> <II = 1> <Delay = 0.35> <FuncUnit> <Opcode : 'select'> <InPorts = 3> <OutPorts = 1>
ST_2 : Operation 162 [1/1] (0.00ns)   --->   "%sext_ln1347 = sext i16 %val_V_15"   --->   Operation 162 'sext' 'sext_ln1347' <Predicate = (!icmp_ln123)> <Delay = 0.00>
ST_2 : Operation 163 [1/2] (1.23ns)   --->   "%conv3_kernel_V_load = load i9 %conv3_kernel_V_addr"   --->   Operation 163 'load' 'conv3_kernel_V_load' <Predicate = (!icmp_ln123)> <Delay = 1.23> <CoreInst = "ROM">   --->   Core 101 'ROM' <Latency = 1> <II = 1> <Delay = 1.23> <Storage> <Opcode : 'load'> <Ports = 0> <Width = 12> <Depth = 288> <ROM>
ST_2 : Operation 164 [1/1] (0.00ns)   --->   "%sext_ln1347_4 = sext i12 %conv3_kernel_V_load"   --->   Operation 164 'sext' 'sext_ln1347_4' <Predicate = (!icmp_ln123)> <Delay = 0.00>
ST_2 : Operation 165 [3/3] (0.99ns) (grouped into DSP with root node ret_V)   --->   "%mul_ln1347 = mul i26 %sext_ln1347_4, i26 %sext_ln1347"   --->   Operation 165 'mul' 'mul_ln1347' <Predicate = (!icmp_ln123)> <Delay = 0.99> <CoreInst = "DSP48">   --->   Core 127 'DSP48' <Latency = 3> <II = 1> <Delay = 0.53> <IPBlock> <Opcode : 'mul' 'add' 'sub' 'select'> <InPorts = 0> <OutPorts = 1> <Sync> <CReg>
ST_2 : Operation 166 [1/2] (1.23ns)   --->   "%val_V_13 = load i14 %d_addr_2" [../denoiser_c_to_hls/denoiser.cpp:132]   --->   Operation 166 'load' 'val_V_13' <Predicate = (!icmp_ln123)> <Delay = 1.23> <CoreInst = "RAM">   --->   Core 83 'RAM' <Latency = 1> <II = 1> <Delay = 1.23> <Storage> <Opcode : 'load' 'store'> <Ports = 2> <Width = 16> <Depth = 12544> <RAM>
ST_2 : Operation 167 [1/1] (0.35ns)   --->   "%val_V_16 = select i1 %select_ln125_2, i16 0, i16 %val_V_13" [../denoiser_c_to_hls/denoiser.cpp:125]   --->   Operation 167 'select' 'val_V_16' <Predicate = (!icmp_ln123)> <Delay = 0.35> <CoreInst = "Sel">   --->   Core 73 'Sel' <Latency = 0> <II = 1> <Delay = 0.35> <FuncUnit> <Opcode : 'select'> <InPorts = 3> <OutPorts = 1>
ST_2 : Operation 168 [1/1] (0.00ns)   --->   "%zext_ln1271_3 = zext i9 %add_ln133_4"   --->   Operation 168 'zext' 'zext_ln1271_3' <Predicate = (!icmp_ln123)> <Delay = 0.00>
ST_2 : Operation 169 [1/1] (0.00ns)   --->   "%conv3_kernel_V_addr_1 = getelementptr i12 %conv3_kernel_V, i64 0, i64 %zext_ln1271_3"   --->   Operation 169 'getelementptr' 'conv3_kernel_V_addr_1' <Predicate = (!icmp_ln123)> <Delay = 0.00>
ST_2 : Operation 170 [2/2] (1.23ns)   --->   "%conv3_kernel_V_load_1 = load i9 %conv3_kernel_V_addr_1"   --->   Operation 170 'load' 'conv3_kernel_V_load_1' <Predicate = (!icmp_ln123)> <Delay = 1.23> <CoreInst = "ROM">   --->   Core 101 'ROM' <Latency = 1> <II = 1> <Delay = 1.23> <Storage> <Opcode : 'load'> <Ports = 0> <Width = 12> <Depth = 288> <ROM>

State 3 <SV = 2> <Delay = 2.23>
ST_3 : Operation 171 [2/3] (0.99ns) (grouped into DSP with root node ret_V)   --->   "%mul_ln1347 = mul i26 %sext_ln1347_4, i26 %sext_ln1347"   --->   Operation 171 'mul' 'mul_ln1347' <Predicate = true> <Delay = 0.99> <CoreInst = "DSP48">   --->   Core 127 'DSP48' <Latency = 3> <II = 1> <Delay = 0.53> <IPBlock> <Opcode : 'mul' 'add' 'sub' 'select'> <InPorts = 0> <OutPorts = 1> <Sync> <CReg>
ST_3 : Operation 172 [1/1] (0.00ns)   --->   "%sext_ln1347_5 = sext i16 %val_V_16"   --->   Operation 172 'sext' 'sext_ln1347_5' <Predicate = true> <Delay = 0.00>
ST_3 : Operation 173 [1/2] (1.23ns)   --->   "%conv3_kernel_V_load_1 = load i9 %conv3_kernel_V_addr_1"   --->   Operation 173 'load' 'conv3_kernel_V_load_1' <Predicate = true> <Delay = 1.23> <CoreInst = "ROM">   --->   Core 101 'ROM' <Latency = 1> <II = 1> <Delay = 1.23> <Storage> <Opcode : 'load'> <Ports = 0> <Width = 12> <Depth = 288> <ROM>
ST_3 : Operation 174 [1/1] (0.00ns)   --->   "%sext_ln1347_6 = sext i12 %conv3_kernel_V_load_1"   --->   Operation 174 'sext' 'sext_ln1347_6' <Predicate = true> <Delay = 0.00>
ST_3 : Operation 175 [3/3] (0.99ns) (grouped into DSP with root node ret_V_3)   --->   "%mul_ln1347_2 = mul i26 %sext_ln1347_6, i26 %sext_ln1347_5"   --->   Operation 175 'mul' 'mul_ln1347_2' <Predicate = true> <Delay = 0.99> <CoreInst = "DSP48">   --->   Core 127 'DSP48' <Latency = 3> <II = 1> <Delay = 0.53> <IPBlock> <Opcode : 'mul' 'add' 'sub' 'select'> <InPorts = 0> <OutPorts = 1> <Sync> <CReg>

State 4 <SV = 3> <Delay = 0.99>
ST_4 : Operation 176 [1/1] (0.00ns)   --->   "%lhs_load_3 = load i16 %lhs"   --->   Operation 176 'load' 'lhs_load_3' <Predicate = true> <Delay = 0.00>
ST_4 : Operation 177 [1/3] (0.00ns) (grouped into DSP with root node ret_V)   --->   "%mul_ln1347 = mul i26 %sext_ln1347_4, i26 %sext_ln1347"   --->   Operation 177 'mul' 'mul_ln1347' <Predicate = true> <Delay = 0.00> <CoreInst = "DSP48">   --->   Core 127 'DSP48' <Latency = 3> <II = 1> <Delay = 0.53> <IPBlock> <Opcode : 'mul' 'add' 'sub' 'select'> <InPorts = 0> <OutPorts = 1> <Sync> <CReg>
ST_4 : Operation 178 [1/1] (0.00ns)   --->   "%lhs_6 = bitconcatenate i26 @_ssdm_op_BitConcatenate.i26.i16.i10, i16 %lhs_load_3, i10 0"   --->   Operation 178 'bitconcatenate' 'lhs_6' <Predicate = true> <Delay = 0.00>
ST_4 : Operation 179 [2/2] (0.64ns) (root node of the DSP)   --->   "%ret_V = add i26 %lhs_6, i26 %mul_ln1347"   --->   Operation 179 'add' 'ret_V' <Predicate = true> <Delay = 0.64> <CoreInst = "DSP48">   --->   Core 127 'DSP48' <Latency = 3> <II = 1> <Delay = 0.53> <IPBlock> <Opcode : 'mul' 'add' 'sub' 'select'> <InPorts = 0> <OutPorts = 1> <Sync> <CReg>
ST_4 : Operation 180 [2/3] (0.99ns) (grouped into DSP with root node ret_V_3)   --->   "%mul_ln1347_2 = mul i26 %sext_ln1347_6, i26 %sext_ln1347_5"   --->   Operation 180 'mul' 'mul_ln1347_2' <Predicate = true> <Delay = 0.99> <CoreInst = "DSP48">   --->   Core 127 'DSP48' <Latency = 3> <II = 1> <Delay = 0.53> <IPBlock> <Opcode : 'mul' 'add' 'sub' 'select'> <InPorts = 0> <OutPorts = 1> <Sync> <CReg>
ST_4 : Operation 196 [1/1] (0.00ns)   --->   "%lhs_load = load i16 %lhs"   --->   Operation 196 'load' 'lhs_load' <Predicate = (icmp_ln123)> <Delay = 0.00>
ST_4 : Operation 197 [1/1] (0.00ns)   --->   "%write_ln0 = write void @_ssdm_op_Write.ap_auto.i16P0A, i16 %s_V_16_out, i16 %lhs_load"   --->   Operation 197 'write' 'write_ln0' <Predicate = (icmp_ln123)> <Delay = 0.00>
ST_4 : Operation 198 [1/1] (0.00ns)   --->   "%ret_ln0 = ret"   --->   Operation 198 'ret' 'ret_ln0' <Predicate = (icmp_ln123)> <Delay = 0.00>

State 5 <SV = 4> <Delay = 1.29>
ST_5 : Operation 181 [1/2] (0.64ns) (root node of the DSP)   --->   "%ret_V = add i26 %lhs_6, i26 %mul_ln1347"   --->   Operation 181 'add' 'ret_V' <Predicate = true> <Delay = 0.64> <CoreInst = "DSP48">   --->   Core 127 'DSP48' <Latency = 3> <II = 1> <Delay = 0.53> <IPBlock> <Opcode : 'mul' 'add' 'sub' 'select'> <InPorts = 0> <OutPorts = 1> <Sync> <CReg>
ST_5 : Operation 182 [1/3] (0.00ns) (grouped into DSP with root node ret_V_3)   --->   "%mul_ln1347_2 = mul i26 %sext_ln1347_6, i26 %sext_ln1347_5"   --->   Operation 182 'mul' 'mul_ln1347_2' <Predicate = true> <Delay = 0.00> <CoreInst = "DSP48">   --->   Core 127 'DSP48' <Latency = 3> <II = 1> <Delay = 0.53> <IPBlock> <Opcode : 'mul' 'add' 'sub' 'select'> <InPorts = 0> <OutPorts = 1> <Sync> <CReg>
ST_5 : Operation 183 [1/1] (0.00ns)   --->   "%tmp_9 = partselect i16 @_ssdm_op_PartSelect.i16.i26.i32.i32, i26 %ret_V, i32 10, i32 25"   --->   Operation 183 'partselect' 'tmp_9' <Predicate = true> <Delay = 0.00>
ST_5 : Operation 184 [1/1] (0.00ns)   --->   "%lhs_7 = bitconcatenate i26 @_ssdm_op_BitConcatenate.i26.i16.i10, i16 %tmp_9, i10 0"   --->   Operation 184 'bitconcatenate' 'lhs_7' <Predicate = true> <Delay = 0.00>
ST_5 : Operation 185 [2/2] (0.64ns) (root node of the DSP)   --->   "%ret_V_3 = add i26 %lhs_7, i26 %mul_ln1347_2"   --->   Operation 185 'add' 'ret_V_3' <Predicate = true> <Delay = 0.64> <CoreInst = "DSP48">   --->   Core 127 'DSP48' <Latency = 3> <II = 1> <Delay = 0.53> <IPBlock> <Opcode : 'mul' 'add' 'sub' 'select'> <InPorts = 0> <OutPorts = 1> <Sync> <CReg>

State 6 <SV = 5> <Delay = 1.07>
ST_6 : Operation 186 [1/1] (0.00ns)   --->   "%specloopname_ln0 = specloopname void @_ssdm_op_SpecLoopName, void @loop_kh_3_loop_kw_3_loop_ic_3_str"   --->   Operation 186 'specloopname' 'specloopname_ln0' <Predicate = true> <Delay = 0.00>
ST_6 : Operation 187 [1/1] (0.00ns)   --->   "%empty_73 = speclooptripcount i32 @_ssdm_op_SpecLoopTripCount, i64 36, i64 36, i64 36"   --->   Operation 187 'speclooptripcount' 'empty_73' <Predicate = true> <Delay = 0.00>
ST_6 : Operation 188 [1/1] (0.00ns)   --->   "%specpipeline_ln0 = specpipeline void @_ssdm_op_SpecPipeline, i32 4294967295, i32 0, i32 1, i32 0, void @p_str"   --->   Operation 188 'specpipeline' 'specpipeline_ln0' <Predicate = true> <Delay = 0.00>
ST_6 : Operation 189 [1/1] (0.00ns)   --->   "%specloopname_ln0 = specloopname void @_ssdm_op_SpecLoopName, void @loop_kw_3_loop_ic_3_str"   --->   Operation 189 'specloopname' 'specloopname_ln0' <Predicate = true> <Delay = 0.00>
ST_6 : Operation 190 [1/1] (0.00ns)   --->   "%specpipeline_ln0 = specpipeline void @_ssdm_op_SpecPipeline, i32 4294967295, i32 0, i32 1, i32 0, void @p_str"   --->   Operation 190 'specpipeline' 'specpipeline_ln0' <Predicate = true> <Delay = 0.00>
ST_6 : Operation 191 [1/1] (0.00ns)   --->   "%specloopname_ln121 = specloopname void @_ssdm_op_SpecLoopName, void @empty_11" [../denoiser_c_to_hls/denoiser.cpp:121]   --->   Operation 191 'specloopname' 'specloopname_ln121' <Predicate = true> <Delay = 0.00>
ST_6 : Operation 192 [1/2] (0.64ns) (root node of the DSP)   --->   "%ret_V_3 = add i26 %lhs_7, i26 %mul_ln1347_2"   --->   Operation 192 'add' 'ret_V_3' <Predicate = true> <Delay = 0.64> <CoreInst = "DSP48">   --->   Core 127 'DSP48' <Latency = 3> <II = 1> <Delay = 0.53> <IPBlock> <Opcode : 'mul' 'add' 'sub' 'select'> <InPorts = 0> <OutPorts = 1> <Sync> <CReg>
ST_6 : Operation 193 [1/1] (0.00ns)   --->   "%s_V = partselect i16 @_ssdm_op_PartSelect.i16.i26.i32.i32, i26 %ret_V_3, i32 10, i32 25"   --->   Operation 193 'partselect' 's_V' <Predicate = true> <Delay = 0.00>
ST_6 : Operation 194 [1/1] (0.42ns)   --->   "%store_ln127 = store i16 %s_V, i16 %lhs" [../denoiser_c_to_hls/denoiser.cpp:127]   --->   Operation 194 'store' 'store_ln127' <Predicate = true> <Delay = 0.42>
ST_6 : Operation 195 [1/1] (0.00ns)   --->   "%br_ln127 = br void %for.body21.i428" [../denoiser_c_to_hls/denoiser.cpp:127]   --->   Operation 195 'br' 'br_ln127' <Predicate = true> <Delay = 0.00>


============================================================
+ Verbose Summary: Timing violations
============================================================
Target clock period: 10ns, clock uncertainty: 2.7ns.

 <State 1>: 6.35ns
The critical path consists of the following:
	'alloca' operation ('indvar_flatten222') [14]  (0 ns)
	'load' operation ('indvar_flatten222_load', ../denoiser_c_to_hls/denoiser.cpp:125) on local variable 'indvar_flatten222' [74]  (0 ns)
	'icmp' operation ('icmp_ln125', ../denoiser_c_to_hls/denoiser.cpp:125) [78]  (0.753 ns)
	'select' operation ('select_ln123', ../denoiser_c_to_hls/denoiser.cpp:123) [79]  (0.179 ns)
	'add' operation ('add_ln125', ../denoiser_c_to_hls/denoiser.cpp:125) [110]  (0.548 ns)
	'add' operation ('p_mid1218', ../denoiser_c_to_hls/denoiser.cpp:125) [116]  (0.789 ns)
	'add' operation ('p_mid1220', ../denoiser_c_to_hls/denoiser.cpp:125) [118]  (0.789 ns)
	'add' operation ('add_ln132_3', ../denoiser_c_to_hls/denoiser.cpp:132) [127]  (0.82 ns)
	'add' operation ('add_ln132_4', ../denoiser_c_to_hls/denoiser.cpp:132) [130]  (0.842 ns)
	'select' operation ('select_ln125_3', ../denoiser_c_to_hls/denoiser.cpp:125) [139]  (0.389 ns)
	'getelementptr' operation ('d_addr', ../denoiser_c_to_hls/denoiser.cpp:132) [142]  (0 ns)
	'load' operation ('val.V', ../denoiser_c_to_hls/denoiser.cpp:132) on array 'd' [143]  (1.24 ns)

 <State 2>: 2.59ns
The critical path consists of the following:
	'load' operation ('val.V', ../denoiser_c_to_hls/denoiser.cpp:132) on array 'd' [143]  (1.24 ns)
	'select' operation ('val.V', ../denoiser_c_to_hls/denoiser.cpp:125) [144]  (0.357 ns)
	'mul' operation of DSP[158] ('mul_ln1347') [156]  (0.996 ns)

 <State 3>: 2.23ns
The critical path consists of the following:
	'load' operation ('conv3_kernel_V_load_1') on array 'conv3_kernel_V' [173]  (1.24 ns)
	'mul' operation of DSP[178] ('mul_ln1347_2') [175]  (0.996 ns)

 <State 4>: 0.996ns
The critical path consists of the following:
	'mul' operation of DSP[178] ('mul_ln1347_2') [175]  (0.996 ns)

 <State 5>: 1.29ns
The critical path consists of the following:
	'add' operation of DSP[158] ('ret.V') [158]  (0.645 ns)
	'add' operation of DSP[178] ('ret.V') [178]  (0.645 ns)

 <State 6>: 1.07ns
The critical path consists of the following:
	'add' operation of DSP[178] ('ret.V') [178]  (0.645 ns)
	'store' operation ('store_ln127', ../denoiser_c_to_hls/denoiser.cpp:127) of variable 's_V' on local variable 'lhs' [188]  (0.427 ns)


============================================================
+ Verbose Summary: Binding
============================================================
N/A
* FSMD analyzer results:
  - Output states:
 - Input state : 
  - Chain level:
	State 1
	State 2
	State 3
	State 4
	State 5
	State 6


============================================================
+ Verbose Summary: Datapath Resource usage 
============================================================
N/A
