

================================================================
== Vitis HLS Report for 'inference_Pipeline_loop_kw_1'
================================================================
* Date:           Tue Jun 30 22:18:30 2026

* Version:        2022.2 (Build 3670227 on Oct 13 2022)
* Project:        denoiser
* Solution:       solution1 (Vivado IP Flow Target)
* Product family: zynquplus
* Target device:  xck26-sfvc784-2LV-c


================================================================
== Performance Estimates
================================================================
+ Timing: 
    * Summary: 
    +--------+----------+----------+------------+
    |  Clock |  Target  | Estimated| Uncertainty|
    +--------+----------+----------+------------+
    |ap_clk  |  10.00 ns|  2.805 ns|     2.70 ns|
    +--------+----------+----------+------------+

+ Latency: 
    * Summary: 
    +---------+---------+-----------+----------+-----+-----+---------+
    |  Latency (cycles) |  Latency (absolute)  |  Interval | Pipeline|
    |   min   |   max   |    min    |    max   | min | max |   Type  |
    +---------+---------+-----------+----------+-----+-----+---------+
    |        8|       11|  80.000 ns|  0.110 us|    8|   11|       no|
    +---------+---------+-----------+----------+-----+-----+---------+

    + Detail: 
        * Instance: 
        N/A

        * Loop: 
        +-------------+---------+---------+----------+-----------+-----------+-------+----------+
        |             |  Latency (cycles) | Iteration|  Initiation Interval  |  Trip |          |
        |  Loop Name  |   min   |   max   |  Latency |  achieved |   target  | Count | Pipelined|
        +-------------+---------+---------+----------+-----------+-----------+-------+----------+
        |- loop_kw_1  |        6|        8|         6|          2|          1|  1 ~ 2|       yes|
        +-------------+---------+---------+----------+-----------+-----------+-------+----------+

============================================================
+ Verbose Summary: Synthesis Manager
============================================================
InlineROM: 1
ExposeGlobal: 0
============================================================
+ Verbose Summary: CDFG Model
============================================================
IsTopModel: 0
ResetActiveHigh: 1
IsCombinational: 0
IsDatapathOnly: 0
HasWiredReturn: 1
HasMFsm: 2
HasVarLatency: 1
IsPipeline: 0
IsRtlPipelined: 0
IsInstanceOverlapped: 0
IsDontTouch: 0
HasImplIP: 0
IsGatedGlobalClock: 0

+ Individual pipeline summary: 
  * Pipeline-0: initiation interval (II) = 2, depth = 6


============================================================
+ Verbose Summary: Schedule
============================================================
* Number of FSM states : 9
* Pipeline : 1
  Pipeline-0 : II = 2, D = 6, States = { 2 3 4 5 6 7 }
* Dataflow Pipeline: 0

* FSM state transitions: 
1 --> 2 
2 --> 3 
3 --> 4 
4 --> 5 
5 --> 6 
6 --> 8 9 7 
7 --> 2 
8 --> 
9 --> 8 

* FSM state operations: 

State 1 <SV = 0> <Delay = 0.42>
ST_1 : Operation 10 [1/1] (0.00ns)   --->   "%lhs = alloca i32 1"   --->   Operation 10 'alloca' 'lhs' <Predicate = true> <Delay = 0.00>
ST_1 : Operation 11 [1/1] (0.00ns)   --->   "%j = alloca i32 1"   --->   Operation 11 'alloca' 'j' <Predicate = true> <Delay = 0.00>
ST_1 : Operation 12 [1/1] (0.00ns)   --->   "%zext_ln21_read = read i5 @_ssdm_op_Read.ap_auto.i5, i5 %zext_ln21"   --->   Operation 12 'read' 'zext_ln21_read' <Predicate = true> <Delay = 0.00>
ST_1 : Operation 13 [1/1] (0.00ns)   --->   "%tmp = read i6 @_ssdm_op_Read.ap_auto.i6, i6 %empty"   --->   Operation 13 'read' 'tmp' <Predicate = true> <Delay = 0.00>
ST_1 : Operation 14 [1/1] (0.00ns)   --->   "%brmerge_not_read = read i1 @_ssdm_op_Read.ap_auto.i1, i1 %brmerge_not"   --->   Operation 14 'read' 'brmerge_not_read' <Predicate = true> <Delay = 0.00>
ST_1 : Operation 15 [1/1] (0.00ns)   --->   "%sub_ln32_read = read i10 @_ssdm_op_Read.ap_auto.i10, i10 %sub_ln32"   --->   Operation 15 'read' 'sub_ln32_read' <Predicate = true> <Delay = 0.00>
ST_1 : Operation 16 [1/1] (0.00ns)   --->   "%add_ln30_read = read i6 @_ssdm_op_Read.ap_auto.i6, i6 %add_ln30"   --->   Operation 16 'read' 'add_ln30_read' <Predicate = true> <Delay = 0.00>
ST_1 : Operation 17 [1/1] (0.00ns)   --->   "%s_V_1_read = read i16 @_ssdm_op_Read.ap_auto.i16, i16 %s_V_1"   --->   Operation 17 'read' 's_V_1_read' <Predicate = true> <Delay = 0.00>
ST_1 : Operation 18 [1/1] (0.00ns)   --->   "%zext_ln21_cast = zext i5 %zext_ln21_read"   --->   Operation 18 'zext' 'zext_ln21_cast' <Predicate = true> <Delay = 0.00>
ST_1 : Operation 19 [1/1] (0.42ns)   --->   "%store_ln0 = store i3 0, i3 %j"   --->   Operation 19 'store' 'store_ln0' <Predicate = true> <Delay = 0.42>
ST_1 : Operation 20 [1/1] (0.42ns)   --->   "%store_ln0 = store i16 %s_V_1_read, i16 %lhs"   --->   Operation 20 'store' 'store_ln0' <Predicate = true> <Delay = 0.42>
ST_1 : Operation 21 [1/1] (0.00ns)   --->   "%br_ln0 = br void %for.body17.i.0"   --->   Operation 21 'br' 'br_ln0' <Predicate = true> <Delay = 0.00>

State 2 <SV = 1> <Delay = 2.80>
ST_2 : Operation 22 [1/1] (0.00ns)   --->   "%j_1 = load i3 %j"   --->   Operation 22 'load' 'j_1' <Predicate = true> <Delay = 0.00>
ST_2 : Operation 23 [1/1] (0.00ns)   --->   "%specpipeline_ln0 = specpipeline void @_ssdm_op_SpecPipeline, i32 4294967295, i32 0, i32 1, i32 0, void @p_str"   --->   Operation 23 'specpipeline' 'specpipeline_ln0' <Predicate = true> <Delay = 0.00>
ST_2 : Operation 24 [1/1] (0.58ns)   --->   "%icmp_ln27 = icmp_ult  i3 %j_1, i3 3" [../denoiser_c_to_hls/denoiser.cpp:27]   --->   Operation 24 'icmp' 'icmp_ln27' <Predicate = true> <Delay = 0.58> <CoreInst = "Cmp">   --->   Core 9 'Cmp' <Latency = 0> <II = 1> <Delay = 0.58> <FuncUnit> <Opcode : 'icmp'> <InPorts = 2> <OutPorts = 1>
ST_2 : Operation 25 [1/1] (0.00ns)   --->   "%empty_62 = speclooptripcount i32 @_ssdm_op_SpecLoopTripCount, i64 1, i64 2, i64 1"   --->   Operation 25 'speclooptripcount' 'empty_62' <Predicate = true> <Delay = 0.00>
ST_2 : Operation 26 [1/1] (0.00ns)   --->   "%br_ln27 = br i1 %icmp_ln27, void %for.body17.i.0.for.cond.cleanup16.i_crit_edge.exitStub, void %for.body17.i.0.split_ifconv" [../denoiser_c_to_hls/denoiser.cpp:27]   --->   Operation 26 'br' 'br_ln27' <Predicate = true> <Delay = 0.00>
ST_2 : Operation 27 [1/1] (0.00ns)   --->   "%empty_63 = trunc i3 %j_1"   --->   Operation 27 'trunc' 'empty_63' <Predicate = (icmp_ln27)> <Delay = 0.00>
ST_2 : Operation 28 [1/1] (0.00ns)   --->   "%j_cast87 = zext i3 %j_1"   --->   Operation 28 'zext' 'j_cast87' <Predicate = (icmp_ln27)> <Delay = 0.00>
ST_2 : Operation 29 [1/1] (0.78ns)   --->   "%add_ln30_1 = add i6 %j_cast87, i6 %add_ln30_read" [../denoiser_c_to_hls/denoiser.cpp:30]   --->   Operation 29 'add' 'add_ln30_1' <Predicate = (icmp_ln27)> <Delay = 0.78> <CoreInst = "Adder">   --->   Core 1 'Adder' <Latency = 0> <II = 1> <Delay = 0.78> <FuncUnit> <Opcode : 'add' 'sub'> <InPorts = 2> <OutPorts = 1>
ST_2 : Operation 30 [1/1] (0.00ns)   --->   "%sext_ln32 = sext i6 %add_ln30_1" [../denoiser_c_to_hls/denoiser.cpp:32]   --->   Operation 30 'sext' 'sext_ln32' <Predicate = (icmp_ln27)> <Delay = 0.00>
ST_2 : Operation 31 [1/1] (0.78ns)   --->   "%add_ln32 = add i10 %sub_ln32_read, i10 %sext_ln32" [../denoiser_c_to_hls/denoiser.cpp:32]   --->   Operation 31 'add' 'add_ln32' <Predicate = (icmp_ln27)> <Delay = 0.78> <CoreInst = "Adder">   --->   Core 1 'Adder' <Latency = 0> <II = 1> <Delay = 0.78> <FuncUnit> <Opcode : 'add' 'sub'> <InPorts = 2> <OutPorts = 1>
ST_2 : Operation 32 [1/1] (0.00ns)   --->   "%zext_ln32 = zext i10 %add_ln32" [../denoiser_c_to_hls/denoiser.cpp:32]   --->   Operation 32 'zext' 'zext_ln32' <Predicate = (icmp_ln27)> <Delay = 0.00>
ST_2 : Operation 33 [1/1] (0.00ns)   --->   "%input_addr = getelementptr i16 %input_r, i64 0, i64 %zext_ln32" [../denoiser_c_to_hls/denoiser.cpp:32]   --->   Operation 33 'getelementptr' 'input_addr' <Predicate = (icmp_ln27)> <Delay = 0.00>
ST_2 : Operation 34 [1/1] (0.54ns)   --->   "%add_ln31_1 = add i2 %empty_63, i2 3" [../denoiser_c_to_hls/denoiser.cpp:31]   --->   Operation 34 'add' 'add_ln31_1' <Predicate = (icmp_ln27)> <Delay = 0.54> <CoreInst = "Adder">   --->   Core 1 'Adder' <Latency = 0> <II = 1> <Delay = 0.54> <FuncUnit> <Opcode : 'add' 'sub'> <InPorts = 2> <OutPorts = 1>
ST_2 : Operation 35 [1/1] (0.00ns)   --->   "%sext_ln31 = sext i2 %add_ln31_1" [../denoiser_c_to_hls/denoiser.cpp:31]   --->   Operation 35 'sext' 'sext_ln31' <Predicate = (icmp_ln27)> <Delay = 0.00>
ST_2 : Operation 36 [1/1] (0.78ns)   --->   "%add_ln31 = add i6 %sext_ln31, i6 %zext_ln21_cast" [../denoiser_c_to_hls/denoiser.cpp:31]   --->   Operation 36 'add' 'add_ln31' <Predicate = (icmp_ln27)> <Delay = 0.78> <CoreInst = "Adder">   --->   Core 1 'Adder' <Latency = 0> <II = 1> <Delay = 0.78> <FuncUnit> <Opcode : 'add' 'sub'> <InPorts = 2> <OutPorts = 1>
ST_2 : Operation 37 [1/1] (0.78ns)   --->   "%icmp_ln31 = icmp_ult  i6 %add_ln31, i6 28" [../denoiser_c_to_hls/denoiser.cpp:31]   --->   Operation 37 'icmp' 'icmp_ln31' <Predicate = (icmp_ln27)> <Delay = 0.78> <CoreInst = "Cmp">   --->   Core 9 'Cmp' <Latency = 0> <II = 1> <Delay = 0.78> <FuncUnit> <Opcode : 'icmp'> <InPorts = 2> <OutPorts = 1>
ST_2 : Operation 38 [2/2] (1.23ns)   --->   "%val_V = load i10 %input_addr" [../denoiser_c_to_hls/denoiser.cpp:32]   --->   Operation 38 'load' 'val_V' <Predicate = (icmp_ln27)> <Delay = 1.23> <CoreInst = "RAM">   --->   Core 83 'RAM' <Latency = 1> <II = 1> <Delay = 1.23> <Storage> <Opcode : 'load' 'store'> <Ports = 2> <Width = 16> <Depth = 784> <RAM>
ST_2 : Operation 39 [1/1] (0.78ns)   --->   "%add_ln33 = add i6 %j_cast87, i6 %tmp" [../denoiser_c_to_hls/denoiser.cpp:33]   --->   Operation 39 'add' 'add_ln33' <Predicate = (icmp_ln27)> <Delay = 0.78> <CoreInst = "Adder">   --->   Core 1 'Adder' <Latency = 0> <II = 1> <Delay = 0.78> <FuncUnit> <Opcode : 'add' 'sub'> <InPorts = 2> <OutPorts = 1>
ST_2 : Operation 40 [1/1] (0.00ns)   --->   "%zext_ln1271 = zext i6 %add_ln33"   --->   Operation 40 'zext' 'zext_ln1271' <Predicate = (icmp_ln27)> <Delay = 0.00>
ST_2 : Operation 41 [1/1] (0.00ns)   --->   "%conv1_kernel_V_addr = getelementptr i10 %conv1_kernel_V, i64 0, i64 %zext_ln1271"   --->   Operation 41 'getelementptr' 'conv1_kernel_V_addr' <Predicate = (icmp_ln27)> <Delay = 0.00>
ST_2 : Operation 42 [2/2] (0.67ns)   --->   "%conv1_kernel_V_load = load i6 %conv1_kernel_V_addr"   --->   Operation 42 'load' 'conv1_kernel_V_load' <Predicate = (icmp_ln27)> <Delay = 0.67> <CoreInst = "ROM">   --->   Core 101 'ROM' <Latency = 1> <II = 1> <Delay = 0.67> <Storage> <Opcode : 'load'> <Ports = 0> <Width = 10> <Depth = 36> <ROM>
ST_2 : Operation 43 [1/1] (0.00ns)   --->   "%or_ln27 = or i2 %empty_63, i2 1" [../denoiser_c_to_hls/denoiser.cpp:27]   --->   Operation 43 'or' 'or_ln27' <Predicate = (icmp_ln27)> <Delay = 0.00>
ST_2 : Operation 44 [1/1] (0.00ns)   --->   "%zext_ln23 = zext i2 %or_ln27" [../denoiser_c_to_hls/denoiser.cpp:23]   --->   Operation 44 'zext' 'zext_ln23' <Predicate = (icmp_ln27)> <Delay = 0.00>
ST_2 : Operation 45 [1/1] (0.44ns)   --->   "%icmp_ln27_1 = icmp_eq  i2 %or_ln27, i2 3" [../denoiser_c_to_hls/denoiser.cpp:27]   --->   Operation 45 'icmp' 'icmp_ln27_1' <Predicate = (icmp_ln27)> <Delay = 0.44> <CoreInst = "Cmp">   --->   Core 9 'Cmp' <Latency = 0> <II = 1> <Delay = 0.44> <FuncUnit> <Opcode : 'icmp'> <InPorts = 2> <OutPorts = 1>
ST_2 : Operation 46 [1/1] (0.00ns)   --->   "%br_ln27 = br i1 %icmp_ln27_1, void %for.body17.i.1_ifconv, void %for.body17.i.0.split_ifconv.for.cond.cleanup16.i_crit_edge.exitStub" [../denoiser_c_to_hls/denoiser.cpp:27]   --->   Operation 46 'br' 'br_ln27' <Predicate = (icmp_ln27)> <Delay = 0.00>
ST_2 : Operation 47 [1/1] (0.78ns)   --->   "%add_ln30_2 = add i6 %zext_ln23, i6 %add_ln30_read" [../denoiser_c_to_hls/denoiser.cpp:30]   --->   Operation 47 'add' 'add_ln30_2' <Predicate = (icmp_ln27 & !icmp_ln27_1)> <Delay = 0.78> <CoreInst = "Adder">   --->   Core 1 'Adder' <Latency = 0> <II = 1> <Delay = 0.78> <FuncUnit> <Opcode : 'add' 'sub'> <InPorts = 2> <OutPorts = 1>
ST_2 : Operation 48 [1/1] (0.00ns)   --->   "%sext_ln32_1 = sext i6 %add_ln30_2" [../denoiser_c_to_hls/denoiser.cpp:32]   --->   Operation 48 'sext' 'sext_ln32_1' <Predicate = (icmp_ln27 & !icmp_ln27_1)> <Delay = 0.00>
ST_2 : Operation 49 [1/1] (0.78ns)   --->   "%add_ln32_1 = add i10 %sub_ln32_read, i10 %sext_ln32_1" [../denoiser_c_to_hls/denoiser.cpp:32]   --->   Operation 49 'add' 'add_ln32_1' <Predicate = (icmp_ln27 & !icmp_ln27_1)> <Delay = 0.78> <CoreInst = "Adder">   --->   Core 1 'Adder' <Latency = 0> <II = 1> <Delay = 0.78> <FuncUnit> <Opcode : 'add' 'sub'> <InPorts = 2> <OutPorts = 1>
ST_2 : Operation 50 [1/1] (0.00ns)   --->   "%zext_ln32_1 = zext i10 %add_ln32_1" [../denoiser_c_to_hls/denoiser.cpp:32]   --->   Operation 50 'zext' 'zext_ln32_1' <Predicate = (icmp_ln27 & !icmp_ln27_1)> <Delay = 0.00>
ST_2 : Operation 51 [1/1] (0.00ns)   --->   "%input_addr_1 = getelementptr i16 %input_r, i64 0, i64 %zext_ln32_1" [../denoiser_c_to_hls/denoiser.cpp:32]   --->   Operation 51 'getelementptr' 'input_addr_1' <Predicate = (icmp_ln27 & !icmp_ln27_1)> <Delay = 0.00>
ST_2 : Operation 52 [1/1] (0.78ns)   --->   "%icmp_ln31_1 = icmp_ult  i6 %add_ln30_2, i6 28" [../denoiser_c_to_hls/denoiser.cpp:31]   --->   Operation 52 'icmp' 'icmp_ln31_1' <Predicate = (icmp_ln27 & !icmp_ln27_1)> <Delay = 0.78> <CoreInst = "Cmp">   --->   Core 9 'Cmp' <Latency = 0> <II = 1> <Delay = 0.78> <FuncUnit> <Opcode : 'icmp'> <InPorts = 2> <OutPorts = 1>
ST_2 : Operation 53 [2/2] (1.23ns)   --->   "%val_V_2 = load i10 %input_addr_1" [../denoiser_c_to_hls/denoiser.cpp:32]   --->   Operation 53 'load' 'val_V_2' <Predicate = (icmp_ln27 & !icmp_ln27_1)> <Delay = 1.23> <CoreInst = "RAM">   --->   Core 83 'RAM' <Latency = 1> <II = 1> <Delay = 1.23> <Storage> <Opcode : 'load' 'store'> <Ports = 2> <Width = 16> <Depth = 784> <RAM>
ST_2 : Operation 54 [1/1] (0.78ns)   --->   "%add_ln33_1 = add i6 %zext_ln23, i6 %tmp" [../denoiser_c_to_hls/denoiser.cpp:33]   --->   Operation 54 'add' 'add_ln33_1' <Predicate = (icmp_ln27 & !icmp_ln27_1)> <Delay = 0.78> <CoreInst = "Adder">   --->   Core 1 'Adder' <Latency = 0> <II = 1> <Delay = 0.78> <FuncUnit> <Opcode : 'add' 'sub'> <InPorts = 2> <OutPorts = 1>
ST_2 : Operation 55 [1/1] (0.67ns)   --->   "%add_ln27 = add i3 %j_1, i3 2" [../denoiser_c_to_hls/denoiser.cpp:27]   --->   Operation 55 'add' 'add_ln27' <Predicate = (icmp_ln27 & !icmp_ln27_1)> <Delay = 0.67> <CoreInst = "Adder">   --->   Core 1 'Adder' <Latency = 0> <II = 1> <Delay = 0.67> <FuncUnit> <Opcode : 'add' 'sub'> <InPorts = 2> <OutPorts = 1>
ST_2 : Operation 56 [1/1] (0.42ns)   --->   "%store_ln27 = store i3 %add_ln27, i3 %j" [../denoiser_c_to_hls/denoiser.cpp:27]   --->   Operation 56 'store' 'store_ln27' <Predicate = (icmp_ln27 & !icmp_ln27_1)> <Delay = 0.42>

State 3 <SV = 2> <Delay = 2.59>
ST_3 : Operation 57 [1/1] (0.00ns) (grouped into LUT with out node val_V_5)   --->   "%and_ln31 = and i1 %icmp_ln31, i1 %brmerge_not_read" [../denoiser_c_to_hls/denoiser.cpp:31]   --->   Operation 57 'and' 'and_ln31' <Predicate = (icmp_ln27)> <Delay = 0.00> <CoreInst = "LogicGate">   --->   Core 74 'LogicGate' <Latency = 0> <II = 1> <Delay = 0.28> <FuncUnit> <Opcode : 'and' 'or' 'xor'> <InPorts = 2> <OutPorts = 1>
ST_3 : Operation 58 [1/2] (1.23ns)   --->   "%val_V = load i10 %input_addr" [../denoiser_c_to_hls/denoiser.cpp:32]   --->   Operation 58 'load' 'val_V' <Predicate = (icmp_ln27)> <Delay = 1.23> <CoreInst = "RAM">   --->   Core 83 'RAM' <Latency = 1> <II = 1> <Delay = 1.23> <Storage> <Opcode : 'load' 'store'> <Ports = 2> <Width = 16> <Depth = 784> <RAM>
ST_3 : Operation 59 [1/1] (0.35ns) (out node of the LUT)   --->   "%val_V_5 = select i1 %and_ln31, i16 %val_V, i16 0" [../denoiser_c_to_hls/denoiser.cpp:31]   --->   Operation 59 'select' 'val_V_5' <Predicate = (icmp_ln27)> <Delay = 0.35> <CoreInst = "Sel">   --->   Core 73 'Sel' <Latency = 0> <II = 1> <Delay = 0.35> <FuncUnit> <Opcode : 'select'> <InPorts = 3> <OutPorts = 1>
ST_3 : Operation 60 [1/1] (0.00ns)   --->   "%sext_ln1270 = sext i16 %val_V_5"   --->   Operation 60 'sext' 'sext_ln1270' <Predicate = (icmp_ln27)> <Delay = 0.00>
ST_3 : Operation 61 [1/2] (0.67ns)   --->   "%conv1_kernel_V_load = load i6 %conv1_kernel_V_addr"   --->   Operation 61 'load' 'conv1_kernel_V_load' <Predicate = (icmp_ln27)> <Delay = 0.67> <CoreInst = "ROM">   --->   Core 101 'ROM' <Latency = 1> <II = 1> <Delay = 0.67> <Storage> <Opcode : 'load'> <Ports = 0> <Width = 10> <Depth = 36> <ROM>
ST_3 : Operation 62 [1/1] (0.00ns)   --->   "%sext_ln1273 = sext i10 %conv1_kernel_V_load"   --->   Operation 62 'sext' 'sext_ln1273' <Predicate = (icmp_ln27)> <Delay = 0.00>
ST_3 : Operation 63 [3/3] (0.99ns) (grouped into DSP with root node ret_V)   --->   "%r_V_1 = mul i26 %sext_ln1273, i26 %sext_ln1270"   --->   Operation 63 'mul' 'r_V_1' <Predicate = (icmp_ln27)> <Delay = 0.99> <CoreInst = "DSP48">   --->   Core 127 'DSP48' <Latency = 3> <II = 1> <Delay = 0.53> <IPBlock> <Opcode : 'mul' 'add' 'sub' 'select'> <InPorts = 0> <OutPorts = 1> <Sync> <CReg>
ST_3 : Operation 64 [1/1] (0.00ns) (grouped into LUT with out node val_V_4)   --->   "%and_ln31_1 = and i1 %icmp_ln31_1, i1 %brmerge_not_read" [../denoiser_c_to_hls/denoiser.cpp:31]   --->   Operation 64 'and' 'and_ln31_1' <Predicate = (icmp_ln27 & !icmp_ln27_1)> <Delay = 0.00> <CoreInst = "LogicGate">   --->   Core 74 'LogicGate' <Latency = 0> <II = 1> <Delay = 0.28> <FuncUnit> <Opcode : 'and' 'or' 'xor'> <InPorts = 2> <OutPorts = 1>
ST_3 : Operation 65 [1/2] (1.23ns)   --->   "%val_V_2 = load i10 %input_addr_1" [../denoiser_c_to_hls/denoiser.cpp:32]   --->   Operation 65 'load' 'val_V_2' <Predicate = (icmp_ln27 & !icmp_ln27_1)> <Delay = 1.23> <CoreInst = "RAM">   --->   Core 83 'RAM' <Latency = 1> <II = 1> <Delay = 1.23> <Storage> <Opcode : 'load' 'store'> <Ports = 2> <Width = 16> <Depth = 784> <RAM>
ST_3 : Operation 66 [1/1] (0.35ns) (out node of the LUT)   --->   "%val_V_4 = select i1 %and_ln31_1, i16 %val_V_2, i16 0" [../denoiser_c_to_hls/denoiser.cpp:31]   --->   Operation 66 'select' 'val_V_4' <Predicate = (icmp_ln27 & !icmp_ln27_1)> <Delay = 0.35> <CoreInst = "Sel">   --->   Core 73 'Sel' <Latency = 0> <II = 1> <Delay = 0.35> <FuncUnit> <Opcode : 'select'> <InPorts = 3> <OutPorts = 1>
ST_3 : Operation 67 [1/1] (0.00ns)   --->   "%zext_ln1271_1 = zext i6 %add_ln33_1"   --->   Operation 67 'zext' 'zext_ln1271_1' <Predicate = (icmp_ln27 & !icmp_ln27_1)> <Delay = 0.00>
ST_3 : Operation 68 [1/1] (0.00ns)   --->   "%conv1_kernel_V_addr_1 = getelementptr i10 %conv1_kernel_V, i64 0, i64 %zext_ln1271_1"   --->   Operation 68 'getelementptr' 'conv1_kernel_V_addr_1' <Predicate = (icmp_ln27 & !icmp_ln27_1)> <Delay = 0.00>
ST_3 : Operation 69 [2/2] (0.67ns)   --->   "%conv1_kernel_V_load_1 = load i6 %conv1_kernel_V_addr_1"   --->   Operation 69 'load' 'conv1_kernel_V_load_1' <Predicate = (icmp_ln27 & !icmp_ln27_1)> <Delay = 0.67> <CoreInst = "ROM">   --->   Core 101 'ROM' <Latency = 1> <II = 1> <Delay = 0.67> <Storage> <Opcode : 'load'> <Ports = 0> <Width = 10> <Depth = 36> <ROM>

State 4 <SV = 3> <Delay = 1.67>
ST_4 : Operation 70 [2/3] (0.99ns) (grouped into DSP with root node ret_V)   --->   "%r_V_1 = mul i26 %sext_ln1273, i26 %sext_ln1270"   --->   Operation 70 'mul' 'r_V_1' <Predicate = (icmp_ln27)> <Delay = 0.99> <CoreInst = "DSP48">   --->   Core 127 'DSP48' <Latency = 3> <II = 1> <Delay = 0.53> <IPBlock> <Opcode : 'mul' 'add' 'sub' 'select'> <InPorts = 0> <OutPorts = 1> <Sync> <CReg>
ST_4 : Operation 71 [1/1] (0.00ns)   --->   "%sext_ln1270_1 = sext i16 %val_V_4"   --->   Operation 71 'sext' 'sext_ln1270_1' <Predicate = (icmp_ln27 & !icmp_ln27_1)> <Delay = 0.00>
ST_4 : Operation 72 [1/2] (0.67ns)   --->   "%conv1_kernel_V_load_1 = load i6 %conv1_kernel_V_addr_1"   --->   Operation 72 'load' 'conv1_kernel_V_load_1' <Predicate = (icmp_ln27 & !icmp_ln27_1)> <Delay = 0.67> <CoreInst = "ROM">   --->   Core 101 'ROM' <Latency = 1> <II = 1> <Delay = 0.67> <Storage> <Opcode : 'load'> <Ports = 0> <Width = 10> <Depth = 36> <ROM>
ST_4 : Operation 73 [1/1] (0.00ns)   --->   "%sext_ln1273_1 = sext i10 %conv1_kernel_V_load_1"   --->   Operation 73 'sext' 'sext_ln1273_1' <Predicate = (icmp_ln27 & !icmp_ln27_1)> <Delay = 0.00>
ST_4 : Operation 74 [3/3] (0.99ns) (grouped into DSP with root node ret_V_1)   --->   "%r_V_3 = mul i26 %sext_ln1273_1, i26 %sext_ln1270_1"   --->   Operation 74 'mul' 'r_V_3' <Predicate = (icmp_ln27 & !icmp_ln27_1)> <Delay = 0.99> <CoreInst = "DSP48">   --->   Core 127 'DSP48' <Latency = 3> <II = 1> <Delay = 0.53> <IPBlock> <Opcode : 'mul' 'add' 'sub' 'select'> <InPorts = 0> <OutPorts = 1> <Sync> <CReg>

State 5 <SV = 4> <Delay = 0.99>
ST_5 : Operation 75 [1/1] (0.00ns)   --->   "%lhs_load = load i16 %lhs"   --->   Operation 75 'load' 'lhs_load' <Predicate = (icmp_ln27)> <Delay = 0.00>
ST_5 : Operation 76 [1/3] (0.00ns) (grouped into DSP with root node ret_V)   --->   "%r_V_1 = mul i26 %sext_ln1273, i26 %sext_ln1270"   --->   Operation 76 'mul' 'r_V_1' <Predicate = (icmp_ln27)> <Delay = 0.00> <CoreInst = "DSP48">   --->   Core 127 'DSP48' <Latency = 3> <II = 1> <Delay = 0.53> <IPBlock> <Opcode : 'mul' 'add' 'sub' 'select'> <InPorts = 0> <OutPorts = 1> <Sync> <CReg>
ST_5 : Operation 77 [1/1] (0.00ns)   --->   "%lhs_1 = bitconcatenate i26 @_ssdm_op_BitConcatenate.i26.i16.i10, i16 %lhs_load, i10 0"   --->   Operation 77 'bitconcatenate' 'lhs_1' <Predicate = (icmp_ln27)> <Delay = 0.00>
ST_5 : Operation 78 [2/2] (0.64ns) (root node of the DSP)   --->   "%ret_V = add i26 %lhs_1, i26 %r_V_1"   --->   Operation 78 'add' 'ret_V' <Predicate = (icmp_ln27)> <Delay = 0.64> <CoreInst = "DSP48">   --->   Core 127 'DSP48' <Latency = 3> <II = 1> <Delay = 0.53> <IPBlock> <Opcode : 'mul' 'add' 'sub' 'select'> <InPorts = 0> <OutPorts = 1> <Sync> <CReg>
ST_5 : Operation 79 [2/3] (0.99ns) (grouped into DSP with root node ret_V_1)   --->   "%r_V_3 = mul i26 %sext_ln1273_1, i26 %sext_ln1270_1"   --->   Operation 79 'mul' 'r_V_3' <Predicate = (icmp_ln27 & !icmp_ln27_1)> <Delay = 0.99> <CoreInst = "DSP48">   --->   Core 127 'DSP48' <Latency = 3> <II = 1> <Delay = 0.53> <IPBlock> <Opcode : 'mul' 'add' 'sub' 'select'> <InPorts = 0> <OutPorts = 1> <Sync> <CReg>

State 6 <SV = 5> <Delay = 1.29>
ST_6 : Operation 80 [1/1] (0.00ns)   --->   "%specloopname_ln23 = specloopname void @_ssdm_op_SpecLoopName, void @empty_8" [../denoiser_c_to_hls/denoiser.cpp:23]   --->   Operation 80 'specloopname' 'specloopname_ln23' <Predicate = (icmp_ln27)> <Delay = 0.00>
ST_6 : Operation 81 [1/2] (0.64ns) (root node of the DSP)   --->   "%ret_V = add i26 %lhs_1, i26 %r_V_1"   --->   Operation 81 'add' 'ret_V' <Predicate = (icmp_ln27)> <Delay = 0.64> <CoreInst = "DSP48">   --->   Core 127 'DSP48' <Latency = 3> <II = 1> <Delay = 0.53> <IPBlock> <Opcode : 'mul' 'add' 'sub' 'select'> <InPorts = 0> <OutPorts = 1> <Sync> <CReg>
ST_6 : Operation 82 [1/1] (0.00ns)   --->   "%s_V_2 = partselect i16 @_ssdm_op_PartSelect.i16.i26.i32.i32, i26 %ret_V, i32 10, i32 25"   --->   Operation 82 'partselect' 's_V_2' <Predicate = (icmp_ln27)> <Delay = 0.00>
ST_6 : Operation 83 [1/3] (0.00ns) (grouped into DSP with root node ret_V_1)   --->   "%r_V_3 = mul i26 %sext_ln1273_1, i26 %sext_ln1270_1"   --->   Operation 83 'mul' 'r_V_3' <Predicate = (icmp_ln27 & !icmp_ln27_1)> <Delay = 0.00> <CoreInst = "DSP48">   --->   Core 127 'DSP48' <Latency = 3> <II = 1> <Delay = 0.53> <IPBlock> <Opcode : 'mul' 'add' 'sub' 'select'> <InPorts = 0> <OutPorts = 1> <Sync> <CReg>
ST_6 : Operation 84 [1/1] (0.00ns)   --->   "%lhs_3 = bitconcatenate i26 @_ssdm_op_BitConcatenate.i26.i16.i10, i16 %s_V_2, i10 0"   --->   Operation 84 'bitconcatenate' 'lhs_3' <Predicate = (icmp_ln27 & !icmp_ln27_1)> <Delay = 0.00>
ST_6 : Operation 85 [2/2] (0.64ns) (root node of the DSP)   --->   "%ret_V_1 = add i26 %lhs_3, i26 %r_V_3"   --->   Operation 85 'add' 'ret_V_1' <Predicate = (icmp_ln27 & !icmp_ln27_1)> <Delay = 0.64> <CoreInst = "DSP48">   --->   Core 127 'DSP48' <Latency = 3> <II = 1> <Delay = 0.53> <IPBlock> <Opcode : 'mul' 'add' 'sub' 'select'> <InPorts = 0> <OutPorts = 1> <Sync> <CReg>

State 7 <SV = 6> <Delay = 1.07>
ST_7 : Operation 86 [1/2] (0.64ns) (root node of the DSP)   --->   "%ret_V_1 = add i26 %lhs_3, i26 %r_V_3"   --->   Operation 86 'add' 'ret_V_1' <Predicate = (icmp_ln27 & !icmp_ln27_1)> <Delay = 0.64> <CoreInst = "DSP48">   --->   Core 127 'DSP48' <Latency = 3> <II = 1> <Delay = 0.53> <IPBlock> <Opcode : 'mul' 'add' 'sub' 'select'> <InPorts = 0> <OutPorts = 1> <Sync> <CReg>
ST_7 : Operation 87 [1/1] (0.00ns)   --->   "%s_V = partselect i16 @_ssdm_op_PartSelect.i16.i26.i32.i32, i26 %ret_V_1, i32 10, i32 25"   --->   Operation 87 'partselect' 's_V' <Predicate = (icmp_ln27 & !icmp_ln27_1)> <Delay = 0.00>
ST_7 : Operation 88 [1/1] (0.42ns)   --->   "%store_ln27 = store i16 %s_V, i16 %lhs" [../denoiser_c_to_hls/denoiser.cpp:27]   --->   Operation 88 'store' 'store_ln27' <Predicate = (icmp_ln27 & !icmp_ln27_1)> <Delay = 0.42>
ST_7 : Operation 89 [1/1] (0.00ns)   --->   "%br_ln27 = br void %for.body17.i.0" [../denoiser_c_to_hls/denoiser.cpp:27]   --->   Operation 89 'br' 'br_ln27' <Predicate = (icmp_ln27 & !icmp_ln27_1)> <Delay = 0.00>

State 8 <SV = 6> <Delay = 0.42>
ST_8 : Operation 90 [1/1] (0.00ns)   --->   "%write_ln838 = write void @_ssdm_op_Write.ap_auto.i16P0A, i16 %s_V_13_out, i16 %lhs_load"   --->   Operation 90 'write' 'write_ln838' <Predicate = (icmp_ln27)> <Delay = 0.00>
ST_8 : Operation 91 [1/1] (0.00ns)   --->   "%write_ln818 = write void @_ssdm_op_Write.ap_auto.i16P0A, i16 %s_V_14_out, i16 %s_V_2"   --->   Operation 91 'write' 'write_ln818' <Predicate = (icmp_ln27)> <Delay = 0.00>
ST_8 : Operation 92 [1/1] (0.42ns)   --->   "%br_ln0 = br void %UnifiedReturnBlock"   --->   Operation 92 'br' 'br_ln0' <Predicate = (icmp_ln27)> <Delay = 0.42>
ST_8 : Operation 93 [1/1] (0.00ns)   --->   "%UnifiedRetVal = phi i1 1, void %for.body17.i.0.for.cond.cleanup16.i_crit_edge.exitStub, i1 0, void %for.body17.i.0.split_ifconv.for.cond.cleanup16.i_crit_edge.exitStub"   --->   Operation 93 'phi' 'UnifiedRetVal' <Predicate = true> <Delay = 0.00>
ST_8 : Operation 94 [1/1] (0.00ns)   --->   "%ret_ln0 = ret i1 %UnifiedRetVal"   --->   Operation 94 'ret' 'ret_ln0' <Predicate = true> <Delay = 0.00>

State 9 <SV = 2> <Delay = 0.42>
ST_9 : Operation 95 [1/1] (0.00ns)   --->   "%lhs_load_1 = load i16 %lhs"   --->   Operation 95 'load' 'lhs_load_1' <Predicate = true> <Delay = 0.00>
ST_9 : Operation 96 [1/1] (0.00ns)   --->   "%write_ln0 = write void @_ssdm_op_Write.ap_auto.i16P0A, i16 %s_V_13_out, i16 %lhs_load_1"   --->   Operation 96 'write' 'write_ln0' <Predicate = true> <Delay = 0.00>
ST_9 : Operation 97 [1/1] (0.42ns)   --->   "%br_ln0 = br void %UnifiedReturnBlock"   --->   Operation 97 'br' 'br_ln0' <Predicate = true> <Delay = 0.42>


============================================================
+ Verbose Summary: Binding
============================================================
STG Binding: 
---------------- STG Properties BEGIN ----------------
- Is combinational: 0
- Is one-state seq: 0
- Is datapath-only: 0
- Is pipelined: 0
- Is top level: 0
Port [ Return ] is wired: 1; IO mode=ap_ctrl_hs:ce=0
Port [ s_V_1]:  wired=1; compound=0; hidden=0; nouse=0; global=0; static=0; extern=0; dir=0; type=0; pingpong=0; private_global=0; IO mode=ap_none:ce=0
Port [ add_ln30]:  wired=1; compound=0; hidden=0; nouse=0; global=0; static=0; extern=0; dir=0; type=0; pingpong=0; private_global=0; IO mode=ap_none:ce=0
Port [ sub_ln32]:  wired=1; compound=0; hidden=0; nouse=0; global=0; static=0; extern=0; dir=0; type=0; pingpong=0; private_global=0; IO mode=ap_none:ce=0
Port [ input_r]:  wired=1; compound=1; hidden=0; nouse=0; global=0; static=0; extern=0; dir=0; type=1; pingpong=0; private_global=0; MemPort=[11]; IO mode=ap_memory:ce=0
Port [ brmerge_not]:  wired=1; compound=0; hidden=0; nouse=0; global=0; static=0; extern=0; dir=0; type=0; pingpong=0; private_global=0; IO mode=ap_none:ce=0
Port [ empty]:  wired=1; compound=0; hidden=0; nouse=0; global=0; static=0; extern=0; dir=0; type=0; pingpong=0; private_global=0; IO mode=ap_none:ce=0
Port [ zext_ln21]:  wired=1; compound=0; hidden=0; nouse=0; global=0; static=0; extern=0; dir=0; type=0; pingpong=0; private_global=0; IO mode=ap_none:ce=0
Port [ s_V_13_out]:  wired=1; compound=0; hidden=0; nouse=0; global=0; static=0; extern=0; dir=1; type=0; pingpong=0; private_global=0; IO mode=ap_vld:ce=0
Port [ s_V_14_out]:  wired=1; compound=0; hidden=0; nouse=0; global=0; static=0; extern=0; dir=1; type=0; pingpong=0; private_global=0; IO mode=ap_vld:ce=0
Port [ conv1_kernel_V]:  wired=0; compound=1; hidden=1; nouse=0; global=1; static=1; extern=0; dir=0; type=1; pingpong=0; private_global=1; MemPort=[1]; IO mode=ap_memory:ce=0
---------------- STG Properties END ------------------

---------------- Datapath Model BEGIN ----------------

<LifeTime>
<method=bitvector/>
lhs                   (alloca           ) [ 0111111101]
j                     (alloca           ) [ 0111111100]
zext_ln21_read        (read             ) [ 0000000000]
tmp                   (read             ) [ 0011111100]
brmerge_not_read      (read             ) [ 0011111100]
sub_ln32_read         (read             ) [ 0011111100]
add_ln30_read         (read             ) [ 0011111100]
s_V_1_read            (read             ) [ 0000000000]
zext_ln21_cast        (zext             ) [ 0011111100]
store_ln0             (store            ) [ 0000000000]
store_ln0             (store            ) [ 0000000000]
br_ln0                (br               ) [ 0000000000]
j_1                   (load             ) [ 0000000000]
specpipeline_ln0      (specpipeline     ) [ 0000000000]
icmp_ln27             (icmp             ) [ 0011111111]
empty_62              (speclooptripcount) [ 0000000000]
br_ln27               (br               ) [ 0000000000]
empty_63              (trunc            ) [ 0000000000]
j_cast87              (zext             ) [ 0000000000]
add_ln30_1            (add              ) [ 0000000000]
sext_ln32             (sext             ) [ 0000000000]
add_ln32              (add              ) [ 0000000000]
zext_ln32             (zext             ) [ 0000000000]
input_addr            (getelementptr    ) [ 0001000000]
add_ln31_1            (add              ) [ 0000000000]
sext_ln31             (sext             ) [ 0000000000]
add_ln31              (add              ) [ 0000000000]
icmp_ln31             (icmp             ) [ 0001000000]
add_ln33              (add              ) [ 0000000000]
zext_ln1271           (zext             ) [ 0000000000]
conv1_kernel_V_addr   (getelementptr    ) [ 0001000000]
or_ln27               (or               ) [ 0000000000]
zext_ln23             (zext             ) [ 0000000000]
icmp_ln27_1           (icmp             ) [ 0011111100]
br_ln27               (br               ) [ 0000000000]
add_ln30_2            (add              ) [ 0000000000]
sext_ln32_1           (sext             ) [ 0000000000]
add_ln32_1            (add              ) [ 0000000000]
zext_ln32_1           (zext             ) [ 0000000000]
input_addr_1          (getelementptr    ) [ 0001000000]
icmp_ln31_1           (icmp             ) [ 0001000000]
add_ln33_1            (add              ) [ 0001000000]
add_ln27              (add              ) [ 0000000000]
store_ln27            (store            ) [ 0000000000]
and_ln31              (and              ) [ 0000000000]
val_V                 (load             ) [ 0000000000]
val_V_5               (select           ) [ 0000000000]
sext_ln1270           (sext             ) [ 0011110000]
conv1_kernel_V_load   (load             ) [ 0000000000]
sext_ln1273           (sext             ) [ 0011110000]
and_ln31_1            (and              ) [ 0000000000]
val_V_2               (load             ) [ 0000000000]
val_V_4               (select           ) [ 0010100000]
zext_ln1271_1         (zext             ) [ 0000000000]
conv1_kernel_V_addr_1 (getelementptr    ) [ 0010100000]
sext_ln1270_1         (sext             ) [ 0011011000]
conv1_kernel_V_load_1 (load             ) [ 0000000000]
sext_ln1273_1         (sext             ) [ 0011011000]
lhs_load              (load             ) [ 0010001011]
r_V_1                 (mul              ) [ 0010001000]
lhs_1                 (bitconcatenate   ) [ 0010001000]
specloopname_ln23     (specloopname     ) [ 0000000000]
ret_V                 (add              ) [ 0000000000]
s_V_2                 (partselect       ) [ 0000000011]
r_V_3                 (mul              ) [ 0001000100]
lhs_3                 (bitconcatenate   ) [ 0001000100]
ret_V_1               (add              ) [ 0000000000]
s_V                   (partselect       ) [ 0000000000]
store_ln27            (store            ) [ 0000000000]
br_ln27               (br               ) [ 0000000000]
write_ln838           (write            ) [ 0000000000]
write_ln818           (write            ) [ 0000000000]
br_ln0                (br               ) [ 0000000000]
UnifiedRetVal         (phi              ) [ 0000000010]
ret_ln0               (ret              ) [ 0000000000]
lhs_load_1            (load             ) [ 0000000000]
write_ln0             (write            ) [ 0000000000]
br_ln0                (br               ) [ 0000000011]
</LifeTime>

<model>

<comp_list>
<comp id="0" class="1000" name="s_V_1">
<pin_list>
<pin id="1" dir="1" index="0" bw="1" slack="0"/>
</pin_list>
<bind>
<StgValue><ssdm name="s_V_1"/></StgValue>
</bind>
</comp>

<comp id="2" class="1000" name="add_ln30">
<pin_list>
<pin id="3" dir="1" index="0" bw="1" slack="0"/>
</pin_list>
<bind>
<StgValue><ssdm name="add_ln30"/></StgValue>
</bind>
</comp>

<comp id="4" class="1000" name="sub_ln32">
<pin_list>
<pin id="5" dir="1" index="0" bw="1" slack="0"/>
</pin_list>
<bind>
<StgValue><ssdm name="sub_ln32"/></StgValue>
</bind>
</comp>

<comp id="6" class="1000" name="input_r">
<pin_list>
<pin id="7" dir="1" index="0" bw="1" slack="0"/>
</pin_list>
<bind>
<StgValue><ssdm name="input_r"/><MemPortTyVec>1 1 </MemPortTyVec>
</StgValue>
</bind>
</comp>

<comp id="8" class="1000" name="brmerge_not">
<pin_list>
<pin id="9" dir="1" index="0" bw="1" slack="0"/>
</pin_list>
<bind>
<StgValue><ssdm name="brmerge_not"/></StgValue>
</bind>
</comp>

<comp id="10" class="1000" name="empty">
<pin_list>
<pin id="11" dir="1" index="0" bw="1" slack="0"/>
</pin_list>
<bind>
<StgValue><ssdm name="empty"/></StgValue>
</bind>
</comp>

<comp id="12" class="1000" name="zext_ln21">
<pin_list>
<pin id="13" dir="1" index="0" bw="1" slack="0"/>
</pin_list>
<bind>
<StgValue><ssdm name="zext_ln21"/></StgValue>
</bind>
</comp>

<comp id="14" class="1000" name="s_V_13_out">
<pin_list>
<pin id="15" dir="1" index="0" bw="1" slack="0"/>
</pin_list>
<bind>
<StgValue><ssdm name="s_V_13_out"/></StgValue>
</bind>
</comp>

<comp id="16" class="1000" name="s_V_14_out">
<pin_list>
<pin id="17" dir="1" index="0" bw="1" slack="0"/>
</pin_list>
<bind>
<StgValue><ssdm name="s_V_14_out"/></StgValue>
</bind>
</comp>

<comp id="18" class="1000" name="conv1_kernel_V">
<pin_list>
<pin id="19" dir="1" index="0" bw="1" slack="0"/>
</pin_list>
<bind>
<StgValue><ssdm name="conv1_kernel_V"/><MemPortTyVec>1 </MemPortTyVec>
</StgValue>
</bind>
</comp>

<comp id="20" class="1001" name="const_20">
<pin_list>
<pin id="21" dir="1" index="0" bw="1" slack="0"/>
</pin_list>
<bind>
<StgValue><ssdm name=""/></StgValue>
</bind>
</comp>

<comp id="22" class="1001" name="const_22">
<pin_list>
<pin id="23" dir="1" index="0" bw="1" slack="0"/>
</pin_list>
<bind>
<StgValue><ssdm name="_ssdm_op_Read.ap_auto.i5"/></StgValue>
</bind>
</comp>

<comp id="24" class="1001" name="const_24">
<pin_list>
<pin id="25" dir="1" index="0" bw="1" slack="0"/>
</pin_list>
<bind>
<StgValue><ssdm name="_ssdm_op_Read.ap_auto.i6"/></StgValue>
</bind>
</comp>

<comp id="26" class="1001" name="const_26">
<pin_list>
<pin id="27" dir="1" index="0" bw="1" slack="0"/>
</pin_list>
<bind>
<StgValue><ssdm name="_ssdm_op_Read.ap_auto.i1"/></StgValue>
</bind>
</comp>

<comp id="28" class="1001" name="const_28">
<pin_list>
<pin id="29" dir="1" index="0" bw="1" slack="0"/>
</pin_list>
<bind>
<StgValue><ssdm name="_ssdm_op_Read.ap_auto.i10"/></StgValue>
</bind>
</comp>

<comp id="30" class="1001" name="const_30">
<pin_list>
<pin id="31" dir="1" index="0" bw="1" slack="0"/>
</pin_list>
<bind>
<StgValue><ssdm name="_ssdm_op_Read.ap_auto.i16"/></StgValue>
</bind>
</comp>

<comp id="32" class="1001" name="const_32">
<pin_list>
<pin id="33" dir="1" index="0" bw="1" slack="0"/>
</pin_list>
<bind>
<StgValue><ssdm name=""/></StgValue>
</bind>
</comp>

<comp id="34" class="1001" name="const_34">
<pin_list>
<pin id="35" dir="1" index="0" bw="1" slack="2147483647"/>
</pin_list>
<bind>
<StgValue><ssdm name="_ssdm_op_SpecPipeline"/></StgValue>
</bind>
</comp>

<comp id="36" class="1001" name="const_36">
<pin_list>
<pin id="37" dir="1" index="0" bw="1" slack="2147483647"/>
</pin_list>
<bind>
<StgValue><ssdm name=""/></StgValue>
</bind>
</comp>

<comp id="38" class="1001" name="const_38">
<pin_list>
<pin id="39" dir="1" index="0" bw="1" slack="2147483647"/>
</pin_list>
<bind>
<StgValue><ssdm name=""/></StgValue>
</bind>
</comp>

<comp id="40" class="1001" name="const_40">
<pin_list>
<pin id="41" dir="1" index="0" bw="1" slack="2147483647"/>
</pin_list>
<bind>
<StgValue><ssdm name="p_str"/></StgValue>
</bind>
</comp>

<comp id="42" class="1001" name="const_42">
<pin_list>
<pin id="43" dir="1" index="0" bw="1" slack="0"/>
</pin_list>
<bind>
<StgValue><ssdm name=""/></StgValue>
</bind>
</comp>

<comp id="44" class="1001" name="const_44">
<pin_list>
<pin id="45" dir="1" index="0" bw="1" slack="2147483647"/>
</pin_list>
<bind>
<StgValue><ssdm name="_ssdm_op_SpecLoopTripCount"/></StgValue>
</bind>
</comp>

<comp id="46" class="1001" name="const_46">
<pin_list>
<pin id="47" dir="1" index="0" bw="1" slack="2147483647"/>
</pin_list>
<bind>
<StgValue><ssdm name=""/></StgValue>
</bind>
</comp>

<comp id="48" class="1001" name="const_48">
<pin_list>
<pin id="49" dir="1" index="0" bw="1" slack="2147483647"/>
</pin_list>
<bind>
<StgValue><ssdm name=""/></StgValue>
</bind>
</comp>

<comp id="50" class="1001" name="const_50">
<pin_list>
<pin id="51" dir="1" index="0" bw="1" slack="0"/>
</pin_list>
<bind>
<StgValue><ssdm name=""/></StgValue>
</bind>
</comp>

<comp id="52" class="1001" name="const_52">
<pin_list>
<pin id="53" dir="1" index="0" bw="1" slack="0"/>
</pin_list>
<bind>
<StgValue><ssdm name=""/></StgValue>
</bind>
</comp>

<comp id="54" class="1001" name="const_54">
<pin_list>
<pin id="55" dir="1" index="0" bw="1" slack="0"/>
</pin_list>
<bind>
<StgValue><ssdm name=""/></StgValue>
</bind>
</comp>

<comp id="56" class="1001" name="const_56">
<pin_list>
<pin id="57" dir="1" index="0" bw="1" slack="0"/>
</pin_list>
<bind>
<StgValue><ssdm name=""/></StgValue>
</bind>
</comp>

<comp id="58" class="1001" name="const_58">
<pin_list>
<pin id="59" dir="1" index="0" bw="1" slack="0"/>
</pin_list>
<bind>
<StgValue><ssdm name=""/></StgValue>
</bind>
</comp>

<comp id="60" class="1001" name="const_60">
<pin_list>
<pin id="61" dir="1" index="0" bw="1" slack="0"/>
</pin_list>
<bind>
<StgValue><ssdm name=""/></StgValue>
</bind>
</comp>

<comp id="62" class="1001" name="const_62">
<pin_list>
<pin id="63" dir="1" index="0" bw="1" slack="0"/>
</pin_list>
<bind>
<StgValue><ssdm name="_ssdm_op_BitConcatenate.i26.i16.i10"/></StgValue>
</bind>
</comp>

<comp id="64" class="1001" name="const_64">
<pin_list>
<pin id="65" dir="1" index="0" bw="1" slack="0"/>
</pin_list>
<bind>
<StgValue><ssdm name=""/></StgValue>
</bind>
</comp>

<comp id="66" class="1001" name="const_66">
<pin_list>
<pin id="67" dir="1" index="0" bw="1" slack="2147483647"/>
</pin_list>
<bind>
<StgValue><ssdm name="_ssdm_op_SpecLoopName"/></StgValue>
</bind>
</comp>

<comp id="68" class="1001" name="const_68">
<pin_list>
<pin id="69" dir="1" index="0" bw="1" slack="2147483647"/>
</pin_list>
<bind>
<StgValue><ssdm name="empty_8"/></StgValue>
</bind>
</comp>

<comp id="70" class="1001" name="const_70">
<pin_list>
<pin id="71" dir="1" index="0" bw="1" slack="0"/>
</pin_list>
<bind>
<StgValue><ssdm name="_ssdm_op_PartSelect.i16.i26.i32.i32"/></StgValue>
</bind>
</comp>

<comp id="72" class="1001" name="const_72">
<pin_list>
<pin id="73" dir="1" index="0" bw="1" slack="0"/>
</pin_list>
<bind>
<StgValue><ssdm name=""/></StgValue>
</bind>
</comp>

<comp id="74" class="1001" name="const_74">
<pin_list>
<pin id="75" dir="1" index="0" bw="1" slack="0"/>
</pin_list>
<bind>
<StgValue><ssdm name=""/></StgValue>
</bind>
</comp>

<comp id="76" class="1001" name="const_76">
<pin_list>
<pin id="77" dir="1" index="0" bw="1" slack="0"/>
</pin_list>
<bind>
<StgValue><ssdm name="_ssdm_op_Write.ap_auto.i16P0A"/></StgValue>
</bind>
</comp>

<comp id="78" class="1001" name="const_78">
<pin_list>
<pin id="79" dir="1" index="0" bw="1" slack="4"/>
</pin_list>
<bind>
<StgValue><ssdm name=""/></StgValue>
</bind>
</comp>

<comp id="80" class="1001" name="const_80">
<pin_list>
<pin id="81" dir="1" index="0" bw="1" slack="0"/>
</pin_list>
<bind>
<StgValue><ssdm name=""/></StgValue>
</bind>
</comp>

<comp id="82" class="1004" name="lhs_fu_82">
<pin_list>
<pin id="83" dir="0" index="0" bw="1" slack="0"/>
<pin id="84" dir="1" index="1" bw="16" slack="0"/>
</pin_list>
<bind>
<opcode="alloca(26) " fcode="alloca"/>
<opset="lhs/1 "/>
</bind>
</comp>

<comp id="86" class="1004" name="j_fu_86">
<pin_list>
<pin id="87" dir="0" index="0" bw="1" slack="0"/>
<pin id="88" dir="1" index="1" bw="3" slack="0"/>
</pin_list>
<bind>
<opcode="alloca(26) " fcode="alloca"/>
<opset="j/1 "/>
</bind>
</comp>

<comp id="90" class="1004" name="zext_ln21_read_read_fu_90">
<pin_list>
<pin id="91" dir="0" index="0" bw="5" slack="0"/>
<pin id="92" dir="0" index="1" bw="5" slack="0"/>
<pin id="93" dir="1" index="2" bw="5" slack="0"/>
</pin_list>
<bind>
<opcode="read(1150) " fcode="read"/>
<opset="zext_ln21_read/1 "/>
</bind>
</comp>

<comp id="96" class="1004" name="tmp_read_fu_96">
<pin_list>
<pin id="97" dir="0" index="0" bw="6" slack="0"/>
<pin id="98" dir="0" index="1" bw="6" slack="0"/>
<pin id="99" dir="1" index="2" bw="6" slack="1"/>
</pin_list>
<bind>
<opcode="read(1150) " fcode="read"/>
<opset="tmp/1 "/>
</bind>
</comp>

<comp id="102" class="1004" name="brmerge_not_read_read_fu_102">
<pin_list>
<pin id="103" dir="0" index="0" bw="1" slack="0"/>
<pin id="104" dir="0" index="1" bw="1" slack="0"/>
<pin id="105" dir="1" index="2" bw="1" slack="2"/>
</pin_list>
<bind>
<opcode="read(1150) " fcode="read"/>
<opset="brmerge_not_read/1 "/>
</bind>
</comp>

<comp id="108" class="1004" name="sub_ln32_read_read_fu_108">
<pin_list>
<pin id="109" dir="0" index="0" bw="10" slack="0"/>
<pin id="110" dir="0" index="1" bw="10" slack="0"/>
<pin id="111" dir="1" index="2" bw="10" slack="1"/>
</pin_list>
<bind>
<opcode="read(1150) " fcode="read"/>
<opset="sub_ln32_read/1 "/>
</bind>
</comp>

<comp id="114" class="1004" name="add_ln30_read_read_fu_114">
<pin_list>
<pin id="115" dir="0" index="0" bw="6" slack="0"/>
<pin id="116" dir="0" index="1" bw="6" slack="0"/>
<pin id="117" dir="1" index="2" bw="6" slack="1"/>
</pin_list>
<bind>
<opcode="read(1150) " fcode="read"/>
<opset="add_ln30_read/1 "/>
</bind>
</comp>

<comp id="120" class="1004" name="s_V_1_read_read_fu_120">
<pin_list>
<pin id="121" dir="0" index="0" bw="16" slack="0"/>
<pin id="122" dir="0" index="1" bw="16" slack="0"/>
<pin id="123" dir="1" index="2" bw="16" slack="0"/>
</pin_list>
<bind>
<opcode="read(1150) " fcode="read"/>
<opset="s_V_1_read/1 "/>
</bind>
</comp>

<comp id="126" class="1004" name="grp_write_fu_126">
<pin_list>
<pin id="127" dir="0" index="0" bw="0" slack="0"/>
<pin id="128" dir="0" index="1" bw="16" slack="0"/>
<pin id="129" dir="0" index="2" bw="16" slack="0"/>
<pin id="130" dir="1" index="3" bw="0" slack="2147483647"/>
</pin_list>
<bind>
<opcode="write(1151) " fcode="write"/>
<opset="write_ln838/8 write_ln0/9 "/>
</bind>
</comp>

<comp id="133" class="1004" name="write_ln818_write_fu_133">
<pin_list>
<pin id="134" dir="0" index="0" bw="0" slack="0"/>
<pin id="135" dir="0" index="1" bw="16" slack="0"/>
<pin id="136" dir="0" index="2" bw="16" slack="1"/>
<pin id="137" dir="1" index="3" bw="0" slack="2147483647"/>
</pin_list>
<bind>
<opcode="write(1151) " fcode="write"/>
<opset="write_ln818/8 "/>
</bind>
</comp>

<comp id="140" class="1004" name="input_addr_gep_fu_140">
<pin_list>
<pin id="141" dir="0" index="0" bw="16" slack="0"/>
<pin id="142" dir="0" index="1" bw="1" slack="0"/>
<pin id="143" dir="0" index="2" bw="10" slack="0"/>
<pin id="144" dir="1" index="3" bw="10" slack="0"/>
</pin_list>
<bind>
<opcode="getelementptr(29) " fcode="getelementptr"/>
<opset="input_addr/2 "/>
</bind>
</comp>

<comp id="147" class="1004" name="grp_access_fu_147">
<pin_list>
<pin id="148" dir="0" index="0" bw="10" slack="0"/>
<pin id="149" dir="0" index="1" bw="16" slack="2147483647"/>
<pin id="150" dir="0" index="2" bw="0" slack="0"/>
<pin id="152" dir="0" index="4" bw="10" slack="2147483647"/>
<pin id="153" dir="0" index="5" bw="16" slack="2147483647"/>
<pin id="154" dir="0" index="6" bw="0" slack="2147483647"/>
<pin id="151" dir="1" index="3" bw="16" slack="0"/>
<pin id="155" dir="1" index="7" bw="16" slack="0"/>
</pin_list>
<bind>
<opcode="load(27) " fcode="load"/>
<opset="val_V/2 val_V_2/2 "/>
</bind>
</comp>

<comp id="157" class="1004" name="conv1_kernel_V_addr_gep_fu_157">
<pin_list>
<pin id="158" dir="0" index="0" bw="10" slack="0"/>
<pin id="159" dir="0" index="1" bw="1" slack="0"/>
<pin id="160" dir="0" index="2" bw="6" slack="0"/>
<pin id="161" dir="1" index="3" bw="6" slack="0"/>
</pin_list>
<bind>
<opcode="getelementptr(29) " fcode="getelementptr"/>
<opset="conv1_kernel_V_addr/2 "/>
</bind>
</comp>

<comp id="164" class="1004" name="grp_access_fu_164">
<pin_list>
<pin id="165" dir="0" index="0" bw="6" slack="0"/>
<pin id="166" dir="0" index="1" bw="10" slack="2147483647"/>
<pin id="167" dir="0" index="2" bw="0" slack="2147483647"/>
<pin id="168" dir="1" index="3" bw="10" slack="0"/>
</pin_list>
<bind>
<opcode="load(27) " fcode="load"/>
<opset="conv1_kernel_V_load/2 conv1_kernel_V_load_1/3 "/>
</bind>
</comp>

<comp id="170" class="1004" name="input_addr_1_gep_fu_170">
<pin_list>
<pin id="171" dir="0" index="0" bw="16" slack="0"/>
<pin id="172" dir="0" index="1" bw="1" slack="0"/>
<pin id="173" dir="0" index="2" bw="10" slack="0"/>
<pin id="174" dir="1" index="3" bw="10" slack="0"/>
</pin_list>
<bind>
<opcode="getelementptr(29) " fcode="getelementptr"/>
<opset="input_addr_1/2 "/>
</bind>
</comp>

<comp id="178" class="1004" name="conv1_kernel_V_addr_1_gep_fu_178">
<pin_list>
<pin id="179" dir="0" index="0" bw="10" slack="0"/>
<pin id="180" dir="0" index="1" bw="1" slack="0"/>
<pin id="181" dir="0" index="2" bw="6" slack="0"/>
<pin id="182" dir="1" index="3" bw="6" slack="0"/>
</pin_list>
<bind>
<opcode="getelementptr(29) " fcode="getelementptr"/>
<opset="conv1_kernel_V_addr_1/3 "/>
</bind>
</comp>

<comp id="186" class="1005" name="UnifiedRetVal_reg_186">
<pin_list>
<pin id="187" dir="0" index="0" bw="1" slack="4"/>
<pin id="188" dir="1" index="1" bw="1" slack="4"/>
</pin_list>
<bind>
<opset="UnifiedRetVal (phireg) "/>
</bind>
</comp>

<comp id="190" class="1004" name="UnifiedRetVal_phi_fu_190">
<pin_list>
<pin id="191" dir="0" index="0" bw="1" slack="4"/>
<pin id="192" dir="0" index="1" bw="0" slack="2147483647"/>
<pin id="193" dir="0" index="2" bw="1" slack="0"/>
<pin id="194" dir="0" index="3" bw="0" slack="2147483647"/>
<pin id="195" dir="1" index="4" bw="1" slack="2147483647"/>
</pin_list>
<bind>
<opcode="phi(47) " fcode="phi"/>
<opset="UnifiedRetVal/8 "/>
</bind>
</comp>

<comp id="198" class="1004" name="grp_load_fu_198">
<pin_list>
<pin id="199" dir="0" index="0" bw="16" slack="2"/>
<pin id="200" dir="1" index="1" bw="16" slack="0"/>
</pin_list>
<bind>
<opcode="load(27) " fcode="load"/>
<opset="lhs_load/5 lhs_load_1/9 "/>
</bind>
</comp>

<comp id="202" class="1004" name="zext_ln21_cast_fu_202">
<pin_list>
<pin id="203" dir="0" index="0" bw="5" slack="0"/>
<pin id="204" dir="1" index="1" bw="6" slack="1"/>
</pin_list>
<bind>
<opcode="zext(34) " fcode="zext"/>
<opset="zext_ln21_cast/1 "/>
</bind>
</comp>

<comp id="206" class="1004" name="store_ln0_store_fu_206">
<pin_list>
<pin id="207" dir="0" index="0" bw="1" slack="0"/>
<pin id="208" dir="0" index="1" bw="3" slack="0"/>
<pin id="209" dir="1" index="2" bw="0" slack="2147483647"/>
</pin_list>
<bind>
<opcode="store(28) " fcode="store"/>
<opset="store_ln0/1 "/>
</bind>
</comp>

<comp id="211" class="1004" name="store_ln0_store_fu_211">
<pin_list>
<pin id="212" dir="0" index="0" bw="16" slack="0"/>
<pin id="213" dir="0" index="1" bw="16" slack="0"/>
<pin id="214" dir="1" index="2" bw="0" slack="2147483647"/>
</pin_list>
<bind>
<opcode="store(28) " fcode="store"/>
<opset="store_ln0/1 "/>
</bind>
</comp>

<comp id="216" class="1004" name="j_1_load_fu_216">
<pin_list>
<pin id="217" dir="0" index="0" bw="3" slack="1"/>
<pin id="218" dir="1" index="1" bw="3" slack="0"/>
</pin_list>
<bind>
<opcode="load(27) " fcode="load"/>
<opset="j_1/2 "/>
</bind>
</comp>

<comp id="219" class="1004" name="icmp_ln27_fu_219">
<pin_list>
<pin id="220" dir="0" index="0" bw="3" slack="0"/>
<pin id="221" dir="0" index="1" bw="3" slack="0"/>
<pin id="222" dir="1" index="2" bw="1" slack="1"/>
</pin_list>
<bind>
<opcode="icmp(45) " fcode="icmp"/>
<opset="icmp_ln27/2 "/>
</bind>
</comp>

<comp id="225" class="1004" name="empty_63_fu_225">
<pin_list>
<pin id="226" dir="0" index="0" bw="3" slack="0"/>
<pin id="227" dir="1" index="1" bw="2" slack="0"/>
</pin_list>
<bind>
<opcode="trunc(33) " fcode="trunc"/>
<opset="empty_63/2 "/>
</bind>
</comp>

<comp id="229" class="1004" name="j_cast87_fu_229">
<pin_list>
<pin id="230" dir="0" index="0" bw="3" slack="0"/>
<pin id="231" dir="1" index="1" bw="6" slack="0"/>
</pin_list>
<bind>
<opcode="zext(34) " fcode="zext"/>
<opset="j_cast87/2 "/>
</bind>
</comp>

<comp id="233" class="1004" name="add_ln30_1_fu_233">
<pin_list>
<pin id="234" dir="0" index="0" bw="3" slack="0"/>
<pin id="235" dir="0" index="1" bw="6" slack="1"/>
<pin id="236" dir="1" index="2" bw="6" slack="0"/>
</pin_list>
<bind>
<opcode="add(8) " fcode="add"/>
<opset="add_ln30_1/2 "/>
</bind>
</comp>

<comp id="238" class="1004" name="sext_ln32_fu_238">
<pin_list>
<pin id="239" dir="0" index="0" bw="6" slack="0"/>
<pin id="240" dir="1" index="1" bw="10" slack="0"/>
</pin_list>
<bind>
<opcode="sext(35) " fcode="sext"/>
<opset="sext_ln32/2 "/>
</bind>
</comp>

<comp id="242" class="1004" name="add_ln32_fu_242">
<pin_list>
<pin id="243" dir="0" index="0" bw="10" slack="1"/>
<pin id="244" dir="0" index="1" bw="6" slack="0"/>
<pin id="245" dir="1" index="2" bw="10" slack="0"/>
</pin_list>
<bind>
<opcode="add(8) " fcode="add"/>
<opset="add_ln32/2 "/>
</bind>
</comp>

<comp id="247" class="1004" name="zext_ln32_fu_247">
<pin_list>
<pin id="248" dir="0" index="0" bw="10" slack="0"/>
<pin id="249" dir="1" index="1" bw="64" slack="0"/>
</pin_list>
<bind>
<opcode="zext(34) " fcode="zext"/>
<opset="zext_ln32/2 "/>
</bind>
</comp>

<comp id="252" class="1004" name="add_ln31_1_fu_252">
<pin_list>
<pin id="253" dir="0" index="0" bw="2" slack="0"/>
<pin id="254" dir="0" index="1" bw="1" slack="0"/>
<pin id="255" dir="1" index="2" bw="2" slack="0"/>
</pin_list>
<bind>
<opcode="add(8) " fcode="add"/>
<opset="add_ln31_1/2 "/>
</bind>
</comp>

<comp id="258" class="1004" name="sext_ln31_fu_258">
<pin_list>
<pin id="259" dir="0" index="0" bw="2" slack="0"/>
<pin id="260" dir="1" index="1" bw="6" slack="0"/>
</pin_list>
<bind>
<opcode="sext(35) " fcode="sext"/>
<opset="sext_ln31/2 "/>
</bind>
</comp>

<comp id="262" class="1004" name="add_ln31_fu_262">
<pin_list>
<pin id="263" dir="0" index="0" bw="2" slack="0"/>
<pin id="264" dir="0" index="1" bw="5" slack="1"/>
<pin id="265" dir="1" index="2" bw="6" slack="0"/>
</pin_list>
<bind>
<opcode="add(8) " fcode="add"/>
<opset="add_ln31/2 "/>
</bind>
</comp>

<comp id="267" class="1004" name="icmp_ln31_fu_267">
<pin_list>
<pin id="268" dir="0" index="0" bw="6" slack="0"/>
<pin id="269" dir="0" index="1" bw="6" slack="0"/>
<pin id="270" dir="1" index="2" bw="1" slack="1"/>
</pin_list>
<bind>
<opcode="icmp(45) " fcode="icmp"/>
<opset="icmp_ln31/2 "/>
</bind>
</comp>

<comp id="273" class="1004" name="add_ln33_fu_273">
<pin_list>
<pin id="274" dir="0" index="0" bw="3" slack="0"/>
<pin id="275" dir="0" index="1" bw="6" slack="1"/>
<pin id="276" dir="1" index="2" bw="6" slack="0"/>
</pin_list>
<bind>
<opcode="add(8) " fcode="add"/>
<opset="add_ln33/2 "/>
</bind>
</comp>

<comp id="278" class="1004" name="zext_ln1271_fu_278">
<pin_list>
<pin id="279" dir="0" index="0" bw="6" slack="0"/>
<pin id="280" dir="1" index="1" bw="64" slack="0"/>
</pin_list>
<bind>
<opcode="zext(34) " fcode="zext"/>
<opset="zext_ln1271/2 "/>
</bind>
</comp>

<comp id="283" class="1004" name="or_ln27_fu_283">
<pin_list>
<pin id="284" dir="0" index="0" bw="2" slack="0"/>
<pin id="285" dir="0" index="1" bw="1" slack="0"/>
<pin id="286" dir="1" index="2" bw="2" slack="0"/>
</pin_list>
<bind>
<opcode="or(24) " fcode="or"/>
<opset="or_ln27/2 "/>
</bind>
</comp>

<comp id="289" class="1004" name="zext_ln23_fu_289">
<pin_list>
<pin id="290" dir="0" index="0" bw="2" slack="0"/>
<pin id="291" dir="1" index="1" bw="6" slack="0"/>
</pin_list>
<bind>
<opcode="zext(34) " fcode="zext"/>
<opset="zext_ln23/2 "/>
</bind>
</comp>

<comp id="293" class="1004" name="icmp_ln27_1_fu_293">
<pin_list>
<pin id="294" dir="0" index="0" bw="2" slack="0"/>
<pin id="295" dir="0" index="1" bw="1" slack="0"/>
<pin id="296" dir="1" index="2" bw="1" slack="1"/>
</pin_list>
<bind>
<opcode="icmp(45) " fcode="icmp"/>
<opset="icmp_ln27_1/2 "/>
</bind>
</comp>

<comp id="299" class="1004" name="add_ln30_2_fu_299">
<pin_list>
<pin id="300" dir="0" index="0" bw="2" slack="0"/>
<pin id="301" dir="0" index="1" bw="6" slack="1"/>
<pin id="302" dir="1" index="2" bw="6" slack="0"/>
</pin_list>
<bind>
<opcode="add(8) " fcode="add"/>
<opset="add_ln30_2/2 "/>
</bind>
</comp>

<comp id="304" class="1004" name="sext_ln32_1_fu_304">
<pin_list>
<pin id="305" dir="0" index="0" bw="6" slack="0"/>
<pin id="306" dir="1" index="1" bw="10" slack="0"/>
</pin_list>
<bind>
<opcode="sext(35) " fcode="sext"/>
<opset="sext_ln32_1/2 "/>
</bind>
</comp>

<comp id="308" class="1004" name="add_ln32_1_fu_308">
<pin_list>
<pin id="309" dir="0" index="0" bw="10" slack="1"/>
<pin id="310" dir="0" index="1" bw="6" slack="0"/>
<pin id="311" dir="1" index="2" bw="10" slack="0"/>
</pin_list>
<bind>
<opcode="add(8) " fcode="add"/>
<opset="add_ln32_1/2 "/>
</bind>
</comp>

<comp id="313" class="1004" name="zext_ln32_1_fu_313">
<pin_list>
<pin id="314" dir="0" index="0" bw="10" slack="0"/>
<pin id="315" dir="1" index="1" bw="64" slack="0"/>
</pin_list>
<bind>
<opcode="zext(34) " fcode="zext"/>
<opset="zext_ln32_1/2 "/>
</bind>
</comp>

<comp id="318" class="1004" name="icmp_ln31_1_fu_318">
<pin_list>
<pin id="319" dir="0" index="0" bw="6" slack="0"/>
<pin id="320" dir="0" index="1" bw="6" slack="0"/>
<pin id="321" dir="1" index="2" bw="1" slack="1"/>
</pin_list>
<bind>
<opcode="icmp(45) " fcode="icmp"/>
<opset="icmp_ln31_1/2 "/>
</bind>
</comp>

<comp id="324" class="1004" name="add_ln33_1_fu_324">
<pin_list>
<pin id="325" dir="0" index="0" bw="2" slack="0"/>
<pin id="326" dir="0" index="1" bw="6" slack="1"/>
<pin id="327" dir="1" index="2" bw="6" slack="1"/>
</pin_list>
<bind>
<opcode="add(8) " fcode="add"/>
<opset="add_ln33_1/2 "/>
</bind>
</comp>

<comp id="329" class="1004" name="add_ln27_fu_329">
<pin_list>
<pin id="330" dir="0" index="0" bw="3" slack="0"/>
<pin id="331" dir="0" index="1" bw="3" slack="0"/>
<pin id="332" dir="1" index="2" bw="3" slack="0"/>
</pin_list>
<bind>
<opcode="add(8) " fcode="add"/>
<opset="add_ln27/2 "/>
</bind>
</comp>

<comp id="335" class="1004" name="store_ln27_store_fu_335">
<pin_list>
<pin id="336" dir="0" index="0" bw="3" slack="0"/>
<pin id="337" dir="0" index="1" bw="3" slack="1"/>
<pin id="338" dir="1" index="2" bw="0" slack="2147483647"/>
</pin_list>
<bind>
<opcode="store(28) " fcode="store"/>
<opset="store_ln27/2 "/>
</bind>
</comp>

<comp id="340" class="1004" name="and_ln31_fu_340">
<pin_list>
<pin id="341" dir="0" index="0" bw="1" slack="1"/>
<pin id="342" dir="0" index="1" bw="1" slack="2"/>
<pin id="343" dir="1" index="2" bw="1" slack="0"/>
</pin_list>
<bind>
<opcode="and(23) " fcode="and"/>
<opset="and_ln31/3 "/>
</bind>
</comp>

<comp id="344" class="1004" name="val_V_5_fu_344">
<pin_list>
<pin id="345" dir="0" index="0" bw="1" slack="0"/>
<pin id="346" dir="0" index="1" bw="16" slack="0"/>
<pin id="347" dir="0" index="2" bw="1" slack="0"/>
<pin id="348" dir="1" index="3" bw="16" slack="0"/>
</pin_list>
<bind>
<opcode="select(49) " fcode="select"/>
<opset="val_V_5/3 "/>
</bind>
</comp>

<comp id="352" class="1004" name="sext_ln1270_fu_352">
<pin_list>
<pin id="353" dir="0" index="0" bw="16" slack="0"/>
<pin id="354" dir="1" index="1" bw="26" slack="0"/>
</pin_list>
<bind>
<opcode="sext(35) " fcode="sext"/>
<opset="sext_ln1270/3 "/>
</bind>
</comp>

<comp id="356" class="1004" name="sext_ln1273_fu_356">
<pin_list>
<pin id="357" dir="0" index="0" bw="10" slack="0"/>
<pin id="358" dir="1" index="1" bw="26" slack="0"/>
</pin_list>
<bind>
<opcode="sext(35) " fcode="sext"/>
<opset="sext_ln1273/3 "/>
</bind>
</comp>

<comp id="360" class="1004" name="and_ln31_1_fu_360">
<pin_list>
<pin id="361" dir="0" index="0" bw="1" slack="1"/>
<pin id="362" dir="0" index="1" bw="1" slack="2"/>
<pin id="363" dir="1" index="2" bw="1" slack="0"/>
</pin_list>
<bind>
<opcode="and(23) " fcode="and"/>
<opset="and_ln31_1/3 "/>
</bind>
</comp>

<comp id="364" class="1004" name="val_V_4_fu_364">
<pin_list>
<pin id="365" dir="0" index="0" bw="1" slack="0"/>
<pin id="366" dir="0" index="1" bw="16" slack="0"/>
<pin id="367" dir="0" index="2" bw="1" slack="0"/>
<pin id="368" dir="1" index="3" bw="16" slack="1"/>
</pin_list>
<bind>
<opcode="select(49) " fcode="select"/>
<opset="val_V_4/3 "/>
</bind>
</comp>

<comp id="372" class="1004" name="zext_ln1271_1_fu_372">
<pin_list>
<pin id="373" dir="0" index="0" bw="6" slack="1"/>
<pin id="374" dir="1" index="1" bw="64" slack="0"/>
</pin_list>
<bind>
<opcode="zext(34) " fcode="zext"/>
<opset="zext_ln1271_1/3 "/>
</bind>
</comp>

<comp id="376" class="1004" name="sext_ln1270_1_fu_376">
<pin_list>
<pin id="377" dir="0" index="0" bw="16" slack="1"/>
<pin id="378" dir="1" index="1" bw="26" slack="0"/>
</pin_list>
<bind>
<opcode="sext(35) " fcode="sext"/>
<opset="sext_ln1270_1/4 "/>
</bind>
</comp>

<comp id="379" class="1004" name="sext_ln1273_1_fu_379">
<pin_list>
<pin id="380" dir="0" index="0" bw="10" slack="0"/>
<pin id="381" dir="1" index="1" bw="26" slack="0"/>
</pin_list>
<bind>
<opcode="sext(35) " fcode="sext"/>
<opset="sext_ln1273_1/4 "/>
</bind>
</comp>

<comp id="383" class="1004" name="lhs_1_fu_383">
<pin_list>
<pin id="384" dir="0" index="0" bw="26" slack="0"/>
<pin id="385" dir="0" index="1" bw="16" slack="0"/>
<pin id="386" dir="0" index="2" bw="1" slack="0"/>
<pin id="387" dir="1" index="3" bw="26" slack="0"/>
</pin_list>
<bind>
<opcode="bitconcatenate(1004) " fcode="bitconcatenate"/>
<opset="lhs_1/5 "/>
</bind>
</comp>

<comp id="391" class="1004" name="s_V_2_fu_391">
<pin_list>
<pin id="392" dir="0" index="0" bw="16" slack="0"/>
<pin id="393" dir="0" index="1" bw="26" slack="0"/>
<pin id="394" dir="0" index="2" bw="5" slack="0"/>
<pin id="395" dir="0" index="3" bw="6" slack="0"/>
<pin id="396" dir="1" index="4" bw="16" slack="0"/>
</pin_list>
<bind>
<opcode="partselect(1002) " fcode="partselect"/>
<opset="s_V_2/6 "/>
</bind>
</comp>

<comp id="400" class="1004" name="lhs_3_fu_400">
<pin_list>
<pin id="401" dir="0" index="0" bw="26" slack="0"/>
<pin id="402" dir="0" index="1" bw="16" slack="0"/>
<pin id="403" dir="0" index="2" bw="1" slack="0"/>
<pin id="404" dir="1" index="3" bw="26" slack="0"/>
</pin_list>
<bind>
<opcode="bitconcatenate(1004) " fcode="bitconcatenate"/>
<opset="lhs_3/6 "/>
</bind>
</comp>

<comp id="408" class="1004" name="s_V_fu_408">
<pin_list>
<pin id="409" dir="0" index="0" bw="16" slack="0"/>
<pin id="410" dir="0" index="1" bw="26" slack="0"/>
<pin id="411" dir="0" index="2" bw="5" slack="0"/>
<pin id="412" dir="0" index="3" bw="6" slack="0"/>
<pin id="413" dir="1" index="4" bw="16" slack="0"/>
</pin_list>
<bind>
<opcode="partselect(1002) " fcode="partselect"/>
<opset="s_V/7 "/>
</bind>
</comp>

<comp id="417" class="1004" name="store_ln27_store_fu_417">
<pin_list>
<pin id="418" dir="0" index="0" bw="16" slack="0"/>
<pin id="419" dir="0" index="1" bw="16" slack="6"/>
<pin id="420" dir="1" index="2" bw="0" slack="2147483647"/>
</pin_list>
<bind>
<opcode="store(28) " fcode="store"/>
<opset="store_ln27/7 "/>
</bind>
</comp>

<comp id="422" class="1007" name="grp_fu_422">
<pin_list>
<pin id="423" dir="0" index="0" bw="10" slack="0"/>
<pin id="424" dir="0" index="1" bw="16" slack="0"/>
<pin id="425" dir="0" index="2" bw="26" slack="0"/>
<pin id="426" dir="1" index="3" bw="26" slack="0"/>
</pin_list>
<bind>
<opcode="muladd(1172) " fcode="muladd"/>
<opset="r_V_1/3 ret_V/5 "/>
</bind>
</comp>

<comp id="431" class="1007" name="grp_fu_431">
<pin_list>
<pin id="432" dir="0" index="0" bw="10" slack="0"/>
<pin id="433" dir="0" index="1" bw="16" slack="0"/>
<pin id="434" dir="0" index="2" bw="26" slack="0"/>
<pin id="435" dir="1" index="3" bw="26" slack="0"/>
</pin_list>
<bind>
<opcode="muladd(1172) " fcode="muladd"/>
<opset="r_V_3/4 ret_V_1/6 "/>
</bind>
</comp>

<comp id="440" class="1005" name="lhs_reg_440">
<pin_list>
<pin id="441" dir="0" index="0" bw="16" slack="0"/>
<pin id="442" dir="1" index="1" bw="16" slack="0"/>
</pin_list>
<bind>
<opset="lhs "/>
</bind>
</comp>

<comp id="447" class="1005" name="j_reg_447">
<pin_list>
<pin id="448" dir="0" index="0" bw="3" slack="0"/>
<pin id="449" dir="1" index="1" bw="3" slack="0"/>
</pin_list>
<bind>
<opset="j "/>
</bind>
</comp>

<comp id="454" class="1005" name="tmp_reg_454">
<pin_list>
<pin id="455" dir="0" index="0" bw="6" slack="1"/>
<pin id="456" dir="1" index="1" bw="6" slack="1"/>
</pin_list>
<bind>
<opset="tmp "/>
</bind>
</comp>

<comp id="460" class="1005" name="brmerge_not_read_reg_460">
<pin_list>
<pin id="461" dir="0" index="0" bw="1" slack="2"/>
<pin id="462" dir="1" index="1" bw="1" slack="2"/>
</pin_list>
<bind>
<opset="brmerge_not_read "/>
</bind>
</comp>

<comp id="466" class="1005" name="sub_ln32_read_reg_466">
<pin_list>
<pin id="467" dir="0" index="0" bw="10" slack="1"/>
<pin id="468" dir="1" index="1" bw="10" slack="1"/>
</pin_list>
<bind>
<opset="sub_ln32_read "/>
</bind>
</comp>

<comp id="472" class="1005" name="add_ln30_read_reg_472">
<pin_list>
<pin id="473" dir="0" index="0" bw="6" slack="1"/>
<pin id="474" dir="1" index="1" bw="6" slack="1"/>
</pin_list>
<bind>
<opset="add_ln30_read "/>
</bind>
</comp>

<comp id="478" class="1005" name="zext_ln21_cast_reg_478">
<pin_list>
<pin id="479" dir="0" index="0" bw="6" slack="1"/>
<pin id="480" dir="1" index="1" bw="6" slack="1"/>
</pin_list>
<bind>
<opset="zext_ln21_cast "/>
</bind>
</comp>

<comp id="483" class="1005" name="icmp_ln27_reg_483">
<pin_list>
<pin id="484" dir="0" index="0" bw="1" slack="1"/>
<pin id="485" dir="1" index="1" bw="1" slack="2147483647"/>
</pin_list>
<bind>
<opset="icmp_ln27 "/>
</bind>
</comp>

<comp id="487" class="1005" name="input_addr_reg_487">
<pin_list>
<pin id="488" dir="0" index="0" bw="10" slack="1"/>
<pin id="489" dir="1" index="1" bw="10" slack="1"/>
</pin_list>
<bind>
<opset="input_addr "/>
</bind>
</comp>

<comp id="492" class="1005" name="icmp_ln31_reg_492">
<pin_list>
<pin id="493" dir="0" index="0" bw="1" slack="1"/>
<pin id="494" dir="1" index="1" bw="1" slack="1"/>
</pin_list>
<bind>
<opset="icmp_ln31 "/>
</bind>
</comp>

<comp id="497" class="1005" name="conv1_kernel_V_addr_reg_497">
<pin_list>
<pin id="498" dir="0" index="0" bw="6" slack="1"/>
<pin id="499" dir="1" index="1" bw="6" slack="1"/>
</pin_list>
<bind>
<opset="conv1_kernel_V_addr "/>
</bind>
</comp>

<comp id="502" class="1005" name="icmp_ln27_1_reg_502">
<pin_list>
<pin id="503" dir="0" index="0" bw="1" slack="1"/>
<pin id="504" dir="1" index="1" bw="1" slack="2147483647"/>
</pin_list>
<bind>
<opset="icmp_ln27_1 "/>
</bind>
</comp>

<comp id="506" class="1005" name="input_addr_1_reg_506">
<pin_list>
<pin id="507" dir="0" index="0" bw="10" slack="1"/>
<pin id="508" dir="1" index="1" bw="10" slack="1"/>
</pin_list>
<bind>
<opset="input_addr_1 "/>
</bind>
</comp>

<comp id="511" class="1005" name="icmp_ln31_1_reg_511">
<pin_list>
<pin id="512" dir="0" index="0" bw="1" slack="1"/>
<pin id="513" dir="1" index="1" bw="1" slack="1"/>
</pin_list>
<bind>
<opset="icmp_ln31_1 "/>
</bind>
</comp>

<comp id="516" class="1005" name="add_ln33_1_reg_516">
<pin_list>
<pin id="517" dir="0" index="0" bw="6" slack="1"/>
<pin id="518" dir="1" index="1" bw="6" slack="1"/>
</pin_list>
<bind>
<opset="add_ln33_1 "/>
</bind>
</comp>

<comp id="521" class="1005" name="sext_ln1270_reg_521">
<pin_list>
<pin id="522" dir="0" index="0" bw="26" slack="1"/>
<pin id="523" dir="1" index="1" bw="26" slack="1"/>
</pin_list>
<bind>
<opset="sext_ln1270 "/>
</bind>
</comp>

<comp id="526" class="1005" name="sext_ln1273_reg_526">
<pin_list>
<pin id="527" dir="0" index="0" bw="26" slack="1"/>
<pin id="528" dir="1" index="1" bw="26" slack="1"/>
</pin_list>
<bind>
<opset="sext_ln1273 "/>
</bind>
</comp>

<comp id="531" class="1005" name="val_V_4_reg_531">
<pin_list>
<pin id="532" dir="0" index="0" bw="16" slack="1"/>
<pin id="533" dir="1" index="1" bw="16" slack="1"/>
</pin_list>
<bind>
<opset="val_V_4 "/>
</bind>
</comp>

<comp id="536" class="1005" name="conv1_kernel_V_addr_1_reg_536">
<pin_list>
<pin id="537" dir="0" index="0" bw="6" slack="1"/>
<pin id="538" dir="1" index="1" bw="6" slack="1"/>
</pin_list>
<bind>
<opset="conv1_kernel_V_addr_1 "/>
</bind>
</comp>

<comp id="541" class="1005" name="sext_ln1270_1_reg_541">
<pin_list>
<pin id="542" dir="0" index="0" bw="26" slack="1"/>
<pin id="543" dir="1" index="1" bw="26" slack="1"/>
</pin_list>
<bind>
<opset="sext_ln1270_1 "/>
</bind>
</comp>

<comp id="546" class="1005" name="sext_ln1273_1_reg_546">
<pin_list>
<pin id="547" dir="0" index="0" bw="26" slack="1"/>
<pin id="548" dir="1" index="1" bw="26" slack="1"/>
</pin_list>
<bind>
<opset="sext_ln1273_1 "/>
</bind>
</comp>

<comp id="551" class="1005" name="lhs_load_reg_551">
<pin_list>
<pin id="552" dir="0" index="0" bw="16" slack="2"/>
<pin id="553" dir="1" index="1" bw="16" slack="2"/>
</pin_list>
<bind>
<opset="lhs_load "/>
</bind>
</comp>

<comp id="556" class="1005" name="lhs_1_reg_556">
<pin_list>
<pin id="557" dir="0" index="0" bw="26" slack="1"/>
<pin id="558" dir="1" index="1" bw="26" slack="1"/>
</pin_list>
<bind>
<opset="lhs_1 "/>
</bind>
</comp>

<comp id="561" class="1005" name="s_V_2_reg_561">
<pin_list>
<pin id="562" dir="0" index="0" bw="16" slack="1"/>
<pin id="563" dir="1" index="1" bw="16" slack="1"/>
</pin_list>
<bind>
<opset="s_V_2 "/>
</bind>
</comp>

<comp id="566" class="1005" name="lhs_3_reg_566">
<pin_list>
<pin id="567" dir="0" index="0" bw="26" slack="1"/>
<pin id="568" dir="1" index="1" bw="26" slack="1"/>
</pin_list>
<bind>
<opset="lhs_3 "/>
</bind>
</comp>

</comp_list>

<net_list>
<net id="85"><net_src comp="20" pin="0"/><net_sink comp="82" pin=0"/></net>

<net id="89"><net_src comp="20" pin="0"/><net_sink comp="86" pin=0"/></net>

<net id="94"><net_src comp="22" pin="0"/><net_sink comp="90" pin=0"/></net>

<net id="95"><net_src comp="12" pin="0"/><net_sink comp="90" pin=1"/></net>

<net id="100"><net_src comp="24" pin="0"/><net_sink comp="96" pin=0"/></net>

<net id="101"><net_src comp="10" pin="0"/><net_sink comp="96" pin=1"/></net>

<net id="106"><net_src comp="26" pin="0"/><net_sink comp="102" pin=0"/></net>

<net id="107"><net_src comp="8" pin="0"/><net_sink comp="102" pin=1"/></net>

<net id="112"><net_src comp="28" pin="0"/><net_sink comp="108" pin=0"/></net>

<net id="113"><net_src comp="4" pin="0"/><net_sink comp="108" pin=1"/></net>

<net id="118"><net_src comp="24" pin="0"/><net_sink comp="114" pin=0"/></net>

<net id="119"><net_src comp="2" pin="0"/><net_sink comp="114" pin=1"/></net>

<net id="124"><net_src comp="30" pin="0"/><net_sink comp="120" pin=0"/></net>

<net id="125"><net_src comp="0" pin="0"/><net_sink comp="120" pin=1"/></net>

<net id="131"><net_src comp="76" pin="0"/><net_sink comp="126" pin=0"/></net>

<net id="132"><net_src comp="14" pin="0"/><net_sink comp="126" pin=1"/></net>

<net id="138"><net_src comp="76" pin="0"/><net_sink comp="133" pin=0"/></net>

<net id="139"><net_src comp="16" pin="0"/><net_sink comp="133" pin=1"/></net>

<net id="145"><net_src comp="6" pin="0"/><net_sink comp="140" pin=0"/></net>

<net id="146"><net_src comp="50" pin="0"/><net_sink comp="140" pin=1"/></net>

<net id="156"><net_src comp="140" pin="3"/><net_sink comp="147" pin=2"/></net>

<net id="162"><net_src comp="18" pin="0"/><net_sink comp="157" pin=0"/></net>

<net id="163"><net_src comp="50" pin="0"/><net_sink comp="157" pin=1"/></net>

<net id="169"><net_src comp="157" pin="3"/><net_sink comp="164" pin=0"/></net>

<net id="175"><net_src comp="6" pin="0"/><net_sink comp="170" pin=0"/></net>

<net id="176"><net_src comp="50" pin="0"/><net_sink comp="170" pin=1"/></net>

<net id="177"><net_src comp="170" pin="3"/><net_sink comp="147" pin=0"/></net>

<net id="183"><net_src comp="18" pin="0"/><net_sink comp="178" pin=0"/></net>

<net id="184"><net_src comp="50" pin="0"/><net_sink comp="178" pin=1"/></net>

<net id="185"><net_src comp="178" pin="3"/><net_sink comp="164" pin=0"/></net>

<net id="189"><net_src comp="78" pin="0"/><net_sink comp="186" pin=0"/></net>

<net id="196"><net_src comp="186" pin="1"/><net_sink comp="190" pin=0"/></net>

<net id="197"><net_src comp="80" pin="0"/><net_sink comp="190" pin=2"/></net>

<net id="201"><net_src comp="198" pin="1"/><net_sink comp="126" pin=2"/></net>

<net id="205"><net_src comp="90" pin="2"/><net_sink comp="202" pin=0"/></net>

<net id="210"><net_src comp="32" pin="0"/><net_sink comp="206" pin=0"/></net>

<net id="215"><net_src comp="120" pin="2"/><net_sink comp="211" pin=0"/></net>

<net id="223"><net_src comp="216" pin="1"/><net_sink comp="219" pin=0"/></net>

<net id="224"><net_src comp="42" pin="0"/><net_sink comp="219" pin=1"/></net>

<net id="228"><net_src comp="216" pin="1"/><net_sink comp="225" pin=0"/></net>

<net id="232"><net_src comp="216" pin="1"/><net_sink comp="229" pin=0"/></net>

<net id="237"><net_src comp="229" pin="1"/><net_sink comp="233" pin=0"/></net>

<net id="241"><net_src comp="233" pin="2"/><net_sink comp="238" pin=0"/></net>

<net id="246"><net_src comp="238" pin="1"/><net_sink comp="242" pin=1"/></net>

<net id="250"><net_src comp="242" pin="2"/><net_sink comp="247" pin=0"/></net>

<net id="251"><net_src comp="247" pin="1"/><net_sink comp="140" pin=2"/></net>

<net id="256"><net_src comp="225" pin="1"/><net_sink comp="252" pin=0"/></net>

<net id="257"><net_src comp="52" pin="0"/><net_sink comp="252" pin=1"/></net>

<net id="261"><net_src comp="252" pin="2"/><net_sink comp="258" pin=0"/></net>

<net id="266"><net_src comp="258" pin="1"/><net_sink comp="262" pin=0"/></net>

<net id="271"><net_src comp="262" pin="2"/><net_sink comp="267" pin=0"/></net>

<net id="272"><net_src comp="54" pin="0"/><net_sink comp="267" pin=1"/></net>

<net id="277"><net_src comp="229" pin="1"/><net_sink comp="273" pin=0"/></net>

<net id="281"><net_src comp="273" pin="2"/><net_sink comp="278" pin=0"/></net>

<net id="282"><net_src comp="278" pin="1"/><net_sink comp="157" pin=2"/></net>

<net id="287"><net_src comp="225" pin="1"/><net_sink comp="283" pin=0"/></net>

<net id="288"><net_src comp="56" pin="0"/><net_sink comp="283" pin=1"/></net>

<net id="292"><net_src comp="283" pin="2"/><net_sink comp="289" pin=0"/></net>

<net id="297"><net_src comp="283" pin="2"/><net_sink comp="293" pin=0"/></net>

<net id="298"><net_src comp="52" pin="0"/><net_sink comp="293" pin=1"/></net>

<net id="303"><net_src comp="289" pin="1"/><net_sink comp="299" pin=0"/></net>

<net id="307"><net_src comp="299" pin="2"/><net_sink comp="304" pin=0"/></net>

<net id="312"><net_src comp="304" pin="1"/><net_sink comp="308" pin=1"/></net>

<net id="316"><net_src comp="308" pin="2"/><net_sink comp="313" pin=0"/></net>

<net id="317"><net_src comp="313" pin="1"/><net_sink comp="170" pin=2"/></net>

<net id="322"><net_src comp="299" pin="2"/><net_sink comp="318" pin=0"/></net>

<net id="323"><net_src comp="54" pin="0"/><net_sink comp="318" pin=1"/></net>

<net id="328"><net_src comp="289" pin="1"/><net_sink comp="324" pin=0"/></net>

<net id="333"><net_src comp="216" pin="1"/><net_sink comp="329" pin=0"/></net>

<net id="334"><net_src comp="58" pin="0"/><net_sink comp="329" pin=1"/></net>

<net id="339"><net_src comp="329" pin="2"/><net_sink comp="335" pin=0"/></net>

<net id="349"><net_src comp="340" pin="2"/><net_sink comp="344" pin=0"/></net>

<net id="350"><net_src comp="147" pin="7"/><net_sink comp="344" pin=1"/></net>

<net id="351"><net_src comp="60" pin="0"/><net_sink comp="344" pin=2"/></net>

<net id="355"><net_src comp="344" pin="3"/><net_sink comp="352" pin=0"/></net>

<net id="359"><net_src comp="164" pin="3"/><net_sink comp="356" pin=0"/></net>

<net id="369"><net_src comp="360" pin="2"/><net_sink comp="364" pin=0"/></net>

<net id="370"><net_src comp="147" pin="3"/><net_sink comp="364" pin=1"/></net>

<net id="371"><net_src comp="60" pin="0"/><net_sink comp="364" pin=2"/></net>

<net id="375"><net_src comp="372" pin="1"/><net_sink comp="178" pin=2"/></net>

<net id="382"><net_src comp="164" pin="3"/><net_sink comp="379" pin=0"/></net>

<net id="388"><net_src comp="62" pin="0"/><net_sink comp="383" pin=0"/></net>

<net id="389"><net_src comp="198" pin="1"/><net_sink comp="383" pin=1"/></net>

<net id="390"><net_src comp="64" pin="0"/><net_sink comp="383" pin=2"/></net>

<net id="397"><net_src comp="70" pin="0"/><net_sink comp="391" pin=0"/></net>

<net id="398"><net_src comp="72" pin="0"/><net_sink comp="391" pin=2"/></net>

<net id="399"><net_src comp="74" pin="0"/><net_sink comp="391" pin=3"/></net>

<net id="405"><net_src comp="62" pin="0"/><net_sink comp="400" pin=0"/></net>

<net id="406"><net_src comp="391" pin="4"/><net_sink comp="400" pin=1"/></net>

<net id="407"><net_src comp="64" pin="0"/><net_sink comp="400" pin=2"/></net>

<net id="414"><net_src comp="70" pin="0"/><net_sink comp="408" pin=0"/></net>

<net id="415"><net_src comp="72" pin="0"/><net_sink comp="408" pin=2"/></net>

<net id="416"><net_src comp="74" pin="0"/><net_sink comp="408" pin=3"/></net>

<net id="421"><net_src comp="408" pin="4"/><net_sink comp="417" pin=0"/></net>

<net id="427"><net_src comp="356" pin="1"/><net_sink comp="422" pin=0"/></net>

<net id="428"><net_src comp="352" pin="1"/><net_sink comp="422" pin=1"/></net>

<net id="429"><net_src comp="383" pin="3"/><net_sink comp="422" pin=2"/></net>

<net id="430"><net_src comp="422" pin="3"/><net_sink comp="391" pin=1"/></net>

<net id="436"><net_src comp="379" pin="1"/><net_sink comp="431" pin=0"/></net>

<net id="437"><net_src comp="376" pin="1"/><net_sink comp="431" pin=1"/></net>

<net id="438"><net_src comp="400" pin="3"/><net_sink comp="431" pin=2"/></net>

<net id="439"><net_src comp="431" pin="3"/><net_sink comp="408" pin=1"/></net>

<net id="443"><net_src comp="82" pin="1"/><net_sink comp="440" pin=0"/></net>

<net id="444"><net_src comp="440" pin="1"/><net_sink comp="211" pin=1"/></net>

<net id="445"><net_src comp="440" pin="1"/><net_sink comp="198" pin=0"/></net>

<net id="446"><net_src comp="440" pin="1"/><net_sink comp="417" pin=1"/></net>

<net id="450"><net_src comp="86" pin="1"/><net_sink comp="447" pin=0"/></net>

<net id="451"><net_src comp="447" pin="1"/><net_sink comp="206" pin=1"/></net>

<net id="452"><net_src comp="447" pin="1"/><net_sink comp="216" pin=0"/></net>

<net id="453"><net_src comp="447" pin="1"/><net_sink comp="335" pin=1"/></net>

<net id="457"><net_src comp="96" pin="2"/><net_sink comp="454" pin=0"/></net>

<net id="458"><net_src comp="454" pin="1"/><net_sink comp="273" pin=1"/></net>

<net id="459"><net_src comp="454" pin="1"/><net_sink comp="324" pin=1"/></net>

<net id="463"><net_src comp="102" pin="2"/><net_sink comp="460" pin=0"/></net>

<net id="464"><net_src comp="460" pin="1"/><net_sink comp="340" pin=1"/></net>

<net id="465"><net_src comp="460" pin="1"/><net_sink comp="360" pin=1"/></net>

<net id="469"><net_src comp="108" pin="2"/><net_sink comp="466" pin=0"/></net>

<net id="470"><net_src comp="466" pin="1"/><net_sink comp="242" pin=0"/></net>

<net id="471"><net_src comp="466" pin="1"/><net_sink comp="308" pin=0"/></net>

<net id="475"><net_src comp="114" pin="2"/><net_sink comp="472" pin=0"/></net>

<net id="476"><net_src comp="472" pin="1"/><net_sink comp="233" pin=1"/></net>

<net id="477"><net_src comp="472" pin="1"/><net_sink comp="299" pin=1"/></net>

<net id="481"><net_src comp="202" pin="1"/><net_sink comp="478" pin=0"/></net>

<net id="482"><net_src comp="478" pin="1"/><net_sink comp="262" pin=1"/></net>

<net id="486"><net_src comp="219" pin="2"/><net_sink comp="483" pin=0"/></net>

<net id="490"><net_src comp="140" pin="3"/><net_sink comp="487" pin=0"/></net>

<net id="491"><net_src comp="487" pin="1"/><net_sink comp="147" pin=2"/></net>

<net id="495"><net_src comp="267" pin="2"/><net_sink comp="492" pin=0"/></net>

<net id="496"><net_src comp="492" pin="1"/><net_sink comp="340" pin=0"/></net>

<net id="500"><net_src comp="157" pin="3"/><net_sink comp="497" pin=0"/></net>

<net id="501"><net_src comp="497" pin="1"/><net_sink comp="164" pin=0"/></net>

<net id="505"><net_src comp="293" pin="2"/><net_sink comp="502" pin=0"/></net>

<net id="509"><net_src comp="170" pin="3"/><net_sink comp="506" pin=0"/></net>

<net id="510"><net_src comp="506" pin="1"/><net_sink comp="147" pin=0"/></net>

<net id="514"><net_src comp="318" pin="2"/><net_sink comp="511" pin=0"/></net>

<net id="515"><net_src comp="511" pin="1"/><net_sink comp="360" pin=0"/></net>

<net id="519"><net_src comp="324" pin="2"/><net_sink comp="516" pin=0"/></net>

<net id="520"><net_src comp="516" pin="1"/><net_sink comp="372" pin=0"/></net>

<net id="524"><net_src comp="352" pin="1"/><net_sink comp="521" pin=0"/></net>

<net id="525"><net_src comp="521" pin="1"/><net_sink comp="422" pin=1"/></net>

<net id="529"><net_src comp="356" pin="1"/><net_sink comp="526" pin=0"/></net>

<net id="530"><net_src comp="526" pin="1"/><net_sink comp="422" pin=0"/></net>

<net id="534"><net_src comp="364" pin="3"/><net_sink comp="531" pin=0"/></net>

<net id="535"><net_src comp="531" pin="1"/><net_sink comp="376" pin=0"/></net>

<net id="539"><net_src comp="178" pin="3"/><net_sink comp="536" pin=0"/></net>

<net id="540"><net_src comp="536" pin="1"/><net_sink comp="164" pin=0"/></net>

<net id="544"><net_src comp="376" pin="1"/><net_sink comp="541" pin=0"/></net>

<net id="545"><net_src comp="541" pin="1"/><net_sink comp="431" pin=1"/></net>

<net id="549"><net_src comp="379" pin="1"/><net_sink comp="546" pin=0"/></net>

<net id="550"><net_src comp="546" pin="1"/><net_sink comp="431" pin=0"/></net>

<net id="554"><net_src comp="198" pin="1"/><net_sink comp="551" pin=0"/></net>

<net id="555"><net_src comp="551" pin="1"/><net_sink comp="126" pin=2"/></net>

<net id="559"><net_src comp="383" pin="3"/><net_sink comp="556" pin=0"/></net>

<net id="560"><net_src comp="556" pin="1"/><net_sink comp="422" pin=0"/></net>

<net id="564"><net_src comp="391" pin="4"/><net_sink comp="561" pin=0"/></net>

<net id="565"><net_src comp="561" pin="1"/><net_sink comp="133" pin=2"/></net>

<net id="569"><net_src comp="400" pin="3"/><net_sink comp="566" pin=0"/></net>

<net id="570"><net_src comp="566" pin="1"/><net_sink comp="431" pin=0"/></net>

</net_list>

</model> 
---------------- Datapath Model END ------------------

* FSMD analyzer results:
  - Output states:
	Port: s_V_13_out | {8 9 }
	Port: s_V_14_out | {8 }
 - Input state : 
	Port: inference_Pipeline_loop_kw_1 : s_V_1 | {1 }
	Port: inference_Pipeline_loop_kw_1 : add_ln30 | {1 }
	Port: inference_Pipeline_loop_kw_1 : sub_ln32 | {1 }
	Port: inference_Pipeline_loop_kw_1 : input_r | {2 3 }
	Port: inference_Pipeline_loop_kw_1 : brmerge_not | {1 }
	Port: inference_Pipeline_loop_kw_1 : empty | {1 }
	Port: inference_Pipeline_loop_kw_1 : zext_ln21 | {1 }
	Port: inference_Pipeline_loop_kw_1 : conv1_kernel_V | {2 3 4 }
  - Chain level:
	State 1
		store_ln0 : 1
	State 2
		icmp_ln27 : 1
		br_ln27 : 2
		empty_63 : 1
		j_cast87 : 1
		add_ln30_1 : 2
		sext_ln32 : 3
		add_ln32 : 4
		zext_ln32 : 5
		input_addr : 6
		add_ln31_1 : 2
		sext_ln31 : 3
		add_ln31 : 4
		icmp_ln31 : 5
		val_V : 7
		add_ln33 : 2
		zext_ln1271 : 3
		conv1_kernel_V_addr : 4
		conv1_kernel_V_load : 5
		or_ln27 : 2
		zext_ln23 : 2
		icmp_ln27_1 : 2
		br_ln27 : 3
		add_ln30_2 : 3
		sext_ln32_1 : 4
		add_ln32_1 : 5
		zext_ln32_1 : 6
		input_addr_1 : 7
		icmp_ln31_1 : 4
		val_V_2 : 8
		add_ln33_1 : 3
		add_ln27 : 1
		store_ln27 : 2
	State 3
		val_V_5 : 1
		sext_ln1270 : 2
		sext_ln1273 : 1
		r_V_1 : 3
		val_V_4 : 1
		conv1_kernel_V_addr_1 : 1
		conv1_kernel_V_load_1 : 2
	State 4
		sext_ln1273_1 : 1
		r_V_3 : 2
	State 5
		lhs_1 : 1
		ret_V : 2
	State 6
		s_V_2 : 1
		lhs_3 : 2
		ret_V_1 : 3
	State 7
		s_V : 1
		store_ln27 : 2
	State 8
		UnifiedRetVal : 1
		ret_ln0 : 2
	State 9
		write_ln0 : 1


============================================================
+ Verbose Summary: Datapath Resource usage 
============================================================

* Functional unit list:
|----------|------------------------------|---------|---------|---------|
| Operation|        Functional Unit       |   DSP   |    FF   |   LUT   |
|----------|------------------------------|---------|---------|---------|
|          |       add_ln30_1_fu_233      |    0    |    0    |    13   |
|          |        add_ln32_fu_242       |    0    |    0    |    17   |
|          |       add_ln31_1_fu_252      |    0    |    0    |    9    |
|          |        add_ln31_fu_262       |    0    |    0    |    12   |
|    add   |        add_ln33_fu_273       |    0    |    0    |    13   |
|          |       add_ln30_2_fu_299      |    0    |    0    |    13   |
|          |       add_ln32_1_fu_308      |    0    |    0    |    17   |
|          |       add_ln33_1_fu_324      |    0    |    0    |    13   |
|          |        add_ln27_fu_329       |    0    |    0    |    10   |
|----------|------------------------------|---------|---------|---------|
|          |       icmp_ln27_fu_219       |    0    |    0    |    8    |
|   icmp   |       icmp_ln31_fu_267       |    0    |    0    |    10   |
|          |      icmp_ln27_1_fu_293      |    0    |    0    |    8    |
|          |      icmp_ln31_1_fu_318      |    0    |    0    |    10   |
|----------|------------------------------|---------|---------|---------|
|  select  |        val_V_5_fu_344        |    0    |    0    |    16   |
|          |        val_V_4_fu_364        |    0    |    0    |    16   |
|----------|------------------------------|---------|---------|---------|
|    and   |        and_ln31_fu_340       |    0    |    0    |    2    |
|          |       and_ln31_1_fu_360      |    0    |    0    |    2    |
|----------|------------------------------|---------|---------|---------|
|  muladd  |          grp_fu_422          |    1    |    0    |    0    |
|          |          grp_fu_431          |    1    |    0    |    0    |
|----------|------------------------------|---------|---------|---------|
|          |   zext_ln21_read_read_fu_90  |    0    |    0    |    0    |
|          |        tmp_read_fu_96        |    0    |    0    |    0    |
|   read   | brmerge_not_read_read_fu_102 |    0    |    0    |    0    |
|          |   sub_ln32_read_read_fu_108  |    0    |    0    |    0    |
|          |   add_ln30_read_read_fu_114  |    0    |    0    |    0    |
|          |    s_V_1_read_read_fu_120    |    0    |    0    |    0    |
|----------|------------------------------|---------|---------|---------|
|   write  |       grp_write_fu_126       |    0    |    0    |    0    |
|          |   write_ln818_write_fu_133   |    0    |    0    |    0    |
|----------|------------------------------|---------|---------|---------|
|          |     zext_ln21_cast_fu_202    |    0    |    0    |    0    |
|          |        j_cast87_fu_229       |    0    |    0    |    0    |
|          |       zext_ln32_fu_247       |    0    |    0    |    0    |
|   zext   |      zext_ln1271_fu_278      |    0    |    0    |    0    |
|          |       zext_ln23_fu_289       |    0    |    0    |    0    |
|          |      zext_ln32_1_fu_313      |    0    |    0    |    0    |
|          |     zext_ln1271_1_fu_372     |    0    |    0    |    0    |
|----------|------------------------------|---------|---------|---------|
|   trunc  |        empty_63_fu_225       |    0    |    0    |    0    |
|----------|------------------------------|---------|---------|---------|
|          |       sext_ln32_fu_238       |    0    |    0    |    0    |
|          |       sext_ln31_fu_258       |    0    |    0    |    0    |
|          |      sext_ln32_1_fu_304      |    0    |    0    |    0    |
|   sext   |      sext_ln1270_fu_352      |    0    |    0    |    0    |
|          |      sext_ln1273_fu_356      |    0    |    0    |    0    |
|          |     sext_ln1270_1_fu_376     |    0    |    0    |    0    |
|          |     sext_ln1273_1_fu_379     |    0    |    0    |    0    |
|----------|------------------------------|---------|---------|---------|
|    or    |        or_ln27_fu_283        |    0    |    0    |    0    |
|----------|------------------------------|---------|---------|---------|
|bitconcatenate|         lhs_1_fu_383         |    0    |    0    |    0    |
|          |         lhs_3_fu_400         |    0    |    0    |    0    |
|----------|------------------------------|---------|---------|---------|
|partselect|         s_V_2_fu_391         |    0    |    0    |    0    |
|          |          s_V_fu_408          |    0    |    0    |    0    |
|----------|------------------------------|---------|---------|---------|
|   Total  |                              |    2    |    0    |   189   |
|----------|------------------------------|---------|---------|---------|

Memories:
N/A

* Register list:
+-----------------------------+--------+
|                             |   FF   |
+-----------------------------+--------+
|    UnifiedRetVal_reg_186    |    1   |
|    add_ln30_read_reg_472    |    6   |
|      add_ln33_1_reg_516     |    6   |
|   brmerge_not_read_reg_460  |    1   |
|conv1_kernel_V_addr_1_reg_536|    6   |
| conv1_kernel_V_addr_reg_497 |    6   |
|     icmp_ln27_1_reg_502     |    1   |
|      icmp_ln27_reg_483      |    1   |
|     icmp_ln31_1_reg_511     |    1   |
|      icmp_ln31_reg_492      |    1   |
|     input_addr_1_reg_506    |   10   |
|      input_addr_reg_487     |   10   |
|          j_reg_447          |    3   |
|        lhs_1_reg_556        |   26   |
|        lhs_3_reg_566        |   26   |
|       lhs_load_reg_551      |   16   |
|         lhs_reg_440         |   16   |
|        s_V_2_reg_561        |   16   |
|    sext_ln1270_1_reg_541    |   26   |
|     sext_ln1270_reg_521     |   26   |
|    sext_ln1273_1_reg_546    |   26   |
|     sext_ln1273_reg_526     |   26   |
|    sub_ln32_read_reg_466    |   10   |
|         tmp_reg_454         |    6   |
|       val_V_4_reg_531       |   16   |
|    zext_ln21_cast_reg_478   |    6   |
+-----------------------------+--------+
|            Total            |   295  |
+-----------------------------+--------+

* Multiplexer (MUX) list: 
|-------------------|------|------|------|--------||---------||---------|
|        Comp       |  Pin | Size |  BW  | S x BW ||  Delay  ||   LUT   |
|-------------------|------|------|------|--------||---------||---------|
|  grp_write_fu_126 |  p2  |   2  |  16  |   32   ||    9    |
| grp_access_fu_147 |  p0  |   2  |  10  |   20   ||    9    |
| grp_access_fu_147 |  p2  |   2  |   0  |    0   ||    9    |
| grp_access_fu_164 |  p0  |   4  |   6  |   24   ||    20   |
|     grp_fu_422    |  p0  |   3  |  10  |   30   ||    14   |
|     grp_fu_422    |  p1  |   2  |  16  |   32   ||    9    |
|     grp_fu_431    |  p0  |   3  |  10  |   30   ||    14   |
|     grp_fu_431    |  p1  |   2  |  16  |   32   ||    9    |
|-------------------|------|------|------|--------||---------||---------|
|       Total       |      |      |      |   200  ||  3.612  ||    93   |
|-------------------|------|------|------|--------||---------||---------|



* Summary:
+-----------+--------+--------+--------+--------+
|           |   DSP  |  Delay |   FF   |   LUT  |
+-----------+--------+--------+--------+--------+
|  Function |    2   |    -   |    0   |   189  |
|   Memory  |    -   |    -   |    -   |    -   |
|Multiplexer|    -   |    3   |    -   |   93   |
|  Register |    -   |    -   |   295  |    -   |
+-----------+--------+--------+--------+--------+
|   Total   |    2   |    3   |   295  |   282  |
+-----------+--------+--------+--------+--------+
