

================================================================
== Vitis HLS Report for 'inference_Pipeline_loop_kh_2_loop_kw_2_loop_ic_2'
================================================================
* Date:           Tue Jun 30 22:18:31 2026

* Version:        2022.2 (Build 3670227 on Oct 13 2022)
* Project:        denoiser
* Solution:       solution1 (Vivado IP Flow Target)
* Product family: zynquplus
* Target device:  xck26-sfvc784-2LV-c


================================================================
== Performance Estimates
================================================================
+ Timing: 
    * Summary: 
    +--------+----------+----------+------------+
    |  Clock |  Target  | Estimated| Uncertainty|
    +--------+----------+----------+------------+
    |ap_clk  |  10.00 ns|  6.308 ns|     2.70 ns|
    +--------+----------+----------+------------+

+ Latency: 
    * Summary: 
    +---------+---------+----------+----------+-----+-----+---------+
    |  Latency (cycles) |  Latency (absolute) |  Interval | Pipeline|
    |   min   |   max   |    min   |    max   | min | max |   Type  |
    +---------+---------+----------+----------+-----+-----+---------+
    |       41|       41|  0.410 us|  0.410 us|   41|   41|       no|
    +---------+---------+----------+----------+-----+-----+---------+

    + Detail: 
        * Instance: 
        N/A

        * Loop: 
        +---------------------------------+---------+---------+----------+-----------+-----------+------+----------+
        |                                 |  Latency (cycles) | Iteration|  Initiation Interval  | Trip |          |
        |            Loop Name            |   min   |   max   |  Latency |  achieved |   target  | Count| Pipelined|
        +---------------------------------+---------+---------+----------+-----------+-----------+------+----------+
        |- loop_kh_2_loop_kw_2_loop_ic_2  |       39|       39|         6|          2|          1|    18|       yes|
        +---------------------------------+---------+---------+----------+-----------+-----------+------+----------+

============================================================
+ Verbose Summary: Synthesis Manager
============================================================
InlineROM: 1
ExposeGlobal: 0
============================================================
+ Verbose Summary: CDFG Model
============================================================
IsTopModel: 0
ResetActiveHigh: 1
IsCombinational: 0
IsDatapathOnly: 0
HasWiredReturn: 1
HasMFsm: 2
HasVarLatency: 1
IsPipeline: 0
IsRtlPipelined: 0
IsInstanceOverlapped: 0
IsDontTouch: 0
HasImplIP: 0
IsGatedGlobalClock: 0

+ Individual pipeline summary: 
  * Pipeline-0: initiation interval (II) = 2, depth = 6


============================================================
+ Verbose Summary: Schedule
============================================================
* Number of FSM states : 6
* Pipeline : 1
  Pipeline-0 : II = 2, D = 6, States = { 1 2 3 4 5 6 }
* Dataflow Pipeline: 0

* FSM state transitions: 
1 --> 2 
2 --> 3 
3 --> 4 
4 --> 5 
5 --> 6 
6 --> 

* FSM state operations: 

State 1 <SV = 0> <Delay = 6.30>
ST_1 : Operation 9 [1/1] (0.00ns)   --->   "%lhs = alloca i32 1"   --->   Operation 9 'alloca' 'lhs' <Predicate = true> <Delay = 0.00>
ST_1 : Operation 10 [1/1] (0.00ns)   --->   "%k = alloca i32 1"   --->   Operation 10 'alloca' 'k' <Predicate = true> <Delay = 0.00>
ST_1 : Operation 11 [1/1] (0.00ns)   --->   "%j_1 = alloca i32 1"   --->   Operation 11 'alloca' 'j_1' <Predicate = true> <Delay = 0.00>
ST_1 : Operation 12 [1/1] (0.00ns)   --->   "%indvar_flatten77 = alloca i32 1"   --->   Operation 12 'alloca' 'indvar_flatten77' <Predicate = true> <Delay = 0.00>
ST_1 : Operation 13 [1/1] (0.00ns)   --->   "%i_1 = alloca i32 1"   --->   Operation 13 'alloca' 'i_1' <Predicate = true> <Delay = 0.00>
ST_1 : Operation 14 [1/1] (0.00ns)   --->   "%indvar_flatten137 = alloca i32 1"   --->   Operation 14 'alloca' 'indvar_flatten137' <Predicate = true> <Delay = 0.00>
ST_1 : Operation 15 [1/1] (0.00ns)   --->   "%specbramwithbyteenable_ln0 = specbramwithbyteenable void @_ssdm_op_SpecBRAMWithByteEnable, i16 %d"   --->   Operation 15 'specbramwithbyteenable' 'specbramwithbyteenable_ln0' <Predicate = true> <Delay = 0.00>
ST_1 : Operation 16 [1/1] (0.00ns)   --->   "%sext_ln83_4_read = read i13 @_ssdm_op_Read.ap_auto.i13, i13 %sext_ln83_4"   --->   Operation 16 'read' 'sext_ln83_4_read' <Predicate = true> <Delay = 0.00>
ST_1 : Operation 17 [1/1] (0.00ns)   --->   "%cmp29_i_not_mid1117_read = read i1 @_ssdm_op_Read.ap_auto.i1, i1 %cmp29_i_not_mid1117"   --->   Operation 17 'read' 'cmp29_i_not_mid1117_read' <Predicate = true> <Delay = 0.00>
ST_1 : Operation 18 [1/1] (0.00ns)   --->   "%cmp27_i_not_mid1115_read = read i1 @_ssdm_op_Read.ap_auto.i1, i1 %cmp27_i_not_mid1115"   --->   Operation 18 'read' 'cmp27_i_not_mid1115_read' <Predicate = true> <Delay = 0.00>
ST_1 : Operation 19 [1/1] (0.00ns)   --->   "%zext_ln66_read = read i8 @_ssdm_op_Read.ap_auto.i8, i8 %zext_ln66"   --->   Operation 19 'read' 'zext_ln66_read' <Predicate = true> <Delay = 0.00>
ST_1 : Operation 20 [1/1] (0.00ns)   --->   "%select_ln68_read = read i4 @_ssdm_op_Read.ap_auto.i4, i4 %select_ln68"   --->   Operation 20 'read' 'select_ln68_read' <Predicate = true> <Delay = 0.00>
ST_1 : Operation 21 [1/1] (0.00ns)   --->   "%select_ln68_2_read = read i4 @_ssdm_op_Read.ap_auto.i4, i4 %select_ln68_2"   --->   Operation 21 'read' 'select_ln68_2_read' <Predicate = true> <Delay = 0.00>
ST_1 : Operation 22 [1/1] (0.00ns)   --->   "%sext_ln66_read = read i10 @_ssdm_op_Read.ap_auto.i10, i10 %sext_ln66"   --->   Operation 22 'read' 'sext_ln66_read' <Predicate = true> <Delay = 0.00>
ST_1 : Operation 23 [1/1] (0.00ns)   --->   "%sext_ln83_4_cast = sext i13 %sext_ln83_4_read"   --->   Operation 23 'sext' 'sext_ln83_4_cast' <Predicate = true> <Delay = 0.00>
ST_1 : Operation 24 [1/1] (0.00ns)   --->   "%zext_ln66_cast = zext i8 %zext_ln66_read"   --->   Operation 24 'zext' 'zext_ln66_cast' <Predicate = true> <Delay = 0.00>
ST_1 : Operation 25 [1/1] (0.00ns)   --->   "%sext_ln66_cast = sext i10 %sext_ln66_read"   --->   Operation 25 'sext' 'sext_ln66_cast' <Predicate = true> <Delay = 0.00>
ST_1 : Operation 26 [1/1] (0.42ns)   --->   "%store_ln0 = store i5 0, i5 %indvar_flatten137"   --->   Operation 26 'store' 'store_ln0' <Predicate = true> <Delay = 0.42>
ST_1 : Operation 27 [1/1] (0.42ns)   --->   "%store_ln0 = store i2 0, i2 %i_1"   --->   Operation 27 'store' 'store_ln0' <Predicate = true> <Delay = 0.42>
ST_1 : Operation 28 [1/1] (0.42ns)   --->   "%store_ln0 = store i4 0, i4 %indvar_flatten77"   --->   Operation 28 'store' 'store_ln0' <Predicate = true> <Delay = 0.42>
ST_1 : Operation 29 [1/1] (0.42ns)   --->   "%store_ln0 = store i2 0, i2 %j_1"   --->   Operation 29 'store' 'store_ln0' <Predicate = true> <Delay = 0.42>
ST_1 : Operation 30 [1/1] (0.42ns)   --->   "%store_ln0 = store i3 0, i3 %k"   --->   Operation 30 'store' 'store_ln0' <Predicate = true> <Delay = 0.42>
ST_1 : Operation 31 [1/1] (0.42ns)   --->   "%store_ln0 = store i16 %sext_ln66_cast, i16 %lhs"   --->   Operation 31 'store' 'store_ln0' <Predicate = true> <Delay = 0.42>
ST_1 : Operation 32 [1/1] (0.00ns)   --->   "%br_ln0 = br void %for.body21.i"   --->   Operation 32 'br' 'br_ln0' <Predicate = true> <Delay = 0.00>
ST_1 : Operation 33 [1/1] (0.00ns)   --->   "%j = load i2 %j_1" [../denoiser_c_to_hls/denoiser.cpp:76]   --->   Operation 33 'load' 'j' <Predicate = true> <Delay = 0.00>
ST_1 : Operation 34 [1/1] (0.00ns)   --->   "%i = load i2 %i_1" [../denoiser_c_to_hls/denoiser.cpp:74]   --->   Operation 34 'load' 'i' <Predicate = true> <Delay = 0.00>
ST_1 : Operation 35 [1/1] (0.00ns)   --->   "%indvar_flatten137_load = load i5 %indvar_flatten137" [../denoiser_c_to_hls/denoiser.cpp:74]   --->   Operation 35 'load' 'indvar_flatten137_load' <Predicate = true> <Delay = 0.00>
ST_1 : Operation 36 [1/1] (0.00ns)   --->   "%zext_ln74 = zext i2 %i" [../denoiser_c_to_hls/denoiser.cpp:74]   --->   Operation 36 'zext' 'zext_ln74' <Predicate = true> <Delay = 0.00>
ST_1 : Operation 37 [1/1] (0.00ns)   --->   "%zext_ln74_1 = zext i2 %i" [../denoiser_c_to_hls/denoiser.cpp:74]   --->   Operation 37 'zext' 'zext_ln74_1' <Predicate = true> <Delay = 0.00>
ST_1 : Operation 38 [1/1] (0.79ns)   --->   "%empty = add i4 %zext_ln74_1, i4 %select_ln68_2_read" [../denoiser_c_to_hls/denoiser.cpp:74]   --->   Operation 38 'add' 'empty' <Predicate = true> <Delay = 0.79> <CoreInst = "Adder">   --->   Core 1 'Adder' <Latency = 0> <II = 1> <Delay = 0.79> <FuncUnit> <Opcode : 'add' 'sub'> <InPorts = 2> <OutPorts = 1>
ST_1 : Operation 39 [1/1] (0.00ns)   --->   "%p_cast82 = zext i4 %empty" [../denoiser_c_to_hls/denoiser.cpp:74]   --->   Operation 39 'zext' 'p_cast82' <Predicate = true> <Delay = 0.00>
ST_1 : Operation 40 [1/1] (0.79ns)   --->   "%empty_74 = add i5 %p_cast82, i5 31" [../denoiser_c_to_hls/denoiser.cpp:74]   --->   Operation 40 'add' 'empty_74' <Predicate = true> <Delay = 0.79> <CoreInst = "Adder">   --->   Core 1 'Adder' <Latency = 0> <II = 1> <Delay = 0.79> <FuncUnit> <Opcode : 'add' 'sub'> <InPorts = 2> <OutPorts = 1>
ST_1 : Operation 41 [1/1] (0.00ns)   --->   "%p_shl = bitconcatenate i4 @_ssdm_op_BitConcatenate.i4.i2.i2, i2 %i, i2 0" [../denoiser_c_to_hls/denoiser.cpp:74]   --->   Operation 41 'bitconcatenate' 'p_shl' <Predicate = true> <Delay = 0.00>
ST_1 : Operation 42 [1/1] (0.00ns)   --->   "%p_shl14_cast = zext i4 %p_shl" [../denoiser_c_to_hls/denoiser.cpp:74]   --->   Operation 42 'zext' 'p_shl14_cast' <Predicate = true> <Delay = 0.00>
ST_1 : Operation 43 [1/1] (0.79ns)   --->   "%empty_75 = sub i5 %p_shl14_cast, i5 %zext_ln74" [../denoiser_c_to_hls/denoiser.cpp:74]   --->   Operation 43 'sub' 'empty_75' <Predicate = true> <Delay = 0.79> <CoreInst = "Adder">   --->   Core 1 'Adder' <Latency = 0> <II = 1> <Delay = 0.79> <FuncUnit> <Opcode : 'add' 'sub'> <InPorts = 2> <OutPorts = 1>
ST_1 : Operation 44 [1/1] (0.72ns)   --->   "%cmp24_i_not = icmp_eq  i4 %empty, i4 0" [../denoiser_c_to_hls/denoiser.cpp:74]   --->   Operation 44 'icmp' 'cmp24_i_not' <Predicate = true> <Delay = 0.72> <CoreInst = "Cmp">   --->   Core 9 'Cmp' <Latency = 0> <II = 1> <Delay = 0.72> <FuncUnit> <Opcode : 'icmp'> <InPorts = 2> <OutPorts = 1>
ST_1 : Operation 45 [1/1] (0.75ns)   --->   "%cmp25_i228_not = icmp_sgt  i5 %empty_74, i5 13" [../denoiser_c_to_hls/denoiser.cpp:74]   --->   Operation 45 'icmp' 'cmp25_i228_not' <Predicate = true> <Delay = 0.75> <CoreInst = "Cmp">   --->   Core 9 'Cmp' <Latency = 0> <II = 1> <Delay = 0.75> <FuncUnit> <Opcode : 'icmp'> <InPorts = 2> <OutPorts = 1>
ST_1 : Operation 46 [1/1] (0.00ns)   --->   "%shl_ln83_1 = bitconcatenate i12 @_ssdm_op_BitConcatenate.i12.i5.i7, i5 %empty_74, i7 0" [../denoiser_c_to_hls/denoiser.cpp:83]   --->   Operation 46 'bitconcatenate' 'shl_ln83_1' <Predicate = true> <Delay = 0.00>
ST_1 : Operation 47 [1/1] (0.00ns)   --->   "%shl_ln83_2 = bitconcatenate i9 @_ssdm_op_BitConcatenate.i9.i5.i4, i5 %empty_74, i4 0" [../denoiser_c_to_hls/denoiser.cpp:83]   --->   Operation 47 'bitconcatenate' 'shl_ln83_2' <Predicate = true> <Delay = 0.00>
ST_1 : Operation 48 [1/1] (0.00ns)   --->   "%sext_ln83 = sext i9 %shl_ln83_2" [../denoiser_c_to_hls/denoiser.cpp:83]   --->   Operation 48 'sext' 'sext_ln83' <Predicate = true> <Delay = 0.00>
ST_1 : Operation 49 [1/1] (0.80ns)   --->   "%sub_ln83 = sub i12 %shl_ln83_1, i12 %sext_ln83" [../denoiser_c_to_hls/denoiser.cpp:83]   --->   Operation 49 'sub' 'sub_ln83' <Predicate = true> <Delay = 0.80> <CoreInst = "Adder">   --->   Core 1 'Adder' <Latency = 0> <II = 1> <Delay = 0.80> <FuncUnit> <Opcode : 'add' 'sub'> <InPorts = 2> <OutPorts = 1>
ST_1 : Operation 50 [1/1] (0.00ns)   --->   "%sext_ln76 = sext i12 %sub_ln83" [../denoiser_c_to_hls/denoiser.cpp:76]   --->   Operation 50 'sext' 'sext_ln76' <Predicate = true> <Delay = 0.00>
ST_1 : Operation 51 [1/1] (0.00ns)   --->   "%zext_ln76 = zext i2 %j" [../denoiser_c_to_hls/denoiser.cpp:76]   --->   Operation 51 'zext' 'zext_ln76' <Predicate = true> <Delay = 0.00>
ST_1 : Operation 52 [1/1] (0.79ns)   --->   "%empty_76 = add i4 %zext_ln76, i4 %select_ln68_read" [../denoiser_c_to_hls/denoiser.cpp:76]   --->   Operation 52 'add' 'empty_76' <Predicate = true> <Delay = 0.79> <CoreInst = "Adder">   --->   Core 1 'Adder' <Latency = 0> <II = 1> <Delay = 0.79> <FuncUnit> <Opcode : 'add' 'sub'> <InPorts = 2> <OutPorts = 1>
ST_1 : Operation 53 [1/1] (0.00ns)   --->   "%p_cast123 = zext i4 %empty_76" [../denoiser_c_to_hls/denoiser.cpp:76]   --->   Operation 53 'zext' 'p_cast123' <Predicate = true> <Delay = 0.00>
ST_1 : Operation 54 [1/1] (0.79ns)   --->   "%empty_77 = add i5 %p_cast123, i5 31" [../denoiser_c_to_hls/denoiser.cpp:76]   --->   Operation 54 'add' 'empty_77' <Predicate = true> <Delay = 0.79> <CoreInst = "Adder">   --->   Core 1 'Adder' <Latency = 0> <II = 1> <Delay = 0.79> <FuncUnit> <Opcode : 'add' 'sub'> <InPorts = 2> <OutPorts = 1>
ST_1 : Operation 55 [1/1] (0.72ns)   --->   "%cmp27_i_not = icmp_eq  i4 %empty_76, i4 0" [../denoiser_c_to_hls/denoiser.cpp:76]   --->   Operation 55 'icmp' 'cmp27_i_not' <Predicate = true> <Delay = 0.72> <CoreInst = "Cmp">   --->   Core 9 'Cmp' <Latency = 0> <II = 1> <Delay = 0.72> <FuncUnit> <Opcode : 'icmp'> <InPorts = 2> <OutPorts = 1>
ST_1 : Operation 56 [1/1] (0.75ns)   --->   "%cmp29_i_not = icmp_sgt  i5 %empty_77, i5 13" [../denoiser_c_to_hls/denoiser.cpp:76]   --->   Operation 56 'icmp' 'cmp29_i_not' <Predicate = true> <Delay = 0.75> <CoreInst = "Cmp">   --->   Core 9 'Cmp' <Latency = 0> <II = 1> <Delay = 0.75> <FuncUnit> <Opcode : 'icmp'> <InPorts = 2> <OutPorts = 1>
ST_1 : Operation 57 [1/1] (0.00ns) (grouped into LUT with out node brmerge78)   --->   "%tmp13 = or i1 %cmp25_i228_not, i1 %cmp27_i_not" [../denoiser_c_to_hls/denoiser.cpp:74]   --->   Operation 57 'or' 'tmp13' <Predicate = true> <Delay = 0.00> <CoreInst = "LogicGate">   --->   Core 74 'LogicGate' <Latency = 0> <II = 1> <Delay = 0.28> <FuncUnit> <Opcode : 'and' 'or' 'xor'> <InPorts = 2> <OutPorts = 1>
ST_1 : Operation 58 [1/1] (0.00ns) (grouped into LUT with out node brmerge78)   --->   "%tmp14 = or i1 %cmp24_i_not, i1 %cmp29_i_not" [../denoiser_c_to_hls/denoiser.cpp:74]   --->   Operation 58 'or' 'tmp14' <Predicate = true> <Delay = 0.00> <CoreInst = "LogicGate">   --->   Core 74 'LogicGate' <Latency = 0> <II = 1> <Delay = 0.28> <FuncUnit> <Opcode : 'and' 'or' 'xor'> <InPorts = 2> <OutPorts = 1>
ST_1 : Operation 59 [1/1] (0.28ns) (out node of the LUT)   --->   "%brmerge78 = or i1 %tmp14, i1 %tmp13" [../denoiser_c_to_hls/denoiser.cpp:74]   --->   Operation 59 'or' 'brmerge78' <Predicate = true> <Delay = 0.28> <CoreInst = "LogicGate">   --->   Core 74 'LogicGate' <Latency = 0> <II = 1> <Delay = 0.28> <FuncUnit> <Opcode : 'and' 'or' 'xor'> <InPorts = 2> <OutPorts = 1>
ST_1 : Operation 60 [1/1] (0.00ns)   --->   "%shl_ln2 = bitconcatenate i8 @_ssdm_op_BitConcatenate.i8.i5.i3, i5 %empty_77, i3 0" [../denoiser_c_to_hls/denoiser.cpp:83]   --->   Operation 60 'bitconcatenate' 'shl_ln2' <Predicate = true> <Delay = 0.00>
ST_1 : Operation 61 [1/1] (0.00ns)   --->   "%sext_ln83_1 = sext i8 %shl_ln2" [../denoiser_c_to_hls/denoiser.cpp:83]   --->   Operation 61 'sext' 'sext_ln83_1' <Predicate = true> <Delay = 0.00>
ST_1 : Operation 62 [1/1] (0.82ns)   --->   "%add_ln83 = add i13 %sext_ln83_1, i13 4352" [../denoiser_c_to_hls/denoiser.cpp:83]   --->   Operation 62 'add' 'add_ln83' <Predicate = true> <Delay = 0.82> <CoreInst = "Adder">   --->   Core 1 'Adder' <Latency = 0> <II = 1> <Delay = 0.82> <FuncUnit> <Opcode : 'add' 'sub'> <InPorts = 2> <OutPorts = 1>
ST_1 : Operation 63 [1/1] (0.00ns)   --->   "%sext_ln83_2 = sext i13 %add_ln83" [../denoiser_c_to_hls/denoiser.cpp:83]   --->   Operation 63 'sext' 'sext_ln83_2' <Predicate = true> <Delay = 0.00>
ST_1 : Operation 64 [1/1] (0.82ns)   --->   "%add_ln83_1 = add i14 %sext_ln83_2, i14 %sext_ln76" [../denoiser_c_to_hls/denoiser.cpp:83]   --->   Operation 64 'add' 'add_ln83_1' <Predicate = true> <Delay = 0.82> <CoreInst = "Adder">   --->   Core 1 'Adder' <Latency = 0> <II = 1> <Delay = 0.82> <FuncUnit> <Opcode : 'add' 'sub'> <InPorts = 2> <OutPorts = 1>
ST_1 : Operation 65 [1/1] (0.00ns)   --->   "%specpipeline_ln0 = specpipeline void @_ssdm_op_SpecPipeline, i32 4294967295, i32 0, i32 1, i32 0, void @p_str"   --->   Operation 65 'specpipeline' 'specpipeline_ln0' <Predicate = true> <Delay = 0.00>
ST_1 : Operation 66 [1/1] (0.75ns)   --->   "%icmp_ln74 = icmp_eq  i5 %indvar_flatten137_load, i5 18" [../denoiser_c_to_hls/denoiser.cpp:74]   --->   Operation 66 'icmp' 'icmp_ln74' <Predicate = true> <Delay = 0.75> <CoreInst = "Cmp">   --->   Core 9 'Cmp' <Latency = 0> <II = 1> <Delay = 0.75> <FuncUnit> <Opcode : 'icmp'> <InPorts = 2> <OutPorts = 1>
ST_1 : Operation 67 [1/1] (0.78ns)   --->   "%add_ln74_2 = add i5 %indvar_flatten137_load, i5 1" [../denoiser_c_to_hls/denoiser.cpp:74]   --->   Operation 67 'add' 'add_ln74_2' <Predicate = true> <Delay = 0.78> <CoreInst = "Adder">   --->   Core 1 'Adder' <Latency = 0> <II = 1> <Delay = 0.78> <FuncUnit> <Opcode : 'add' 'sub'> <InPorts = 2> <OutPorts = 1>
ST_1 : Operation 68 [1/1] (0.00ns)   --->   "%br_ln74 = br i1 %icmp_ln74, void %for.cond.cleanup16.i223, void %for.cond.cleanup12.i218.exitStub" [../denoiser_c_to_hls/denoiser.cpp:74]   --->   Operation 68 'br' 'br_ln74' <Predicate = true> <Delay = 0.00>
ST_1 : Operation 69 [1/1] (0.00ns)   --->   "%k_load = load i3 %k" [../denoiser_c_to_hls/denoiser.cpp:78]   --->   Operation 69 'load' 'k_load' <Predicate = (!icmp_ln74)> <Delay = 0.00>
ST_1 : Operation 70 [1/1] (0.00ns)   --->   "%indvar_flatten77_load = load i4 %indvar_flatten77" [../denoiser_c_to_hls/denoiser.cpp:76]   --->   Operation 70 'load' 'indvar_flatten77_load' <Predicate = (!icmp_ln74)> <Delay = 0.00>
ST_1 : Operation 71 [1/1] (0.54ns)   --->   "%add_ln74 = add i2 %i, i2 1" [../denoiser_c_to_hls/denoiser.cpp:74]   --->   Operation 71 'add' 'add_ln74' <Predicate = (!icmp_ln74)> <Delay = 0.54> <CoreInst = "Adder">   --->   Core 1 'Adder' <Latency = 0> <II = 1> <Delay = 0.54> <FuncUnit> <Opcode : 'add' 'sub'> <InPorts = 2> <OutPorts = 1>
ST_1 : Operation 72 [1/1] (0.72ns)   --->   "%icmp_ln76 = icmp_eq  i4 %indvar_flatten77_load, i4 6" [../denoiser_c_to_hls/denoiser.cpp:76]   --->   Operation 72 'icmp' 'icmp_ln76' <Predicate = (!icmp_ln74)> <Delay = 0.72> <CoreInst = "Cmp">   --->   Core 9 'Cmp' <Latency = 0> <II = 1> <Delay = 0.72> <FuncUnit> <Opcode : 'icmp'> <InPorts = 2> <OutPorts = 1>
ST_1 : Operation 73 [1/1] (0.17ns)   --->   "%select_ln74 = select i1 %icmp_ln76, i2 0, i2 %j" [../denoiser_c_to_hls/denoiser.cpp:74]   --->   Operation 73 'select' 'select_ln74' <Predicate = (!icmp_ln74)> <Delay = 0.17> <CoreInst = "Sel">   --->   Core 73 'Sel' <Latency = 0> <II = 1> <Delay = 0.17> <FuncUnit> <Opcode : 'select'> <InPorts = 3> <OutPorts = 1>
ST_1 : Operation 74 [1/1] (0.00ns) (grouped into LUT with out node select_ln76)   --->   "%select_ln74_1 = select i1 %icmp_ln76, i3 0, i3 %k_load" [../denoiser_c_to_hls/denoiser.cpp:74]   --->   Operation 74 'select' 'select_ln74_1' <Predicate = (!icmp_ln74)> <Delay = 0.00> <CoreInst = "Sel">   --->   Core 73 'Sel' <Latency = 0> <II = 1> <Delay = 0.20> <FuncUnit> <Opcode : 'select'> <InPorts = 3> <OutPorts = 1>
ST_1 : Operation 75 [1/1] (0.00ns)   --->   "%zext_ln74_2 = zext i2 %add_ln74" [../denoiser_c_to_hls/denoiser.cpp:74]   --->   Operation 75 'zext' 'zext_ln74_2' <Predicate = (!icmp_ln74)> <Delay = 0.00>
ST_1 : Operation 76 [1/1] (0.00ns)   --->   "%zext_ln74_3 = zext i2 %add_ln74" [../denoiser_c_to_hls/denoiser.cpp:74]   --->   Operation 76 'zext' 'zext_ln74_3' <Predicate = (!icmp_ln74)> <Delay = 0.00>
ST_1 : Operation 77 [1/1] (0.79ns)   --->   "%p_mid195 = add i4 %zext_ln74_3, i4 %select_ln68_2_read" [../denoiser_c_to_hls/denoiser.cpp:74]   --->   Operation 77 'add' 'p_mid195' <Predicate = (!icmp_ln74)> <Delay = 0.79> <CoreInst = "Adder">   --->   Core 1 'Adder' <Latency = 0> <II = 1> <Delay = 0.79> <FuncUnit> <Opcode : 'add' 'sub'> <InPorts = 2> <OutPorts = 1>
ST_1 : Operation 78 [1/1] (0.00ns)   --->   "%p_cast82_mid1 = zext i4 %p_mid195" [../denoiser_c_to_hls/denoiser.cpp:74]   --->   Operation 78 'zext' 'p_cast82_mid1' <Predicate = (!icmp_ln74)> <Delay = 0.00>
ST_1 : Operation 79 [1/1] (0.79ns)   --->   "%p_mid197 = add i5 %p_cast82_mid1, i5 31" [../denoiser_c_to_hls/denoiser.cpp:74]   --->   Operation 79 'add' 'p_mid197' <Predicate = (!icmp_ln74)> <Delay = 0.79> <CoreInst = "Adder">   --->   Core 1 'Adder' <Latency = 0> <II = 1> <Delay = 0.79> <FuncUnit> <Opcode : 'add' 'sub'> <InPorts = 2> <OutPorts = 1>
ST_1 : Operation 80 [1/1] (0.00ns)   --->   "%p_shl14_mid1 = bitconcatenate i4 @_ssdm_op_BitConcatenate.i4.i2.i2, i2 %add_ln74, i2 0" [../denoiser_c_to_hls/denoiser.cpp:74]   --->   Operation 80 'bitconcatenate' 'p_shl14_mid1' <Predicate = (!icmp_ln74)> <Delay = 0.00>
ST_1 : Operation 81 [1/1] (0.00ns)   --->   "%p_shl14_cast_mid1 = zext i4 %p_shl14_mid1" [../denoiser_c_to_hls/denoiser.cpp:74]   --->   Operation 81 'zext' 'p_shl14_cast_mid1' <Predicate = (!icmp_ln74)> <Delay = 0.00>
ST_1 : Operation 82 [1/1] (0.79ns)   --->   "%p_mid199 = sub i5 %p_shl14_cast_mid1, i5 %zext_ln74_2" [../denoiser_c_to_hls/denoiser.cpp:74]   --->   Operation 82 'sub' 'p_mid199' <Predicate = (!icmp_ln74)> <Delay = 0.79> <CoreInst = "Adder">   --->   Core 1 'Adder' <Latency = 0> <II = 1> <Delay = 0.79> <FuncUnit> <Opcode : 'add' 'sub'> <InPorts = 2> <OutPorts = 1>
ST_1 : Operation 83 [1/1] (0.72ns)   --->   "%cmp24_i_not_mid1 = icmp_eq  i4 %p_mid195, i4 0" [../denoiser_c_to_hls/denoiser.cpp:74]   --->   Operation 83 'icmp' 'cmp24_i_not_mid1' <Predicate = (!icmp_ln74)> <Delay = 0.72> <CoreInst = "Cmp">   --->   Core 9 'Cmp' <Latency = 0> <II = 1> <Delay = 0.72> <FuncUnit> <Opcode : 'icmp'> <InPorts = 2> <OutPorts = 1>
ST_1 : Operation 84 [1/1] (0.00ns) (grouped into LUT with out node brmerge78_mid1)   --->   "%select_ln74_2 = select i1 %icmp_ln76, i1 %cmp24_i_not_mid1, i1 %cmp24_i_not" [../denoiser_c_to_hls/denoiser.cpp:74]   --->   Operation 84 'select' 'select_ln74_2' <Predicate = (!icmp_ln74)> <Delay = 0.00> <CoreInst = "Sel">   --->   Core 73 'Sel' <Latency = 0> <II = 1> <Delay = 0.17> <FuncUnit> <Opcode : 'select'> <InPorts = 3> <OutPorts = 1>
ST_1 : Operation 85 [1/1] (0.75ns)   --->   "%cmp25_i228_not_mid1 = icmp_sgt  i5 %p_mid197, i5 13" [../denoiser_c_to_hls/denoiser.cpp:74]   --->   Operation 85 'icmp' 'cmp25_i228_not_mid1' <Predicate = (!icmp_ln74)> <Delay = 0.75> <CoreInst = "Cmp">   --->   Core 9 'Cmp' <Latency = 0> <II = 1> <Delay = 0.75> <FuncUnit> <Opcode : 'icmp'> <InPorts = 2> <OutPorts = 1>
ST_1 : Operation 86 [1/1] (0.00ns) (grouped into LUT with out node tmp13_mid1)   --->   "%select_ln74_3 = select i1 %icmp_ln76, i1 %cmp25_i228_not_mid1, i1 %cmp25_i228_not" [../denoiser_c_to_hls/denoiser.cpp:74]   --->   Operation 86 'select' 'select_ln74_3' <Predicate = (!icmp_ln74)> <Delay = 0.00> <CoreInst = "Sel">   --->   Core 73 'Sel' <Latency = 0> <II = 1> <Delay = 0.17> <FuncUnit> <Opcode : 'select'> <InPorts = 3> <OutPorts = 1>
ST_1 : Operation 87 [1/1] (0.00ns)   --->   "%shl_ln83_1_mid1 = bitconcatenate i12 @_ssdm_op_BitConcatenate.i12.i5.i7, i5 %p_mid197, i7 0" [../denoiser_c_to_hls/denoiser.cpp:83]   --->   Operation 87 'bitconcatenate' 'shl_ln83_1_mid1' <Predicate = (!icmp_ln74)> <Delay = 0.00>
ST_1 : Operation 88 [1/1] (0.00ns)   --->   "%shl_ln83_2_mid1 = bitconcatenate i9 @_ssdm_op_BitConcatenate.i9.i5.i4, i5 %p_mid197, i4 0" [../denoiser_c_to_hls/denoiser.cpp:83]   --->   Operation 88 'bitconcatenate' 'shl_ln83_2_mid1' <Predicate = (!icmp_ln74)> <Delay = 0.00>
ST_1 : Operation 89 [1/1] (0.00ns)   --->   "%sext_ln83_3 = sext i9 %shl_ln83_2_mid1" [../denoiser_c_to_hls/denoiser.cpp:83]   --->   Operation 89 'sext' 'sext_ln83_3' <Predicate = (!icmp_ln74)> <Delay = 0.00>
ST_1 : Operation 90 [1/1] (0.80ns)   --->   "%sub_ln83_1 = sub i12 %shl_ln83_1_mid1, i12 %sext_ln83_3" [../denoiser_c_to_hls/denoiser.cpp:83]   --->   Operation 90 'sub' 'sub_ln83_1' <Predicate = (!icmp_ln74)> <Delay = 0.80> <CoreInst = "Adder">   --->   Core 1 'Adder' <Latency = 0> <II = 1> <Delay = 0.80> <FuncUnit> <Opcode : 'add' 'sub'> <InPorts = 2> <OutPorts = 1>
ST_1 : Operation 91 [1/1] (0.00ns)   --->   "%sext_ln76_1 = sext i12 %sub_ln83_1" [../denoiser_c_to_hls/denoiser.cpp:76]   --->   Operation 91 'sext' 'sext_ln76_1' <Predicate = (!icmp_ln74)> <Delay = 0.00>
ST_1 : Operation 92 [1/1] (0.00ns) (grouped into LUT with out node add_ln83_4)   --->   "%select_ln74_4 = select i1 %icmp_ln76, i12 %sub_ln83_1, i12 %sub_ln83" [../denoiser_c_to_hls/denoiser.cpp:74]   --->   Operation 92 'select' 'select_ln74_4' <Predicate = (!icmp_ln74)> <Delay = 0.00> <CoreInst = "Sel">   --->   Core 73 'Sel' <Latency = 0> <II = 1> <Delay = 0.37> <FuncUnit> <Opcode : 'select'> <InPorts = 3> <OutPorts = 1>
ST_1 : Operation 93 [1/1] (0.00ns) (grouped into LUT with out node add_ln83_4)   --->   "%sext_ln74 = sext i12 %select_ln74_4" [../denoiser_c_to_hls/denoiser.cpp:74]   --->   Operation 93 'sext' 'sext_ln74' <Predicate = (!icmp_ln74)> <Delay = 0.00>
ST_1 : Operation 94 [1/1] (0.00ns) (grouped into LUT with out node add_ln74_1)   --->   "%select_ln74_5 = select i1 %icmp_ln76, i5 %p_mid199, i5 %empty_75" [../denoiser_c_to_hls/denoiser.cpp:74]   --->   Operation 94 'select' 'select_ln74_5' <Predicate = (!icmp_ln74)> <Delay = 0.00> <CoreInst = "Sel">   --->   Core 73 'Sel' <Latency = 0> <II = 1> <Delay = 0.41> <FuncUnit> <Opcode : 'select'> <InPorts = 3> <OutPorts = 1>
ST_1 : Operation 95 [1/1] (0.00ns) (grouped into LUT with out node add_ln74_1)   --->   "%sext_ln74_1 = sext i5 %select_ln74_5" [../denoiser_c_to_hls/denoiser.cpp:74]   --->   Operation 95 'sext' 'sext_ln74_1' <Predicate = (!icmp_ln74)> <Delay = 0.00>
ST_1 : Operation 96 [1/1] (0.76ns) (out node of the LUT)   --->   "%add_ln74_1 = add i9 %sext_ln74_1, i9 %zext_ln66_cast" [../denoiser_c_to_hls/denoiser.cpp:74]   --->   Operation 96 'add' 'add_ln74_1' <Predicate = (!icmp_ln74)> <Delay = 0.76> <CoreInst = "Adder">   --->   Core 1 'Adder' <Latency = 0> <II = 1> <Delay = 0.76> <FuncUnit> <Opcode : 'add' 'sub'> <InPorts = 2> <OutPorts = 1>
ST_1 : Operation 97 [1/1] (0.00ns) (grouped into LUT with out node select_ln74_6)   --->   "%tmp13_mid1119 = or i1 %cmp25_i228_not_mid1, i1 %cmp27_i_not_mid1115_read" [../denoiser_c_to_hls/denoiser.cpp:74]   --->   Operation 97 'or' 'tmp13_mid1119' <Predicate = (!icmp_ln74)> <Delay = 0.00> <CoreInst = "LogicGate">   --->   Core 74 'LogicGate' <Latency = 0> <II = 1> <Delay = 0.28> <FuncUnit> <Opcode : 'and' 'or' 'xor'> <InPorts = 2> <OutPorts = 1>
ST_1 : Operation 98 [1/1] (0.00ns) (grouped into LUT with out node select_ln74_6)   --->   "%tmp14_mid1121 = or i1 %cmp24_i_not_mid1, i1 %cmp29_i_not_mid1117_read" [../denoiser_c_to_hls/denoiser.cpp:74]   --->   Operation 98 'or' 'tmp14_mid1121' <Predicate = (!icmp_ln74)> <Delay = 0.00> <CoreInst = "LogicGate">   --->   Core 74 'LogicGate' <Latency = 0> <II = 1> <Delay = 0.28> <FuncUnit> <Opcode : 'and' 'or' 'xor'> <InPorts = 2> <OutPorts = 1>
ST_1 : Operation 99 [1/1] (0.00ns) (grouped into LUT with out node select_ln74_6)   --->   "%brmerge78_mid1123 = or i1 %tmp14_mid1121, i1 %tmp13_mid1119" [../denoiser_c_to_hls/denoiser.cpp:74]   --->   Operation 99 'or' 'brmerge78_mid1123' <Predicate = (!icmp_ln74)> <Delay = 0.00> <CoreInst = "LogicGate">   --->   Core 74 'LogicGate' <Latency = 0> <II = 1> <Delay = 0.28> <FuncUnit> <Opcode : 'and' 'or' 'xor'> <InPorts = 2> <OutPorts = 1>
ST_1 : Operation 100 [1/1] (0.28ns) (out node of the LUT)   --->   "%select_ln74_6 = select i1 %icmp_ln76, i1 %brmerge78_mid1123, i1 %brmerge78" [../denoiser_c_to_hls/denoiser.cpp:74]   --->   Operation 100 'select' 'select_ln74_6' <Predicate = (!icmp_ln74)> <Delay = 0.28> <CoreInst = "Sel">   --->   Core 73 'Sel' <Latency = 0> <II = 1> <Delay = 0.17> <FuncUnit> <Opcode : 'select'> <InPorts = 3> <OutPorts = 1>
ST_1 : Operation 101 [1/1] (0.82ns)   --->   "%add_ln83_2 = add i14 %sext_ln83_4_cast, i14 %sext_ln76_1" [../denoiser_c_to_hls/denoiser.cpp:83]   --->   Operation 101 'add' 'add_ln83_2' <Predicate = (!icmp_ln74)> <Delay = 0.82> <CoreInst = "Adder">   --->   Core 1 'Adder' <Latency = 0> <II = 1> <Delay = 0.82> <FuncUnit> <Opcode : 'add' 'sub'> <InPorts = 2> <OutPorts = 1>
ST_1 : Operation 102 [1/1] (0.00ns) (grouped into LUT with out node or_ln74)   --->   "%tmp = bitselect i1 @_ssdm_op_BitSelect.i1.i3.i32, i3 %k_load, i32 2" [../denoiser_c_to_hls/denoiser.cpp:78]   --->   Operation 102 'bitselect' 'tmp' <Predicate = (!icmp_ln74)> <Delay = 0.00>
ST_1 : Operation 103 [1/1] (0.00ns) (grouped into LUT with out node or_ln74)   --->   "%xor_ln78 = xor i1 %tmp, i1 1" [../denoiser_c_to_hls/denoiser.cpp:78]   --->   Operation 103 'xor' 'xor_ln78' <Predicate = (!icmp_ln74)> <Delay = 0.00> <CoreInst = "LogicGate">   --->   Core 74 'LogicGate' <Latency = 0> <II = 1> <Delay = 0.28> <FuncUnit> <Opcode : 'and' 'or' 'xor'> <InPorts = 2> <OutPorts = 1>
ST_1 : Operation 104 [1/1] (0.28ns) (out node of the LUT)   --->   "%or_ln74 = or i1 %icmp_ln76, i1 %xor_ln78" [../denoiser_c_to_hls/denoiser.cpp:74]   --->   Operation 104 'or' 'or_ln74' <Predicate = (!icmp_ln74)> <Delay = 0.28> <CoreInst = "LogicGate">   --->   Core 74 'LogicGate' <Latency = 0> <II = 1> <Delay = 0.28> <FuncUnit> <Opcode : 'and' 'or' 'xor'> <InPorts = 2> <OutPorts = 1>
ST_1 : Operation 105 [1/1] (0.17ns)   --->   "%select_ln74_7 = select i1 %icmp_ln76, i2 %add_ln74, i2 %i" [../denoiser_c_to_hls/denoiser.cpp:74]   --->   Operation 105 'select' 'select_ln74_7' <Predicate = (!icmp_ln74)> <Delay = 0.17> <CoreInst = "Sel">   --->   Core 73 'Sel' <Latency = 0> <II = 1> <Delay = 0.17> <FuncUnit> <Opcode : 'select'> <InPorts = 3> <OutPorts = 1>
ST_1 : Operation 106 [1/1] (0.54ns)   --->   "%add_ln76 = add i2 %select_ln74, i2 1" [../denoiser_c_to_hls/denoiser.cpp:76]   --->   Operation 106 'add' 'add_ln76' <Predicate = (!icmp_ln74)> <Delay = 0.54> <CoreInst = "Adder">   --->   Core 1 'Adder' <Latency = 0> <II = 1> <Delay = 0.54> <FuncUnit> <Opcode : 'add' 'sub'> <InPorts = 2> <OutPorts = 1>
ST_1 : Operation 107 [1/1] (0.20ns) (out node of the LUT)   --->   "%select_ln76 = select i1 %or_ln74, i3 %select_ln74_1, i3 0" [../denoiser_c_to_hls/denoiser.cpp:76]   --->   Operation 107 'select' 'select_ln76' <Predicate = (!icmp_ln74)> <Delay = 0.20> <CoreInst = "Sel">   --->   Core 73 'Sel' <Latency = 0> <II = 1> <Delay = 0.20> <FuncUnit> <Opcode : 'select'> <InPorts = 3> <OutPorts = 1>
ST_1 : Operation 108 [1/1] (0.17ns)   --->   "%select_ln76_1 = select i1 %or_ln74, i2 %select_ln74, i2 %add_ln76" [../denoiser_c_to_hls/denoiser.cpp:76]   --->   Operation 108 'select' 'select_ln76_1' <Predicate = (!icmp_ln74)> <Delay = 0.17> <CoreInst = "Sel">   --->   Core 73 'Sel' <Latency = 0> <II = 1> <Delay = 0.17> <FuncUnit> <Opcode : 'select'> <InPorts = 3> <OutPorts = 1>
ST_1 : Operation 109 [1/1] (0.00ns) (grouped into LUT with out node add_ln84_2)   --->   "%zext_ln76_1 = zext i2 %select_ln76_1" [../denoiser_c_to_hls/denoiser.cpp:76]   --->   Operation 109 'zext' 'zext_ln76_1' <Predicate = (!icmp_ln74)> <Delay = 0.00>
ST_1 : Operation 110 [1/1] (0.00ns)   --->   "%zext_ln76_2 = zext i2 %select_ln76_1" [../denoiser_c_to_hls/denoiser.cpp:76]   --->   Operation 110 'zext' 'zext_ln76_2' <Predicate = (!icmp_ln74)> <Delay = 0.00>
ST_1 : Operation 111 [1/1] (0.00ns)   --->   "%zext_ln76_3 = zext i2 %add_ln76" [../denoiser_c_to_hls/denoiser.cpp:76]   --->   Operation 111 'zext' 'zext_ln76_3' <Predicate = (!icmp_ln74)> <Delay = 0.00>
ST_1 : Operation 112 [1/1] (0.79ns)   --->   "%p_mid173 = add i4 %zext_ln76_3, i4 %select_ln68_read" [../denoiser_c_to_hls/denoiser.cpp:76]   --->   Operation 112 'add' 'p_mid173' <Predicate = (!icmp_ln74)> <Delay = 0.79> <CoreInst = "Adder">   --->   Core 1 'Adder' <Latency = 0> <II = 1> <Delay = 0.79> <FuncUnit> <Opcode : 'add' 'sub'> <InPorts = 2> <OutPorts = 1>
ST_1 : Operation 113 [1/1] (0.00ns)   --->   "%p_cast123_mid1 = zext i4 %p_mid173" [../denoiser_c_to_hls/denoiser.cpp:76]   --->   Operation 113 'zext' 'p_cast123_mid1' <Predicate = (!icmp_ln74)> <Delay = 0.00>
ST_1 : Operation 114 [1/1] (0.79ns)   --->   "%p_mid175 = add i5 %p_cast123_mid1, i5 31" [../denoiser_c_to_hls/denoiser.cpp:76]   --->   Operation 114 'add' 'p_mid175' <Predicate = (!icmp_ln74)> <Delay = 0.79> <CoreInst = "Adder">   --->   Core 1 'Adder' <Latency = 0> <II = 1> <Delay = 0.79> <FuncUnit> <Opcode : 'add' 'sub'> <InPorts = 2> <OutPorts = 1>
ST_1 : Operation 115 [1/1] (0.72ns)   --->   "%cmp27_i_not_mid1 = icmp_eq  i4 %p_mid173, i4 0" [../denoiser_c_to_hls/denoiser.cpp:76]   --->   Operation 115 'icmp' 'cmp27_i_not_mid1' <Predicate = (!icmp_ln74)> <Delay = 0.72> <CoreInst = "Cmp">   --->   Core 9 'Cmp' <Latency = 0> <II = 1> <Delay = 0.72> <FuncUnit> <Opcode : 'icmp'> <InPorts = 2> <OutPorts = 1>
ST_1 : Operation 116 [1/1] (0.75ns)   --->   "%cmp29_i_not_mid1 = icmp_sgt  i5 %p_mid175, i5 13" [../denoiser_c_to_hls/denoiser.cpp:76]   --->   Operation 116 'icmp' 'cmp29_i_not_mid1' <Predicate = (!icmp_ln74)> <Delay = 0.75> <CoreInst = "Cmp">   --->   Core 9 'Cmp' <Latency = 0> <II = 1> <Delay = 0.75> <FuncUnit> <Opcode : 'icmp'> <InPorts = 2> <OutPorts = 1>
ST_1 : Operation 117 [1/1] (0.28ns) (out node of the LUT)   --->   "%tmp13_mid1 = or i1 %select_ln74_3, i1 %cmp27_i_not_mid1" [../denoiser_c_to_hls/denoiser.cpp:74]   --->   Operation 117 'or' 'tmp13_mid1' <Predicate = (!icmp_ln74)> <Delay = 0.28> <CoreInst = "LogicGate">   --->   Core 74 'LogicGate' <Latency = 0> <II = 1> <Delay = 0.28> <FuncUnit> <Opcode : 'and' 'or' 'xor'> <InPorts = 2> <OutPorts = 1>
ST_1 : Operation 118 [1/1] (0.00ns) (grouped into LUT with out node brmerge78_mid1)   --->   "%tmp14_mid1 = or i1 %select_ln74_2, i1 %cmp29_i_not_mid1" [../denoiser_c_to_hls/denoiser.cpp:74]   --->   Operation 118 'or' 'tmp14_mid1' <Predicate = (!icmp_ln74)> <Delay = 0.00> <CoreInst = "LogicGate">   --->   Core 74 'LogicGate' <Latency = 0> <II = 1> <Delay = 0.28> <FuncUnit> <Opcode : 'and' 'or' 'xor'> <InPorts = 2> <OutPorts = 1>
ST_1 : Operation 119 [1/1] (0.28ns) (out node of the LUT)   --->   "%brmerge78_mid1 = or i1 %tmp14_mid1, i1 %tmp13_mid1" [../denoiser_c_to_hls/denoiser.cpp:74]   --->   Operation 119 'or' 'brmerge78_mid1' <Predicate = (!icmp_ln74)> <Delay = 0.28> <CoreInst = "LogicGate">   --->   Core 74 'LogicGate' <Latency = 0> <II = 1> <Delay = 0.28> <FuncUnit> <Opcode : 'and' 'or' 'xor'> <InPorts = 2> <OutPorts = 1>
ST_1 : Operation 120 [1/1] (0.17ns) (out node of the LUT)   --->   "%select_ln76_2 = select i1 %or_ln74, i1 %select_ln74_6, i1 %brmerge78_mid1" [../denoiser_c_to_hls/denoiser.cpp:76]   --->   Operation 120 'select' 'select_ln76_2' <Predicate = (!icmp_ln74)> <Delay = 0.17> <CoreInst = "Sel">   --->   Core 73 'Sel' <Latency = 0> <II = 1> <Delay = 0.17> <FuncUnit> <Opcode : 'select'> <InPorts = 3> <OutPorts = 1>
ST_1 : Operation 121 [1/1] (0.00ns)   --->   "%shl_ln83_mid1 = bitconcatenate i8 @_ssdm_op_BitConcatenate.i8.i5.i3, i5 %p_mid175, i3 0" [../denoiser_c_to_hls/denoiser.cpp:83]   --->   Operation 121 'bitconcatenate' 'shl_ln83_mid1' <Predicate = (!icmp_ln74)> <Delay = 0.00>
ST_1 : Operation 122 [1/1] (0.00ns)   --->   "%sext_ln83_5 = sext i8 %shl_ln83_mid1" [../denoiser_c_to_hls/denoiser.cpp:83]   --->   Operation 122 'sext' 'sext_ln83_5' <Predicate = (!icmp_ln74)> <Delay = 0.00>
ST_1 : Operation 123 [1/1] (0.82ns)   --->   "%add_ln83_3 = add i13 %sext_ln83_5, i13 4352" [../denoiser_c_to_hls/denoiser.cpp:83]   --->   Operation 123 'add' 'add_ln83_3' <Predicate = (!icmp_ln74)> <Delay = 0.82> <CoreInst = "Adder">   --->   Core 1 'Adder' <Latency = 0> <II = 1> <Delay = 0.82> <FuncUnit> <Opcode : 'add' 'sub'> <InPorts = 2> <OutPorts = 1>
ST_1 : Operation 124 [1/1] (0.00ns) (grouped into LUT with out node add_ln83_4)   --->   "%sext_ln83_6 = sext i13 %add_ln83_3" [../denoiser_c_to_hls/denoiser.cpp:83]   --->   Operation 124 'sext' 'sext_ln83_6' <Predicate = (!icmp_ln74)> <Delay = 0.00>
ST_1 : Operation 125 [1/1] (0.82ns) (out node of the LUT)   --->   "%add_ln83_4 = add i14 %sext_ln83_6, i14 %sext_ln74" [../denoiser_c_to_hls/denoiser.cpp:83]   --->   Operation 125 'add' 'add_ln83_4' <Predicate = (!icmp_ln74)> <Delay = 0.82> <CoreInst = "Adder">   --->   Core 1 'Adder' <Latency = 0> <II = 1> <Delay = 0.82> <FuncUnit> <Opcode : 'add' 'sub'> <InPorts = 2> <OutPorts = 1>
ST_1 : Operation 126 [1/1] (0.00ns)   --->   "%trunc_ln83 = trunc i3 %select_ln76" [../denoiser_c_to_hls/denoiser.cpp:83]   --->   Operation 126 'trunc' 'trunc_ln83' <Predicate = (!icmp_ln74)> <Delay = 0.00>
ST_1 : Operation 127 [1/1] (0.00ns)   --->   "%shl_ln83 = shl i3 %select_ln76, i3 1" [../denoiser_c_to_hls/denoiser.cpp:83]   --->   Operation 127 'shl' 'shl_ln83' <Predicate = (!icmp_ln74)> <Delay = 0.00>
ST_1 : Operation 128 [1/1] (0.00ns) (grouped into LUT with out node select_ln76_3)   --->   "%tmp_s = partselect i11 @_ssdm_op_PartSelect.i11.i14.i32.i32, i14 %add_ln83_2, i32 3, i32 13" [../denoiser_c_to_hls/denoiser.cpp:83]   --->   Operation 128 'partselect' 'tmp_s' <Predicate = (!icmp_ln74)> <Delay = 0.00>
ST_1 : Operation 129 [1/1] (0.00ns) (grouped into LUT with out node select_ln76_3)   --->   "%tmp_10 = partselect i11 @_ssdm_op_PartSelect.i11.i14.i32.i32, i14 %add_ln83_1, i32 3, i32 13" [../denoiser_c_to_hls/denoiser.cpp:83]   --->   Operation 129 'partselect' 'tmp_10' <Predicate = (!icmp_ln74)> <Delay = 0.00>
ST_1 : Operation 130 [1/1] (0.00ns) (grouped into LUT with out node select_ln76_3)   --->   "%select_ln74_8 = select i1 %icmp_ln76, i11 %tmp_s, i11 %tmp_10" [../denoiser_c_to_hls/denoiser.cpp:74]   --->   Operation 130 'select' 'select_ln74_8' <Predicate = (!icmp_ln74)> <Delay = 0.00> <CoreInst = "Sel">   --->   Core 73 'Sel' <Latency = 0> <II = 1> <Delay = 0.38> <FuncUnit> <Opcode : 'select'> <InPorts = 3> <OutPorts = 1>
ST_1 : Operation 131 [1/1] (0.00ns) (grouped into LUT with out node select_ln76_3)   --->   "%tmp_11 = partselect i11 @_ssdm_op_PartSelect.i11.i14.i32.i32, i14 %add_ln83_4, i32 3, i32 13" [../denoiser_c_to_hls/denoiser.cpp:83]   --->   Operation 131 'partselect' 'tmp_11' <Predicate = (!icmp_ln74)> <Delay = 0.00>
ST_1 : Operation 132 [1/1] (0.38ns) (out node of the LUT)   --->   "%select_ln76_3 = select i1 %or_ln74, i11 %select_ln74_8, i11 %tmp_11" [../denoiser_c_to_hls/denoiser.cpp:76]   --->   Operation 132 'select' 'select_ln76_3' <Predicate = (!icmp_ln74)> <Delay = 0.38> <CoreInst = "Sel">   --->   Core 73 'Sel' <Latency = 0> <II = 1> <Delay = 0.38> <FuncUnit> <Opcode : 'select'> <InPorts = 3> <OutPorts = 1>
ST_1 : Operation 133 [1/1] (0.00ns)   --->   "%lshr_ln4 = bitconcatenate i13 @_ssdm_op_BitConcatenate.i13.i11.i2, i11 %select_ln76_3, i2 %trunc_ln83" [../denoiser_c_to_hls/denoiser.cpp:83]   --->   Operation 133 'bitconcatenate' 'lshr_ln4' <Predicate = (!icmp_ln74)> <Delay = 0.00>
ST_1 : Operation 134 [1/1] (0.00ns)   --->   "%zext_ln83 = zext i13 %lshr_ln4" [../denoiser_c_to_hls/denoiser.cpp:83]   --->   Operation 134 'zext' 'zext_ln83' <Predicate = (!icmp_ln74)> <Delay = 0.00>
ST_1 : Operation 135 [1/1] (0.00ns)   --->   "%d_addr = getelementptr i16 %d, i64 0, i64 %zext_ln83" [../denoiser_c_to_hls/denoiser.cpp:83]   --->   Operation 135 'getelementptr' 'd_addr' <Predicate = (!icmp_ln74)> <Delay = 0.00>
ST_1 : Operation 136 [2/2] (1.23ns)   --->   "%val_V = load i14 %d_addr" [../denoiser_c_to_hls/denoiser.cpp:83]   --->   Operation 136 'load' 'val_V' <Predicate = (!icmp_ln74)> <Delay = 1.23> <CoreInst = "RAM">   --->   Core 83 'RAM' <Latency = 1> <II = 1> <Delay = 1.23> <Storage> <Opcode : 'load' 'store'> <Ports = 2> <Width = 16> <Depth = 12544> <RAM>
ST_1 : Operation 137 [1/1] (0.00ns)   --->   "%add_ln84_7 = bitconcatenate i5 @_ssdm_op_BitConcatenate.i5.i2.i3, i2 %trunc_ln83, i3 %select_ln76" [../denoiser_c_to_hls/denoiser.cpp:84]   --->   Operation 137 'bitconcatenate' 'add_ln84_7' <Predicate = (!icmp_ln74)> <Delay = 0.00>
ST_1 : Operation 138 [1/1] (0.78ns)   --->   "%add_ln84 = add i5 %zext_ln76_2, i5 %add_ln84_7" [../denoiser_c_to_hls/denoiser.cpp:84]   --->   Operation 138 'add' 'add_ln84' <Predicate = (!icmp_ln74)> <Delay = 0.78> <CoreInst = "Adder">   --->   Core 1 'Adder' <Latency = 0> <II = 1> <Delay = 0.78> <FuncUnit> <Opcode : 'add' 'sub'> <InPorts = 2> <OutPorts = 1>
ST_1 : Operation 139 [1/1] (0.00ns)   --->   "%zext_ln84 = zext i5 %add_ln84" [../denoiser_c_to_hls/denoiser.cpp:84]   --->   Operation 139 'zext' 'zext_ln84' <Predicate = (!icmp_ln74)> <Delay = 0.00>
ST_1 : Operation 140 [1/1] (0.77ns)   --->   "%add_ln84_1 = add i9 %zext_ln84, i9 %add_ln74_1" [../denoiser_c_to_hls/denoiser.cpp:84]   --->   Operation 140 'add' 'add_ln84_1' <Predicate = (!icmp_ln74)> <Delay = 0.77> <CoreInst = "Adder">   --->   Core 1 'Adder' <Latency = 0> <II = 1> <Delay = 0.77> <FuncUnit> <Opcode : 'add' 'sub'> <InPorts = 2> <OutPorts = 1>
ST_1 : Operation 141 [1/1] (0.00ns)   --->   "%zext_ln1271_3 = zext i9 %add_ln84_1"   --->   Operation 141 'zext' 'zext_ln1271_3' <Predicate = (!icmp_ln74)> <Delay = 0.00>
ST_1 : Operation 142 [1/1] (0.00ns)   --->   "%conv2_kernel_V_addr = getelementptr i11 %conv2_kernel_V, i64 0, i64 %zext_ln1271_3"   --->   Operation 142 'getelementptr' 'conv2_kernel_V_addr' <Predicate = (!icmp_ln74)> <Delay = 0.00>
ST_1 : Operation 143 [2/2] (1.23ns)   --->   "%conv2_kernel_V_load = load i9 %conv2_kernel_V_addr"   --->   Operation 143 'load' 'conv2_kernel_V_load' <Predicate = (!icmp_ln74)> <Delay = 1.23> <CoreInst = "ROM">   --->   Core 101 'ROM' <Latency = 1> <II = 1> <Delay = 1.23> <Storage> <Opcode : 'load'> <Ports = 0> <Width = 11> <Depth = 288> <ROM>
ST_1 : Operation 144 [1/1] (0.00ns)   --->   "%or_ln83 = or i3 %shl_ln83, i3 2" [../denoiser_c_to_hls/denoiser.cpp:83]   --->   Operation 144 'or' 'or_ln83' <Predicate = (!icmp_ln74)> <Delay = 0.00>
ST_1 : Operation 145 [1/1] (0.00ns)   --->   "%tmp_12 = partselect i2 @_ssdm_op_PartSelect.i2.i3.i32.i32, i3 %or_ln83, i32 1, i32 2" [../denoiser_c_to_hls/denoiser.cpp:83]   --->   Operation 145 'partselect' 'tmp_12' <Predicate = (!icmp_ln74)> <Delay = 0.00>
ST_1 : Operation 146 [1/1] (0.00ns)   --->   "%lshr_ln83_1 = bitconcatenate i13 @_ssdm_op_BitConcatenate.i13.i11.i2, i11 %select_ln76_3, i2 %tmp_12" [../denoiser_c_to_hls/denoiser.cpp:83]   --->   Operation 146 'bitconcatenate' 'lshr_ln83_1' <Predicate = (!icmp_ln74)> <Delay = 0.00>
ST_1 : Operation 147 [1/1] (0.00ns)   --->   "%zext_ln83_1 = zext i13 %lshr_ln83_1" [../denoiser_c_to_hls/denoiser.cpp:83]   --->   Operation 147 'zext' 'zext_ln83_1' <Predicate = (!icmp_ln74)> <Delay = 0.00>
ST_1 : Operation 148 [1/1] (0.00ns)   --->   "%d_addr_3 = getelementptr i16 %d, i64 0, i64 %zext_ln83_1" [../denoiser_c_to_hls/denoiser.cpp:83]   --->   Operation 148 'getelementptr' 'd_addr_3' <Predicate = (!icmp_ln74)> <Delay = 0.00>
ST_1 : Operation 149 [2/2] (1.23ns)   --->   "%val_V_18 = load i14 %d_addr_3" [../denoiser_c_to_hls/denoiser.cpp:83]   --->   Operation 149 'load' 'val_V_18' <Predicate = (!icmp_ln74)> <Delay = 1.23> <CoreInst = "RAM">   --->   Core 83 'RAM' <Latency = 1> <II = 1> <Delay = 1.23> <Storage> <Opcode : 'load' 'store'> <Ports = 2> <Width = 16> <Depth = 12544> <RAM>
ST_1 : Operation 150 [1/1] (0.00ns) (grouped into LUT with out node add_ln84_2)   --->   "%or_ln84 = or i5 %add_ln84_7, i5 9" [../denoiser_c_to_hls/denoiser.cpp:84]   --->   Operation 150 'or' 'or_ln84' <Predicate = (!icmp_ln74)> <Delay = 0.00>
ST_1 : Operation 151 [1/1] (0.00ns) (grouped into LUT with out node add_ln84_2)   --->   "%or_ln1 = bitconcatenate i6 @_ssdm_op_BitConcatenate.i6.i1.i5, i1 0, i5 %or_ln84" [../denoiser_c_to_hls/denoiser.cpp:84]   --->   Operation 151 'bitconcatenate' 'or_ln1' <Predicate = (!icmp_ln74)> <Delay = 0.00>
ST_1 : Operation 152 [1/1] (0.78ns) (out node of the LUT)   --->   "%add_ln84_2 = add i6 %or_ln1, i6 %zext_ln76_1" [../denoiser_c_to_hls/denoiser.cpp:84]   --->   Operation 152 'add' 'add_ln84_2' <Predicate = (!icmp_ln74)> <Delay = 0.78> <CoreInst = "Adder">   --->   Core 1 'Adder' <Latency = 0> <II = 1> <Delay = 0.78> <FuncUnit> <Opcode : 'add' 'sub'> <InPorts = 2> <OutPorts = 1>
ST_1 : Operation 153 [1/1] (0.00ns)   --->   "%zext_ln84_1 = zext i6 %add_ln84_2" [../denoiser_c_to_hls/denoiser.cpp:84]   --->   Operation 153 'zext' 'zext_ln84_1' <Predicate = (!icmp_ln74)> <Delay = 0.00>
ST_1 : Operation 154 [1/1] (0.77ns)   --->   "%add_ln84_3 = add i9 %zext_ln84_1, i9 %add_ln74_1" [../denoiser_c_to_hls/denoiser.cpp:84]   --->   Operation 154 'add' 'add_ln84_3' <Predicate = (!icmp_ln74)> <Delay = 0.77> <CoreInst = "Adder">   --->   Core 1 'Adder' <Latency = 0> <II = 1> <Delay = 0.77> <FuncUnit> <Opcode : 'add' 'sub'> <InPorts = 2> <OutPorts = 1>
ST_1 : Operation 155 [1/1] (0.67ns)   --->   "%add_ln78 = add i3 %select_ln76, i3 2" [../denoiser_c_to_hls/denoiser.cpp:78]   --->   Operation 155 'add' 'add_ln78' <Predicate = (!icmp_ln74)> <Delay = 0.67> <CoreInst = "Adder">   --->   Core 1 'Adder' <Latency = 0> <II = 1> <Delay = 0.67> <FuncUnit> <Opcode : 'add' 'sub'> <InPorts = 2> <OutPorts = 1>
ST_1 : Operation 156 [1/1] (0.79ns)   --->   "%add_ln76_1 = add i4 %indvar_flatten77_load, i4 1" [../denoiser_c_to_hls/denoiser.cpp:76]   --->   Operation 156 'add' 'add_ln76_1' <Predicate = (!icmp_ln74)> <Delay = 0.79> <CoreInst = "Adder">   --->   Core 1 'Adder' <Latency = 0> <II = 1> <Delay = 0.79> <FuncUnit> <Opcode : 'add' 'sub'> <InPorts = 2> <OutPorts = 1>
ST_1 : Operation 157 [1/1] (0.39ns)   --->   "%select_ln76_4 = select i1 %icmp_ln76, i4 1, i4 %add_ln76_1" [../denoiser_c_to_hls/denoiser.cpp:76]   --->   Operation 157 'select' 'select_ln76_4' <Predicate = (!icmp_ln74)> <Delay = 0.39> <CoreInst = "Sel">   --->   Core 73 'Sel' <Latency = 0> <II = 1> <Delay = 0.39> <FuncUnit> <Opcode : 'select'> <InPorts = 3> <OutPorts = 1>
ST_1 : Operation 158 [1/1] (0.42ns)   --->   "%store_ln78 = store i5 %add_ln74_2, i5 %indvar_flatten137" [../denoiser_c_to_hls/denoiser.cpp:78]   --->   Operation 158 'store' 'store_ln78' <Predicate = (!icmp_ln74)> <Delay = 0.42>
ST_1 : Operation 159 [1/1] (0.42ns)   --->   "%store_ln78 = store i2 %select_ln74_7, i2 %i_1" [../denoiser_c_to_hls/denoiser.cpp:78]   --->   Operation 159 'store' 'store_ln78' <Predicate = (!icmp_ln74)> <Delay = 0.42>
ST_1 : Operation 160 [1/1] (0.42ns)   --->   "%store_ln78 = store i4 %select_ln76_4, i4 %indvar_flatten77" [../denoiser_c_to_hls/denoiser.cpp:78]   --->   Operation 160 'store' 'store_ln78' <Predicate = (!icmp_ln74)> <Delay = 0.42>
ST_1 : Operation 161 [1/1] (0.42ns)   --->   "%store_ln78 = store i2 %select_ln76_1, i2 %j_1" [../denoiser_c_to_hls/denoiser.cpp:78]   --->   Operation 161 'store' 'store_ln78' <Predicate = (!icmp_ln74)> <Delay = 0.42>
ST_1 : Operation 162 [1/1] (0.42ns)   --->   "%store_ln78 = store i3 %add_ln78, i3 %k" [../denoiser_c_to_hls/denoiser.cpp:78]   --->   Operation 162 'store' 'store_ln78' <Predicate = (!icmp_ln74)> <Delay = 0.42>

State 2 <SV = 1> <Delay = 2.59>
ST_2 : Operation 163 [1/2] (1.23ns)   --->   "%val_V = load i14 %d_addr" [../denoiser_c_to_hls/denoiser.cpp:83]   --->   Operation 163 'load' 'val_V' <Predicate = (!icmp_ln74)> <Delay = 1.23> <CoreInst = "RAM">   --->   Core 83 'RAM' <Latency = 1> <II = 1> <Delay = 1.23> <Storage> <Opcode : 'load' 'store'> <Ports = 2> <Width = 16> <Depth = 12544> <RAM>
ST_2 : Operation 164 [1/1] (0.35ns)   --->   "%val_V_20 = select i1 %select_ln76_2, i16 0, i16 %val_V" [../denoiser_c_to_hls/denoiser.cpp:76]   --->   Operation 164 'select' 'val_V_20' <Predicate = (!icmp_ln74)> <Delay = 0.35> <CoreInst = "Sel">   --->   Core 73 'Sel' <Latency = 0> <II = 1> <Delay = 0.35> <FuncUnit> <Opcode : 'select'> <InPorts = 3> <OutPorts = 1>
ST_2 : Operation 165 [1/1] (0.00ns)   --->   "%sext_ln1347 = sext i16 %val_V_20"   --->   Operation 165 'sext' 'sext_ln1347' <Predicate = (!icmp_ln74)> <Delay = 0.00>
ST_2 : Operation 166 [1/2] (1.23ns)   --->   "%conv2_kernel_V_load = load i9 %conv2_kernel_V_addr"   --->   Operation 166 'load' 'conv2_kernel_V_load' <Predicate = (!icmp_ln74)> <Delay = 1.23> <CoreInst = "ROM">   --->   Core 101 'ROM' <Latency = 1> <II = 1> <Delay = 1.23> <Storage> <Opcode : 'load'> <Ports = 0> <Width = 11> <Depth = 288> <ROM>
ST_2 : Operation 167 [1/1] (0.00ns)   --->   "%sext_ln1347_1 = sext i11 %conv2_kernel_V_load"   --->   Operation 167 'sext' 'sext_ln1347_1' <Predicate = (!icmp_ln74)> <Delay = 0.00>
ST_2 : Operation 168 [3/3] (0.99ns) (grouped into DSP with root node ret_V)   --->   "%mul_ln1347 = mul i26 %sext_ln1347_1, i26 %sext_ln1347"   --->   Operation 168 'mul' 'mul_ln1347' <Predicate = (!icmp_ln74)> <Delay = 0.99> <CoreInst = "DSP48">   --->   Core 127 'DSP48' <Latency = 3> <II = 1> <Delay = 0.53> <IPBlock> <Opcode : 'mul' 'add' 'sub' 'select'> <InPorts = 0> <OutPorts = 1> <Sync> <CReg>
ST_2 : Operation 169 [1/2] (1.23ns)   --->   "%val_V_18 = load i14 %d_addr_3" [../denoiser_c_to_hls/denoiser.cpp:83]   --->   Operation 169 'load' 'val_V_18' <Predicate = (!icmp_ln74)> <Delay = 1.23> <CoreInst = "RAM">   --->   Core 83 'RAM' <Latency = 1> <II = 1> <Delay = 1.23> <Storage> <Opcode : 'load' 'store'> <Ports = 2> <Width = 16> <Depth = 12544> <RAM>
ST_2 : Operation 170 [1/1] (0.35ns)   --->   "%val_V_21 = select i1 %select_ln76_2, i16 0, i16 %val_V_18" [../denoiser_c_to_hls/denoiser.cpp:76]   --->   Operation 170 'select' 'val_V_21' <Predicate = (!icmp_ln74)> <Delay = 0.35> <CoreInst = "Sel">   --->   Core 73 'Sel' <Latency = 0> <II = 1> <Delay = 0.35> <FuncUnit> <Opcode : 'select'> <InPorts = 3> <OutPorts = 1>
ST_2 : Operation 171 [1/1] (0.00ns)   --->   "%zext_ln1271 = zext i9 %add_ln84_3"   --->   Operation 171 'zext' 'zext_ln1271' <Predicate = (!icmp_ln74)> <Delay = 0.00>
ST_2 : Operation 172 [1/1] (0.00ns)   --->   "%conv2_kernel_V_addr_1 = getelementptr i11 %conv2_kernel_V, i64 0, i64 %zext_ln1271"   --->   Operation 172 'getelementptr' 'conv2_kernel_V_addr_1' <Predicate = (!icmp_ln74)> <Delay = 0.00>
ST_2 : Operation 173 [2/2] (1.23ns)   --->   "%conv2_kernel_V_load_1 = load i9 %conv2_kernel_V_addr_1"   --->   Operation 173 'load' 'conv2_kernel_V_load_1' <Predicate = (!icmp_ln74)> <Delay = 1.23> <CoreInst = "ROM">   --->   Core 101 'ROM' <Latency = 1> <II = 1> <Delay = 1.23> <Storage> <Opcode : 'load'> <Ports = 0> <Width = 11> <Depth = 288> <ROM>

State 3 <SV = 2> <Delay = 2.23>
ST_3 : Operation 174 [2/3] (0.99ns) (grouped into DSP with root node ret_V)   --->   "%mul_ln1347 = mul i26 %sext_ln1347_1, i26 %sext_ln1347"   --->   Operation 174 'mul' 'mul_ln1347' <Predicate = true> <Delay = 0.99> <CoreInst = "DSP48">   --->   Core 127 'DSP48' <Latency = 3> <II = 1> <Delay = 0.53> <IPBlock> <Opcode : 'mul' 'add' 'sub' 'select'> <InPorts = 0> <OutPorts = 1> <Sync> <CReg>
ST_3 : Operation 175 [1/1] (0.00ns)   --->   "%sext_ln1347_2 = sext i16 %val_V_21"   --->   Operation 175 'sext' 'sext_ln1347_2' <Predicate = true> <Delay = 0.00>
ST_3 : Operation 176 [1/2] (1.23ns)   --->   "%conv2_kernel_V_load_1 = load i9 %conv2_kernel_V_addr_1"   --->   Operation 176 'load' 'conv2_kernel_V_load_1' <Predicate = true> <Delay = 1.23> <CoreInst = "ROM">   --->   Core 101 'ROM' <Latency = 1> <II = 1> <Delay = 1.23> <Storage> <Opcode : 'load'> <Ports = 0> <Width = 11> <Depth = 288> <ROM>
ST_3 : Operation 177 [1/1] (0.00ns)   --->   "%sext_ln1347_3 = sext i11 %conv2_kernel_V_load_1"   --->   Operation 177 'sext' 'sext_ln1347_3' <Predicate = true> <Delay = 0.00>
ST_3 : Operation 178 [3/3] (0.99ns) (grouped into DSP with root node ret_V_4)   --->   "%mul_ln1347_1 = mul i26 %sext_ln1347_3, i26 %sext_ln1347_2"   --->   Operation 178 'mul' 'mul_ln1347_1' <Predicate = true> <Delay = 0.99> <CoreInst = "DSP48">   --->   Core 127 'DSP48' <Latency = 3> <II = 1> <Delay = 0.53> <IPBlock> <Opcode : 'mul' 'add' 'sub' 'select'> <InPorts = 0> <OutPorts = 1> <Sync> <CReg>

State 4 <SV = 3> <Delay = 0.99>
ST_4 : Operation 179 [1/1] (0.00ns)   --->   "%lhs_load_4 = load i16 %lhs"   --->   Operation 179 'load' 'lhs_load_4' <Predicate = true> <Delay = 0.00>
ST_4 : Operation 180 [1/3] (0.00ns) (grouped into DSP with root node ret_V)   --->   "%mul_ln1347 = mul i26 %sext_ln1347_1, i26 %sext_ln1347"   --->   Operation 180 'mul' 'mul_ln1347' <Predicate = true> <Delay = 0.00> <CoreInst = "DSP48">   --->   Core 127 'DSP48' <Latency = 3> <II = 1> <Delay = 0.53> <IPBlock> <Opcode : 'mul' 'add' 'sub' 'select'> <InPorts = 0> <OutPorts = 1> <Sync> <CReg>
ST_4 : Operation 181 [1/1] (0.00ns)   --->   "%lhs_5 = bitconcatenate i26 @_ssdm_op_BitConcatenate.i26.i16.i10, i16 %lhs_load_4, i10 0"   --->   Operation 181 'bitconcatenate' 'lhs_5' <Predicate = true> <Delay = 0.00>
ST_4 : Operation 182 [2/2] (0.64ns) (root node of the DSP)   --->   "%ret_V = add i26 %lhs_5, i26 %mul_ln1347"   --->   Operation 182 'add' 'ret_V' <Predicate = true> <Delay = 0.64> <CoreInst = "DSP48">   --->   Core 127 'DSP48' <Latency = 3> <II = 1> <Delay = 0.53> <IPBlock> <Opcode : 'mul' 'add' 'sub' 'select'> <InPorts = 0> <OutPorts = 1> <Sync> <CReg>
ST_4 : Operation 183 [2/3] (0.99ns) (grouped into DSP with root node ret_V_4)   --->   "%mul_ln1347_1 = mul i26 %sext_ln1347_3, i26 %sext_ln1347_2"   --->   Operation 183 'mul' 'mul_ln1347_1' <Predicate = true> <Delay = 0.99> <CoreInst = "DSP48">   --->   Core 127 'DSP48' <Latency = 3> <II = 1> <Delay = 0.53> <IPBlock> <Opcode : 'mul' 'add' 'sub' 'select'> <InPorts = 0> <OutPorts = 1> <Sync> <CReg>
ST_4 : Operation 199 [1/1] (0.00ns)   --->   "%lhs_load = load i16 %lhs"   --->   Operation 199 'load' 'lhs_load' <Predicate = (icmp_ln74)> <Delay = 0.00>
ST_4 : Operation 200 [1/1] (0.00ns)   --->   "%write_ln0 = write void @_ssdm_op_Write.ap_auto.i16P0A, i16 %s_V_15_out, i16 %lhs_load"   --->   Operation 200 'write' 'write_ln0' <Predicate = (icmp_ln74)> <Delay = 0.00>
ST_4 : Operation 201 [1/1] (0.00ns)   --->   "%ret_ln0 = ret"   --->   Operation 201 'ret' 'ret_ln0' <Predicate = (icmp_ln74)> <Delay = 0.00>

State 5 <SV = 4> <Delay = 1.29>
ST_5 : Operation 184 [1/2] (0.64ns) (root node of the DSP)   --->   "%ret_V = add i26 %lhs_5, i26 %mul_ln1347"   --->   Operation 184 'add' 'ret_V' <Predicate = true> <Delay = 0.64> <CoreInst = "DSP48">   --->   Core 127 'DSP48' <Latency = 3> <II = 1> <Delay = 0.53> <IPBlock> <Opcode : 'mul' 'add' 'sub' 'select'> <InPorts = 0> <OutPorts = 1> <Sync> <CReg>
ST_5 : Operation 185 [1/3] (0.00ns) (grouped into DSP with root node ret_V_4)   --->   "%mul_ln1347_1 = mul i26 %sext_ln1347_3, i26 %sext_ln1347_2"   --->   Operation 185 'mul' 'mul_ln1347_1' <Predicate = true> <Delay = 0.00> <CoreInst = "DSP48">   --->   Core 127 'DSP48' <Latency = 3> <II = 1> <Delay = 0.53> <IPBlock> <Opcode : 'mul' 'add' 'sub' 'select'> <InPorts = 0> <OutPorts = 1> <Sync> <CReg>
ST_5 : Operation 186 [1/1] (0.00ns)   --->   "%tmp_13 = partselect i16 @_ssdm_op_PartSelect.i16.i26.i32.i32, i26 %ret_V, i32 10, i32 25"   --->   Operation 186 'partselect' 'tmp_13' <Predicate = true> <Delay = 0.00>
ST_5 : Operation 187 [1/1] (0.00ns)   --->   "%lhs_6 = bitconcatenate i26 @_ssdm_op_BitConcatenate.i26.i16.i10, i16 %tmp_13, i10 0"   --->   Operation 187 'bitconcatenate' 'lhs_6' <Predicate = true> <Delay = 0.00>
ST_5 : Operation 188 [2/2] (0.64ns) (root node of the DSP)   --->   "%ret_V_4 = add i26 %lhs_6, i26 %mul_ln1347_1"   --->   Operation 188 'add' 'ret_V_4' <Predicate = true> <Delay = 0.64> <CoreInst = "DSP48">   --->   Core 127 'DSP48' <Latency = 3> <II = 1> <Delay = 0.53> <IPBlock> <Opcode : 'mul' 'add' 'sub' 'select'> <InPorts = 0> <OutPorts = 1> <Sync> <CReg>

State 6 <SV = 5> <Delay = 1.07>
ST_6 : Operation 189 [1/1] (0.00ns)   --->   "%specloopname_ln0 = specloopname void @_ssdm_op_SpecLoopName, void @loop_kh_2_loop_kw_2_loop_ic_2_str"   --->   Operation 189 'specloopname' 'specloopname_ln0' <Predicate = true> <Delay = 0.00>
ST_6 : Operation 190 [1/1] (0.00ns)   --->   "%empty_78 = speclooptripcount i32 @_ssdm_op_SpecLoopTripCount, i64 18, i64 18, i64 18"   --->   Operation 190 'speclooptripcount' 'empty_78' <Predicate = true> <Delay = 0.00>
ST_6 : Operation 191 [1/1] (0.00ns)   --->   "%specpipeline_ln0 = specpipeline void @_ssdm_op_SpecPipeline, i32 4294967295, i32 0, i32 1, i32 0, void @p_str"   --->   Operation 191 'specpipeline' 'specpipeline_ln0' <Predicate = true> <Delay = 0.00>
ST_6 : Operation 192 [1/1] (0.00ns)   --->   "%specloopname_ln0 = specloopname void @_ssdm_op_SpecLoopName, void @loop_kw_2_loop_ic_2_str"   --->   Operation 192 'specloopname' 'specloopname_ln0' <Predicate = true> <Delay = 0.00>
ST_6 : Operation 193 [1/1] (0.00ns)   --->   "%specpipeline_ln0 = specpipeline void @_ssdm_op_SpecPipeline, i32 4294967295, i32 0, i32 1, i32 0, void @p_str"   --->   Operation 193 'specpipeline' 'specpipeline_ln0' <Predicate = true> <Delay = 0.00>
ST_6 : Operation 194 [1/1] (0.00ns)   --->   "%specloopname_ln72 = specloopname void @_ssdm_op_SpecLoopName, void @empty_3" [../denoiser_c_to_hls/denoiser.cpp:72]   --->   Operation 194 'specloopname' 'specloopname_ln72' <Predicate = true> <Delay = 0.00>
ST_6 : Operation 195 [1/2] (0.64ns) (root node of the DSP)   --->   "%ret_V_4 = add i26 %lhs_6, i26 %mul_ln1347_1"   --->   Operation 195 'add' 'ret_V_4' <Predicate = true> <Delay = 0.64> <CoreInst = "DSP48">   --->   Core 127 'DSP48' <Latency = 3> <II = 1> <Delay = 0.53> <IPBlock> <Opcode : 'mul' 'add' 'sub' 'select'> <InPorts = 0> <OutPorts = 1> <Sync> <CReg>
ST_6 : Operation 196 [1/1] (0.00ns)   --->   "%s_V = partselect i16 @_ssdm_op_PartSelect.i16.i26.i32.i32, i26 %ret_V_4, i32 10, i32 25"   --->   Operation 196 'partselect' 's_V' <Predicate = true> <Delay = 0.00>
ST_6 : Operation 197 [1/1] (0.42ns)   --->   "%store_ln78 = store i16 %s_V, i16 %lhs" [../denoiser_c_to_hls/denoiser.cpp:78]   --->   Operation 197 'store' 'store_ln78' <Predicate = true> <Delay = 0.42>
ST_6 : Operation 198 [1/1] (0.00ns)   --->   "%br_ln78 = br void %for.body21.i" [../denoiser_c_to_hls/denoiser.cpp:78]   --->   Operation 198 'br' 'br_ln78' <Predicate = true> <Delay = 0.00>


============================================================
+ Verbose Summary: Timing violations
============================================================
Target clock period: 10ns, clock uncertainty: 2.7ns.

 <State 1>: 6.31ns
The critical path consists of the following:
	'alloca' operation ('indvar_flatten77') [14]  (0 ns)
	'load' operation ('indvar_flatten77_load', ../denoiser_c_to_hls/denoiser.cpp:76) on local variable 'indvar_flatten77' [75]  (0 ns)
	'icmp' operation ('icmp_ln76', ../denoiser_c_to_hls/denoiser.cpp:76) [79]  (0.721 ns)
	'select' operation ('select_ln74', ../denoiser_c_to_hls/denoiser.cpp:74) [80]  (0.179 ns)
	'add' operation ('add_ln76', ../denoiser_c_to_hls/denoiser.cpp:76) [114]  (0.548 ns)
	'add' operation ('p_mid173', ../denoiser_c_to_hls/denoiser.cpp:76) [121]  (0.797 ns)
	'add' operation ('p_mid175', ../denoiser_c_to_hls/denoiser.cpp:76) [123]  (0.797 ns)
	'add' operation ('add_ln83_3', ../denoiser_c_to_hls/denoiser.cpp:83) [132]  (0.82 ns)
	'add' operation ('add_ln83_4', ../denoiser_c_to_hls/denoiser.cpp:83) [134]  (0.82 ns)
	'select' operation ('select_ln76_3', ../denoiser_c_to_hls/denoiser.cpp:76) [143]  (0.389 ns)
	'getelementptr' operation ('d_addr', ../denoiser_c_to_hls/denoiser.cpp:83) [146]  (0 ns)
	'load' operation ('val.V', ../denoiser_c_to_hls/denoiser.cpp:83) on array 'd' [147]  (1.24 ns)

 <State 2>: 2.59ns
The critical path consists of the following:
	'load' operation ('val.V', ../denoiser_c_to_hls/denoiser.cpp:83) on array 'd' [147]  (1.24 ns)
	'select' operation ('val.V', ../denoiser_c_to_hls/denoiser.cpp:76) [148]  (0.357 ns)
	'mul' operation of DSP[160] ('mul_ln1347') [158]  (0.996 ns)

 <State 3>: 2.23ns
The critical path consists of the following:
	'load' operation ('conv2_kernel_V_load_1') on array 'conv2_kernel_V' [176]  (1.24 ns)
	'mul' operation of DSP[181] ('mul_ln1347_1') [178]  (0.996 ns)

 <State 4>: 0.996ns
The critical path consists of the following:
	'mul' operation of DSP[181] ('mul_ln1347_1') [178]  (0.996 ns)

 <State 5>: 1.29ns
The critical path consists of the following:
	'add' operation of DSP[160] ('ret.V') [160]  (0.645 ns)
	'add' operation of DSP[181] ('ret.V') [181]  (0.645 ns)

 <State 6>: 1.07ns
The critical path consists of the following:
	'add' operation of DSP[181] ('ret.V') [181]  (0.645 ns)
	'store' operation ('store_ln78', ../denoiser_c_to_hls/denoiser.cpp:78) of variable 's_V' on local variable 'lhs' [191]  (0.427 ns)


============================================================
+ Verbose Summary: Binding
============================================================
N/A
* FSMD analyzer results:
  - Output states:
 - Input state : 
  - Chain level:
	State 1
	State 2
	State 3
	State 4
	State 5
	State 6


============================================================
+ Verbose Summary: Datapath Resource usage 
============================================================
N/A
