

================================================================
== Vitis HLS Report for 'inference_Pipeline_loop_kw_1'
================================================================
* Date:           Tue Jun 30 22:18:29 2026

* Version:        2022.2 (Build 3670227 on Oct 13 2022)
* Project:        denoiser
* Solution:       solution1 (Vivado IP Flow Target)
* Product family: zynquplus
* Target device:  xck26-sfvc784-2LV-c


================================================================
== Performance Estimates
================================================================
+ Timing: 
    * Summary: 
    +--------+----------+----------+------------+
    |  Clock |  Target  | Estimated| Uncertainty|
    +--------+----------+----------+------------+
    |ap_clk  |  10.00 ns|  2.805 ns|     2.70 ns|
    +--------+----------+----------+------------+

+ Latency: 
    * Summary: 
    +---------+---------+-----------+----------+-----+-----+---------+
    |  Latency (cycles) |  Latency (absolute)  |  Interval | Pipeline|
    |   min   |   max   |    min    |    max   | min | max |   Type  |
    +---------+---------+-----------+----------+-----+-----+---------+
    |        8|       11|  80.000 ns|  0.110 us|    8|   11|       no|
    +---------+---------+-----------+----------+-----+-----+---------+

    + Detail: 
        * Instance: 
        N/A

        * Loop: 
        +-------------+---------+---------+----------+-----------+-----------+-------+----------+
        |             |  Latency (cycles) | Iteration|  Initiation Interval  |  Trip |          |
        |  Loop Name  |   min   |   max   |  Latency |  achieved |   target  | Count | Pipelined|
        +-------------+---------+---------+----------+-----------+-----------+-------+----------+
        |- loop_kw_1  |        6|        8|         6|          2|          1|  1 ~ 2|       yes|
        +-------------+---------+---------+----------+-----------+-----------+-------+----------+

============================================================
+ Verbose Summary: Synthesis Manager
============================================================
InlineROM: 1
ExposeGlobal: 0
============================================================
+ Verbose Summary: CDFG Model
============================================================
IsTopModel: 0
ResetActiveHigh: 1
IsCombinational: 0
IsDatapathOnly: 0
HasWiredReturn: 1
HasMFsm: 2
HasVarLatency: 1
IsPipeline: 0
IsRtlPipelined: 0
IsInstanceOverlapped: 0
IsDontTouch: 0
HasImplIP: 0
IsGatedGlobalClock: 0

+ Individual pipeline summary: 
  * Pipeline-0: initiation interval (II) = 2, depth = 6


============================================================
+ Verbose Summary: Schedule
============================================================
* Number of FSM states : 9
* Pipeline : 1
  Pipeline-0 : II = 2, D = 6, States = { 2 3 4 5 6 7 }
* Dataflow Pipeline: 0

* FSM state transitions: 
1 --> 2 
2 --> 3 
3 --> 4 
4 --> 5 
5 --> 6 
6 --> 8 9 7 
7 --> 2 
8 --> 
9 --> 8 

* FSM state operations: 

State 1 <SV = 0> <Delay = 0.42>
ST_1 : Operation 10 [1/1] (0.00ns)   --->   "%lhs = alloca i32 1"   --->   Operation 10 'alloca' 'lhs' <Predicate = true> <Delay = 0.00>
ST_1 : Operation 11 [1/1] (0.00ns)   --->   "%j = alloca i32 1"   --->   Operation 11 'alloca' 'j' <Predicate = true> <Delay = 0.00>
ST_1 : Operation 12 [1/1] (0.00ns)   --->   "%zext_ln21_read = read i5 @_ssdm_op_Read.ap_auto.i5, i5 %zext_ln21"   --->   Operation 12 'read' 'zext_ln21_read' <Predicate = true> <Delay = 0.00>
ST_1 : Operation 13 [1/1] (0.00ns)   --->   "%tmp = read i6 @_ssdm_op_Read.ap_auto.i6, i6 %empty"   --->   Operation 13 'read' 'tmp' <Predicate = true> <Delay = 0.00>
ST_1 : Operation 14 [1/1] (0.00ns)   --->   "%brmerge_not_read = read i1 @_ssdm_op_Read.ap_auto.i1, i1 %brmerge_not"   --->   Operation 14 'read' 'brmerge_not_read' <Predicate = true> <Delay = 0.00>
ST_1 : Operation 15 [1/1] (0.00ns)   --->   "%sub_ln32_read = read i10 @_ssdm_op_Read.ap_auto.i10, i10 %sub_ln32"   --->   Operation 15 'read' 'sub_ln32_read' <Predicate = true> <Delay = 0.00>
ST_1 : Operation 16 [1/1] (0.00ns)   --->   "%add_ln30_read = read i6 @_ssdm_op_Read.ap_auto.i6, i6 %add_ln30"   --->   Operation 16 'read' 'add_ln30_read' <Predicate = true> <Delay = 0.00>
ST_1 : Operation 17 [1/1] (0.00ns)   --->   "%s_V_1_read = read i16 @_ssdm_op_Read.ap_auto.i16, i16 %s_V_1"   --->   Operation 17 'read' 's_V_1_read' <Predicate = true> <Delay = 0.00>
ST_1 : Operation 18 [1/1] (0.00ns)   --->   "%zext_ln21_cast = zext i5 %zext_ln21_read"   --->   Operation 18 'zext' 'zext_ln21_cast' <Predicate = true> <Delay = 0.00>
ST_1 : Operation 19 [1/1] (0.42ns)   --->   "%store_ln0 = store i3 0, i3 %j"   --->   Operation 19 'store' 'store_ln0' <Predicate = true> <Delay = 0.42>
ST_1 : Operation 20 [1/1] (0.42ns)   --->   "%store_ln0 = store i16 %s_V_1_read, i16 %lhs"   --->   Operation 20 'store' 'store_ln0' <Predicate = true> <Delay = 0.42>
ST_1 : Operation 21 [1/1] (0.00ns)   --->   "%br_ln0 = br void %for.body17.i.0"   --->   Operation 21 'br' 'br_ln0' <Predicate = true> <Delay = 0.00>

State 2 <SV = 1> <Delay = 2.80>
ST_2 : Operation 22 [1/1] (0.00ns)   --->   "%j_1 = load i3 %j"   --->   Operation 22 'load' 'j_1' <Predicate = true> <Delay = 0.00>
ST_2 : Operation 23 [1/1] (0.00ns)   --->   "%specpipeline_ln0 = specpipeline void @_ssdm_op_SpecPipeline, i32 4294967295, i32 0, i32 1, i32 0, void @p_str"   --->   Operation 23 'specpipeline' 'specpipeline_ln0' <Predicate = true> <Delay = 0.00>
ST_2 : Operation 24 [1/1] (0.58ns)   --->   "%icmp_ln27 = icmp_ult  i3 %j_1, i3 3" [../denoiser_c_to_hls/denoiser.cpp:27]   --->   Operation 24 'icmp' 'icmp_ln27' <Predicate = true> <Delay = 0.58> <CoreInst = "Cmp">   --->   Core 9 'Cmp' <Latency = 0> <II = 1> <Delay = 0.58> <FuncUnit> <Opcode : 'icmp'> <InPorts = 2> <OutPorts = 1>
ST_2 : Operation 25 [1/1] (0.00ns)   --->   "%empty_62 = speclooptripcount i32 @_ssdm_op_SpecLoopTripCount, i64 1, i64 2, i64 1"   --->   Operation 25 'speclooptripcount' 'empty_62' <Predicate = true> <Delay = 0.00>
ST_2 : Operation 26 [1/1] (0.00ns)   --->   "%br_ln27 = br i1 %icmp_ln27, void %for.body17.i.0.for.cond.cleanup16.i_crit_edge.exitStub, void %for.body17.i.0.split_ifconv" [../denoiser_c_to_hls/denoiser.cpp:27]   --->   Operation 26 'br' 'br_ln27' <Predicate = true> <Delay = 0.00>
ST_2 : Operation 27 [1/1] (0.00ns)   --->   "%empty_63 = trunc i3 %j_1"   --->   Operation 27 'trunc' 'empty_63' <Predicate = (icmp_ln27)> <Delay = 0.00>
ST_2 : Operation 28 [1/1] (0.00ns)   --->   "%j_cast87 = zext i3 %j_1"   --->   Operation 28 'zext' 'j_cast87' <Predicate = (icmp_ln27)> <Delay = 0.00>
ST_2 : Operation 29 [1/1] (0.78ns)   --->   "%add_ln30_1 = add i6 %j_cast87, i6 %add_ln30_read" [../denoiser_c_to_hls/denoiser.cpp:30]   --->   Operation 29 'add' 'add_ln30_1' <Predicate = (icmp_ln27)> <Delay = 0.78> <CoreInst = "Adder">   --->   Core 1 'Adder' <Latency = 0> <II = 1> <Delay = 0.78> <FuncUnit> <Opcode : 'add' 'sub'> <InPorts = 2> <OutPorts = 1>
ST_2 : Operation 30 [1/1] (0.00ns)   --->   "%sext_ln32 = sext i6 %add_ln30_1" [../denoiser_c_to_hls/denoiser.cpp:32]   --->   Operation 30 'sext' 'sext_ln32' <Predicate = (icmp_ln27)> <Delay = 0.00>
ST_2 : Operation 31 [1/1] (0.78ns)   --->   "%add_ln32 = add i10 %sub_ln32_read, i10 %sext_ln32" [../denoiser_c_to_hls/denoiser.cpp:32]   --->   Operation 31 'add' 'add_ln32' <Predicate = (icmp_ln27)> <Delay = 0.78> <CoreInst = "Adder">   --->   Core 1 'Adder' <Latency = 0> <II = 1> <Delay = 0.78> <FuncUnit> <Opcode : 'add' 'sub'> <InPorts = 2> <OutPorts = 1>
ST_2 : Operation 32 [1/1] (0.00ns)   --->   "%zext_ln32 = zext i10 %add_ln32" [../denoiser_c_to_hls/denoiser.cpp:32]   --->   Operation 32 'zext' 'zext_ln32' <Predicate = (icmp_ln27)> <Delay = 0.00>
ST_2 : Operation 33 [1/1] (0.00ns)   --->   "%input_addr = getelementptr i16 %input_r, i64 0, i64 %zext_ln32" [../denoiser_c_to_hls/denoiser.cpp:32]   --->   Operation 33 'getelementptr' 'input_addr' <Predicate = (icmp_ln27)> <Delay = 0.00>
ST_2 : Operation 34 [1/1] (0.54ns)   --->   "%add_ln31_1 = add i2 %empty_63, i2 3" [../denoiser_c_to_hls/denoiser.cpp:31]   --->   Operation 34 'add' 'add_ln31_1' <Predicate = (icmp_ln27)> <Delay = 0.54> <CoreInst = "Adder">   --->   Core 1 'Adder' <Latency = 0> <II = 1> <Delay = 0.54> <FuncUnit> <Opcode : 'add' 'sub'> <InPorts = 2> <OutPorts = 1>
ST_2 : Operation 35 [1/1] (0.00ns)   --->   "%sext_ln31 = sext i2 %add_ln31_1" [../denoiser_c_to_hls/denoiser.cpp:31]   --->   Operation 35 'sext' 'sext_ln31' <Predicate = (icmp_ln27)> <Delay = 0.00>
ST_2 : Operation 36 [1/1] (0.78ns)   --->   "%add_ln31 = add i6 %sext_ln31, i6 %zext_ln21_cast" [../denoiser_c_to_hls/denoiser.cpp:31]   --->   Operation 36 'add' 'add_ln31' <Predicate = (icmp_ln27)> <Delay = 0.78> <CoreInst = "Adder">   --->   Core 1 'Adder' <Latency = 0> <II = 1> <Delay = 0.78> <FuncUnit> <Opcode : 'add' 'sub'> <InPorts = 2> <OutPorts = 1>
ST_2 : Operation 37 [1/1] (0.78ns)   --->   "%icmp_ln31 = icmp_ult  i6 %add_ln31, i6 28" [../denoiser_c_to_hls/denoiser.cpp:31]   --->   Operation 37 'icmp' 'icmp_ln31' <Predicate = (icmp_ln27)> <Delay = 0.78> <CoreInst = "Cmp">   --->   Core 9 'Cmp' <Latency = 0> <II = 1> <Delay = 0.78> <FuncUnit> <Opcode : 'icmp'> <InPorts = 2> <OutPorts = 1>
ST_2 : Operation 38 [2/2] (1.23ns)   --->   "%val_V = load i10 %input_addr" [../denoiser_c_to_hls/denoiser.cpp:32]   --->   Operation 38 'load' 'val_V' <Predicate = (icmp_ln27)> <Delay = 1.23> <CoreInst = "RAM">   --->   Core 83 'RAM' <Latency = 1> <II = 1> <Delay = 1.23> <Storage> <Opcode : 'load' 'store'> <Ports = 2> <Width = 16> <Depth = 784> <RAM>
ST_2 : Operation 39 [1/1] (0.78ns)   --->   "%add_ln33 = add i6 %j_cast87, i6 %tmp" [../denoiser_c_to_hls/denoiser.cpp:33]   --->   Operation 39 'add' 'add_ln33' <Predicate = (icmp_ln27)> <Delay = 0.78> <CoreInst = "Adder">   --->   Core 1 'Adder' <Latency = 0> <II = 1> <Delay = 0.78> <FuncUnit> <Opcode : 'add' 'sub'> <InPorts = 2> <OutPorts = 1>
ST_2 : Operation 40 [1/1] (0.00ns)   --->   "%zext_ln1271 = zext i6 %add_ln33"   --->   Operation 40 'zext' 'zext_ln1271' <Predicate = (icmp_ln27)> <Delay = 0.00>
ST_2 : Operation 41 [1/1] (0.00ns)   --->   "%conv1_kernel_V_addr = getelementptr i10 %conv1_kernel_V, i64 0, i64 %zext_ln1271"   --->   Operation 41 'getelementptr' 'conv1_kernel_V_addr' <Predicate = (icmp_ln27)> <Delay = 0.00>
ST_2 : Operation 42 [2/2] (0.67ns)   --->   "%conv1_kernel_V_load = load i6 %conv1_kernel_V_addr"   --->   Operation 42 'load' 'conv1_kernel_V_load' <Predicate = (icmp_ln27)> <Delay = 0.67> <CoreInst = "ROM">   --->   Core 101 'ROM' <Latency = 1> <II = 1> <Delay = 0.67> <Storage> <Opcode : 'load'> <Ports = 0> <Width = 10> <Depth = 36> <ROM>
ST_2 : Operation 43 [1/1] (0.00ns)   --->   "%or_ln27 = or i2 %empty_63, i2 1" [../denoiser_c_to_hls/denoiser.cpp:27]   --->   Operation 43 'or' 'or_ln27' <Predicate = (icmp_ln27)> <Delay = 0.00>
ST_2 : Operation 44 [1/1] (0.00ns)   --->   "%zext_ln23 = zext i2 %or_ln27" [../denoiser_c_to_hls/denoiser.cpp:23]   --->   Operation 44 'zext' 'zext_ln23' <Predicate = (icmp_ln27)> <Delay = 0.00>
ST_2 : Operation 45 [1/1] (0.44ns)   --->   "%icmp_ln27_1 = icmp_eq  i2 %or_ln27, i2 3" [../denoiser_c_to_hls/denoiser.cpp:27]   --->   Operation 45 'icmp' 'icmp_ln27_1' <Predicate = (icmp_ln27)> <Delay = 0.44> <CoreInst = "Cmp">   --->   Core 9 'Cmp' <Latency = 0> <II = 1> <Delay = 0.44> <FuncUnit> <Opcode : 'icmp'> <InPorts = 2> <OutPorts = 1>
ST_2 : Operation 46 [1/1] (0.00ns)   --->   "%br_ln27 = br i1 %icmp_ln27_1, void %for.body17.i.1_ifconv, void %for.body17.i.0.split_ifconv.for.cond.cleanup16.i_crit_edge.exitStub" [../denoiser_c_to_hls/denoiser.cpp:27]   --->   Operation 46 'br' 'br_ln27' <Predicate = (icmp_ln27)> <Delay = 0.00>
ST_2 : Operation 47 [1/1] (0.78ns)   --->   "%add_ln30_2 = add i6 %zext_ln23, i6 %add_ln30_read" [../denoiser_c_to_hls/denoiser.cpp:30]   --->   Operation 47 'add' 'add_ln30_2' <Predicate = (icmp_ln27 & !icmp_ln27_1)> <Delay = 0.78> <CoreInst = "Adder">   --->   Core 1 'Adder' <Latency = 0> <II = 1> <Delay = 0.78> <FuncUnit> <Opcode : 'add' 'sub'> <InPorts = 2> <OutPorts = 1>
ST_2 : Operation 48 [1/1] (0.00ns)   --->   "%sext_ln32_1 = sext i6 %add_ln30_2" [../denoiser_c_to_hls/denoiser.cpp:32]   --->   Operation 48 'sext' 'sext_ln32_1' <Predicate = (icmp_ln27 & !icmp_ln27_1)> <Delay = 0.00>
ST_2 : Operation 49 [1/1] (0.78ns)   --->   "%add_ln32_1 = add i10 %sub_ln32_read, i10 %sext_ln32_1" [../denoiser_c_to_hls/denoiser.cpp:32]   --->   Operation 49 'add' 'add_ln32_1' <Predicate = (icmp_ln27 & !icmp_ln27_1)> <Delay = 0.78> <CoreInst = "Adder">   --->   Core 1 'Adder' <Latency = 0> <II = 1> <Delay = 0.78> <FuncUnit> <Opcode : 'add' 'sub'> <InPorts = 2> <OutPorts = 1>
ST_2 : Operation 50 [1/1] (0.00ns)   --->   "%zext_ln32_1 = zext i10 %add_ln32_1" [../denoiser_c_to_hls/denoiser.cpp:32]   --->   Operation 50 'zext' 'zext_ln32_1' <Predicate = (icmp_ln27 & !icmp_ln27_1)> <Delay = 0.00>
ST_2 : Operation 51 [1/1] (0.00ns)   --->   "%input_addr_1 = getelementptr i16 %input_r, i64 0, i64 %zext_ln32_1" [../denoiser_c_to_hls/denoiser.cpp:32]   --->   Operation 51 'getelementptr' 'input_addr_1' <Predicate = (icmp_ln27 & !icmp_ln27_1)> <Delay = 0.00>
ST_2 : Operation 52 [1/1] (0.78ns)   --->   "%icmp_ln31_1 = icmp_ult  i6 %add_ln30_2, i6 28" [../denoiser_c_to_hls/denoiser.cpp:31]   --->   Operation 52 'icmp' 'icmp_ln31_1' <Predicate = (icmp_ln27 & !icmp_ln27_1)> <Delay = 0.78> <CoreInst = "Cmp">   --->   Core 9 'Cmp' <Latency = 0> <II = 1> <Delay = 0.78> <FuncUnit> <Opcode : 'icmp'> <InPorts = 2> <OutPorts = 1>
ST_2 : Operation 53 [2/2] (1.23ns)   --->   "%val_V_2 = load i10 %input_addr_1" [../denoiser_c_to_hls/denoiser.cpp:32]   --->   Operation 53 'load' 'val_V_2' <Predicate = (icmp_ln27 & !icmp_ln27_1)> <Delay = 1.23> <CoreInst = "RAM">   --->   Core 83 'RAM' <Latency = 1> <II = 1> <Delay = 1.23> <Storage> <Opcode : 'load' 'store'> <Ports = 2> <Width = 16> <Depth = 784> <RAM>
ST_2 : Operation 54 [1/1] (0.78ns)   --->   "%add_ln33_1 = add i6 %zext_ln23, i6 %tmp" [../denoiser_c_to_hls/denoiser.cpp:33]   --->   Operation 54 'add' 'add_ln33_1' <Predicate = (icmp_ln27 & !icmp_ln27_1)> <Delay = 0.78> <CoreInst = "Adder">   --->   Core 1 'Adder' <Latency = 0> <II = 1> <Delay = 0.78> <FuncUnit> <Opcode : 'add' 'sub'> <InPorts = 2> <OutPorts = 1>
ST_2 : Operation 55 [1/1] (0.67ns)   --->   "%add_ln27 = add i3 %j_1, i3 2" [../denoiser_c_to_hls/denoiser.cpp:27]   --->   Operation 55 'add' 'add_ln27' <Predicate = (icmp_ln27 & !icmp_ln27_1)> <Delay = 0.67> <CoreInst = "Adder">   --->   Core 1 'Adder' <Latency = 0> <II = 1> <Delay = 0.67> <FuncUnit> <Opcode : 'add' 'sub'> <InPorts = 2> <OutPorts = 1>
ST_2 : Operation 56 [1/1] (0.42ns)   --->   "%store_ln27 = store i3 %add_ln27, i3 %j" [../denoiser_c_to_hls/denoiser.cpp:27]   --->   Operation 56 'store' 'store_ln27' <Predicate = (icmp_ln27 & !icmp_ln27_1)> <Delay = 0.42>

State 3 <SV = 2> <Delay = 2.59>
ST_3 : Operation 57 [1/1] (0.00ns) (grouped into LUT with out node val_V_5)   --->   "%and_ln31 = and i1 %icmp_ln31, i1 %brmerge_not_read" [../denoiser_c_to_hls/denoiser.cpp:31]   --->   Operation 57 'and' 'and_ln31' <Predicate = (icmp_ln27)> <Delay = 0.00> <CoreInst = "LogicGate">   --->   Core 74 'LogicGate' <Latency = 0> <II = 1> <Delay = 0.28> <FuncUnit> <Opcode : 'and' 'or' 'xor'> <InPorts = 2> <OutPorts = 1>
ST_3 : Operation 58 [1/2] (1.23ns)   --->   "%val_V = load i10 %input_addr" [../denoiser_c_to_hls/denoiser.cpp:32]   --->   Operation 58 'load' 'val_V' <Predicate = (icmp_ln27)> <Delay = 1.23> <CoreInst = "RAM">   --->   Core 83 'RAM' <Latency = 1> <II = 1> <Delay = 1.23> <Storage> <Opcode : 'load' 'store'> <Ports = 2> <Width = 16> <Depth = 784> <RAM>
ST_3 : Operation 59 [1/1] (0.35ns) (out node of the LUT)   --->   "%val_V_5 = select i1 %and_ln31, i16 %val_V, i16 0" [../denoiser_c_to_hls/denoiser.cpp:31]   --->   Operation 59 'select' 'val_V_5' <Predicate = (icmp_ln27)> <Delay = 0.35> <CoreInst = "Sel">   --->   Core 73 'Sel' <Latency = 0> <II = 1> <Delay = 0.35> <FuncUnit> <Opcode : 'select'> <InPorts = 3> <OutPorts = 1>
ST_3 : Operation 60 [1/1] (0.00ns)   --->   "%sext_ln1270 = sext i16 %val_V_5"   --->   Operation 60 'sext' 'sext_ln1270' <Predicate = (icmp_ln27)> <Delay = 0.00>
ST_3 : Operation 61 [1/2] (0.67ns)   --->   "%conv1_kernel_V_load = load i6 %conv1_kernel_V_addr"   --->   Operation 61 'load' 'conv1_kernel_V_load' <Predicate = (icmp_ln27)> <Delay = 0.67> <CoreInst = "ROM">   --->   Core 101 'ROM' <Latency = 1> <II = 1> <Delay = 0.67> <Storage> <Opcode : 'load'> <Ports = 0> <Width = 10> <Depth = 36> <ROM>
ST_3 : Operation 62 [1/1] (0.00ns)   --->   "%sext_ln1273 = sext i10 %conv1_kernel_V_load"   --->   Operation 62 'sext' 'sext_ln1273' <Predicate = (icmp_ln27)> <Delay = 0.00>
ST_3 : Operation 63 [3/3] (0.99ns) (grouped into DSP with root node ret_V)   --->   "%r_V_1 = mul i26 %sext_ln1273, i26 %sext_ln1270"   --->   Operation 63 'mul' 'r_V_1' <Predicate = (icmp_ln27)> <Delay = 0.99> <CoreInst = "DSP48">   --->   Core 127 'DSP48' <Latency = 3> <II = 1> <Delay = 0.53> <IPBlock> <Opcode : 'mul' 'add' 'sub' 'select'> <InPorts = 0> <OutPorts = 1> <Sync> <CReg>
ST_3 : Operation 64 [1/1] (0.00ns) (grouped into LUT with out node val_V_4)   --->   "%and_ln31_1 = and i1 %icmp_ln31_1, i1 %brmerge_not_read" [../denoiser_c_to_hls/denoiser.cpp:31]   --->   Operation 64 'and' 'and_ln31_1' <Predicate = (icmp_ln27 & !icmp_ln27_1)> <Delay = 0.00> <CoreInst = "LogicGate">   --->   Core 74 'LogicGate' <Latency = 0> <II = 1> <Delay = 0.28> <FuncUnit> <Opcode : 'and' 'or' 'xor'> <InPorts = 2> <OutPorts = 1>
ST_3 : Operation 65 [1/2] (1.23ns)   --->   "%val_V_2 = load i10 %input_addr_1" [../denoiser_c_to_hls/denoiser.cpp:32]   --->   Operation 65 'load' 'val_V_2' <Predicate = (icmp_ln27 & !icmp_ln27_1)> <Delay = 1.23> <CoreInst = "RAM">   --->   Core 83 'RAM' <Latency = 1> <II = 1> <Delay = 1.23> <Storage> <Opcode : 'load' 'store'> <Ports = 2> <Width = 16> <Depth = 784> <RAM>
ST_3 : Operation 66 [1/1] (0.35ns) (out node of the LUT)   --->   "%val_V_4 = select i1 %and_ln31_1, i16 %val_V_2, i16 0" [../denoiser_c_to_hls/denoiser.cpp:31]   --->   Operation 66 'select' 'val_V_4' <Predicate = (icmp_ln27 & !icmp_ln27_1)> <Delay = 0.35> <CoreInst = "Sel">   --->   Core 73 'Sel' <Latency = 0> <II = 1> <Delay = 0.35> <FuncUnit> <Opcode : 'select'> <InPorts = 3> <OutPorts = 1>
ST_3 : Operation 67 [1/1] (0.00ns)   --->   "%zext_ln1271_1 = zext i6 %add_ln33_1"   --->   Operation 67 'zext' 'zext_ln1271_1' <Predicate = (icmp_ln27 & !icmp_ln27_1)> <Delay = 0.00>
ST_3 : Operation 68 [1/1] (0.00ns)   --->   "%conv1_kernel_V_addr_1 = getelementptr i10 %conv1_kernel_V, i64 0, i64 %zext_ln1271_1"   --->   Operation 68 'getelementptr' 'conv1_kernel_V_addr_1' <Predicate = (icmp_ln27 & !icmp_ln27_1)> <Delay = 0.00>
ST_3 : Operation 69 [2/2] (0.67ns)   --->   "%conv1_kernel_V_load_1 = load i6 %conv1_kernel_V_addr_1"   --->   Operation 69 'load' 'conv1_kernel_V_load_1' <Predicate = (icmp_ln27 & !icmp_ln27_1)> <Delay = 0.67> <CoreInst = "ROM">   --->   Core 101 'ROM' <Latency = 1> <II = 1> <Delay = 0.67> <Storage> <Opcode : 'load'> <Ports = 0> <Width = 10> <Depth = 36> <ROM>

State 4 <SV = 3> <Delay = 1.67>
ST_4 : Operation 70 [2/3] (0.99ns) (grouped into DSP with root node ret_V)   --->   "%r_V_1 = mul i26 %sext_ln1273, i26 %sext_ln1270"   --->   Operation 70 'mul' 'r_V_1' <Predicate = (icmp_ln27)> <Delay = 0.99> <CoreInst = "DSP48">   --->   Core 127 'DSP48' <Latency = 3> <II = 1> <Delay = 0.53> <IPBlock> <Opcode : 'mul' 'add' 'sub' 'select'> <InPorts = 0> <OutPorts = 1> <Sync> <CReg>
ST_4 : Operation 71 [1/1] (0.00ns)   --->   "%sext_ln1270_1 = sext i16 %val_V_4"   --->   Operation 71 'sext' 'sext_ln1270_1' <Predicate = (icmp_ln27 & !icmp_ln27_1)> <Delay = 0.00>
ST_4 : Operation 72 [1/2] (0.67ns)   --->   "%conv1_kernel_V_load_1 = load i6 %conv1_kernel_V_addr_1"   --->   Operation 72 'load' 'conv1_kernel_V_load_1' <Predicate = (icmp_ln27 & !icmp_ln27_1)> <Delay = 0.67> <CoreInst = "ROM">   --->   Core 101 'ROM' <Latency = 1> <II = 1> <Delay = 0.67> <Storage> <Opcode : 'load'> <Ports = 0> <Width = 10> <Depth = 36> <ROM>
ST_4 : Operation 73 [1/1] (0.00ns)   --->   "%sext_ln1273_1 = sext i10 %conv1_kernel_V_load_1"   --->   Operation 73 'sext' 'sext_ln1273_1' <Predicate = (icmp_ln27 & !icmp_ln27_1)> <Delay = 0.00>
ST_4 : Operation 74 [3/3] (0.99ns) (grouped into DSP with root node ret_V_1)   --->   "%r_V_3 = mul i26 %sext_ln1273_1, i26 %sext_ln1270_1"   --->   Operation 74 'mul' 'r_V_3' <Predicate = (icmp_ln27 & !icmp_ln27_1)> <Delay = 0.99> <CoreInst = "DSP48">   --->   Core 127 'DSP48' <Latency = 3> <II = 1> <Delay = 0.53> <IPBlock> <Opcode : 'mul' 'add' 'sub' 'select'> <InPorts = 0> <OutPorts = 1> <Sync> <CReg>

State 5 <SV = 4> <Delay = 0.99>
ST_5 : Operation 75 [1/1] (0.00ns)   --->   "%lhs_load = load i16 %lhs"   --->   Operation 75 'load' 'lhs_load' <Predicate = (icmp_ln27)> <Delay = 0.00>
ST_5 : Operation 76 [1/3] (0.00ns) (grouped into DSP with root node ret_V)   --->   "%r_V_1 = mul i26 %sext_ln1273, i26 %sext_ln1270"   --->   Operation 76 'mul' 'r_V_1' <Predicate = (icmp_ln27)> <Delay = 0.00> <CoreInst = "DSP48">   --->   Core 127 'DSP48' <Latency = 3> <II = 1> <Delay = 0.53> <IPBlock> <Opcode : 'mul' 'add' 'sub' 'select'> <InPorts = 0> <OutPorts = 1> <Sync> <CReg>
ST_5 : Operation 77 [1/1] (0.00ns)   --->   "%lhs_1 = bitconcatenate i26 @_ssdm_op_BitConcatenate.i26.i16.i10, i16 %lhs_load, i10 0"   --->   Operation 77 'bitconcatenate' 'lhs_1' <Predicate = (icmp_ln27)> <Delay = 0.00>
ST_5 : Operation 78 [2/2] (0.64ns) (root node of the DSP)   --->   "%ret_V = add i26 %lhs_1, i26 %r_V_1"   --->   Operation 78 'add' 'ret_V' <Predicate = (icmp_ln27)> <Delay = 0.64> <CoreInst = "DSP48">   --->   Core 127 'DSP48' <Latency = 3> <II = 1> <Delay = 0.53> <IPBlock> <Opcode : 'mul' 'add' 'sub' 'select'> <InPorts = 0> <OutPorts = 1> <Sync> <CReg>
ST_5 : Operation 79 [2/3] (0.99ns) (grouped into DSP with root node ret_V_1)   --->   "%r_V_3 = mul i26 %sext_ln1273_1, i26 %sext_ln1270_1"   --->   Operation 79 'mul' 'r_V_3' <Predicate = (icmp_ln27 & !icmp_ln27_1)> <Delay = 0.99> <CoreInst = "DSP48">   --->   Core 127 'DSP48' <Latency = 3> <II = 1> <Delay = 0.53> <IPBlock> <Opcode : 'mul' 'add' 'sub' 'select'> <InPorts = 0> <OutPorts = 1> <Sync> <CReg>

State 6 <SV = 5> <Delay = 1.29>
ST_6 : Operation 80 [1/1] (0.00ns)   --->   "%specloopname_ln23 = specloopname void @_ssdm_op_SpecLoopName, void @empty_8" [../denoiser_c_to_hls/denoiser.cpp:23]   --->   Operation 80 'specloopname' 'specloopname_ln23' <Predicate = (icmp_ln27)> <Delay = 0.00>
ST_6 : Operation 81 [1/2] (0.64ns) (root node of the DSP)   --->   "%ret_V = add i26 %lhs_1, i26 %r_V_1"   --->   Operation 81 'add' 'ret_V' <Predicate = (icmp_ln27)> <Delay = 0.64> <CoreInst = "DSP48">   --->   Core 127 'DSP48' <Latency = 3> <II = 1> <Delay = 0.53> <IPBlock> <Opcode : 'mul' 'add' 'sub' 'select'> <InPorts = 0> <OutPorts = 1> <Sync> <CReg>
ST_6 : Operation 82 [1/1] (0.00ns)   --->   "%s_V_2 = partselect i16 @_ssdm_op_PartSelect.i16.i26.i32.i32, i26 %ret_V, i32 10, i32 25"   --->   Operation 82 'partselect' 's_V_2' <Predicate = (icmp_ln27)> <Delay = 0.00>
ST_6 : Operation 83 [1/3] (0.00ns) (grouped into DSP with root node ret_V_1)   --->   "%r_V_3 = mul i26 %sext_ln1273_1, i26 %sext_ln1270_1"   --->   Operation 83 'mul' 'r_V_3' <Predicate = (icmp_ln27 & !icmp_ln27_1)> <Delay = 0.00> <CoreInst = "DSP48">   --->   Core 127 'DSP48' <Latency = 3> <II = 1> <Delay = 0.53> <IPBlock> <Opcode : 'mul' 'add' 'sub' 'select'> <InPorts = 0> <OutPorts = 1> <Sync> <CReg>
ST_6 : Operation 84 [1/1] (0.00ns)   --->   "%lhs_3 = bitconcatenate i26 @_ssdm_op_BitConcatenate.i26.i16.i10, i16 %s_V_2, i10 0"   --->   Operation 84 'bitconcatenate' 'lhs_3' <Predicate = (icmp_ln27 & !icmp_ln27_1)> <Delay = 0.00>
ST_6 : Operation 85 [2/2] (0.64ns) (root node of the DSP)   --->   "%ret_V_1 = add i26 %lhs_3, i26 %r_V_3"   --->   Operation 85 'add' 'ret_V_1' <Predicate = (icmp_ln27 & !icmp_ln27_1)> <Delay = 0.64> <CoreInst = "DSP48">   --->   Core 127 'DSP48' <Latency = 3> <II = 1> <Delay = 0.53> <IPBlock> <Opcode : 'mul' 'add' 'sub' 'select'> <InPorts = 0> <OutPorts = 1> <Sync> <CReg>

State 7 <SV = 6> <Delay = 1.07>
ST_7 : Operation 86 [1/2] (0.64ns) (root node of the DSP)   --->   "%ret_V_1 = add i26 %lhs_3, i26 %r_V_3"   --->   Operation 86 'add' 'ret_V_1' <Predicate = (icmp_ln27 & !icmp_ln27_1)> <Delay = 0.64> <CoreInst = "DSP48">   --->   Core 127 'DSP48' <Latency = 3> <II = 1> <Delay = 0.53> <IPBlock> <Opcode : 'mul' 'add' 'sub' 'select'> <InPorts = 0> <OutPorts = 1> <Sync> <CReg>
ST_7 : Operation 87 [1/1] (0.00ns)   --->   "%s_V = partselect i16 @_ssdm_op_PartSelect.i16.i26.i32.i32, i26 %ret_V_1, i32 10, i32 25"   --->   Operation 87 'partselect' 's_V' <Predicate = (icmp_ln27 & !icmp_ln27_1)> <Delay = 0.00>
ST_7 : Operation 88 [1/1] (0.42ns)   --->   "%store_ln27 = store i16 %s_V, i16 %lhs" [../denoiser_c_to_hls/denoiser.cpp:27]   --->   Operation 88 'store' 'store_ln27' <Predicate = (icmp_ln27 & !icmp_ln27_1)> <Delay = 0.42>
ST_7 : Operation 89 [1/1] (0.00ns)   --->   "%br_ln27 = br void %for.body17.i.0" [../denoiser_c_to_hls/denoiser.cpp:27]   --->   Operation 89 'br' 'br_ln27' <Predicate = (icmp_ln27 & !icmp_ln27_1)> <Delay = 0.00>

State 8 <SV = 6> <Delay = 0.42>
ST_8 : Operation 90 [1/1] (0.00ns)   --->   "%write_ln838 = write void @_ssdm_op_Write.ap_auto.i16P0A, i16 %s_V_13_out, i16 %lhs_load"   --->   Operation 90 'write' 'write_ln838' <Predicate = (icmp_ln27)> <Delay = 0.00>
ST_8 : Operation 91 [1/1] (0.00ns)   --->   "%write_ln818 = write void @_ssdm_op_Write.ap_auto.i16P0A, i16 %s_V_14_out, i16 %s_V_2"   --->   Operation 91 'write' 'write_ln818' <Predicate = (icmp_ln27)> <Delay = 0.00>
ST_8 : Operation 92 [1/1] (0.42ns)   --->   "%br_ln0 = br void %UnifiedReturnBlock"   --->   Operation 92 'br' 'br_ln0' <Predicate = (icmp_ln27)> <Delay = 0.42>
ST_8 : Operation 93 [1/1] (0.00ns)   --->   "%UnifiedRetVal = phi i1 1, void %for.body17.i.0.for.cond.cleanup16.i_crit_edge.exitStub, i1 0, void %for.body17.i.0.split_ifconv.for.cond.cleanup16.i_crit_edge.exitStub"   --->   Operation 93 'phi' 'UnifiedRetVal' <Predicate = true> <Delay = 0.00>
ST_8 : Operation 94 [1/1] (0.00ns)   --->   "%ret_ln0 = ret i1 %UnifiedRetVal"   --->   Operation 94 'ret' 'ret_ln0' <Predicate = true> <Delay = 0.00>

State 9 <SV = 2> <Delay = 0.42>
ST_9 : Operation 95 [1/1] (0.00ns)   --->   "%lhs_load_1 = load i16 %lhs"   --->   Operation 95 'load' 'lhs_load_1' <Predicate = true> <Delay = 0.00>
ST_9 : Operation 96 [1/1] (0.00ns)   --->   "%write_ln0 = write void @_ssdm_op_Write.ap_auto.i16P0A, i16 %s_V_13_out, i16 %lhs_load_1"   --->   Operation 96 'write' 'write_ln0' <Predicate = true> <Delay = 0.00>
ST_9 : Operation 97 [1/1] (0.42ns)   --->   "%br_ln0 = br void %UnifiedReturnBlock"   --->   Operation 97 'br' 'br_ln0' <Predicate = true> <Delay = 0.42>


============================================================
+ Verbose Summary: Timing violations
============================================================
Target clock period: 10ns, clock uncertainty: 2.7ns.

 <State 1>: 0.427ns
The critical path consists of the following:
	'alloca' operation ('j') [12]  (0 ns)
	'store' operation ('store_ln0') of constant 0 on local variable 'j' [20]  (0.427 ns)

 <State 2>: 2.81ns
The critical path consists of the following:
	'load' operation ('j') on local variable 'j' [24]  (0 ns)
	'or' operation ('or_ln27', ../denoiser_c_to_hls/denoiser.cpp:27) [56]  (0 ns)
	'add' operation ('add_ln30_2', ../denoiser_c_to_hls/denoiser.cpp:30) [61]  (0.781 ns)
	'add' operation ('add_ln32_1', ../denoiser_c_to_hls/denoiser.cpp:32) [63]  (0.787 ns)
	'getelementptr' operation ('input_addr_1', ../denoiser_c_to_hls/denoiser.cpp:32) [65]  (0 ns)
	'load' operation ('val.V', ../denoiser_c_to_hls/denoiser.cpp:32) on array 'input_r' [68]  (1.24 ns)

 <State 3>: 2.59ns
The critical path consists of the following:
	'load' operation ('val.V', ../denoiser_c_to_hls/denoiser.cpp:32) on array 'input_r' [44]  (1.24 ns)
	'select' operation ('val.V', ../denoiser_c_to_hls/denoiser.cpp:31) [45]  (0.357 ns)
	'mul' operation of DSP[54] ('r.V') [52]  (0.996 ns)

 <State 4>: 1.67ns
The critical path consists of the following:
	'load' operation ('conv1_kernel_V_load_1') on array 'conv1_kernel_V' [74]  (0.677 ns)
	'mul' operation of DSP[78] ('r.V') [76]  (0.996 ns)

 <State 5>: 0.996ns
The critical path consists of the following:
	'mul' operation of DSP[78] ('r.V') [76]  (0.996 ns)

 <State 6>: 1.29ns
The critical path consists of the following:
	'add' operation of DSP[54] ('ret.V') [54]  (0.645 ns)
	'add' operation of DSP[78] ('ret.V') [78]  (0.645 ns)

 <State 7>: 1.07ns
The critical path consists of the following:
	'add' operation of DSP[78] ('ret.V') [78]  (0.645 ns)
	'store' operation ('store_ln27', ../denoiser_c_to_hls/denoiser.cpp:27) of variable 's.V' on local variable 'lhs' [82]  (0.427 ns)

 <State 8>: 0.427ns
The critical path consists of the following:
	multiplexor before 'phi' operation ('UnifiedRetVal') [93]  (0.427 ns)
	'phi' operation ('UnifiedRetVal') [93]  (0 ns)

 <State 9>: 0.427ns
The critical path consists of the following:
	multiplexor before 'phi' operation ('UnifiedRetVal') [93]  (0.427 ns)


============================================================
+ Verbose Summary: Binding
============================================================
N/A
* FSMD analyzer results:
  - Output states:
 - Input state : 
  - Chain level:
	State 1
	State 2
	State 3
	State 4
	State 5
	State 6
	State 7
	State 8
	State 9


============================================================
+ Verbose Summary: Datapath Resource usage 
============================================================
N/A
