Start C++ inference on 5 images...

========== C++ INFERENCE RESULTS ==========
Processed images: 5

--- Accuracy of conversion (C++ vs Python gold) ---
Average MSE  : 0.0000
Std Dev MSE  : 0.0000
Average PSNR : 43.5471 dB
Std Dev PSNR : 1.0773 dB

--- Denoising quality (C++ vs ground truth) ---
Average MSE  : 0.0121
Std Dev MSE  : 0.0032
Average PSNR : 19.3257 dB
Std Dev PSNR : 1.2004 dB


C:\Nam_3_HK2_2025_2026\Do_an_1\c_inter_to_hls\denoiser\solution1\sim\verilog>set PATH= 

C:\Nam_3_HK2_2025_2026\Do_an_1\c_inter_to_hls\denoiser\solution1\sim\verilog>call C:/Xilinx/Vivado/2022.2/bin/xelab xil_defaultlib.apatb_denoiser_top_top glbl -Oenable_linking_all_libraries  -prj denoiser_top.prj -L smartconnect_v1_0 -L axi_protocol_checker_v1_1_12 -L axi_protocol_checker_v1_1_13 -L axis_protocol_checker_v1_1_11 -L axis_protocol_checker_v1_1_12 -L xil_defaultlib -L unisims_ver -L xpm  -L floating_point_v7_0_20 -L floating_point_v7_1_15 --lib "ieee_proposed=./ieee_proposed" -s denoiser_top -debug wave 
Vivado Simulator v2022.2
Copyright 1986-1999, 2001-2022 Xilinx, Inc. All Rights Reserved.
Running: C:/Xilinx/Vivado/2022.2/bin/unwrapped/win64.o/xelab.exe xil_defaultlib.apatb_denoiser_top_top glbl -Oenable_linking_all_libraries -prj denoiser_top.prj -L smartconnect_v1_0 -L axi_protocol_checker_v1_1_12 -L axi_protocol_checker_v1_1_13 -L axis_protocol_checker_v1_1_11 -L axis_protocol_checker_v1_1_12 -L xil_defaultlib -L unisims_ver -L xpm -L floating_point_v7_0_20 -L floating_point_v7_1_15 --lib ieee_proposed=./ieee_proposed -s denoiser_top -debug wave 
Multi-threading is on. Using 10 slave threads.
INFO: [VRFC 10-2263] Analyzing SystemVerilog file "C:/Nam_3_HK2_2025_2026/Do_an_1/c_inter_to_hls/denoiser/solution1/sim/verilog/glbl.v" into library work
INFO: [VRFC 10-311] analyzing module glbl
INFO: [VRFC 10-2263] Analyzing SystemVerilog file "C:/Nam_3_HK2_2025_2026/Do_an_1/c_inter_to_hls/denoiser/solution1/sim/verilog/AESL_axi_master_gmem0.v" into library xil_defaultlib
INFO: [VRFC 10-311] analyzing module AESL_axi_master_gmem0
INFO: [VRFC 10-2263] Analyzing SystemVerilog file "C:/Nam_3_HK2_2025_2026/Do_an_1/c_inter_to_hls/denoiser/solution1/sim/verilog/AESL_axi_master_gmem1.v" into library xil_defaultlib
INFO: [VRFC 10-311] analyzing module AESL_axi_master_gmem1
INFO: [VRFC 10-2263] Analyzing SystemVerilog file "C:/Nam_3_HK2_2025_2026/Do_an_1/c_inter_to_hls/denoiser/solution1/sim/verilog/AESL_axi_slave_control.v" into library xil_defaultlib
INFO: [VRFC 10-311] analyzing module AESL_axi_slave_control
INFO: [VRFC 10-2263] Analyzing SystemVerilog file "C:/Nam_3_HK2_2025_2026/Do_an_1/c_inter_to_hls/denoiser/solution1/sim/verilog/denoiser_top.autotb.v" into library xil_defaultlib
INFO: [VRFC 10-311] analyzing module apatb_denoiser_top_top
INFO: [VRFC 10-2263] Analyzing SystemVerilog file "C:/Nam_3_HK2_2025_2026/Do_an_1/c_inter_to_hls/denoiser/solution1/sim/verilog/denoiser_top.v" into library xil_defaultlib
INFO: [VRFC 10-311] analyzing module denoiser_top
INFO: [VRFC 10-2263] Analyzing SystemVerilog file "C:/Nam_3_HK2_2025_2026/Do_an_1/c_inter_to_hls/denoiser/solution1/sim/verilog/denoiser_top_control_s_axi.v" into library xil_defaultlib
INFO: [VRFC 10-311] analyzing module denoiser_top_control_s_axi
INFO: [VRFC 10-2263] Analyzing SystemVerilog file "C:/Nam_3_HK2_2025_2026/Do_an_1/c_inter_to_hls/denoiser/solution1/sim/verilog/denoiser_top_denoiser_top_Pipeline_VITIS_LOOP_18_1.v" into library xil_defaultlib
INFO: [VRFC 10-311] analyzing module denoiser_top_denoiser_top_Pipeline_VITIS_LOOP_18_1
INFO: [VRFC 10-2263] Analyzing SystemVerilog file "C:/Nam_3_HK2_2025_2026/Do_an_1/c_inter_to_hls/denoiser/solution1/sim/verilog/denoiser_top_denoiser_top_Pipeline_VITIS_LOOP_25_2.v" into library xil_defaultlib
INFO: [VRFC 10-311] analyzing module denoiser_top_denoiser_top_Pipeline_VITIS_LOOP_25_2
INFO: [VRFC 10-2263] Analyzing SystemVerilog file "C:/Nam_3_HK2_2025_2026/Do_an_1/c_inter_to_hls/denoiser/solution1/sim/verilog/denoiser_top_d_RAM_AUTO_1R1W.v" into library xil_defaultlib
INFO: [VRFC 10-311] analyzing module denoiser_top_d_RAM_AUTO_1R1W
INFO: [VRFC 10-2263] Analyzing SystemVerilog file "C:/Nam_3_HK2_2025_2026/Do_an_1/c_inter_to_hls/denoiser/solution1/sim/verilog/denoiser_top_flow_control_loop_pipe_sequential_init.v" into library xil_defaultlib
INFO: [VRFC 10-311] analyzing module denoiser_top_flow_control_loop_pipe_sequential_init
INFO: [VRFC 10-2263] Analyzing SystemVerilog file "C:/Nam_3_HK2_2025_2026/Do_an_1/c_inter_to_hls/denoiser/solution1/sim/verilog/denoiser_top_gmem0_m_axi.v" into library xil_defaultlib
INFO: [VRFC 10-311] analyzing module denoiser_top_gmem0_m_axi
INFO: [VRFC 10-311] analyzing module denoiser_top_gmem0_m_axi_load
INFO: [VRFC 10-311] analyzing module denoiser_top_gmem0_m_axi_store
INFO: [VRFC 10-311] analyzing module denoiser_top_gmem0_m_axi_read
INFO: [VRFC 10-311] analyzing module denoiser_top_gmem0_m_axi_write
INFO: [VRFC 10-311] analyzing module denoiser_top_gmem0_m_axi_throttle
INFO: [VRFC 10-311] analyzing module denoiser_top_gmem0_m_axi_reg_slice
INFO: [VRFC 10-311] analyzing module denoiser_top_gmem0_m_axi_fifo
INFO: [VRFC 10-311] analyzing module denoiser_top_gmem0_m_axi_srl
INFO: [VRFC 10-311] analyzing module denoiser_top_gmem0_m_axi_mem
INFO: [VRFC 10-2263] Analyzing SystemVerilog file "C:/Nam_3_HK2_2025_2026/Do_an_1/c_inter_to_hls/denoiser/solution1/sim/verilog/denoiser_top_gmem1_m_axi.v" into library xil_defaultlib
INFO: [VRFC 10-311] analyzing module denoiser_top_gmem1_m_axi
INFO: [VRFC 10-311] analyzing module denoiser_top_gmem1_m_axi_load
INFO: [VRFC 10-311] analyzing module denoiser_top_gmem1_m_axi_store
INFO: [VRFC 10-311] analyzing module denoiser_top_gmem1_m_axi_read
INFO: [VRFC 10-311] analyzing module denoiser_top_gmem1_m_axi_write
INFO: [VRFC 10-311] analyzing module denoiser_top_gmem1_m_axi_throttle
INFO: [VRFC 10-311] analyzing module denoiser_top_gmem1_m_axi_reg_slice
INFO: [VRFC 10-311] analyzing module denoiser_top_gmem1_m_axi_fifo
INFO: [VRFC 10-311] analyzing module denoiser_top_gmem1_m_axi_srl
INFO: [VRFC 10-311] analyzing module denoiser_top_gmem1_m_axi_mem
INFO: [VRFC 10-2263] Analyzing SystemVerilog file "C:/Nam_3_HK2_2025_2026/Do_an_1/c_inter_to_hls/denoiser/solution1/sim/verilog/denoiser_top_inference.v" into library xil_defaultlib
INFO: [VRFC 10-311] analyzing module denoiser_top_inference
INFO: [VRFC 10-2263] Analyzing SystemVerilog file "C:/Nam_3_HK2_2025_2026/Do_an_1/c_inter_to_hls/denoiser/solution1/sim/verilog/denoiser_top_inference_conv2_bias_V_ROM_AUTO_1R.v" into library xil_defaultlib
INFO: [VRFC 10-311] analyzing module denoiser_top_inference_conv2_bias_V_ROM_AUTO_1R
INFO: [VRFC 10-2263] Analyzing SystemVerilog file "C:/Nam_3_HK2_2025_2026/Do_an_1/c_inter_to_hls/denoiser/solution1/sim/verilog/denoiser_top_inference_exp_x_msb_1_table_V_ROM_AUTO_1R.v" into library xil_defaultlib
INFO: [VRFC 10-311] analyzing module denoiser_top_inference_exp_x_msb_1_table_V_ROM_AUTO_1R
INFO: [VRFC 10-2263] Analyzing SystemVerilog file "C:/Nam_3_HK2_2025_2026/Do_an_1/c_inter_to_hls/denoiser/solution1/sim/verilog/denoiser_top_inference_f_x_msb_2_table_V_ROM_AUTO_1R.v" into library xil_defaultlib
INFO: [VRFC 10-311] analyzing module denoiser_top_inference_f_x_msb_2_table_V_ROM_AUTO_1R
INFO: [VRFC 10-2263] Analyzing SystemVerilog file "C:/Nam_3_HK2_2025_2026/Do_an_1/c_inter_to_hls/denoiser/solution1/sim/verilog/denoiser_top_inference_Pipeline_loop_kh_2_loop_kw_2_loop_ic_2.v" into library xil_defaultlib
INFO: [VRFC 10-311] analyzing module denoiser_top_inference_Pipeline_loop_kh_2_loop_kw_2_loop_ic_2
INFO: [VRFC 10-2263] Analyzing SystemVerilog file "C:/Nam_3_HK2_2025_2026/Do_an_1/c_inter_to_hls/denoiser/solution1/sim/verilog/denoiser_top_inference_Pipeline_loop_kh_2_loop_kw_2_loop_ic_2_conv2_kernel_V_ROM_AUTO_1R.v" into library xil_defaultlib
INFO: [VRFC 10-311] analyzing module denoiser_top_inference_Pipeline_loop_kh_2_loop_kw_2_loop_ic_2_conv2_kernel_V_ROM_AUTO_1R
INFO: [VRFC 10-2263] Analyzing SystemVerilog file "C:/Nam_3_HK2_2025_2026/Do_an_1/c_inter_to_hls/denoiser/solution1/sim/verilog/denoiser_top_inference_Pipeline_loop_kh_3_loop_kw_3_loop_ic_3.v" into library xil_defaultlib
INFO: [VRFC 10-311] analyzing module denoiser_top_inference_Pipeline_loop_kh_3_loop_kw_3_loop_ic_3
INFO: [VRFC 10-2263] Analyzing SystemVerilog file "C:/Nam_3_HK2_2025_2026/Do_an_1/c_inter_to_hls/denoiser/solution1/sim/verilog/denoiser_top_inference_Pipeline_loop_kh_3_loop_kw_3_loop_ic_3_conv3_kernel_V_ROM_AUTO_1R.v" into library xil_defaultlib
INFO: [VRFC 10-311] analyzing module denoiser_top_inference_Pipeline_loop_kh_3_loop_kw_3_loop_ic_3_conv3_kernel_V_ROM_AUTO_1R
INFO: [VRFC 10-2263] Analyzing SystemVerilog file "C:/Nam_3_HK2_2025_2026/Do_an_1/c_inter_to_hls/denoiser/solution1/sim/verilog/denoiser_top_inference_Pipeline_loop_kh_out_loop_kw_out_loop_ic_out.v" into library xil_defaultlib
INFO: [VRFC 10-311] analyzing module denoiser_top_inference_Pipeline_loop_kh_out_loop_kw_out_loop_ic_out
INFO: [VRFC 10-2263] Analyzing SystemVerilog file "C:/Nam_3_HK2_2025_2026/Do_an_1/c_inter_to_hls/denoiser/solution1/sim/verilog/denoiser_top_inference_Pipeline_loop_kh_out_loop_kw_out_loop_ic_out_conv_out_kernel_V_ROM_bkb.v" into library xil_defaultlib
INFO: [VRFC 10-311] analyzing module denoiser_top_inference_Pipeline_loop_kh_out_loop_kw_out_loop_ic_out_conv_out_kernel_V_ROM_bkb
INFO: [VRFC 10-2263] Analyzing SystemVerilog file "C:/Nam_3_HK2_2025_2026/Do_an_1/c_inter_to_hls/denoiser/solution1/sim/verilog/denoiser_top_inference_Pipeline_loop_kw_1.v" into library xil_defaultlib
INFO: [VRFC 10-311] analyzing module denoiser_top_inference_Pipeline_loop_kw_1
INFO: [VRFC 10-2263] Analyzing SystemVerilog file "C:/Nam_3_HK2_2025_2026/Do_an_1/c_inter_to_hls/denoiser/solution1/sim/verilog/denoiser_top_inference_Pipeline_loop_kw_1_conv1_kernel_V_ROM_AUTO_1R.v" into library xil_defaultlib
INFO: [VRFC 10-311] analyzing module denoiser_top_inference_Pipeline_loop_kw_1_conv1_kernel_V_ROM_AUTO_1R
INFO: [VRFC 10-2263] Analyzing SystemVerilog file "C:/Nam_3_HK2_2025_2026/Do_an_1/c_inter_to_hls/denoiser/solution1/sim/verilog/denoiser_top_inference_Pipeline_VITIS_LOOP_45_1_VITIS_LOOP_46_2_VITIS_LOOP_47_3.v" into library xil_defaultlib
INFO: [VRFC 10-311] analyzing module denoiser_top_inference_Pipeline_VITIS_LOOP_45_1_VITIS_LOOP_46_2_VITIS_LOOP_47_3
INFO: [VRFC 10-2263] Analyzing SystemVerilog file "C:/Nam_3_HK2_2025_2026/Do_an_1/c_inter_to_hls/denoiser/solution1/sim/verilog/denoiser_top_inference_Pipeline_VITIS_LOOP_97_1_VITIS_LOOP_98_2_VITIS_LOOP_99_3.v" into library xil_defaultlib
INFO: [VRFC 10-311] analyzing module denoiser_top_inference_Pipeline_VITIS_LOOP_97_1_VITIS_LOOP_98_2_VITIS_LOOP_99_3
INFO: [VRFC 10-2263] Analyzing SystemVerilog file "C:/Nam_3_HK2_2025_2026/Do_an_1/c_inter_to_hls/denoiser/solution1/sim/verilog/denoiser_top_in_buf_V_RAM_AUTO_1R1W.v" into library xil_defaultlib
INFO: [VRFC 10-311] analyzing module denoiser_top_in_buf_V_RAM_AUTO_1R1W
INFO: [VRFC 10-2263] Analyzing SystemVerilog file "C:/Nam_3_HK2_2025_2026/Do_an_1/c_inter_to_hls/denoiser/solution1/sim/verilog/denoiser_top_mac_muladd_10s_16s_26ns_26_4_1.v" into library xil_defaultlib
INFO: [VRFC 10-311] analyzing module denoiser_top_mac_muladd_10s_16s_26ns_26_4_1_DSP48_0
INFO: [VRFC 10-311] analyzing module denoiser_top_mac_muladd_10s_16s_26ns_26_4_1
INFO: [VRFC 10-2263] Analyzing SystemVerilog file "C:/Nam_3_HK2_2025_2026/Do_an_1/c_inter_to_hls/denoiser/solution1/sim/verilog/denoiser_top_mac_muladd_11s_16s_26ns_26_4_1.v" into library xil_defaultlib
INFO: [VRFC 10-311] analyzing module denoiser_top_mac_muladd_11s_16s_26ns_26_4_1_DSP48_1
INFO: [VRFC 10-311] analyzing module denoiser_top_mac_muladd_11s_16s_26ns_26_4_1
INFO: [VRFC 10-2263] Analyzing SystemVerilog file "C:/Nam_3_HK2_2025_2026/Do_an_1/c_inter_to_hls/denoiser/solution1/sim/verilog/denoiser_top_mac_muladd_12s_16s_26ns_26_4_1.v" into library xil_defaultlib
INFO: [VRFC 10-311] analyzing module denoiser_top_mac_muladd_12s_16s_26ns_26_4_1_DSP48_2
INFO: [VRFC 10-311] analyzing module denoiser_top_mac_muladd_12s_16s_26ns_26_4_1
INFO: [VRFC 10-2263] Analyzing SystemVerilog file "C:/Nam_3_HK2_2025_2026/Do_an_1/c_inter_to_hls/denoiser/solution1/sim/verilog/denoiser_top_mul_50ns_50ns_100_1_1.v" into library xil_defaultlib
INFO: [VRFC 10-311] analyzing module denoiser_top_mul_50ns_50ns_100_1_1
INFO: [VRFC 10-2263] Analyzing SystemVerilog file "C:/Nam_3_HK2_2025_2026/Do_an_1/c_inter_to_hls/denoiser/solution1/sim/verilog/denoiser_top_mux_42_16_1_1.v" into library xil_defaultlib
INFO: [VRFC 10-311] analyzing module denoiser_top_mux_42_16_1_1
INFO: [VRFC 10-2263] Analyzing SystemVerilog file "C:/Nam_3_HK2_2025_2026/Do_an_1/c_inter_to_hls/denoiser/solution1/sim/verilog/denoiser_top_out_buf8_RAM_AUTO_1R1W.v" into library xil_defaultlib
INFO: [VRFC 10-311] analyzing module denoiser_top_out_buf8_RAM_AUTO_1R1W
INFO: [VRFC 10-2263] Analyzing SystemVerilog file "C:/Nam_3_HK2_2025_2026/Do_an_1/c_inter_to_hls/denoiser/solution1/sim/verilog/denoiser_top_sdiv_34ns_33s_34_38_seq_1.v" into library xil_defaultlib
INFO: [VRFC 10-311] analyzing module denoiser_top_sdiv_34ns_33s_34_38_seq_1_divseq
INFO: [VRFC 10-311] analyzing module denoiser_top_sdiv_34ns_33s_34_38_seq_1
INFO: [VRFC 10-2263] Analyzing SystemVerilog file "C:/Nam_3_HK2_2025_2026/Do_an_1/c_inter_to_hls/denoiser/solution1/sim/verilog/dataflow_monitor.sv" into library xil_defaultlib
INFO: [VRFC 10-311] analyzing module dataflow_monitor
Starting static elaboration
Pass Through NonSizing Optimizer
Completed static elaboration
Starting simulation data flow analysis
Completed simulation data flow analysis
Time Resolution for simulation is 1ps
Compiling package xil_defaultlib.$unit_dataflow_monitor_sv
Compiling module xil_defaultlib.denoiser_top_d_RAM_AUTO_1R1W_def...
Compiling module xil_defaultlib.denoiser_top_in_buf_V_RAM_AUTO_1...
Compiling module xil_defaultlib.denoiser_top_out_buf8_RAM_AUTO_1...
Compiling module xil_defaultlib.denoiser_top_flow_control_loop_p...
Compiling module xil_defaultlib.denoiser_top_denoiser_top_Pipeli...
Compiling module xil_defaultlib.denoiser_top_inference_conv2_bia...
Compiling module xil_defaultlib.denoiser_top_inference_f_x_msb_2...
Compiling module xil_defaultlib.denoiser_top_inference_exp_x_msb...
Compiling module xil_defaultlib.denoiser_top_inference_Pipeline_...
Compiling module xil_defaultlib.denoiser_top_inference_Pipeline_...
Compiling module xil_defaultlib.denoiser_top_mac_muladd_10s_16s_...
Compiling module xil_defaultlib.denoiser_top_mac_muladd_10s_16s_...
Compiling module xil_defaultlib.denoiser_top_inference_Pipeline_...
Compiling module xil_defaultlib.denoiser_top_inference_Pipeline_...
Compiling module xil_defaultlib.denoiser_top_inference_Pipeline_...
Compiling module xil_defaultlib.denoiser_top_mac_muladd_11s_16s_...
Compiling module xil_defaultlib.denoiser_top_mac_muladd_11s_16s_...
Compiling module xil_defaultlib.denoiser_top_inference_Pipeline_...
Compiling module xil_defaultlib.denoiser_top_inference_Pipeline_...
Compiling module xil_defaultlib.denoiser_top_mac_muladd_12s_16s_...
Compiling module xil_defaultlib.denoiser_top_mac_muladd_12s_16s_...
Compiling module xil_defaultlib.denoiser_top_inference_Pipeline_...
Compiling module xil_defaultlib.denoiser_top_inference_Pipeline_...
Compiling module xil_defaultlib.denoiser_top_inference_Pipeline_...
Compiling module xil_defaultlib.denoiser_top_mux_42_16_1_1(ID=1,...
Compiling module xil_defaultlib.denoiser_top_mul_50ns_50ns_100_1...
Compiling module xil_defaultlib.denoiser_top_sdiv_34ns_33s_34_38...
Compiling module xil_defaultlib.denoiser_top_sdiv_34ns_33s_34_38...
Compiling module xil_defaultlib.denoiser_top_inference
Compiling module xil_defaultlib.denoiser_top_denoiser_top_Pipeli...
Compiling module xil_defaultlib.denoiser_top_control_s_axi
Compiling module xil_defaultlib.denoiser_top_gmem0_m_axi_srl(DAT...
Compiling module xil_defaultlib.denoiser_top_gmem0_m_axi_fifo(DA...
Compiling module xil_defaultlib.denoiser_top_gmem0_m_axi_mem(MEM...
Compiling module xil_defaultlib.denoiser_top_gmem0_m_axi_fifo(ME...
Compiling module xil_defaultlib.denoiser_top_gmem0_m_axi_srl(ADD...
Compiling module xil_defaultlib.denoiser_top_gmem0_m_axi_fifo(AD...
Compiling module xil_defaultlib.denoiser_top_gmem0_m_axi_srl(DAT...
Compiling module xil_defaultlib.denoiser_top_gmem0_m_axi_fifo(DA...
Compiling module xil_defaultlib.denoiser_top_gmem0_m_axi_srl(DAT...
Compiling module xil_defaultlib.denoiser_top_gmem0_m_axi_fifo(DA...
Compiling module xil_defaultlib.denoiser_top_gmem0_m_axi_store(N...
Compiling module xil_defaultlib.denoiser_top_gmem0_m_axi_mem(MEM...
Compiling module xil_defaultlib.denoiser_top_gmem0_m_axi_fifo(ME...
Compiling module xil_defaultlib.denoiser_top_gmem0_m_axi_srl(DAT...
Compiling module xil_defaultlib.denoiser_top_gmem0_m_axi_fifo(DA...
Compiling module xil_defaultlib.denoiser_top_gmem0_m_axi_load(NU...
Compiling module xil_defaultlib.denoiser_top_gmem0_m_axi_reg_sli...
Compiling module xil_defaultlib.denoiser_top_gmem0_m_axi_srl(DAT...
Compiling module xil_defaultlib.denoiser_top_gmem0_m_axi_fifo(DA...
Compiling module xil_defaultlib.denoiser_top_gmem0_m_axi_reg_sli...
Compiling module xil_defaultlib.denoiser_top_gmem0_m_axi_srl(DAT...
Compiling module xil_defaultlib.denoiser_top_gmem0_m_axi_fifo(DA...
Compiling module xil_defaultlib.denoiser_top_gmem0_m_axi_srl(DAT...
Compiling module xil_defaultlib.denoiser_top_gmem0_m_axi_fifo(DA...
Compiling module xil_defaultlib.denoiser_top_gmem0_m_axi_throttl...
Compiling module xil_defaultlib.denoiser_top_gmem0_m_axi_reg_sli...
Compiling module xil_defaultlib.denoiser_top_gmem0_m_axi_write(C...
Compiling module xil_defaultlib.denoiser_top_gmem0_m_axi_reg_sli...
Compiling module xil_defaultlib.denoiser_top_gmem0_m_axi_read(C_...
Compiling module xil_defaultlib.denoiser_top_gmem0_m_axi(CONSERV...
Compiling module xil_defaultlib.denoiser_top_gmem1_m_axi_srl(DAT...
Compiling module xil_defaultlib.denoiser_top_gmem1_m_axi_fifo(DA...
Compiling module xil_defaultlib.denoiser_top_gmem1_m_axi_mem(MEM...
Compiling module xil_defaultlib.denoiser_top_gmem1_m_axi_fifo(ME...
Compiling module xil_defaultlib.denoiser_top_gmem1_m_axi_srl(ADD...
Compiling module xil_defaultlib.denoiser_top_gmem1_m_axi_fifo(AD...
Compiling module xil_defaultlib.denoiser_top_gmem1_m_axi_srl(DAT...
Compiling module xil_defaultlib.denoiser_top_gmem1_m_axi_fifo(DA...
Compiling module xil_defaultlib.denoiser_top_gmem1_m_axi_srl(DAT...
Compiling module xil_defaultlib.denoiser_top_gmem1_m_axi_fifo(DA...
Compiling module xil_defaultlib.denoiser_top_gmem1_m_axi_store(N...
Compiling module xil_defaultlib.denoiser_top_gmem1_m_axi_mem(MEM...
Compiling module xil_defaultlib.denoiser_top_gmem1_m_axi_fifo(ME...
Compiling module xil_defaultlib.denoiser_top_gmem1_m_axi_srl(DAT...
Compiling module xil_defaultlib.denoiser_top_gmem1_m_axi_fifo(DA...
Compiling module xil_defaultlib.denoiser_top_gmem1_m_axi_load(NU...
Compiling module xil_defaultlib.denoiser_top_gmem1_m_axi_reg_sli...
Compiling module xil_defaultlib.denoiser_top_gmem1_m_axi_srl(DAT...
Compiling module xil_defaultlib.denoiser_top_gmem1_m_axi_fifo(DA...
Compiling module xil_defaultlib.denoiser_top_gmem1_m_axi_reg_sli...
Compiling module xil_defaultlib.denoiser_top_gmem1_m_axi_srl(DAT...
Compiling module xil_defaultlib.denoiser_top_gmem1_m_axi_fifo(DA...
Compiling module xil_defaultlib.denoiser_top_gmem1_m_axi_srl(DAT...
Compiling module xil_defaultlib.denoiser_top_gmem1_m_axi_fifo(DA...
Compiling module xil_defaultlib.denoiser_top_gmem1_m_axi_throttl...
Compiling module xil_defaultlib.denoiser_top_gmem1_m_axi_reg_sli...
Compiling module xil_defaultlib.denoiser_top_gmem1_m_axi_write(C...
Compiling module xil_defaultlib.denoiser_top_gmem1_m_axi_reg_sli...
Compiling module xil_defaultlib.denoiser_top_gmem1_m_axi_read(C_...
Compiling module xil_defaultlib.denoiser_top_gmem1_m_axi(CONSERV...
Compiling module xil_defaultlib.denoiser_top
Compiling module xil_defaultlib.AESL_axi_master_gmem0
Compiling module xil_defaultlib.AESL_axi_master_gmem1
Compiling module xil_defaultlib.AESL_axi_slave_control
Compiling module xil_defaultlib.nodf_module_intf
Compiling module xil_defaultlib.pp_loop_intf(FSM_WIDTH=5)
Compiling module xil_defaultlib.seq_loop_intf(FSM_WIDTH=58)
Compiling module xil_defaultlib.upc_loop_intf(FSM_WIDTH=1)
Compiling module xil_defaultlib.upc_loop_intf
Compiling module xil_defaultlib.dataflow_monitor_1
Compiling module xil_defaultlib.apatb_denoiser_top_top
Compiling module work.glbl
Built simulation snapshot denoiser_top

****** xsim v2022.2 (64-bit)
  **** SW Build 3671981 on Fri Oct 14 05:00:03 MDT 2022
  **** IP Build 3669848 on Fri Oct 14 08:30:02 MDT 2022
    ** Copyright 1986-2022 Xilinx, Inc. All Rights Reserved.

start_gui
INFO: [Common 17-206] Exiting xsim at Tue Jun 30 23:17:15 2026...
Start C++ inference on 5 images...

========== C++ INFERENCE RESULTS ==========
Processed images: 5

--- Accuracy of conversion (C++ vs Python gold) ---
Average MSE  : 0.0000
Std Dev MSE  : 0.0000
Average PSNR : 43.5471 dB
Std Dev PSNR : 1.0773 dB

--- Denoising quality (C++ vs ground truth) ---
Average MSE  : 0.0121
Std Dev MSE  : 0.0032
Average PSNR : 19.3257 dB
Std Dev PSNR : 1.2004 dB

